   1              		.file	"hardware.c"
   2              		.option nopic
   3              		.attribute arch, "rv32i2p0_m2p0_a2p0_c2p0_zba1p0_zbb1p0_zbc1p0_zbs1p0_xw"
   4              		.attribute unaligned_access, 0
   5              		.attribute stack_align, 16
   6              		.text
   7              	.Ltext0:
   8              		.cfi_sections	.debug_frame
   9              		.file 0 "c:\\Users\\User\\Documents\\GitHub\\ch32h417\\EVT\\EXAM\\USBFS\\DEVICE\\SimulateCDC\\V3F\
  10              		.section	.rodata.Hardware.str1.4,"aMS",@progbits,1
  11              		.align	2
  12              	.LC0:
  13 0000 31363A30 		.string	"16:05:23"
  13      353A3233 
  13      00
  14 0009 000000   		.align	2
  15              	.LC1:
  16 000c 4F637420 		.string	"Oct  4 2026"
  16      20342032 
  16      30323600 
  17              		.align	2
  18              	.LC2:
  19 0018 4275696C 		.string	"Build Time: %s %s\n"
  19      64205469 
  19      6D653A20 
  19      25732025 
  19      730A00
  20 002b 00       		.align	2
  21              	.LC3:
  22 002c 47434320 		.string	"GCC Version: %d.%d.%d\n"
  22      56657273 
  22      696F6E3A 
  22      2025642E 
  22      25642E25 
  23 0043 00       		.align	2
  24              	.LC4:
  25 0044 53696D75 		.string	"SimulateCDC Running On USBFS Controller"
  25      6C617465 
  25      43444320 
  25      52756E6E 
  25      696E6720 
  26              		.section	.text.Hardware,"ax",@progbits
  27              		.align	1
  28              		.globl	Hardware
  30              	Hardware:
  31              	.LFB41:
  32              		.file 1 "c:/Users/User/Documents/GitHub/ch32h417/EVT/EXAM/USBFS/DEVICE/SimulateCDC/Common/hardware
   1:c:/Users/User/Documents/GitHub/ch32h417/EVT/EXAM/USBFS/DEVICE/SimulateCDC/Common\hardware.c **** /********************************** (C) COPYRIGHT  *******************************
   2:c:/Users/User/Documents/GitHub/ch32h417/EVT/EXAM/USBFS/DEVICE/SimulateCDC/Common\hardware.c **** * File Name          : hardware.c
   3:c:/Users/User/Documents/GitHub/ch32h417/EVT/EXAM/USBFS/DEVICE/SimulateCDC/Common\hardware.c **** * Author             : WCH
   4:c:/Users/User/Documents/GitHub/ch32h417/EVT/EXAM/USBFS/DEVICE/SimulateCDC/Common\hardware.c **** * Version            : V1.0.0
   5:c:/Users/User/Documents/GitHub/ch32h417/EVT/EXAM/USBFS/DEVICE/SimulateCDC/Common\hardware.c **** * Date               : 2025/03/01
   6:c:/Users/User/Documents/GitHub/ch32h417/EVT/EXAM/USBFS/DEVICE/SimulateCDC/Common\hardware.c **** * Description        : This file provides all the hardware firmware functions.
   7:c:/Users/User/Documents/GitHub/ch32h417/EVT/EXAM/USBFS/DEVICE/SimulateCDC/Common\hardware.c **** *********************************************************************************
   8:c:/Users/User/Documents/GitHub/ch32h417/EVT/EXAM/USBFS/DEVICE/SimulateCDC/Common\hardware.c **** * Copyright (c) 2025 Nanjing Qinheng Microelectronics Co., Ltd.
   9:c:/Users/User/Documents/GitHub/ch32h417/EVT/EXAM/USBFS/DEVICE/SimulateCDC/Common\hardware.c **** * Attention: This software (modified or not) and binary are used for 
  10:c:/Users/User/Documents/GitHub/ch32h417/EVT/EXAM/USBFS/DEVICE/SimulateCDC/Common\hardware.c **** * microcontroller manufactured by Nanjing Qinheng Microelectronics.
  11:c:/Users/User/Documents/GitHub/ch32h417/EVT/EXAM/USBFS/DEVICE/SimulateCDC/Common\hardware.c **** *******************************************************************************/
  12:c:/Users/User/Documents/GitHub/ch32h417/EVT/EXAM/USBFS/DEVICE/SimulateCDC/Common\hardware.c **** /*
  13:c:/Users/User/Documents/GitHub/ch32h417/EVT/EXAM/USBFS/DEVICE/SimulateCDC/Common\hardware.c ****  *@Note
  14:c:/Users/User/Documents/GitHub/ch32h417/EVT/EXAM/USBFS/DEVICE/SimulateCDC/Common\hardware.c ****  *Example routine to emulate a simulate USB-CDC Device, USE USART4(PF3[RX]/PF4[TX]);
  15:c:/Users/User/Documents/GitHub/ch32h417/EVT/EXAM/USBFS/DEVICE/SimulateCDC/Common\hardware.c ****  *Please note: This code uses the default serial port 1 for debugging,
  16:c:/Users/User/Documents/GitHub/ch32h417/EVT/EXAM/USBFS/DEVICE/SimulateCDC/Common\hardware.c ****  *if you need to modify the debugging serial port, please do not use USART4
  17:c:/Users/User/Documents/GitHub/ch32h417/EVT/EXAM/USBFS/DEVICE/SimulateCDC/Common\hardware.c **** */
  18:c:/Users/User/Documents/GitHub/ch32h417/EVT/EXAM/USBFS/DEVICE/SimulateCDC/Common\hardware.c **** #include "hardware.h"
  19:c:/Users/User/Documents/GitHub/ch32h417/EVT/EXAM/USBFS/DEVICE/SimulateCDC/Common\hardware.c **** #include "ch32h417_usbfs_device.h"
  20:c:/Users/User/Documents/GitHub/ch32h417/EVT/EXAM/USBFS/DEVICE/SimulateCDC/Common\hardware.c **** 
  21:c:/Users/User/Documents/GitHub/ch32h417/EVT/EXAM/USBFS/DEVICE/SimulateCDC/Common\hardware.c **** /*********************************************************************
  22:c:/Users/User/Documents/GitHub/ch32h417/EVT/EXAM/USBFS/DEVICE/SimulateCDC/Common\hardware.c ****  * @fn      Hardware
  23:c:/Users/User/Documents/GitHub/ch32h417/EVT/EXAM/USBFS/DEVICE/SimulateCDC/Common\hardware.c ****  *
  24:c:/Users/User/Documents/GitHub/ch32h417/EVT/EXAM/USBFS/DEVICE/SimulateCDC/Common\hardware.c ****  * @brief   Resets the CRC Data register (DR).
  25:c:/Users/User/Documents/GitHub/ch32h417/EVT/EXAM/USBFS/DEVICE/SimulateCDC/Common\hardware.c ****  *
  26:c:/Users/User/Documents/GitHub/ch32h417/EVT/EXAM/USBFS/DEVICE/SimulateCDC/Common\hardware.c ****  * @return  none
  27:c:/Users/User/Documents/GitHub/ch32h417/EVT/EXAM/USBFS/DEVICE/SimulateCDC/Common\hardware.c ****  */
  28:c:/Users/User/Documents/GitHub/ch32h417/EVT/EXAM/USBFS/DEVICE/SimulateCDC/Common\hardware.c **** void Hardware(void)
  29:c:/Users/User/Documents/GitHub/ch32h417/EVT/EXAM/USBFS/DEVICE/SimulateCDC/Common\hardware.c **** {
  33              		.loc 1 29 1
  34              		.cfi_startproc
  35 0000 17030000 		call	t0,__riscv_save_0
  35      E7020300 
  36              		.cfi_offset 1, -4
  37              		.cfi_def_cfa_offset 16
  30:c:/Users/User/Documents/GitHub/ch32h417/EVT/EXAM/USBFS/DEVICE/SimulateCDC/Common\hardware.c ****     printf("Build Time: %s %s\n", __DATE__, __TIME__);
  38              		.loc 1 30 5
  39 0008 37060000 		lui	a2,%hi(.LC0)
  40 000c B7050000 		lui	a1,%hi(.LC1)
  41 0010 37050000 		lui	a0,%hi(.LC2)
  42 0014 13060600 		addi	a2,a2,%lo(.LC0)
  43 0018 93850500 		addi	a1,a1,%lo(.LC1)
  44 001c 13050500 		addi	a0,a0,%lo(.LC2)
  45 0020 97000000 		call	printf
  45      E7800000 
  46              	.LVL0:
  31:c:/Users/User/Documents/GitHub/ch32h417/EVT/EXAM/USBFS/DEVICE/SimulateCDC/Common\hardware.c ****     printf("GCC Version: %d.%d.%d\n",__GNUC__, __GNUC_MINOR__,__GNUC_PATCHLEVEL__);
  47              		.loc 1 31 5
  48 0028 37050000 		lui	a0,%hi(.LC3)
  49 002c 8146     		li	a3,0
  50 002e 0946     		li	a2,2
  51 0030 B145     		li	a1,12
  52 0032 13050500 		addi	a0,a0,%lo(.LC3)
  53 0036 97000000 		call	printf
  53      E7800000 
  54              	.LVL1:
  32:c:/Users/User/Documents/GitHub/ch32h417/EVT/EXAM/USBFS/DEVICE/SimulateCDC/Common\hardware.c ****     printf("SimulateCDC Running On USBFS Controller\n");
  55              		.loc 1 32 5
  56 003e 37050000 		lui	a0,%hi(.LC4)
  57 0042 13050500 		addi	a0,a0,%lo(.LC4)
  58 0046 97000000 		call	puts
  58      E7800000 
  59              	.LVL2:
  33:c:/Users/User/Documents/GitHub/ch32h417/EVT/EXAM/USBFS/DEVICE/SimulateCDC/Common\hardware.c **** 	RCC_Configuration( );
  60              		.loc 1 33 2
  61 004e 97000000 		call	RCC_Configuration
  61      E7800000 
  62              	.LVL3:
  34:c:/Users/User/Documents/GitHub/ch32h417/EVT/EXAM/USBFS/DEVICE/SimulateCDC/Common\hardware.c **** 
  35:c:/Users/User/Documents/GitHub/ch32h417/EVT/EXAM/USBFS/DEVICE/SimulateCDC/Common\hardware.c ****     /* Tim2 init */
  36:c:/Users/User/Documents/GitHub/ch32h417/EVT/EXAM/USBFS/DEVICE/SimulateCDC/Common\hardware.c ****     TIM2_Init( );
  63              		.loc 1 36 5
  64 0056 97000000 		call	TIM2_Init
  64      E7800000 
  65              	.LVL4:
  37:c:/Users/User/Documents/GitHub/ch32h417/EVT/EXAM/USBFS/DEVICE/SimulateCDC/Common\hardware.c **** 
  38:c:/Users/User/Documents/GitHub/ch32h417/EVT/EXAM/USBFS/DEVICE/SimulateCDC/Common\hardware.c ****     /* Usart1 init */
  39:c:/Users/User/Documents/GitHub/ch32h417/EVT/EXAM/USBFS/DEVICE/SimulateCDC/Common\hardware.c ****     UART_Init( 1, DEF_UARTx_BAUDRATE, DEF_UARTx_STOPBIT, DEF_UARTx_PARITY );
  66              		.loc 1 39 5
  67 005e F165     		li	a1,114688
  68 0060 0545     		li	a0,1
  69 0062 8146     		li	a3,0
  70 0064 0146     		li	a2,0
  71 0066 93850520 		addi	a1,a1,512
  72 006a 97000000 		call	UART_Init
  72      E7800000 
  73              	.LVL5:
  40:c:/Users/User/Documents/GitHub/ch32h417/EVT/EXAM/USBFS/DEVICE/SimulateCDC/Common\hardware.c **** 
  41:c:/Users/User/Documents/GitHub/ch32h417/EVT/EXAM/USBFS/DEVICE/SimulateCDC/Common\hardware.c ****     /* USB20 device init */
  42:c:/Users/User/Documents/GitHub/ch32h417/EVT/EXAM/USBFS/DEVICE/SimulateCDC/Common\hardware.c ****     USBFS_RCC_Init( );
  74              		.loc 1 42 5
  75 0072 97000000 		call	USBFS_RCC_Init
  75      E7800000 
  76              	.LVL6:
  43:c:/Users/User/Documents/GitHub/ch32h417/EVT/EXAM/USBFS/DEVICE/SimulateCDC/Common\hardware.c ****     USBFS_Device_Init( ENABLE );
  77              		.loc 1 43 5
  78 007a 0545     		li	a0,1
  79 007c 97000000 		call	USBFS_Device_Init
  79      E7800000 
  80              	.LVL7:
  81              	.L2:
  44:c:/Users/User/Documents/GitHub/ch32h417/EVT/EXAM/USBFS/DEVICE/SimulateCDC/Common\hardware.c ****     
  45:c:/Users/User/Documents/GitHub/ch32h417/EVT/EXAM/USBFS/DEVICE/SimulateCDC/Common\hardware.c ****     while(1)
  82              		.loc 1 45 5 discriminator 1
  46:c:/Users/User/Documents/GitHub/ch32h417/EVT/EXAM/USBFS/DEVICE/SimulateCDC/Common\hardware.c ****     {
  47:c:/Users/User/Documents/GitHub/ch32h417/EVT/EXAM/USBFS/DEVICE/SimulateCDC/Common\hardware.c ****         UART_DataRx_Deal( );
  83              		.loc 1 47 9 discriminator 1
  84 0084 97000000 		call	UART_DataRx_Deal
  84      E7800000 
  85              	.LVL8:
  48:c:/Users/User/Documents/GitHub/ch32h417/EVT/EXAM/USBFS/DEVICE/SimulateCDC/Common\hardware.c ****         UART_DataTx_Deal( );
  86              		.loc 1 48 9 discriminator 1
  87 008c 97000000 		call	UART_DataTx_Deal
  87      E7800000 
  88              	.LVL9:
  45:c:/Users/User/Documents/GitHub/ch32h417/EVT/EXAM/USBFS/DEVICE/SimulateCDC/Common\hardware.c ****     {
  89              		.loc 1 45 10 discriminator 1
  90 0094 C5BF     		j	.L2
  91              		.cfi_endproc
  92              	.LFE41:
  94              		.text
  95              	.Letext0:
  96              		.file 2 "d:\\mounriver\\mounriver_studio2\\resources\\app\\resources\\win32\\components\\wch\\tool
  97              		.file 3 "d:\\mounriver\\mounriver_studio2\\resources\\app\\resources\\win32\\components\\wch\\tool
  98              		.file 4 "c:/Users/User/Documents/GitHub/ch32h417/EVT/EXAM/SRC/Core/core_riscv.h"
  99              		.file 5 "c:/Users/User/Documents/GitHub/ch32h417/EVT/EXAM/USBFS/DEVICE/SimulateCDC/Common/UART.h"
 100              		.file 6 "c:/Users/User/Documents/GitHub/ch32h417/EVT/EXAM/USBFS/DEVICE/SimulateCDC/Common/ch32h417
 101              		.file 7 "d:\\mounriver\\mounriver_studio2\\resources\\app\\resources\\win32\\components\\wch\\tool
 102              		.file 8 "<built-in>"
DEFINED SYMBOLS
                            *ABS*:0000000000000000 hardware.c
C:\Users\User\AppData\Local\Temp\ccAI7x8g.s:30     .text.Hardware:0000000000000000 Hardware
C:\Users\User\AppData\Local\Temp\ccAI7x8g.s:34     .text.Hardware:0000000000000000 .L0 
C:\Users\User\AppData\Local\Temp\ccAI7x8g.s:35     .text.Hardware:0000000000000000 $x
C:\Users\User\AppData\Local\Temp\ccAI7x8g.s:35     .text.Hardware:0000000000000000 .L0 
C:\Users\User\AppData\Local\Temp\ccAI7x8g.s:36     .text.Hardware:0000000000000008 .L0 
C:\Users\User\AppData\Local\Temp\ccAI7x8g.s:37     .text.Hardware:0000000000000008 .L0 
C:\Users\User\AppData\Local\Temp\ccAI7x8g.s:39     .text.Hardware:0000000000000008 .L0 
C:\Users\User\AppData\Local\Temp\ccAI7x8g.s:48     .text.Hardware:0000000000000028 .L0 
C:\Users\User\AppData\Local\Temp\ccAI7x8g.s:56     .text.Hardware:000000000000003e .L0 
C:\Users\User\AppData\Local\Temp\ccAI7x8g.s:61     .text.Hardware:000000000000004e .L0 
C:\Users\User\AppData\Local\Temp\ccAI7x8g.s:64     .text.Hardware:0000000000000056 .L0 
C:\Users\User\AppData\Local\Temp\ccAI7x8g.s:67     .text.Hardware:000000000000005e .L0 
C:\Users\User\AppData\Local\Temp\ccAI7x8g.s:75     .text.Hardware:0000000000000072 .L0 
C:\Users\User\AppData\Local\Temp\ccAI7x8g.s:78     .text.Hardware:000000000000007a .L0 
C:\Users\User\AppData\Local\Temp\ccAI7x8g.s:83     .text.Hardware:0000000000000084 .L0 
C:\Users\User\AppData\Local\Temp\ccAI7x8g.s:84     .text.Hardware:0000000000000084 .L0 
C:\Users\User\AppData\Local\Temp\ccAI7x8g.s:87     .text.Hardware:000000000000008c .L0 
C:\Users\User\AppData\Local\Temp\ccAI7x8g.s:90     .text.Hardware:0000000000000094 .L0 
C:\Users\User\AppData\Local\Temp\ccAI7x8g.s:91     .text.Hardware:0000000000000096 .L0 
C:\Users\User\AppData\Local\Temp\ccAI7x8g.s:763    .debug_line_str:00000000000000ae .L0 
C:\Users\User\AppData\Local\Temp\ccAI7x8g.s:763    .debug_line_str:0000000000000100 .L0 
C:\Users\User\AppData\Local\Temp\ccAI7x8g.s:763    .debug_line_str:0000000000000151 .L0 
C:\Users\User\AppData\Local\Temp\ccAI7x8g.s:763    .debug_line_str:00000000000001db .L0 
C:\Users\User\AppData\Local\Temp\ccAI7x8g.s:763    .debug_line_str:0000000000000261 .L0 
C:\Users\User\AppData\Local\Temp\ccAI7x8g.s:763    .debug_line_str:000000000000029b .L0 
C:\Users\User\AppData\Local\Temp\ccAI7x8g.s:763    .debug_line_str:000000000000031d .L0 
C:\Users\User\AppData\Local\Temp\ccAI7x8g.s:763    .debug_line_str:0000000000000328 .L0 
C:\Users\User\AppData\Local\Temp\ccAI7x8g.s:763    .debug_line_str:0000000000000333 .L0 
C:\Users\User\AppData\Local\Temp\ccAI7x8g.s:763    .debug_line_str:0000000000000344 .L0 
C:\Users\User\AppData\Local\Temp\ccAI7x8g.s:763    .debug_line_str:000000000000034e .L0 
C:\Users\User\AppData\Local\Temp\ccAI7x8g.s:763    .debug_line_str:000000000000035b .L0 
C:\Users\User\AppData\Local\Temp\ccAI7x8g.s:763    .debug_line_str:0000000000000362 .L0 
C:\Users\User\AppData\Local\Temp\ccAI7x8g.s:763    .debug_line_str:000000000000037a .L0 
C:\Users\User\AppData\Local\Temp\ccAI7x8g.s:763    .debug_line_str:0000000000000382 .L0 
C:\Users\User\AppData\Local\Temp\ccAI7x8g.s:94     .text.Hardware:0000000000000096 .L0 
                     .debug_frame:0000000000000000 .L0 
C:\Users\User\AppData\Local\Temp\ccAI7x8g.s:12     .rodata.Hardware.str1.4:0000000000000000 .LC0
C:\Users\User\AppData\Local\Temp\ccAI7x8g.s:15     .rodata.Hardware.str1.4:000000000000000c .LC1
C:\Users\User\AppData\Local\Temp\ccAI7x8g.s:18     .rodata.Hardware.str1.4:0000000000000018 .LC2
C:\Users\User\AppData\Local\Temp\ccAI7x8g.s:21     .rodata.Hardware.str1.4:000000000000002c .LC3
C:\Users\User\AppData\Local\Temp\ccAI7x8g.s:24     .rodata.Hardware.str1.4:0000000000000044 .LC4
C:\Users\User\AppData\Local\Temp\ccAI7x8g.s:81     .text.Hardware:0000000000000084 .L2
C:\Users\User\AppData\Local\Temp\ccAI7x8g.s:398    .debug_abbrev:0000000000000000 .Ldebug_abbrev0
C:\Users\User\AppData\Local\Temp\ccAI7x8g.s:756    .debug_str:000000000000015b .LASF25
C:\Users\User\AppData\Local\Temp\ccAI7x8g.s:759    .debug_line_str:0000000000000000 .LASF0
C:\Users\User\AppData\Local\Temp\ccAI7x8g.s:761    .debug_line_str:000000000000005c .LASF1
C:\Users\User\AppData\Local\Temp\ccAI7x8g.s:691    .debug_rnglists:000000000000000c .LLRL0
C:\Users\User\AppData\Local\Temp\ccAI7x8g.s:698    .debug_line:0000000000000000 .Ldebug_line0
C:\Users\User\AppData\Local\Temp\ccAI7x8g.s:706    .debug_str:0000000000000032 .LASF2
C:\Users\User\AppData\Local\Temp\ccAI7x8g.s:716    .debug_str:0000000000000067 .LASF3
C:\Users\User\AppData\Local\Temp\ccAI7x8g.s:724    .debug_str:00000000000000ab .LASF8
C:\Users\User\AppData\Local\Temp\ccAI7x8g.s:730    .debug_str:00000000000000c7 .LASF4
C:\Users\User\AppData\Local\Temp\ccAI7x8g.s:740    .debug_str:00000000000000fd .LASF5
C:\Users\User\AppData\Local\Temp\ccAI7x8g.s:702    .debug_str:000000000000000e .LASF6
C:\Users\User\AppData\Local\Temp\ccAI7x8g.s:736    .debug_str:00000000000000e5 .LASF7
C:\Users\User\AppData\Local\Temp\ccAI7x8g.s:712    .debug_str:0000000000000054 .LASF9
C:\Users\User\AppData\Local\Temp\ccAI7x8g.s:720    .debug_str:0000000000000082 .LASF10
C:\Users\User\AppData\Local\Temp\ccAI7x8g.s:700    .debug_str:0000000000000000 .LASF11
C:\Users\User\AppData\Local\Temp\ccAI7x8g.s:722    .debug_str:0000000000000094 .LASF12
C:\Users\User\AppData\Local\Temp\ccAI7x8g.s:728    .debug_str:00000000000000bf .LASF13
C:\Users\User\AppData\Local\Temp\ccAI7x8g.s:734    .debug_str:00000000000000dc .LASF14
C:\Users\User\AppData\Local\Temp\ccAI7x8g.s:714    .debug_str:000000000000005f .LASF15
C:\Users\User\AppData\Local\Temp\ccAI7x8g.s:732    .debug_str:00000000000000d5 .LASF16
C:\Users\User\AppData\Local\Temp\ccAI7x8g.s:710    .debug_str:0000000000000044 .LASF17
C:\Users\User\AppData\Local\Temp\ccAI7x8g.s:752    .debug_str:0000000000000145 .LASF18
C:\Users\User\AppData\Local\Temp\ccAI7x8g.s:754    .debug_str:000000000000014a .LASF19
C:\Users\User\AppData\Local\Temp\ccAI7x8g.s:704    .debug_str:0000000000000021 .LASF20
C:\Users\User\AppData\Local\Temp\ccAI7x8g.s:750    .debug_str:0000000000000133 .LASF22
C:\Users\User\AppData\Local\Temp\ccAI7x8g.s:738    .debug_str:00000000000000ee .LASF21
C:\Users\User\AppData\Local\Temp\ccAI7x8g.s:744    .debug_str:000000000000010e .LASF23
C:\Users\User\AppData\Local\Temp\ccAI7x8g.s:726    .debug_str:00000000000000b5 .LASF24
C:\Users\User\AppData\Local\Temp\ccAI7x8g.s:748    .debug_str:0000000000000121 .LASF26
C:\Users\User\AppData\Local\Temp\ccAI7x8g.s:742    .debug_str:0000000000000107 .LASF27
C:\Users\User\AppData\Local\Temp\ccAI7x8g.s:746    .debug_str:0000000000000118 .LASF28
C:\Users\User\AppData\Local\Temp\ccAI7x8g.s:31     .text.Hardware:0000000000000000 .LFB41
C:\Users\User\AppData\Local\Temp\ccAI7x8g.s:92     .text.Hardware:0000000000000096 .LFE41
C:\Users\User\AppData\Local\Temp\ccAI7x8g.s:46     .text.Hardware:0000000000000028 .LVL0
C:\Users\User\AppData\Local\Temp\ccAI7x8g.s:54     .text.Hardware:000000000000003e .LVL1
C:\Users\User\AppData\Local\Temp\ccAI7x8g.s:59     .text.Hardware:000000000000004e .LVL2
C:\Users\User\AppData\Local\Temp\ccAI7x8g.s:62     .text.Hardware:0000000000000056 .LVL3
C:\Users\User\AppData\Local\Temp\ccAI7x8g.s:65     .text.Hardware:000000000000005e .LVL4
C:\Users\User\AppData\Local\Temp\ccAI7x8g.s:73     .text.Hardware:0000000000000072 .LVL5
C:\Users\User\AppData\Local\Temp\ccAI7x8g.s:76     .text.Hardware:000000000000007a .LVL6
C:\Users\User\AppData\Local\Temp\ccAI7x8g.s:80     .text.Hardware:0000000000000084 .LVL7
C:\Users\User\AppData\Local\Temp\ccAI7x8g.s:85     .text.Hardware:000000000000008c .LVL8
C:\Users\User\AppData\Local\Temp\ccAI7x8g.s:88     .text.Hardware:0000000000000094 .LVL9
C:\Users\User\AppData\Local\Temp\ccAI7x8g.s:708    .debug_str:000000000000003f .LASF29
C:\Users\User\AppData\Local\Temp\ccAI7x8g.s:718    .debug_str:0000000000000073 .LASF30
C:\Users\User\AppData\Local\Temp\ccAI7x8g.s:104    .debug_info:0000000000000000 .Ldebug_info0

UNDEFINED SYMBOLS
__riscv_save_0
printf
puts
RCC_Configuration
TIM2_Init
UART_Init
USBFS_RCC_Init
USBFS_Device_Init
UART_DataRx_Deal
UART_DataTx_Deal
