   1              		.file	"usb_desc.c"
   2              		.option nopic
   3              		.attribute arch, "rv32i2p0_m2p0_a2p0_c2p0_zba1p0_zbb1p0_zbc1p0_zbs1p0_xw"
   4              		.attribute unaligned_access, 0
   5              		.attribute stack_align, 16
   6              		.text
   7              	.Ltext0:
   8              		.cfi_sections	.debug_frame
   9              		.file 0 "c:\\Users\\User\\Documents\\GitHub\\ch32h417\\EVT\\EXAM\\USBFS\\DEVICE\\SimulateCDC\\V3F\
  10              		.globl	MySerNumInfo
  11              		.section	.rodata.MySerNumInfo,"a"
  12              		.align	2
  15              	MySerNumInfo:
  16 0000 16033000 		.string	"\026\0030"
  17 0004 3100     		.string	"1"
  18 0006 3200     		.string	"2"
  19 0008 3300     		.string	"3"
  20 000a 3400     		.string	"4"
  21 000c 3500     		.string	"5"
  22 000e 3600     		.string	"6"
  23 0010 3700     		.string	"7"
  24 0012 3800     		.string	"8"
  25 0014 3900     		.string	"9"
  26              		.globl	MyProdInfo
  27              		.section	.rodata.MyProdInfo,"a"
  28              		.align	2
  31              	MyProdInfo:
  32 0000 12034300 		.string	"\022\003C"
  33 0004 4800     		.string	"H"
  34 0006 3300     		.string	"3"
  35 0008 3200     		.string	"2"
  36 000a 4800     		.string	"H"
  37 000c 3400     		.string	"4"
  38 000e 3100     		.string	"1"
  39 0010 3700     		.string	"7"
  40              		.globl	MyManuInfo
  41              		.section	.rodata.MyManuInfo,"a"
  42              		.align	2
  45              	MyManuInfo:
  46 0000 0E037700 		.string	"\016\003w"
  47 0004 6300     		.string	"c"
  48 0006 6800     		.string	"h"
  49 0008 2E00     		.string	"."
  50 000a 6300     		.string	"c"
  51 000c 6E00     		.string	"n"
  52              		.globl	MyLangDescr
  53              		.section	.srodata.MyLangDescr,"a"
  54              		.align	2
  57              	MyLangDescr:
  58 0000 04030904 		.ascii	"\004\003\t\004"
  59              		.globl	MyCfgDescr
  60              		.section	.rodata.MyCfgDescr,"a"
  61              		.align	2
  64              	MyCfgDescr:
  65 0000 09024300 		.string	"\t\002C"
  66 0004 020100   		.string	"\002\001"
  67 0007 80320904 		.string	"\2002\t\004"
  67      00
  68 000c 00       		.string	""
  69 000d 01020201 		.string	"\001\002\002\001"
  69      00
  70 0012 052400   		.string	"\005$"
  71 0015 10010524 		.string	"\020\001\005$\001"
  71      0100
  72 001b 01042402 		.string	"\001\004$\002\002\005$\006"
  72      02052406 
  72      00
  73 0024 01070581 		.string	"\001\007\005\201\003@"
  73      034000
  74 002b 01090401 		.string	"\001\t\004\001"
  74      00
  75 0030 020A00   		.string	"\002\n"
  76 0033 00       		.string	""
  77 0034 00       		.string	""
  78 0035 07050202 		.string	"\007\005\002\002@"
  78      4000
  79 003b 00       		.string	""
  80 003c 07058302 		.string	"\007\005\203\002@"
  80      4000
  81 0042 00       		.string	""
  82              		.globl	MyDevDescr
  83              		.section	.rodata.MyDevDescr,"a"
  84              		.align	2
  87              	MyDevDescr:
  88 0000 12011001 		.string	"\022\001\020\001\002"
  88      0200
  89 0006 00       		.string	""
  90 0007 40861A0C 		.string	"@\206\032\f\376\001"
  90      FE0100
  91 000e 010200   		.string	"\001\002"
  92 0011 01       		.ascii	"\001"
  93              		.text
  94              	.Letext0:
  95              		.file 1 "d:\\mounriver\\mounriver_studio2\\resources\\app\\resources\\win32\\components\\wch\\tool
  96              		.file 2 "d:\\mounriver\\mounriver_studio2\\resources\\app\\resources\\win32\\components\\wch\\tool
  97              		.file 3 "c:/Users/User/Documents/GitHub/ch32h417/EVT/EXAM/USBFS/DEVICE/SimulateCDC/Common/usb_desc
  98              		.file 4 "c:/Users/User/Documents/GitHub/ch32h417/EVT/EXAM/USBFS/DEVICE/SimulateCDC/Common/usb_desc
DEFINED SYMBOLS
                            *ABS*:0000000000000000 usb_desc.c
C:\Users\User\AppData\Local\Temp\ccSXcvDg.s:15     .rodata.MySerNumInfo:0000000000000000 MySerNumInfo
C:\Users\User\AppData\Local\Temp\ccSXcvDg.s:31     .rodata.MyProdInfo:0000000000000000 MyProdInfo
C:\Users\User\AppData\Local\Temp\ccSXcvDg.s:45     .rodata.MyManuInfo:0000000000000000 MyManuInfo
C:\Users\User\AppData\Local\Temp\ccSXcvDg.s:57     .srodata.MyLangDescr:0000000000000000 MyLangDescr
C:\Users\User\AppData\Local\Temp\ccSXcvDg.s:64     .rodata.MyCfgDescr:0000000000000000 MyCfgDescr
C:\Users\User\AppData\Local\Temp\ccSXcvDg.s:87     .rodata.MyDevDescr:0000000000000000 MyDevDescr
C:\Users\User\AppData\Local\Temp\ccSXcvDg.s:475    .debug_line_str:00000000000000ae .L0 
C:\Users\User\AppData\Local\Temp\ccSXcvDg.s:475    .debug_line_str:0000000000000100 .L0 
C:\Users\User\AppData\Local\Temp\ccSXcvDg.s:475    .debug_line_str:0000000000000151 .L0 
C:\Users\User\AppData\Local\Temp\ccSXcvDg.s:475    .debug_line_str:00000000000001db .L0 
C:\Users\User\AppData\Local\Temp\ccSXcvDg.s:475    .debug_line_str:0000000000000261 .L0 
C:\Users\User\AppData\Local\Temp\ccSXcvDg.s:475    .debug_line_str:000000000000026c .L0 
C:\Users\User\AppData\Local\Temp\ccSXcvDg.s:475    .debug_line_str:000000000000027d .L0 
C:\Users\User\AppData\Local\Temp\ccSXcvDg.s:475    .debug_line_str:0000000000000287 .L0 
C:\Users\User\AppData\Local\Temp\ccSXcvDg.s:475    .debug_line_str:0000000000000292 .L0 
C:\Users\User\AppData\Local\Temp\ccSXcvDg.s:296    .debug_abbrev:0000000000000000 .Ldebug_abbrev0
C:\Users\User\AppData\Local\Temp\ccSXcvDg.s:466    .debug_str:00000000000000d5 .LASF20
C:\Users\User\AppData\Local\Temp\ccSXcvDg.s:473    .debug_line_str:0000000000000052 .LASF0
C:\Users\User\AppData\Local\Temp\ccSXcvDg.s:471    .debug_line_str:0000000000000000 .LASF1
C:\Users\User\AppData\Local\Temp\ccSXcvDg.s:430    .debug_line:0000000000000000 .Ldebug_line0
C:\Users\User\AppData\Local\Temp\ccSXcvDg.s:462    .debug_str:00000000000000bf .LASF2
C:\Users\User\AppData\Local\Temp\ccSXcvDg.s:448    .debug_str:0000000000000073 .LASF12
C:\Users\User\AppData\Local\Temp\ccSXcvDg.s:452    .debug_str:0000000000000085 .LASF3
C:\Users\User\AppData\Local\Temp\ccSXcvDg.s:464    .debug_str:00000000000000cb .LASF4
C:\Users\User\AppData\Local\Temp\ccSXcvDg.s:460    .debug_str:00000000000000ac .LASF5
C:\Users\User\AppData\Local\Temp\ccSXcvDg.s:456    .debug_str:0000000000000098 .LASF6
C:\Users\User\AppData\Local\Temp\ccSXcvDg.s:444    .debug_str:000000000000004a .LASF7
C:\Users\User\AppData\Local\Temp\ccSXcvDg.s:432    .debug_str:0000000000000000 .LASF8
C:\Users\User\AppData\Local\Temp\ccSXcvDg.s:446    .debug_str:000000000000005c .LASF9
C:\Users\User\AppData\Local\Temp\ccSXcvDg.s:434    .debug_str:000000000000000e .LASF10
C:\Users\User\AppData\Local\Temp\ccSXcvDg.s:454    .debug_str:0000000000000093 .LASF11
C:\Users\User\AppData\Local\Temp\ccSXcvDg.s:450    .debug_str:000000000000007d .LASF13
C:\Users\User\AppData\Local\Temp\ccSXcvDg.s:468    .debug_str:00000000000001ba .LASF14
C:\Users\User\AppData\Local\Temp\ccSXcvDg.s:438    .debug_str:0000000000000026 .LASF15
C:\Users\User\AppData\Local\Temp\ccSXcvDg.s:440    .debug_str:0000000000000031 .LASF16
C:\Users\User\AppData\Local\Temp\ccSXcvDg.s:436    .debug_str:000000000000001b .LASF17
C:\Users\User\AppData\Local\Temp\ccSXcvDg.s:458    .debug_str:00000000000000a1 .LASF18
C:\Users\User\AppData\Local\Temp\ccSXcvDg.s:442    .debug_str:000000000000003d .LASF19
C:\Users\User\AppData\Local\Temp\ccSXcvDg.s:100    .debug_info:0000000000000000 .Ldebug_info0

NO UNDEFINED SYMBOLS
