   1              		.file	"ch32h417_iwdg.c"
   2              		.option nopic
   3              		.attribute arch, "rv32i2p0_m2p0_a2p0_c2p0_zba1p0_zbb1p0_zbc1p0_zbs1p0_xw"
   4              		.attribute unaligned_access, 0
   5              		.attribute stack_align, 16
   6              		.text
   7              	.Ltext0:
   8              		.cfi_sections	.debug_frame
   9              		.file 0 "c:\\Users\\User\\Documents\\GitHub\\ch32h417\\EVT\\EXAM\\USBFS\\DEVICE\\SimulateCDC\\V3F\
  10              		.section	.text.IWDG_WriteAccessCmd,"ax",@progbits
  11              		.align	1
  12              		.globl	IWDG_WriteAccessCmd
  14              	IWDG_WriteAccessCmd:
  15              	.LFB40:
  16              		.file 1 "c:/Users/User/Documents/GitHub/ch32h417/EVT/EXAM/SRC/Peripheral/src/ch32h417_iwdg.c"
   1:c:/Users/User/Documents/GitHub/ch32h417/EVT/EXAM/SRC/Peripheral/src\ch32h417_iwdg.c **** /********************************** (C) COPYRIGHT  *******************************
   2:c:/Users/User/Documents/GitHub/ch32h417/EVT/EXAM/SRC/Peripheral/src\ch32h417_iwdg.c **** * File Name          : ch32h417_iwdg.c
   3:c:/Users/User/Documents/GitHub/ch32h417/EVT/EXAM/SRC/Peripheral/src\ch32h417_iwdg.c **** * Author             : WCH
   4:c:/Users/User/Documents/GitHub/ch32h417/EVT/EXAM/SRC/Peripheral/src\ch32h417_iwdg.c **** * Version            : V1.0.0
   5:c:/Users/User/Documents/GitHub/ch32h417/EVT/EXAM/SRC/Peripheral/src\ch32h417_iwdg.c **** * Date               : 2025/03/01
   6:c:/Users/User/Documents/GitHub/ch32h417/EVT/EXAM/SRC/Peripheral/src\ch32h417_iwdg.c **** * Description        : This file provides all the IWDG firmware functions.
   7:c:/Users/User/Documents/GitHub/ch32h417/EVT/EXAM/SRC/Peripheral/src\ch32h417_iwdg.c **** *********************************************************************************
   8:c:/Users/User/Documents/GitHub/ch32h417/EVT/EXAM/SRC/Peripheral/src\ch32h417_iwdg.c **** * Copyright (c) 2025 Nanjing Qinheng Microelectronics Co., Ltd.
   9:c:/Users/User/Documents/GitHub/ch32h417/EVT/EXAM/SRC/Peripheral/src\ch32h417_iwdg.c **** * Attention: This software (modified or not) and binary are used for 
  10:c:/Users/User/Documents/GitHub/ch32h417/EVT/EXAM/SRC/Peripheral/src\ch32h417_iwdg.c **** * microcontroller manufactured by Nanjing Qinheng Microelectronics.
  11:c:/Users/User/Documents/GitHub/ch32h417/EVT/EXAM/SRC/Peripheral/src\ch32h417_iwdg.c **** *******************************************************************************/
  12:c:/Users/User/Documents/GitHub/ch32h417/EVT/EXAM/SRC/Peripheral/src\ch32h417_iwdg.c **** #include "ch32h417_iwdg.h"
  13:c:/Users/User/Documents/GitHub/ch32h417/EVT/EXAM/SRC/Peripheral/src\ch32h417_iwdg.c **** 
  14:c:/Users/User/Documents/GitHub/ch32h417/EVT/EXAM/SRC/Peripheral/src\ch32h417_iwdg.c **** /* CTLR register bit mask */
  15:c:/Users/User/Documents/GitHub/ch32h417/EVT/EXAM/SRC/Peripheral/src\ch32h417_iwdg.c **** #define CTLR_KEY_Reload    ((uint16_t)0xAAAA)
  16:c:/Users/User/Documents/GitHub/ch32h417/EVT/EXAM/SRC/Peripheral/src\ch32h417_iwdg.c **** #define CTLR_KEY_Enable    ((uint16_t)0xCCCC)
  17:c:/Users/User/Documents/GitHub/ch32h417/EVT/EXAM/SRC/Peripheral/src\ch32h417_iwdg.c **** 
  18:c:/Users/User/Documents/GitHub/ch32h417/EVT/EXAM/SRC/Peripheral/src\ch32h417_iwdg.c **** /*********************************************************************
  19:c:/Users/User/Documents/GitHub/ch32h417/EVT/EXAM/SRC/Peripheral/src\ch32h417_iwdg.c ****  * @fn      IWDG_WriteAccessCmd
  20:c:/Users/User/Documents/GitHub/ch32h417/EVT/EXAM/SRC/Peripheral/src\ch32h417_iwdg.c ****  *
  21:c:/Users/User/Documents/GitHub/ch32h417/EVT/EXAM/SRC/Peripheral/src\ch32h417_iwdg.c ****  * @brief   Enables or disables write access to IWDG_PSCR and IWDG_RLDR registers.
  22:c:/Users/User/Documents/GitHub/ch32h417/EVT/EXAM/SRC/Peripheral/src\ch32h417_iwdg.c ****  *
  23:c:/Users/User/Documents/GitHub/ch32h417/EVT/EXAM/SRC/Peripheral/src\ch32h417_iwdg.c ****  * @param   WDG_WriteAccess - new state of write access to IWDG_PSCR and
  24:c:/Users/User/Documents/GitHub/ch32h417/EVT/EXAM/SRC/Peripheral/src\ch32h417_iwdg.c ****  *        IWDG_RLDR registers.
  25:c:/Users/User/Documents/GitHub/ch32h417/EVT/EXAM/SRC/Peripheral/src\ch32h417_iwdg.c ****  *            IWDG_WriteAccess_Enable - Enable write access to IWDG_PSCR and
  26:c:/Users/User/Documents/GitHub/ch32h417/EVT/EXAM/SRC/Peripheral/src\ch32h417_iwdg.c ****  *        IWDG_RLDR registers.
  27:c:/Users/User/Documents/GitHub/ch32h417/EVT/EXAM/SRC/Peripheral/src\ch32h417_iwdg.c ****  *            IWDG_WriteAccess_Disable - Disable write access to IWDG_PSCR
  28:c:/Users/User/Documents/GitHub/ch32h417/EVT/EXAM/SRC/Peripheral/src\ch32h417_iwdg.c ****  *        and IWDG_RLDR registers.
  29:c:/Users/User/Documents/GitHub/ch32h417/EVT/EXAM/SRC/Peripheral/src\ch32h417_iwdg.c ****  *
  30:c:/Users/User/Documents/GitHub/ch32h417/EVT/EXAM/SRC/Peripheral/src\ch32h417_iwdg.c ****  * @return  none
  31:c:/Users/User/Documents/GitHub/ch32h417/EVT/EXAM/SRC/Peripheral/src\ch32h417_iwdg.c ****  */
  32:c:/Users/User/Documents/GitHub/ch32h417/EVT/EXAM/SRC/Peripheral/src\ch32h417_iwdg.c **** void IWDG_WriteAccessCmd(uint16_t IWDG_WriteAccess)
  33:c:/Users/User/Documents/GitHub/ch32h417/EVT/EXAM/SRC/Peripheral/src\ch32h417_iwdg.c **** {
  17              		.loc 1 33 1
  18              		.cfi_startproc
  19              	.LVL0:
  34:c:/Users/User/Documents/GitHub/ch32h417/EVT/EXAM/SRC/Peripheral/src\ch32h417_iwdg.c ****     IWDG->CTLR = IWDG_WriteAccess;
  20              		.loc 1 34 5
  21              		.loc 1 34 16 is_stmt 0
  22 0000 B7370040 		li	a5,1073754112
  23 0004 88C3     		sw	a0,0(a5)
  35:c:/Users/User/Documents/GitHub/ch32h417/EVT/EXAM/SRC/Peripheral/src\ch32h417_iwdg.c **** }
  24              		.loc 1 35 1
  25 0006 8280     		ret
  26              		.cfi_endproc
  27              	.LFE40:
  29              		.section	.text.IWDG_SetPrescaler,"ax",@progbits
  30              		.align	1
  31              		.globl	IWDG_SetPrescaler
  33              	IWDG_SetPrescaler:
  34              	.LFB41:
  36:c:/Users/User/Documents/GitHub/ch32h417/EVT/EXAM/SRC/Peripheral/src\ch32h417_iwdg.c **** 
  37:c:/Users/User/Documents/GitHub/ch32h417/EVT/EXAM/SRC/Peripheral/src\ch32h417_iwdg.c **** /*********************************************************************
  38:c:/Users/User/Documents/GitHub/ch32h417/EVT/EXAM/SRC/Peripheral/src\ch32h417_iwdg.c ****  * @fn      IWDG_SetPrescaler
  39:c:/Users/User/Documents/GitHub/ch32h417/EVT/EXAM/SRC/Peripheral/src\ch32h417_iwdg.c ****  *
  40:c:/Users/User/Documents/GitHub/ch32h417/EVT/EXAM/SRC/Peripheral/src\ch32h417_iwdg.c ****  * @brief   Sets IWDG Prescaler value.
  41:c:/Users/User/Documents/GitHub/ch32h417/EVT/EXAM/SRC/Peripheral/src\ch32h417_iwdg.c ****  *
  42:c:/Users/User/Documents/GitHub/ch32h417/EVT/EXAM/SRC/Peripheral/src\ch32h417_iwdg.c ****  * @param   IWDG_Prescaler - specifies the IWDG Prescaler value.
  43:c:/Users/User/Documents/GitHub/ch32h417/EVT/EXAM/SRC/Peripheral/src\ch32h417_iwdg.c ****  *             IWDG_Prescaler_4 - IWDG prescaler set to 4.
  44:c:/Users/User/Documents/GitHub/ch32h417/EVT/EXAM/SRC/Peripheral/src\ch32h417_iwdg.c ****  *             IWDG_Prescaler_8 - IWDG prescaler set to 8.
  45:c:/Users/User/Documents/GitHub/ch32h417/EVT/EXAM/SRC/Peripheral/src\ch32h417_iwdg.c ****  *             IWDG_Prescaler_16 - IWDG prescaler set to 16.
  46:c:/Users/User/Documents/GitHub/ch32h417/EVT/EXAM/SRC/Peripheral/src\ch32h417_iwdg.c ****  *             IWDG_Prescaler_32 - IWDG prescaler set to 32.
  47:c:/Users/User/Documents/GitHub/ch32h417/EVT/EXAM/SRC/Peripheral/src\ch32h417_iwdg.c ****  *             IWDG_Prescaler_64 - IWDG prescaler set to 64.
  48:c:/Users/User/Documents/GitHub/ch32h417/EVT/EXAM/SRC/Peripheral/src\ch32h417_iwdg.c ****  *             IWDG_Prescaler_128 - IWDG prescaler set to 128.
  49:c:/Users/User/Documents/GitHub/ch32h417/EVT/EXAM/SRC/Peripheral/src\ch32h417_iwdg.c ****  *             IWDG_Prescaler_256 - IWDG prescaler set to 256.
  50:c:/Users/User/Documents/GitHub/ch32h417/EVT/EXAM/SRC/Peripheral/src\ch32h417_iwdg.c ****  *
  51:c:/Users/User/Documents/GitHub/ch32h417/EVT/EXAM/SRC/Peripheral/src\ch32h417_iwdg.c ****  * @return  none
  52:c:/Users/User/Documents/GitHub/ch32h417/EVT/EXAM/SRC/Peripheral/src\ch32h417_iwdg.c ****  */
  53:c:/Users/User/Documents/GitHub/ch32h417/EVT/EXAM/SRC/Peripheral/src\ch32h417_iwdg.c **** void IWDG_SetPrescaler(uint8_t IWDG_Prescaler)
  54:c:/Users/User/Documents/GitHub/ch32h417/EVT/EXAM/SRC/Peripheral/src\ch32h417_iwdg.c **** {
  35              		.loc 1 54 1 is_stmt 1
  36              		.cfi_startproc
  37              	.LVL1:
  55:c:/Users/User/Documents/GitHub/ch32h417/EVT/EXAM/SRC/Peripheral/src\ch32h417_iwdg.c ****     IWDG->PSCR = IWDG_Prescaler;
  38              		.loc 1 55 5
  39              		.loc 1 55 16 is_stmt 0
  40 0000 B7370040 		li	a5,1073754112
  41 0004 C8C3     		sw	a0,4(a5)
  56:c:/Users/User/Documents/GitHub/ch32h417/EVT/EXAM/SRC/Peripheral/src\ch32h417_iwdg.c **** }
  42              		.loc 1 56 1
  43 0006 8280     		ret
  44              		.cfi_endproc
  45              	.LFE41:
  47              		.section	.text.IWDG_SetReload,"ax",@progbits
  48              		.align	1
  49              		.globl	IWDG_SetReload
  51              	IWDG_SetReload:
  52              	.LFB42:
  57:c:/Users/User/Documents/GitHub/ch32h417/EVT/EXAM/SRC/Peripheral/src\ch32h417_iwdg.c **** 
  58:c:/Users/User/Documents/GitHub/ch32h417/EVT/EXAM/SRC/Peripheral/src\ch32h417_iwdg.c **** /*********************************************************************
  59:c:/Users/User/Documents/GitHub/ch32h417/EVT/EXAM/SRC/Peripheral/src\ch32h417_iwdg.c ****  * @fn      IWDG_SetReload
  60:c:/Users/User/Documents/GitHub/ch32h417/EVT/EXAM/SRC/Peripheral/src\ch32h417_iwdg.c ****  *
  61:c:/Users/User/Documents/GitHub/ch32h417/EVT/EXAM/SRC/Peripheral/src\ch32h417_iwdg.c ****  * @brief   Sets IWDG Reload value.
  62:c:/Users/User/Documents/GitHub/ch32h417/EVT/EXAM/SRC/Peripheral/src\ch32h417_iwdg.c ****  *
  63:c:/Users/User/Documents/GitHub/ch32h417/EVT/EXAM/SRC/Peripheral/src\ch32h417_iwdg.c ****  * @param   Reload - specifies the IWDG Reload value.
  64:c:/Users/User/Documents/GitHub/ch32h417/EVT/EXAM/SRC/Peripheral/src\ch32h417_iwdg.c ****  *            This parameter must be a number between 0 and 0x0FFF.
  65:c:/Users/User/Documents/GitHub/ch32h417/EVT/EXAM/SRC/Peripheral/src\ch32h417_iwdg.c ****  *
  66:c:/Users/User/Documents/GitHub/ch32h417/EVT/EXAM/SRC/Peripheral/src\ch32h417_iwdg.c ****  * @return  none
  67:c:/Users/User/Documents/GitHub/ch32h417/EVT/EXAM/SRC/Peripheral/src\ch32h417_iwdg.c ****  */
  68:c:/Users/User/Documents/GitHub/ch32h417/EVT/EXAM/SRC/Peripheral/src\ch32h417_iwdg.c **** void IWDG_SetReload(uint16_t Reload)
  69:c:/Users/User/Documents/GitHub/ch32h417/EVT/EXAM/SRC/Peripheral/src\ch32h417_iwdg.c **** {
  53              		.loc 1 69 1 is_stmt 1
  54              		.cfi_startproc
  55              	.LVL2:
  70:c:/Users/User/Documents/GitHub/ch32h417/EVT/EXAM/SRC/Peripheral/src\ch32h417_iwdg.c ****     IWDG->RLDR = Reload;
  56              		.loc 1 70 5
  57              		.loc 1 70 16 is_stmt 0
  58 0000 B7370040 		li	a5,1073754112
  59 0004 88C7     		sw	a0,8(a5)
  71:c:/Users/User/Documents/GitHub/ch32h417/EVT/EXAM/SRC/Peripheral/src\ch32h417_iwdg.c **** }
  60              		.loc 1 71 1
  61 0006 8280     		ret
  62              		.cfi_endproc
  63              	.LFE42:
  65              		.section	.text.IWDG_ReloadCounter,"ax",@progbits
  66              		.align	1
  67              		.globl	IWDG_ReloadCounter
  69              	IWDG_ReloadCounter:
  70              	.LFB43:
  72:c:/Users/User/Documents/GitHub/ch32h417/EVT/EXAM/SRC/Peripheral/src\ch32h417_iwdg.c **** 
  73:c:/Users/User/Documents/GitHub/ch32h417/EVT/EXAM/SRC/Peripheral/src\ch32h417_iwdg.c **** /*********************************************************************
  74:c:/Users/User/Documents/GitHub/ch32h417/EVT/EXAM/SRC/Peripheral/src\ch32h417_iwdg.c ****  * @fn      IWDG_ReloadCounter
  75:c:/Users/User/Documents/GitHub/ch32h417/EVT/EXAM/SRC/Peripheral/src\ch32h417_iwdg.c ****  *
  76:c:/Users/User/Documents/GitHub/ch32h417/EVT/EXAM/SRC/Peripheral/src\ch32h417_iwdg.c ****  * @brief   Reloads IWDG counter with value defined in the reload register.
  77:c:/Users/User/Documents/GitHub/ch32h417/EVT/EXAM/SRC/Peripheral/src\ch32h417_iwdg.c ****  *
  78:c:/Users/User/Documents/GitHub/ch32h417/EVT/EXAM/SRC/Peripheral/src\ch32h417_iwdg.c ****  * @return  none
  79:c:/Users/User/Documents/GitHub/ch32h417/EVT/EXAM/SRC/Peripheral/src\ch32h417_iwdg.c ****  */
  80:c:/Users/User/Documents/GitHub/ch32h417/EVT/EXAM/SRC/Peripheral/src\ch32h417_iwdg.c **** void IWDG_ReloadCounter(void)
  81:c:/Users/User/Documents/GitHub/ch32h417/EVT/EXAM/SRC/Peripheral/src\ch32h417_iwdg.c **** {
  71              		.loc 1 81 1 is_stmt 1
  72              		.cfi_startproc
  82:c:/Users/User/Documents/GitHub/ch32h417/EVT/EXAM/SRC/Peripheral/src\ch32h417_iwdg.c ****     IWDG->CTLR = CTLR_KEY_Reload;
  73              		.loc 1 82 5
  74              		.loc 1 82 16 is_stmt 0
  75 0000 AD67     		li	a5,45056
  76 0002 37370040 		li	a4,1073754112
  77 0006 9387A7AA 		addi	a5,a5,-1366
  78 000a 1CC3     		sw	a5,0(a4)
  83:c:/Users/User/Documents/GitHub/ch32h417/EVT/EXAM/SRC/Peripheral/src\ch32h417_iwdg.c **** }
  79              		.loc 1 83 1
  80 000c 8280     		ret
  81              		.cfi_endproc
  82              	.LFE43:
  84              		.section	.text.IWDG_Enable,"ax",@progbits
  85              		.align	1
  86              		.globl	IWDG_Enable
  88              	IWDG_Enable:
  89              	.LFB44:
  84:c:/Users/User/Documents/GitHub/ch32h417/EVT/EXAM/SRC/Peripheral/src\ch32h417_iwdg.c **** 
  85:c:/Users/User/Documents/GitHub/ch32h417/EVT/EXAM/SRC/Peripheral/src\ch32h417_iwdg.c **** /*********************************************************************
  86:c:/Users/User/Documents/GitHub/ch32h417/EVT/EXAM/SRC/Peripheral/src\ch32h417_iwdg.c ****  * @fn      IWDG_Enable
  87:c:/Users/User/Documents/GitHub/ch32h417/EVT/EXAM/SRC/Peripheral/src\ch32h417_iwdg.c ****  *
  88:c:/Users/User/Documents/GitHub/ch32h417/EVT/EXAM/SRC/Peripheral/src\ch32h417_iwdg.c ****  * @brief   Enables IWDG (write access to IWDG_PSCR and IWDG_RLDR registers disabled).
  89:c:/Users/User/Documents/GitHub/ch32h417/EVT/EXAM/SRC/Peripheral/src\ch32h417_iwdg.c ****  *
  90:c:/Users/User/Documents/GitHub/ch32h417/EVT/EXAM/SRC/Peripheral/src\ch32h417_iwdg.c ****  * @return  none
  91:c:/Users/User/Documents/GitHub/ch32h417/EVT/EXAM/SRC/Peripheral/src\ch32h417_iwdg.c ****  */
  92:c:/Users/User/Documents/GitHub/ch32h417/EVT/EXAM/SRC/Peripheral/src\ch32h417_iwdg.c **** void IWDG_Enable(void)
  93:c:/Users/User/Documents/GitHub/ch32h417/EVT/EXAM/SRC/Peripheral/src\ch32h417_iwdg.c **** {
  90              		.loc 1 93 1 is_stmt 1
  91              		.cfi_startproc
  94:c:/Users/User/Documents/GitHub/ch32h417/EVT/EXAM/SRC/Peripheral/src\ch32h417_iwdg.c ****     IWDG->CTLR = CTLR_KEY_Enable;
  92              		.loc 1 94 5
  93              		.loc 1 94 16 is_stmt 0
  94 0000 B567     		li	a5,53248
  95 0002 37370040 		li	a4,1073754112
  96 0006 9387C7CC 		addi	a5,a5,-820
  97 000a 1CC3     		sw	a5,0(a4)
  95:c:/Users/User/Documents/GitHub/ch32h417/EVT/EXAM/SRC/Peripheral/src\ch32h417_iwdg.c ****     while((RCC->RSTSCKR & 0x2)==RESET);
  98              		.loc 1 95 5 is_stmt 1
  99              		.loc 1 95 15 is_stmt 0
 100 000c 37170240 		li	a4,1073876992
 101              	.L6:
 102              		.loc 1 95 31 is_stmt 1 discriminator 1
 103              		.loc 1 95 15 is_stmt 0 discriminator 1
 104 0010 1C57     		lw	a5,40(a4)
 105              		.loc 1 95 25 discriminator 1
 106 0012 898B     		andi	a5,a5,2
 107              		.loc 1 95 31 discriminator 1
 108 0014 F5DF     		beq	a5,zero,.L6
  96:c:/Users/User/Documents/GitHub/ch32h417/EVT/EXAM/SRC/Peripheral/src\ch32h417_iwdg.c **** }
 109              		.loc 1 96 1
 110 0016 8280     		ret
 111              		.cfi_endproc
 112              	.LFE44:
 114              		.section	.text.IWDG_GetFlagStatus,"ax",@progbits
 115              		.align	1
 116              		.globl	IWDG_GetFlagStatus
 118              	IWDG_GetFlagStatus:
 119              	.LFB45:
  97:c:/Users/User/Documents/GitHub/ch32h417/EVT/EXAM/SRC/Peripheral/src\ch32h417_iwdg.c **** 
  98:c:/Users/User/Documents/GitHub/ch32h417/EVT/EXAM/SRC/Peripheral/src\ch32h417_iwdg.c **** /*********************************************************************
  99:c:/Users/User/Documents/GitHub/ch32h417/EVT/EXAM/SRC/Peripheral/src\ch32h417_iwdg.c ****  * @fn      IWDG_GetFlagStatus
 100:c:/Users/User/Documents/GitHub/ch32h417/EVT/EXAM/SRC/Peripheral/src\ch32h417_iwdg.c ****  *
 101:c:/Users/User/Documents/GitHub/ch32h417/EVT/EXAM/SRC/Peripheral/src\ch32h417_iwdg.c ****  * @brief   Checks whether the specified IWDG flag is set or not.
 102:c:/Users/User/Documents/GitHub/ch32h417/EVT/EXAM/SRC/Peripheral/src\ch32h417_iwdg.c ****  *
 103:c:/Users/User/Documents/GitHub/ch32h417/EVT/EXAM/SRC/Peripheral/src\ch32h417_iwdg.c ****  * @param   IWDG_FLAG - specifies the flag to check.
 104:c:/Users/User/Documents/GitHub/ch32h417/EVT/EXAM/SRC/Peripheral/src\ch32h417_iwdg.c ****  *            IWDG_FLAG_PVU - Prescaler Value Update on going.
 105:c:/Users/User/Documents/GitHub/ch32h417/EVT/EXAM/SRC/Peripheral/src\ch32h417_iwdg.c ****  *            IWDG_FLAG_RVU - Reload Value Update on going.
 106:c:/Users/User/Documents/GitHub/ch32h417/EVT/EXAM/SRC/Peripheral/src\ch32h417_iwdg.c ****  *
 107:c:/Users/User/Documents/GitHub/ch32h417/EVT/EXAM/SRC/Peripheral/src\ch32h417_iwdg.c ****  * @return  none
 108:c:/Users/User/Documents/GitHub/ch32h417/EVT/EXAM/SRC/Peripheral/src\ch32h417_iwdg.c ****  */
 109:c:/Users/User/Documents/GitHub/ch32h417/EVT/EXAM/SRC/Peripheral/src\ch32h417_iwdg.c **** FlagStatus IWDG_GetFlagStatus(uint16_t IWDG_FLAG)
 110:c:/Users/User/Documents/GitHub/ch32h417/EVT/EXAM/SRC/Peripheral/src\ch32h417_iwdg.c **** {
 120              		.loc 1 110 1 is_stmt 1
 121              		.cfi_startproc
 122              	.LVL3:
 111:c:/Users/User/Documents/GitHub/ch32h417/EVT/EXAM/SRC/Peripheral/src\ch32h417_iwdg.c ****     FlagStatus bitstatus = RESET;
 123              		.loc 1 111 5
 112:c:/Users/User/Documents/GitHub/ch32h417/EVT/EXAM/SRC/Peripheral/src\ch32h417_iwdg.c **** 
 113:c:/Users/User/Documents/GitHub/ch32h417/EVT/EXAM/SRC/Peripheral/src\ch32h417_iwdg.c ****     if((IWDG->STATR & IWDG_FLAG) != (uint32_t)RESET)
 124              		.loc 1 113 5
 125              		.loc 1 113 13 is_stmt 0
 126 0000 B7370040 		li	a5,1073754112
 127 0004 DC47     		lw	a5,12(a5)
 128              	.LVL4:
 114:c:/Users/User/Documents/GitHub/ch32h417/EVT/EXAM/SRC/Peripheral/src\ch32h417_iwdg.c ****     {
 115:c:/Users/User/Documents/GitHub/ch32h417/EVT/EXAM/SRC/Peripheral/src\ch32h417_iwdg.c ****         bitstatus = SET;
 116:c:/Users/User/Documents/GitHub/ch32h417/EVT/EXAM/SRC/Peripheral/src\ch32h417_iwdg.c ****     }
 117:c:/Users/User/Documents/GitHub/ch32h417/EVT/EXAM/SRC/Peripheral/src\ch32h417_iwdg.c ****     else
 118:c:/Users/User/Documents/GitHub/ch32h417/EVT/EXAM/SRC/Peripheral/src\ch32h417_iwdg.c ****     {
 119:c:/Users/User/Documents/GitHub/ch32h417/EVT/EXAM/SRC/Peripheral/src\ch32h417_iwdg.c ****         bitstatus = RESET;
 120:c:/Users/User/Documents/GitHub/ch32h417/EVT/EXAM/SRC/Peripheral/src\ch32h417_iwdg.c ****     }
 121:c:/Users/User/Documents/GitHub/ch32h417/EVT/EXAM/SRC/Peripheral/src\ch32h417_iwdg.c **** 
 122:c:/Users/User/Documents/GitHub/ch32h417/EVT/EXAM/SRC/Peripheral/src\ch32h417_iwdg.c ****     return bitstatus;
 129              		.loc 1 122 5 is_stmt 1
 113:c:/Users/User/Documents/GitHub/ch32h417/EVT/EXAM/SRC/Peripheral/src\ch32h417_iwdg.c ****     {
 130              		.loc 1 113 21 is_stmt 0
 131 0006 7D8D     		and	a0,a0,a5
 132              	.LVL5:
 123:c:/Users/User/Documents/GitHub/ch32h417/EVT/EXAM/SRC/Peripheral/src\ch32h417_iwdg.c **** }
 133              		.loc 1 123 1
 134 0008 3335A000 		snez	a0,a0
 135 000c 8280     		ret
 136              		.cfi_endproc
 137              	.LFE45:
 139              		.text
 140              	.Letext0:
 141              		.file 2 "d:\\mounriver\\mounriver_studio2\\resources\\app\\resources\\win32\\components\\wch\\tool
 142              		.file 3 "d:\\mounriver\\mounriver_studio2\\resources\\app\\resources\\win32\\components\\wch\\tool
 143              		.file 4 "c:/Users/User/Documents/GitHub/ch32h417/EVT/EXAM/SRC/Core/core_riscv.h"
 144              		.file 5 "c:/Users/User/Documents/GitHub/ch32h417/EVT/EXAM/SRC/Peripheral/inc/ch32h417.h"
DEFINED SYMBOLS
                            *ABS*:0000000000000000 ch32h417_iwdg.c
C:\Users\User\AppData\Local\Temp\cci312UH.s:14     .text.IWDG_WriteAccessCmd:0000000000000000 IWDG_WriteAccessCmd
C:\Users\User\AppData\Local\Temp\cci312UH.s:18     .text.IWDG_WriteAccessCmd:0000000000000000 .L0 
C:\Users\User\AppData\Local\Temp\cci312UH.s:20     .text.IWDG_WriteAccessCmd:0000000000000000 .L0 
C:\Users\User\AppData\Local\Temp\cci312UH.s:21     .text.IWDG_WriteAccessCmd:0000000000000000 .L0 
C:\Users\User\AppData\Local\Temp\cci312UH.s:22     .text.IWDG_WriteAccessCmd:0000000000000000 $x
C:\Users\User\AppData\Local\Temp\cci312UH.s:22     .text.IWDG_WriteAccessCmd:0000000000000000 .L0 
C:\Users\User\AppData\Local\Temp\cci312UH.s:25     .text.IWDG_WriteAccessCmd:0000000000000006 .L0 
C:\Users\User\AppData\Local\Temp\cci312UH.s:26     .text.IWDG_WriteAccessCmd:0000000000000008 .L0 
C:\Users\User\AppData\Local\Temp\cci312UH.s:33     .text.IWDG_SetPrescaler:0000000000000000 IWDG_SetPrescaler
C:\Users\User\AppData\Local\Temp\cci312UH.s:36     .text.IWDG_SetPrescaler:0000000000000000 .L0 
C:\Users\User\AppData\Local\Temp\cci312UH.s:38     .text.IWDG_SetPrescaler:0000000000000000 .L0 
C:\Users\User\AppData\Local\Temp\cci312UH.s:39     .text.IWDG_SetPrescaler:0000000000000000 .L0 
C:\Users\User\AppData\Local\Temp\cci312UH.s:40     .text.IWDG_SetPrescaler:0000000000000000 $x
C:\Users\User\AppData\Local\Temp\cci312UH.s:40     .text.IWDG_SetPrescaler:0000000000000000 .L0 
C:\Users\User\AppData\Local\Temp\cci312UH.s:43     .text.IWDG_SetPrescaler:0000000000000006 .L0 
C:\Users\User\AppData\Local\Temp\cci312UH.s:44     .text.IWDG_SetPrescaler:0000000000000008 .L0 
C:\Users\User\AppData\Local\Temp\cci312UH.s:51     .text.IWDG_SetReload:0000000000000000 IWDG_SetReload
C:\Users\User\AppData\Local\Temp\cci312UH.s:54     .text.IWDG_SetReload:0000000000000000 .L0 
C:\Users\User\AppData\Local\Temp\cci312UH.s:56     .text.IWDG_SetReload:0000000000000000 .L0 
C:\Users\User\AppData\Local\Temp\cci312UH.s:57     .text.IWDG_SetReload:0000000000000000 .L0 
C:\Users\User\AppData\Local\Temp\cci312UH.s:58     .text.IWDG_SetReload:0000000000000000 $x
C:\Users\User\AppData\Local\Temp\cci312UH.s:58     .text.IWDG_SetReload:0000000000000000 .L0 
C:\Users\User\AppData\Local\Temp\cci312UH.s:61     .text.IWDG_SetReload:0000000000000006 .L0 
C:\Users\User\AppData\Local\Temp\cci312UH.s:62     .text.IWDG_SetReload:0000000000000008 .L0 
C:\Users\User\AppData\Local\Temp\cci312UH.s:69     .text.IWDG_ReloadCounter:0000000000000000 IWDG_ReloadCounter
C:\Users\User\AppData\Local\Temp\cci312UH.s:72     .text.IWDG_ReloadCounter:0000000000000000 .L0 
C:\Users\User\AppData\Local\Temp\cci312UH.s:73     .text.IWDG_ReloadCounter:0000000000000000 .L0 
C:\Users\User\AppData\Local\Temp\cci312UH.s:74     .text.IWDG_ReloadCounter:0000000000000000 .L0 
C:\Users\User\AppData\Local\Temp\cci312UH.s:75     .text.IWDG_ReloadCounter:0000000000000000 $x
C:\Users\User\AppData\Local\Temp\cci312UH.s:75     .text.IWDG_ReloadCounter:0000000000000000 .L0 
C:\Users\User\AppData\Local\Temp\cci312UH.s:80     .text.IWDG_ReloadCounter:000000000000000c .L0 
C:\Users\User\AppData\Local\Temp\cci312UH.s:81     .text.IWDG_ReloadCounter:000000000000000e .L0 
C:\Users\User\AppData\Local\Temp\cci312UH.s:88     .text.IWDG_Enable:0000000000000000 IWDG_Enable
C:\Users\User\AppData\Local\Temp\cci312UH.s:91     .text.IWDG_Enable:0000000000000000 .L0 
C:\Users\User\AppData\Local\Temp\cci312UH.s:92     .text.IWDG_Enable:0000000000000000 .L0 
C:\Users\User\AppData\Local\Temp\cci312UH.s:93     .text.IWDG_Enable:0000000000000000 .L0 
C:\Users\User\AppData\Local\Temp\cci312UH.s:94     .text.IWDG_Enable:0000000000000000 $x
C:\Users\User\AppData\Local\Temp\cci312UH.s:94     .text.IWDG_Enable:0000000000000000 .L0 
C:\Users\User\AppData\Local\Temp\cci312UH.s:99     .text.IWDG_Enable:000000000000000c .L0 
C:\Users\User\AppData\Local\Temp\cci312UH.s:100    .text.IWDG_Enable:000000000000000c .L0 
C:\Users\User\AppData\Local\Temp\cci312UH.s:103    .text.IWDG_Enable:0000000000000010 .L0 
C:\Users\User\AppData\Local\Temp\cci312UH.s:104    .text.IWDG_Enable:0000000000000010 .L0 
C:\Users\User\AppData\Local\Temp\cci312UH.s:106    .text.IWDG_Enable:0000000000000012 .L0 
C:\Users\User\AppData\Local\Temp\cci312UH.s:108    .text.IWDG_Enable:0000000000000014 .L0 
C:\Users\User\AppData\Local\Temp\cci312UH.s:110    .text.IWDG_Enable:0000000000000016 .L0 
C:\Users\User\AppData\Local\Temp\cci312UH.s:111    .text.IWDG_Enable:0000000000000018 .L0 
C:\Users\User\AppData\Local\Temp\cci312UH.s:118    .text.IWDG_GetFlagStatus:0000000000000000 IWDG_GetFlagStatus
C:\Users\User\AppData\Local\Temp\cci312UH.s:121    .text.IWDG_GetFlagStatus:0000000000000000 .L0 
C:\Users\User\AppData\Local\Temp\cci312UH.s:123    .text.IWDG_GetFlagStatus:0000000000000000 .L0 
C:\Users\User\AppData\Local\Temp\cci312UH.s:124    .text.IWDG_GetFlagStatus:0000000000000000 .L0 
C:\Users\User\AppData\Local\Temp\cci312UH.s:125    .text.IWDG_GetFlagStatus:0000000000000000 .L0 
C:\Users\User\AppData\Local\Temp\cci312UH.s:126    .text.IWDG_GetFlagStatus:0000000000000000 $x
C:\Users\User\AppData\Local\Temp\cci312UH.s:126    .text.IWDG_GetFlagStatus:0000000000000000 .L0 
C:\Users\User\AppData\Local\Temp\cci312UH.s:130    .text.IWDG_GetFlagStatus:0000000000000006 .L0 
C:\Users\User\AppData\Local\Temp\cci312UH.s:131    .text.IWDG_GetFlagStatus:0000000000000006 .L0 
C:\Users\User\AppData\Local\Temp\cci312UH.s:134    .text.IWDG_GetFlagStatus:0000000000000008 .L0 
C:\Users\User\AppData\Local\Temp\cci312UH.s:136    .text.IWDG_GetFlagStatus:000000000000000e .L0 
C:\Users\User\AppData\Local\Temp\cci312UH.s:1005   .debug_line_str:00000000000000a6 .L0 
C:\Users\User\AppData\Local\Temp\cci312UH.s:1005   .debug_line_str:00000000000000f8 .L0 
C:\Users\User\AppData\Local\Temp\cci312UH.s:1005   .debug_line_str:000000000000013c .L0 
C:\Users\User\AppData\Local\Temp\cci312UH.s:1005   .debug_line_str:00000000000001c6 .L0 
C:\Users\User\AppData\Local\Temp\cci312UH.s:1005   .debug_line_str:000000000000024c .L0 
C:\Users\User\AppData\Local\Temp\cci312UH.s:1005   .debug_line_str:0000000000000286 .L0 
C:\Users\User\AppData\Local\Temp\cci312UH.s:1005   .debug_line_str:00000000000002ca .L0 
C:\Users\User\AppData\Local\Temp\cci312UH.s:1005   .debug_line_str:00000000000002da .L0 
C:\Users\User\AppData\Local\Temp\cci312UH.s:1005   .debug_line_str:00000000000002ea .L0 
C:\Users\User\AppData\Local\Temp\cci312UH.s:1005   .debug_line_str:00000000000002fb .L0 
C:\Users\User\AppData\Local\Temp\cci312UH.s:1005   .debug_line_str:0000000000000305 .L0 
C:\Users\User\AppData\Local\Temp\cci312UH.s:1005   .debug_line_str:0000000000000312 .L0 
C:\Users\User\AppData\Local\Temp\cci312UH.s:29     .text.IWDG_WriteAccessCmd:0000000000000008 .L0 
C:\Users\User\AppData\Local\Temp\cci312UH.s:47     .text.IWDG_SetPrescaler:0000000000000008 .L0 
C:\Users\User\AppData\Local\Temp\cci312UH.s:65     .text.IWDG_SetReload:0000000000000008 .L0 
C:\Users\User\AppData\Local\Temp\cci312UH.s:84     .text.IWDG_ReloadCounter:000000000000000e .L0 
C:\Users\User\AppData\Local\Temp\cci312UH.s:114    .text.IWDG_Enable:0000000000000018 .L0 
C:\Users\User\AppData\Local\Temp\cci312UH.s:139    .text.IWDG_GetFlagStatus:000000000000000e .L0 
                     .debug_frame:0000000000000000 .L0 
C:\Users\User\AppData\Local\Temp\cci312UH.s:101    .text.IWDG_Enable:0000000000000010 .L6
C:\Users\User\AppData\Local\Temp\cci312UH.s:462    .debug_abbrev:0000000000000000 .Ldebug_abbrev0
C:\Users\User\AppData\Local\Temp\cci312UH.s:982    .debug_str:00000000000001b2 .LASF47
C:\Users\User\AppData\Local\Temp\cci312UH.s:1003   .debug_line_str:0000000000000052 .LASF0
C:\Users\User\AppData\Local\Temp\cci312UH.s:1001   .debug_line_str:0000000000000000 .LASF1
C:\Users\User\AppData\Local\Temp\cci312UH.s:878    .debug_rnglists:000000000000000c .LLRL2
C:\Users\User\AppData\Local\Temp\cci312UH.s:900    .debug_line:0000000000000000 .Ldebug_line0
C:\Users\User\AppData\Local\Temp\cci312UH.s:958    .debug_str:0000000000000144 .LASF2
C:\Users\User\AppData\Local\Temp\cci312UH.s:994    .debug_str:00000000000002c5 .LASF3
C:\Users\User\AppData\Local\Temp\cci312UH.s:902    .debug_str:0000000000000000 .LASF6
C:\Users\User\AppData\Local\Temp\cci312UH.s:930    .debug_str:000000000000008f .LASF4
C:\Users\User\AppData\Local\Temp\cci312UH.s:978    .debug_str:000000000000019f .LASF5
C:\Users\User\AppData\Local\Temp\cci312UH.s:948    .debug_str:0000000000000104 .LASF7
C:\Users\User\AppData\Local\Temp\cci312UH.s:914    .debug_str:000000000000003c .LASF8
C:\Users\User\AppData\Local\Temp\cci312UH.s:988    .debug_str:00000000000002ac .LASF9
C:\Users\User\AppData\Local\Temp\cci312UH.s:954    .debug_str:0000000000000126 .LASF10
C:\Users\User\AppData\Local\Temp\cci312UH.s:940    .debug_str:00000000000000d0 .LASF11
C:\Users\User\AppData\Local\Temp\cci312UH.s:970    .debug_str:0000000000000178 .LASF12
C:\Users\User\AppData\Local\Temp\cci312UH.s:998    .debug_str:00000000000002d6 .LASF13
C:\Users\User\AppData\Local\Temp\cci312UH.s:962    .debug_str:0000000000000156 .LASF14
C:\Users\User\AppData\Local\Temp\cci312UH.s:980    .debug_str:00000000000001a9 .LASF15
C:\Users\User\AppData\Local\Temp\cci312UH.s:986    .debug_str:00000000000002a3 .LASF16
C:\Users\User\AppData\Local\Temp\cci312UH.s:944    .debug_str:00000000000000f6 .LASF17
C:\Users\User\AppData\Local\Temp\cci312UH.s:936    .debug_str:00000000000000bf .LASF18
C:\Users\User\AppData\Local\Temp\cci312UH.s:972    .debug_str:0000000000000186 .LASF19
C:\Users\User\AppData\Local\Temp\cci312UH.s:918    .debug_str:0000000000000058 .LASF20
C:\Users\User\AppData\Local\Temp\cci312UH.s:974    .debug_str:000000000000018b .LASF21
C:\Users\User\AppData\Local\Temp\cci312UH.s:952    .debug_str:0000000000000120 .LASF22
C:\Users\User\AppData\Local\Temp\cci312UH.s:912    .debug_str:000000000000002f .LASF23
C:\Users\User\AppData\Local\Temp\cci312UH.s:938    .debug_str:00000000000000ca .LASF24
C:\Users\User\AppData\Local\Temp\cci312UH.s:946    .debug_str:00000000000000fc .LASF25
C:\Users\User\AppData\Local\Temp\cci312UH.s:996    .debug_str:00000000000002d1 .LASF26
C:\Users\User\AppData\Local\Temp\cci312UH.s:926    .debug_str:0000000000000080 .LASF27
C:\Users\User\AppData\Local\Temp\cci312UH.s:906    .debug_str:0000000000000011 .LASF28
C:\Users\User\AppData\Local\Temp\cci312UH.s:990    .debug_str:00000000000002b5 .LASF29
C:\Users\User\AppData\Local\Temp\cci312UH.s:910    .debug_str:0000000000000026 .LASF30
C:\Users\User\AppData\Local\Temp\cci312UH.s:968    .debug_str:000000000000016f .LASF31
C:\Users\User\AppData\Local\Temp\cci312UH.s:966    .debug_str:0000000000000168 .LASF32
C:\Users\User\AppData\Local\Temp\cci312UH.s:992    .debug_str:00000000000002bd .LASF33
C:\Users\User\AppData\Local\Temp\cci312UH.s:922    .debug_str:0000000000000067 .LASF34
C:\Users\User\AppData\Local\Temp\cci312UH.s:928    .debug_str:0000000000000089 .LASF35
C:\Users\User\AppData\Local\Temp\cci312UH.s:916    .debug_str:000000000000004f .LASF36
C:\Users\User\AppData\Local\Temp\cci312UH.s:984    .debug_str:0000000000000297 .LASF37
C:\Users\User\AppData\Local\Temp\cci312UH.s:960    .debug_str:0000000000000151 .LASF38
C:\Users\User\AppData\Local\Temp\cci312UH.s:956    .debug_str:0000000000000131 .LASF48
C:\Users\User\AppData\Local\Temp\cci312UH.s:119    .text.IWDG_GetFlagStatus:0000000000000000 .LFB45
C:\Users\User\AppData\Local\Temp\cci312UH.s:137    .text.IWDG_GetFlagStatus:000000000000000e .LFE45
C:\Users\User\AppData\Local\Temp\cci312UH.s:964    .debug_str:000000000000015e .LASF41
C:\Users\User\AppData\Local\Temp\cci312UH.s:787    .debug_loclists:000000000000000c .LLST0
C:\Users\User\AppData\Local\Temp\cci312UH.s:920    .debug_str:000000000000005d .LASF49
C:\Users\User\AppData\Local\Temp\cci312UH.s:802    .debug_loclists:0000000000000026 .LLST1
C:\Users\User\AppData\Local\Temp\cci312UH.s:908    .debug_str:000000000000001a .LASF39
C:\Users\User\AppData\Local\Temp\cci312UH.s:89     .text.IWDG_Enable:0000000000000000 .LFB44
C:\Users\User\AppData\Local\Temp\cci312UH.s:112    .text.IWDG_Enable:0000000000000018 .LFE44
C:\Users\User\AppData\Local\Temp\cci312UH.s:934    .debug_str:00000000000000ac .LASF40
C:\Users\User\AppData\Local\Temp\cci312UH.s:70     .text.IWDG_ReloadCounter:0000000000000000 .LFB43
C:\Users\User\AppData\Local\Temp\cci312UH.s:82     .text.IWDG_ReloadCounter:000000000000000e .LFE43
C:\Users\User\AppData\Local\Temp\cci312UH.s:932    .debug_str:000000000000009d .LASF43
C:\Users\User\AppData\Local\Temp\cci312UH.s:52     .text.IWDG_SetReload:0000000000000000 .LFB42
C:\Users\User\AppData\Local\Temp\cci312UH.s:63     .text.IWDG_SetReload:0000000000000008 .LFE42
C:\Users\User\AppData\Local\Temp\cci312UH.s:904    .debug_str:000000000000000a .LASF42
C:\Users\User\AppData\Local\Temp\cci312UH.s:924    .debug_str:000000000000006e .LASF44
C:\Users\User\AppData\Local\Temp\cci312UH.s:34     .text.IWDG_SetPrescaler:0000000000000000 .LFB41
C:\Users\User\AppData\Local\Temp\cci312UH.s:45     .text.IWDG_SetPrescaler:0000000000000008 .LFE41
C:\Users\User\AppData\Local\Temp\cci312UH.s:976    .debug_str:0000000000000190 .LASF45
C:\Users\User\AppData\Local\Temp\cci312UH.s:942    .debug_str:00000000000000e2 .LASF50
C:\Users\User\AppData\Local\Temp\cci312UH.s:15     .text.IWDG_WriteAccessCmd:0000000000000000 .LFB40
C:\Users\User\AppData\Local\Temp\cci312UH.s:27     .text.IWDG_WriteAccessCmd:0000000000000008 .LFE40
C:\Users\User\AppData\Local\Temp\cci312UH.s:950    .debug_str:000000000000010f .LASF46
C:\Users\User\AppData\Local\Temp\cci312UH.s:122    .text.IWDG_GetFlagStatus:0000000000000000 .LVL3
C:\Users\User\AppData\Local\Temp\cci312UH.s:132    .text.IWDG_GetFlagStatus:0000000000000008 .LVL5
C:\Users\User\AppData\Local\Temp\cci312UH.s:128    .text.IWDG_GetFlagStatus:0000000000000006 .LVL4
C:\Users\User\AppData\Local\Temp\cci312UH.s:146    .debug_info:0000000000000000 .Ldebug_info0

NO UNDEFINED SYMBOLS
