   1              		.file	"ch32h417_crc.c"
   2              		.option nopic
   3              		.attribute arch, "rv32i2p0_m2p0_a2p0_c2p0_zba1p0_zbb1p0_zbc1p0_zbs1p0_xw"
   4              		.attribute unaligned_access, 0
   5              		.attribute stack_align, 16
   6              		.text
   7              	.Ltext0:
   8              		.cfi_sections	.debug_frame
   9              		.file 0 "c:\\Users\\User\\Documents\\GitHub\\ch32h417\\EVT\\EXAM\\USBFS\\DEVICE\\SimulateCDC\\V3F\
  10              		.section	.text.CRC_ResetDR,"ax",@progbits
  11              		.align	1
  12              		.globl	CRC_ResetDR
  14              	CRC_ResetDR:
  15              	.LFB40:
  16              		.file 1 "c:/Users/User/Documents/GitHub/ch32h417/EVT/EXAM/SRC/Peripheral/src/ch32h417_crc.c"
   1:c:/Users/User/Documents/GitHub/ch32h417/EVT/EXAM/SRC/Peripheral/src\ch32h417_crc.c **** /********************************** (C) COPYRIGHT  *******************************
   2:c:/Users/User/Documents/GitHub/ch32h417/EVT/EXAM/SRC/Peripheral/src\ch32h417_crc.c **** * File Name          : ch32h417_crc.c
   3:c:/Users/User/Documents/GitHub/ch32h417/EVT/EXAM/SRC/Peripheral/src\ch32h417_crc.c **** * Author             : WCH
   4:c:/Users/User/Documents/GitHub/ch32h417/EVT/EXAM/SRC/Peripheral/src\ch32h417_crc.c **** * Version            : V1.0.1
   5:c:/Users/User/Documents/GitHub/ch32h417/EVT/EXAM/SRC/Peripheral/src\ch32h417_crc.c **** * Date               : 2025/10/21
   6:c:/Users/User/Documents/GitHub/ch32h417/EVT/EXAM/SRC/Peripheral/src\ch32h417_crc.c **** * Description        : This file provides all the CRC firmware functions.
   7:c:/Users/User/Documents/GitHub/ch32h417/EVT/EXAM/SRC/Peripheral/src\ch32h417_crc.c **** *********************************************************************************
   8:c:/Users/User/Documents/GitHub/ch32h417/EVT/EXAM/SRC/Peripheral/src\ch32h417_crc.c **** * Copyright (c) 2025 Nanjing Qinheng Microelectronics Co., Ltd.
   9:c:/Users/User/Documents/GitHub/ch32h417/EVT/EXAM/SRC/Peripheral/src\ch32h417_crc.c **** * Attention: This software (modified or not) and binary are used for 
  10:c:/Users/User/Documents/GitHub/ch32h417/EVT/EXAM/SRC/Peripheral/src\ch32h417_crc.c **** * microcontroller manufactured by Nanjing Qinheng Microelectronics.
  11:c:/Users/User/Documents/GitHub/ch32h417/EVT/EXAM/SRC/Peripheral/src\ch32h417_crc.c **** *******************************************************************************/
  12:c:/Users/User/Documents/GitHub/ch32h417/EVT/EXAM/SRC/Peripheral/src\ch32h417_crc.c **** #include "ch32h417_crc.h"
  13:c:/Users/User/Documents/GitHub/ch32h417/EVT/EXAM/SRC/Peripheral/src\ch32h417_crc.c **** 
  14:c:/Users/User/Documents/GitHub/ch32h417/EVT/EXAM/SRC/Peripheral/src\ch32h417_crc.c **** /*********************************************************************
  15:c:/Users/User/Documents/GitHub/ch32h417/EVT/EXAM/SRC/Peripheral/src\ch32h417_crc.c ****  * @fn      CRC_ResetDR
  16:c:/Users/User/Documents/GitHub/ch32h417/EVT/EXAM/SRC/Peripheral/src\ch32h417_crc.c ****  *
  17:c:/Users/User/Documents/GitHub/ch32h417/EVT/EXAM/SRC/Peripheral/src\ch32h417_crc.c ****  * @brief   Resets the CRC Data register (DR).
  18:c:/Users/User/Documents/GitHub/ch32h417/EVT/EXAM/SRC/Peripheral/src\ch32h417_crc.c ****  *
  19:c:/Users/User/Documents/GitHub/ch32h417/EVT/EXAM/SRC/Peripheral/src\ch32h417_crc.c ****  * @return  none
  20:c:/Users/User/Documents/GitHub/ch32h417/EVT/EXAM/SRC/Peripheral/src\ch32h417_crc.c ****  */
  21:c:/Users/User/Documents/GitHub/ch32h417/EVT/EXAM/SRC/Peripheral/src\ch32h417_crc.c **** void CRC_ResetDR(void)
  22:c:/Users/User/Documents/GitHub/ch32h417/EVT/EXAM/SRC/Peripheral/src\ch32h417_crc.c **** {
  17              		.loc 1 22 1
  18              		.cfi_startproc
  23:c:/Users/User/Documents/GitHub/ch32h417/EVT/EXAM/SRC/Peripheral/src\ch32h417_crc.c ****     CRC->CTLR = CRC_CTLR_RESET;
  19              		.loc 1 23 5
  20              		.loc 1 23 15 is_stmt 0
  21 0000 B7370240 		li	a5,1073885184
  22 0004 0547     		li	a4,1
  23 0006 98C7     		sw	a4,8(a5)
  24:c:/Users/User/Documents/GitHub/ch32h417/EVT/EXAM/SRC/Peripheral/src\ch32h417_crc.c **** }
  24              		.loc 1 24 1
  25 0008 8280     		ret
  26              		.cfi_endproc
  27              	.LFE40:
  29              		.section	.text.CRC_CalcCRC,"ax",@progbits
  30              		.align	1
  31              		.globl	CRC_CalcCRC
  33              	CRC_CalcCRC:
  34              	.LFB41:
  25:c:/Users/User/Documents/GitHub/ch32h417/EVT/EXAM/SRC/Peripheral/src\ch32h417_crc.c **** 
  26:c:/Users/User/Documents/GitHub/ch32h417/EVT/EXAM/SRC/Peripheral/src\ch32h417_crc.c **** /*********************************************************************
  27:c:/Users/User/Documents/GitHub/ch32h417/EVT/EXAM/SRC/Peripheral/src\ch32h417_crc.c ****  * @fn      CRC_CalcCRC
  28:c:/Users/User/Documents/GitHub/ch32h417/EVT/EXAM/SRC/Peripheral/src\ch32h417_crc.c ****  *
  29:c:/Users/User/Documents/GitHub/ch32h417/EVT/EXAM/SRC/Peripheral/src\ch32h417_crc.c ****  * @brief   Computes the 32-bit CRC of a given data word(32-bit).
  30:c:/Users/User/Documents/GitHub/ch32h417/EVT/EXAM/SRC/Peripheral/src\ch32h417_crc.c ****  *
  31:c:/Users/User/Documents/GitHub/ch32h417/EVT/EXAM/SRC/Peripheral/src\ch32h417_crc.c ****  * @param   Data - data word(32-bit) to compute its CRC.
  32:c:/Users/User/Documents/GitHub/ch32h417/EVT/EXAM/SRC/Peripheral/src\ch32h417_crc.c ****  *
  33:c:/Users/User/Documents/GitHub/ch32h417/EVT/EXAM/SRC/Peripheral/src\ch32h417_crc.c ****  * @return  32-bit CRC.
  34:c:/Users/User/Documents/GitHub/ch32h417/EVT/EXAM/SRC/Peripheral/src\ch32h417_crc.c ****  */
  35:c:/Users/User/Documents/GitHub/ch32h417/EVT/EXAM/SRC/Peripheral/src\ch32h417_crc.c **** uint32_t CRC_CalcCRC(uint32_t Data)
  36:c:/Users/User/Documents/GitHub/ch32h417/EVT/EXAM/SRC/Peripheral/src\ch32h417_crc.c **** {
  35              		.loc 1 36 1 is_stmt 1
  36              		.cfi_startproc
  37              	.LVL0:
  37:c:/Users/User/Documents/GitHub/ch32h417/EVT/EXAM/SRC/Peripheral/src\ch32h417_crc.c ****     CRC->DATAR = Data;
  38              		.loc 1 37 5
  39              		.loc 1 37 16 is_stmt 0
  40 0000 B7370240 		li	a5,1073885184
  41 0004 88C3     		sw	a0,0(a5)
  38:c:/Users/User/Documents/GitHub/ch32h417/EVT/EXAM/SRC/Peripheral/src\ch32h417_crc.c **** 
  39:c:/Users/User/Documents/GitHub/ch32h417/EVT/EXAM/SRC/Peripheral/src\ch32h417_crc.c ****     return (CRC->DATAR);
  42              		.loc 1 39 5 is_stmt 1
  43              		.loc 1 39 16 is_stmt 0
  44 0006 8843     		lw	a0,0(a5)
  45              	.LVL1:
  40:c:/Users/User/Documents/GitHub/ch32h417/EVT/EXAM/SRC/Peripheral/src\ch32h417_crc.c **** }
  46              		.loc 1 40 1
  47 0008 8280     		ret
  48              		.cfi_endproc
  49              	.LFE41:
  51              		.section	.text.CRC_CalcBlockCRC,"ax",@progbits
  52              		.align	1
  53              		.globl	CRC_CalcBlockCRC
  55              	CRC_CalcBlockCRC:
  56              	.LFB42:
  41:c:/Users/User/Documents/GitHub/ch32h417/EVT/EXAM/SRC/Peripheral/src\ch32h417_crc.c **** 
  42:c:/Users/User/Documents/GitHub/ch32h417/EVT/EXAM/SRC/Peripheral/src\ch32h417_crc.c **** /*********************************************************************
  43:c:/Users/User/Documents/GitHub/ch32h417/EVT/EXAM/SRC/Peripheral/src\ch32h417_crc.c ****  * @fn      CRC_CalcBlockCRC
  44:c:/Users/User/Documents/GitHub/ch32h417/EVT/EXAM/SRC/Peripheral/src\ch32h417_crc.c ****  *
  45:c:/Users/User/Documents/GitHub/ch32h417/EVT/EXAM/SRC/Peripheral/src\ch32h417_crc.c ****  * @brief   Computes the 32-bit CRC of a given buffer of data word(32-bit).
  46:c:/Users/User/Documents/GitHub/ch32h417/EVT/EXAM/SRC/Peripheral/src\ch32h417_crc.c ****  *
  47:c:/Users/User/Documents/GitHub/ch32h417/EVT/EXAM/SRC/Peripheral/src\ch32h417_crc.c ****  * @param   pBuffer - pointer to the buffer containing the data to be computed.
  48:c:/Users/User/Documents/GitHub/ch32h417/EVT/EXAM/SRC/Peripheral/src\ch32h417_crc.c ****  *          BufferLength - length of the buffer to be computed.
  49:c:/Users/User/Documents/GitHub/ch32h417/EVT/EXAM/SRC/Peripheral/src\ch32h417_crc.c ****  *
  50:c:/Users/User/Documents/GitHub/ch32h417/EVT/EXAM/SRC/Peripheral/src\ch32h417_crc.c ****  * @return  32-bit CRC.
  51:c:/Users/User/Documents/GitHub/ch32h417/EVT/EXAM/SRC/Peripheral/src\ch32h417_crc.c ****  */
  52:c:/Users/User/Documents/GitHub/ch32h417/EVT/EXAM/SRC/Peripheral/src\ch32h417_crc.c **** uint32_t CRC_CalcBlockCRC(uint32_t pBuffer[], uint32_t BufferLength)
  53:c:/Users/User/Documents/GitHub/ch32h417/EVT/EXAM/SRC/Peripheral/src\ch32h417_crc.c **** {
  57              		.loc 1 53 1 is_stmt 1
  58              		.cfi_startproc
  59              	.LVL2:
  54:c:/Users/User/Documents/GitHub/ch32h417/EVT/EXAM/SRC/Peripheral/src\ch32h417_crc.c ****     uint32_t index = 0;
  60              		.loc 1 54 5
  55:c:/Users/User/Documents/GitHub/ch32h417/EVT/EXAM/SRC/Peripheral/src\ch32h417_crc.c **** 
  56:c:/Users/User/Documents/GitHub/ch32h417/EVT/EXAM/SRC/Peripheral/src\ch32h417_crc.c ****     for(index = 0; index < BufferLength; index++)
  61              		.loc 1 56 5
  62              		.loc 1 56 15 is_stmt 0
  63 0000 8147     		li	a5,0
  57:c:/Users/User/Documents/GitHub/ch32h417/EVT/EXAM/SRC/Peripheral/src\ch32h417_crc.c ****     {
  58:c:/Users/User/Documents/GitHub/ch32h417/EVT/EXAM/SRC/Peripheral/src\ch32h417_crc.c ****         CRC->DATAR = pBuffer[index];
  64              		.loc 1 58 20
  65 0002 37370240 		li	a4,1073885184
  66              	.LVL3:
  67              	.L4:
  56:c:/Users/User/Documents/GitHub/ch32h417/EVT/EXAM/SRC/Peripheral/src\ch32h417_crc.c ****     {
  68              		.loc 1 56 26 is_stmt 1 discriminator 1
  69 0006 6396B700 		bne	a5,a1,.L5
  59:c:/Users/User/Documents/GitHub/ch32h417/EVT/EXAM/SRC/Peripheral/src\ch32h417_crc.c ****     }
  60:c:/Users/User/Documents/GitHub/ch32h417/EVT/EXAM/SRC/Peripheral/src\ch32h417_crc.c **** 
  61:c:/Users/User/Documents/GitHub/ch32h417/EVT/EXAM/SRC/Peripheral/src\ch32h417_crc.c ****     return (CRC->DATAR);
  70              		.loc 1 61 5
  71              		.loc 1 61 16 is_stmt 0
  72 000a B7370240 		li	a5,1073885184
  73              	.LVL4:
  74 000e 8843     		lw	a0,0(a5)
  75              	.LVL5:
  62:c:/Users/User/Documents/GitHub/ch32h417/EVT/EXAM/SRC/Peripheral/src\ch32h417_crc.c **** }
  76              		.loc 1 62 1
  77 0010 8280     		ret
  78              	.LVL6:
  79              	.L5:
  58:c:/Users/User/Documents/GitHub/ch32h417/EVT/EXAM/SRC/Peripheral/src\ch32h417_crc.c ****     }
  80              		.loc 1 58 9 is_stmt 1 discriminator 3
  58:c:/Users/User/Documents/GitHub/ch32h417/EVT/EXAM/SRC/Peripheral/src\ch32h417_crc.c ****     }
  81              		.loc 1 58 29 is_stmt 0 discriminator 3
  82 0012 B3C6A720 		sh2add	a3,a5,a0
  83 0016 9442     		lw	a3,0(a3)
  56:c:/Users/User/Documents/GitHub/ch32h417/EVT/EXAM/SRC/Peripheral/src\ch32h417_crc.c ****     {
  84              		.loc 1 56 47 discriminator 3
  85 0018 8507     		addi	a5,a5,1
  86              	.LVL7:
  58:c:/Users/User/Documents/GitHub/ch32h417/EVT/EXAM/SRC/Peripheral/src\ch32h417_crc.c ****     }
  87              		.loc 1 58 20 discriminator 3
  88 001a 14C3     		sw	a3,0(a4)
  56:c:/Users/User/Documents/GitHub/ch32h417/EVT/EXAM/SRC/Peripheral/src\ch32h417_crc.c ****     {
  89              		.loc 1 56 47 is_stmt 1 discriminator 3
  90              	.LVL8:
  91 001c EDB7     		j	.L4
  92              		.cfi_endproc
  93              	.LFE42:
  95              		.section	.text.CRC_GetCRC,"ax",@progbits
  96              		.align	1
  97              		.globl	CRC_GetCRC
  99              	CRC_GetCRC:
 100              	.LFB43:
  63:c:/Users/User/Documents/GitHub/ch32h417/EVT/EXAM/SRC/Peripheral/src\ch32h417_crc.c **** 
  64:c:/Users/User/Documents/GitHub/ch32h417/EVT/EXAM/SRC/Peripheral/src\ch32h417_crc.c **** /*********************************************************************
  65:c:/Users/User/Documents/GitHub/ch32h417/EVT/EXAM/SRC/Peripheral/src\ch32h417_crc.c ****  * @fn      CRC_GetCRC
  66:c:/Users/User/Documents/GitHub/ch32h417/EVT/EXAM/SRC/Peripheral/src\ch32h417_crc.c ****  *
  67:c:/Users/User/Documents/GitHub/ch32h417/EVT/EXAM/SRC/Peripheral/src\ch32h417_crc.c ****  * @brief   Returns the current CRC value.
  68:c:/Users/User/Documents/GitHub/ch32h417/EVT/EXAM/SRC/Peripheral/src\ch32h417_crc.c ****  *
  69:c:/Users/User/Documents/GitHub/ch32h417/EVT/EXAM/SRC/Peripheral/src\ch32h417_crc.c ****  * @return  32-bit CRC.
  70:c:/Users/User/Documents/GitHub/ch32h417/EVT/EXAM/SRC/Peripheral/src\ch32h417_crc.c ****  */
  71:c:/Users/User/Documents/GitHub/ch32h417/EVT/EXAM/SRC/Peripheral/src\ch32h417_crc.c **** uint32_t CRC_GetCRC(void)
  72:c:/Users/User/Documents/GitHub/ch32h417/EVT/EXAM/SRC/Peripheral/src\ch32h417_crc.c **** {
 101              		.loc 1 72 1
 102              		.cfi_startproc
  73:c:/Users/User/Documents/GitHub/ch32h417/EVT/EXAM/SRC/Peripheral/src\ch32h417_crc.c ****     return (CRC->DATAR);
 103              		.loc 1 73 5
 104              		.loc 1 73 16 is_stmt 0
 105 0000 B7370240 		li	a5,1073885184
 106 0004 8843     		lw	a0,0(a5)
  74:c:/Users/User/Documents/GitHub/ch32h417/EVT/EXAM/SRC/Peripheral/src\ch32h417_crc.c **** }
 107              		.loc 1 74 1
 108 0006 8280     		ret
 109              		.cfi_endproc
 110              	.LFE43:
 112              		.section	.text.CRC_SetIDRegister,"ax",@progbits
 113              		.align	1
 114              		.globl	CRC_SetIDRegister
 116              	CRC_SetIDRegister:
 117              	.LFB44:
  75:c:/Users/User/Documents/GitHub/ch32h417/EVT/EXAM/SRC/Peripheral/src\ch32h417_crc.c **** 
  76:c:/Users/User/Documents/GitHub/ch32h417/EVT/EXAM/SRC/Peripheral/src\ch32h417_crc.c **** /*********************************************************************
  77:c:/Users/User/Documents/GitHub/ch32h417/EVT/EXAM/SRC/Peripheral/src\ch32h417_crc.c ****  * @fn      CRC_SetIDRegister
  78:c:/Users/User/Documents/GitHub/ch32h417/EVT/EXAM/SRC/Peripheral/src\ch32h417_crc.c ****  *
  79:c:/Users/User/Documents/GitHub/ch32h417/EVT/EXAM/SRC/Peripheral/src\ch32h417_crc.c ****  * @brief   Stores a 8-bit data in the Independent Data(ID) register.
  80:c:/Users/User/Documents/GitHub/ch32h417/EVT/EXAM/SRC/Peripheral/src\ch32h417_crc.c ****  *
  81:c:/Users/User/Documents/GitHub/ch32h417/EVT/EXAM/SRC/Peripheral/src\ch32h417_crc.c ****  * @param   IDValue - 8-bit value to be stored in the ID register.
  82:c:/Users/User/Documents/GitHub/ch32h417/EVT/EXAM/SRC/Peripheral/src\ch32h417_crc.c ****  *
  83:c:/Users/User/Documents/GitHub/ch32h417/EVT/EXAM/SRC/Peripheral/src\ch32h417_crc.c ****  * @return  none
  84:c:/Users/User/Documents/GitHub/ch32h417/EVT/EXAM/SRC/Peripheral/src\ch32h417_crc.c ****  */
  85:c:/Users/User/Documents/GitHub/ch32h417/EVT/EXAM/SRC/Peripheral/src\ch32h417_crc.c **** void CRC_SetIDRegister(uint8_t IDValue)
  86:c:/Users/User/Documents/GitHub/ch32h417/EVT/EXAM/SRC/Peripheral/src\ch32h417_crc.c **** {
 118              		.loc 1 86 1 is_stmt 1
 119              		.cfi_startproc
 120              	.LVL9:
  87:c:/Users/User/Documents/GitHub/ch32h417/EVT/EXAM/SRC/Peripheral/src\ch32h417_crc.c ****     CRC->IDATAR = IDValue;
 121              		.loc 1 87 5
 122              		.loc 1 87 17 is_stmt 0
 123 0000 B7370240 		li	a5,1073885184
 124 0004 C8A3     		sb	a0,4(a5)
  88:c:/Users/User/Documents/GitHub/ch32h417/EVT/EXAM/SRC/Peripheral/src\ch32h417_crc.c **** }
 125              		.loc 1 88 1
 126 0006 8280     		ret
 127              		.cfi_endproc
 128              	.LFE44:
 130              		.section	.text.CRC_GetIDRegister,"ax",@progbits
 131              		.align	1
 132              		.globl	CRC_GetIDRegister
 134              	CRC_GetIDRegister:
 135              	.LFB45:
  89:c:/Users/User/Documents/GitHub/ch32h417/EVT/EXAM/SRC/Peripheral/src\ch32h417_crc.c **** 
  90:c:/Users/User/Documents/GitHub/ch32h417/EVT/EXAM/SRC/Peripheral/src\ch32h417_crc.c **** /*********************************************************************
  91:c:/Users/User/Documents/GitHub/ch32h417/EVT/EXAM/SRC/Peripheral/src\ch32h417_crc.c ****  * @fn      CRC_GetIDRegister
  92:c:/Users/User/Documents/GitHub/ch32h417/EVT/EXAM/SRC/Peripheral/src\ch32h417_crc.c ****  *
  93:c:/Users/User/Documents/GitHub/ch32h417/EVT/EXAM/SRC/Peripheral/src\ch32h417_crc.c ****  * @brief   Returns the 8-bit data stored in the Independent Data(ID) register.
  94:c:/Users/User/Documents/GitHub/ch32h417/EVT/EXAM/SRC/Peripheral/src\ch32h417_crc.c ****  *
  95:c:/Users/User/Documents/GitHub/ch32h417/EVT/EXAM/SRC/Peripheral/src\ch32h417_crc.c ****  * @return  8-bit value of the ID register.
  96:c:/Users/User/Documents/GitHub/ch32h417/EVT/EXAM/SRC/Peripheral/src\ch32h417_crc.c ****  */
  97:c:/Users/User/Documents/GitHub/ch32h417/EVT/EXAM/SRC/Peripheral/src\ch32h417_crc.c **** uint8_t CRC_GetIDRegister(void)
  98:c:/Users/User/Documents/GitHub/ch32h417/EVT/EXAM/SRC/Peripheral/src\ch32h417_crc.c **** {
 136              		.loc 1 98 1 is_stmt 1
 137              		.cfi_startproc
  99:c:/Users/User/Documents/GitHub/ch32h417/EVT/EXAM/SRC/Peripheral/src\ch32h417_crc.c ****     return (CRC->IDATAR);
 138              		.loc 1 99 5
 139              		.loc 1 99 16 is_stmt 0
 140 0000 B7370240 		li	a5,1073885184
 141 0004 C823     		lbu	a0,4(a5)
 100:c:/Users/User/Documents/GitHub/ch32h417/EVT/EXAM/SRC/Peripheral/src\ch32h417_crc.c **** }
 142              		.loc 1 100 1
 143 0006 8280     		ret
 144              		.cfi_endproc
 145              	.LFE45:
 147              		.text
 148              	.Letext0:
 149              		.file 2 "d:\\mounriver\\mounriver_studio2\\resources\\app\\resources\\win32\\components\\wch\\tool
 150              		.file 3 "d:\\mounriver\\mounriver_studio2\\resources\\app\\resources\\win32\\components\\wch\\tool
 151              		.file 4 "c:/Users/User/Documents/GitHub/ch32h417/EVT/EXAM/SRC/Peripheral/inc/ch32h417.h"
DEFINED SYMBOLS
                            *ABS*:0000000000000000 ch32h417_crc.c
C:\Users\User\AppData\Local\Temp\cc6KSbbp.s:14     .text.CRC_ResetDR:0000000000000000 CRC_ResetDR
C:\Users\User\AppData\Local\Temp\cc6KSbbp.s:18     .text.CRC_ResetDR:0000000000000000 .L0 
C:\Users\User\AppData\Local\Temp\cc6KSbbp.s:19     .text.CRC_ResetDR:0000000000000000 .L0 
C:\Users\User\AppData\Local\Temp\cc6KSbbp.s:20     .text.CRC_ResetDR:0000000000000000 .L0 
C:\Users\User\AppData\Local\Temp\cc6KSbbp.s:21     .text.CRC_ResetDR:0000000000000000 $x
C:\Users\User\AppData\Local\Temp\cc6KSbbp.s:21     .text.CRC_ResetDR:0000000000000000 .L0 
C:\Users\User\AppData\Local\Temp\cc6KSbbp.s:25     .text.CRC_ResetDR:0000000000000008 .L0 
C:\Users\User\AppData\Local\Temp\cc6KSbbp.s:26     .text.CRC_ResetDR:000000000000000a .L0 
C:\Users\User\AppData\Local\Temp\cc6KSbbp.s:33     .text.CRC_CalcCRC:0000000000000000 CRC_CalcCRC
C:\Users\User\AppData\Local\Temp\cc6KSbbp.s:36     .text.CRC_CalcCRC:0000000000000000 .L0 
C:\Users\User\AppData\Local\Temp\cc6KSbbp.s:38     .text.CRC_CalcCRC:0000000000000000 .L0 
C:\Users\User\AppData\Local\Temp\cc6KSbbp.s:39     .text.CRC_CalcCRC:0000000000000000 .L0 
C:\Users\User\AppData\Local\Temp\cc6KSbbp.s:40     .text.CRC_CalcCRC:0000000000000000 $x
C:\Users\User\AppData\Local\Temp\cc6KSbbp.s:40     .text.CRC_CalcCRC:0000000000000000 .L0 
C:\Users\User\AppData\Local\Temp\cc6KSbbp.s:43     .text.CRC_CalcCRC:0000000000000006 .L0 
C:\Users\User\AppData\Local\Temp\cc6KSbbp.s:44     .text.CRC_CalcCRC:0000000000000006 .L0 
C:\Users\User\AppData\Local\Temp\cc6KSbbp.s:47     .text.CRC_CalcCRC:0000000000000008 .L0 
C:\Users\User\AppData\Local\Temp\cc6KSbbp.s:48     .text.CRC_CalcCRC:000000000000000a .L0 
C:\Users\User\AppData\Local\Temp\cc6KSbbp.s:55     .text.CRC_CalcBlockCRC:0000000000000000 CRC_CalcBlockCRC
C:\Users\User\AppData\Local\Temp\cc6KSbbp.s:58     .text.CRC_CalcBlockCRC:0000000000000000 .L0 
C:\Users\User\AppData\Local\Temp\cc6KSbbp.s:60     .text.CRC_CalcBlockCRC:0000000000000000 .L0 
C:\Users\User\AppData\Local\Temp\cc6KSbbp.s:61     .text.CRC_CalcBlockCRC:0000000000000000 .L0 
C:\Users\User\AppData\Local\Temp\cc6KSbbp.s:62     .text.CRC_CalcBlockCRC:0000000000000000 .L0 
C:\Users\User\AppData\Local\Temp\cc6KSbbp.s:63     .text.CRC_CalcBlockCRC:0000000000000000 $x
C:\Users\User\AppData\Local\Temp\cc6KSbbp.s:63     .text.CRC_CalcBlockCRC:0000000000000000 .L0 
C:\Users\User\AppData\Local\Temp\cc6KSbbp.s:65     .text.CRC_CalcBlockCRC:0000000000000002 .L0 
C:\Users\User\AppData\Local\Temp\cc6KSbbp.s:69     .text.CRC_CalcBlockCRC:0000000000000006 .L0 
C:\Users\User\AppData\Local\Temp\cc6KSbbp.s:71     .text.CRC_CalcBlockCRC:000000000000000a .L0 
C:\Users\User\AppData\Local\Temp\cc6KSbbp.s:72     .text.CRC_CalcBlockCRC:000000000000000a .L0 
C:\Users\User\AppData\Local\Temp\cc6KSbbp.s:77     .text.CRC_CalcBlockCRC:0000000000000010 .L0 
C:\Users\User\AppData\Local\Temp\cc6KSbbp.s:81     .text.CRC_CalcBlockCRC:0000000000000012 .L0 
C:\Users\User\AppData\Local\Temp\cc6KSbbp.s:82     .text.CRC_CalcBlockCRC:0000000000000012 .L0 
C:\Users\User\AppData\Local\Temp\cc6KSbbp.s:85     .text.CRC_CalcBlockCRC:0000000000000018 .L0 
C:\Users\User\AppData\Local\Temp\cc6KSbbp.s:88     .text.CRC_CalcBlockCRC:000000000000001a .L0 
C:\Users\User\AppData\Local\Temp\cc6KSbbp.s:91     .text.CRC_CalcBlockCRC:000000000000001c .L0 
C:\Users\User\AppData\Local\Temp\cc6KSbbp.s:92     .text.CRC_CalcBlockCRC:000000000000001e .L0 
C:\Users\User\AppData\Local\Temp\cc6KSbbp.s:99     .text.CRC_GetCRC:0000000000000000 CRC_GetCRC
C:\Users\User\AppData\Local\Temp\cc6KSbbp.s:102    .text.CRC_GetCRC:0000000000000000 .L0 
C:\Users\User\AppData\Local\Temp\cc6KSbbp.s:103    .text.CRC_GetCRC:0000000000000000 .L0 
C:\Users\User\AppData\Local\Temp\cc6KSbbp.s:104    .text.CRC_GetCRC:0000000000000000 .L0 
C:\Users\User\AppData\Local\Temp\cc6KSbbp.s:105    .text.CRC_GetCRC:0000000000000000 $x
C:\Users\User\AppData\Local\Temp\cc6KSbbp.s:105    .text.CRC_GetCRC:0000000000000000 .L0 
C:\Users\User\AppData\Local\Temp\cc6KSbbp.s:108    .text.CRC_GetCRC:0000000000000006 .L0 
C:\Users\User\AppData\Local\Temp\cc6KSbbp.s:109    .text.CRC_GetCRC:0000000000000008 .L0 
C:\Users\User\AppData\Local\Temp\cc6KSbbp.s:116    .text.CRC_SetIDRegister:0000000000000000 CRC_SetIDRegister
C:\Users\User\AppData\Local\Temp\cc6KSbbp.s:119    .text.CRC_SetIDRegister:0000000000000000 .L0 
C:\Users\User\AppData\Local\Temp\cc6KSbbp.s:121    .text.CRC_SetIDRegister:0000000000000000 .L0 
C:\Users\User\AppData\Local\Temp\cc6KSbbp.s:122    .text.CRC_SetIDRegister:0000000000000000 .L0 
C:\Users\User\AppData\Local\Temp\cc6KSbbp.s:123    .text.CRC_SetIDRegister:0000000000000000 $x
C:\Users\User\AppData\Local\Temp\cc6KSbbp.s:123    .text.CRC_SetIDRegister:0000000000000000 .L0 
C:\Users\User\AppData\Local\Temp\cc6KSbbp.s:126    .text.CRC_SetIDRegister:0000000000000006 .L0 
C:\Users\User\AppData\Local\Temp\cc6KSbbp.s:127    .text.CRC_SetIDRegister:0000000000000008 .L0 
C:\Users\User\AppData\Local\Temp\cc6KSbbp.s:134    .text.CRC_GetIDRegister:0000000000000000 CRC_GetIDRegister
C:\Users\User\AppData\Local\Temp\cc6KSbbp.s:137    .text.CRC_GetIDRegister:0000000000000000 .L0 
C:\Users\User\AppData\Local\Temp\cc6KSbbp.s:138    .text.CRC_GetIDRegister:0000000000000000 .L0 
C:\Users\User\AppData\Local\Temp\cc6KSbbp.s:139    .text.CRC_GetIDRegister:0000000000000000 .L0 
C:\Users\User\AppData\Local\Temp\cc6KSbbp.s:140    .text.CRC_GetIDRegister:0000000000000000 $x
C:\Users\User\AppData\Local\Temp\cc6KSbbp.s:140    .text.CRC_GetIDRegister:0000000000000000 .L0 
C:\Users\User\AppData\Local\Temp\cc6KSbbp.s:143    .text.CRC_GetIDRegister:0000000000000006 .L0 
C:\Users\User\AppData\Local\Temp\cc6KSbbp.s:144    .text.CRC_GetIDRegister:0000000000000008 .L0 
C:\Users\User\AppData\Local\Temp\cc6KSbbp.s:875    .debug_line_str:00000000000000a5 .L0 
C:\Users\User\AppData\Local\Temp\cc6KSbbp.s:875    .debug_line_str:00000000000000f7 .L0 
C:\Users\User\AppData\Local\Temp\cc6KSbbp.s:875    .debug_line_str:000000000000013b .L0 
C:\Users\User\AppData\Local\Temp\cc6KSbbp.s:875    .debug_line_str:00000000000001c5 .L0 
C:\Users\User\AppData\Local\Temp\cc6KSbbp.s:875    .debug_line_str:000000000000024b .L0 
C:\Users\User\AppData\Local\Temp\cc6KSbbp.s:875    .debug_line_str:000000000000028f .L0 
C:\Users\User\AppData\Local\Temp\cc6KSbbp.s:875    .debug_line_str:000000000000029e .L0 
C:\Users\User\AppData\Local\Temp\cc6KSbbp.s:875    .debug_line_str:00000000000002ad .L0 
C:\Users\User\AppData\Local\Temp\cc6KSbbp.s:875    .debug_line_str:00000000000002be .L0 
C:\Users\User\AppData\Local\Temp\cc6KSbbp.s:875    .debug_line_str:00000000000002c8 .L0 
C:\Users\User\AppData\Local\Temp\cc6KSbbp.s:29     .text.CRC_ResetDR:000000000000000a .L0 
C:\Users\User\AppData\Local\Temp\cc6KSbbp.s:51     .text.CRC_CalcCRC:000000000000000a .L0 
C:\Users\User\AppData\Local\Temp\cc6KSbbp.s:95     .text.CRC_CalcBlockCRC:000000000000001e .L0 
C:\Users\User\AppData\Local\Temp\cc6KSbbp.s:112    .text.CRC_GetCRC:0000000000000008 .L0 
C:\Users\User\AppData\Local\Temp\cc6KSbbp.s:130    .text.CRC_SetIDRegister:0000000000000008 .L0 
C:\Users\User\AppData\Local\Temp\cc6KSbbp.s:147    .text.CRC_GetIDRegister:0000000000000008 .L0 
                     .debug_frame:0000000000000000 .L0 
C:\Users\User\AppData\Local\Temp\cc6KSbbp.s:79     .text.CRC_CalcBlockCRC:0000000000000012 .L5
C:\Users\User\AppData\Local\Temp\cc6KSbbp.s:67     .text.CRC_CalcBlockCRC:0000000000000006 .L4
C:\Users\User\AppData\Local\Temp\cc6KSbbp.s:390    .debug_abbrev:0000000000000000 .Ldebug_abbrev0
C:\Users\User\AppData\Local\Temp\cc6KSbbp.s:860    .debug_str:0000000000000145 .LASF32
C:\Users\User\AppData\Local\Temp\cc6KSbbp.s:873    .debug_line_str:0000000000000052 .LASF0
C:\Users\User\AppData\Local\Temp\cc6KSbbp.s:871    .debug_line_str:0000000000000000 .LASF1
C:\Users\User\AppData\Local\Temp\cc6KSbbp.s:778    .debug_rnglists:000000000000000c .LLRL3
C:\Users\User\AppData\Local\Temp\cc6KSbbp.s:800    .debug_line:0000000000000000 .Ldebug_line0
C:\Users\User\AppData\Local\Temp\cc6KSbbp.s:834    .debug_str:00000000000000c2 .LASF2
C:\Users\User\AppData\Local\Temp\cc6KSbbp.s:866    .debug_str:000000000000023c .LASF3
C:\Users\User\AppData\Local\Temp\cc6KSbbp.s:802    .debug_str:0000000000000000 .LASF6
C:\Users\User\AppData\Local\Temp\cc6KSbbp.s:812    .debug_str:0000000000000041 .LASF4
C:\Users\User\AppData\Local\Temp\cc6KSbbp.s:854    .debug_str:0000000000000125 .LASF5
C:\Users\User\AppData\Local\Temp\cc6KSbbp.s:824    .debug_str:0000000000000091 .LASF7
C:\Users\User\AppData\Local\Temp\cc6KSbbp.s:818    .debug_str:0000000000000067 .LASF8
C:\Users\User\AppData\Local\Temp\cc6KSbbp.s:864    .debug_str:0000000000000233 .LASF9
C:\Users\User\AppData\Local\Temp\cc6KSbbp.s:828    .debug_str:00000000000000a1 .LASF10
C:\Users\User\AppData\Local\Temp\cc6KSbbp.s:816    .debug_str:0000000000000055 .LASF11
C:\Users\User\AppData\Local\Temp\cc6KSbbp.s:848    .debug_str:00000000000000ff .LASF12
C:\Users\User\AppData\Local\Temp\cc6KSbbp.s:810    .debug_str:000000000000002a .LASF13
C:\Users\User\AppData\Local\Temp\cc6KSbbp.s:838    .debug_str:00000000000000d4 .LASF14
C:\Users\User\AppData\Local\Temp\cc6KSbbp.s:858    .debug_str:000000000000013c .LASF15
C:\Users\User\AppData\Local\Temp\cc6KSbbp.s:862    .debug_str:000000000000022a .LASF16
C:\Users\User\AppData\Local\Temp\cc6KSbbp.s:814    .debug_str:000000000000004f .LASF17
C:\Users\User\AppData\Local\Temp\cc6KSbbp.s:844    .debug_str:00000000000000f0 .LASF18
C:\Users\User\AppData\Local\Temp\cc6KSbbp.s:804    .debug_str:000000000000000a .LASF19
C:\Users\User\AppData\Local\Temp\cc6KSbbp.s:806    .debug_str:0000000000000014 .LASF20
C:\Users\User\AppData\Local\Temp\cc6KSbbp.s:832    .debug_str:00000000000000bd .LASF21
C:\Users\User\AppData\Local\Temp\cc6KSbbp.s:822    .debug_str:0000000000000085 .LASF22
C:\Users\User\AppData\Local\Temp\cc6KSbbp.s:836    .debug_str:00000000000000cf .LASF23
C:\Users\User\AppData\Local\Temp\cc6KSbbp.s:852    .debug_str:0000000000000113 .LASF24
C:\Users\User\AppData\Local\Temp\cc6KSbbp.s:135    .text.CRC_GetIDRegister:0000000000000000 .LFB45
C:\Users\User\AppData\Local\Temp\cc6KSbbp.s:145    .text.CRC_GetIDRegister:0000000000000008 .LFE45
C:\Users\User\AppData\Local\Temp\cc6KSbbp.s:868    .debug_str:0000000000000248 .LASF33
C:\Users\User\AppData\Local\Temp\cc6KSbbp.s:117    .text.CRC_SetIDRegister:0000000000000000 .LFB44
C:\Users\User\AppData\Local\Temp\cc6KSbbp.s:128    .text.CRC_SetIDRegister:0000000000000008 .LFE44
C:\Users\User\AppData\Local\Temp\cc6KSbbp.s:846    .debug_str:00000000000000f7 .LASF26
C:\Users\User\AppData\Local\Temp\cc6KSbbp.s:820    .debug_str:000000000000007a .LASF25
C:\Users\User\AppData\Local\Temp\cc6KSbbp.s:100    .text.CRC_GetCRC:0000000000000000 .LFB43
C:\Users\User\AppData\Local\Temp\cc6KSbbp.s:110    .text.CRC_GetCRC:0000000000000008 .LFE43
C:\Users\User\AppData\Local\Temp\cc6KSbbp.s:830    .debug_str:00000000000000ac .LASF29
C:\Users\User\AppData\Local\Temp\cc6KSbbp.s:56     .text.CRC_CalcBlockCRC:0000000000000000 .LFB42
C:\Users\User\AppData\Local\Temp\cc6KSbbp.s:93     .text.CRC_CalcBlockCRC:000000000000001e .LFE42
C:\Users\User\AppData\Local\Temp\cc6KSbbp.s:840    .debug_str:00000000000000dc .LASF27
C:\Users\User\AppData\Local\Temp\cc6KSbbp.s:684    .debug_loclists:000000000000000c .LLST1
C:\Users\User\AppData\Local\Temp\cc6KSbbp.s:856    .debug_str:000000000000012f .LASF28
C:\Users\User\AppData\Local\Temp\cc6KSbbp.s:850    .debug_str:000000000000010d .LASF34
C:\Users\User\AppData\Local\Temp\cc6KSbbp.s:704    .debug_loclists:0000000000000031 .LLST2
C:\Users\User\AppData\Local\Temp\cc6KSbbp.s:808    .debug_str:000000000000001e .LASF30
C:\Users\User\AppData\Local\Temp\cc6KSbbp.s:34     .text.CRC_CalcCRC:0000000000000000 .LFB41
C:\Users\User\AppData\Local\Temp\cc6KSbbp.s:49     .text.CRC_CalcCRC:000000000000000a .LFE41
C:\Users\User\AppData\Local\Temp\cc6KSbbp.s:826    .debug_str:000000000000009c .LASF31
C:\Users\User\AppData\Local\Temp\cc6KSbbp.s:734    .debug_loclists:000000000000006c .LLST0
C:\Users\User\AppData\Local\Temp\cc6KSbbp.s:842    .debug_str:00000000000000e4 .LASF35
C:\Users\User\AppData\Local\Temp\cc6KSbbp.s:15     .text.CRC_ResetDR:0000000000000000 .LFB40
C:\Users\User\AppData\Local\Temp\cc6KSbbp.s:27     .text.CRC_ResetDR:000000000000000a .LFE40
C:\Users\User\AppData\Local\Temp\cc6KSbbp.s:59     .text.CRC_CalcBlockCRC:0000000000000000 .LVL2
C:\Users\User\AppData\Local\Temp\cc6KSbbp.s:75     .text.CRC_CalcBlockCRC:0000000000000010 .LVL5
C:\Users\User\AppData\Local\Temp\cc6KSbbp.s:78     .text.CRC_CalcBlockCRC:0000000000000012 .LVL6
C:\Users\User\AppData\Local\Temp\cc6KSbbp.s:66     .text.CRC_CalcBlockCRC:0000000000000006 .LVL3
C:\Users\User\AppData\Local\Temp\cc6KSbbp.s:73     .text.CRC_CalcBlockCRC:000000000000000e .LVL4
C:\Users\User\AppData\Local\Temp\cc6KSbbp.s:86     .text.CRC_CalcBlockCRC:000000000000001a .LVL7
C:\Users\User\AppData\Local\Temp\cc6KSbbp.s:90     .text.CRC_CalcBlockCRC:000000000000001c .LVL8
C:\Users\User\AppData\Local\Temp\cc6KSbbp.s:37     .text.CRC_CalcCRC:0000000000000000 .LVL0
C:\Users\User\AppData\Local\Temp\cc6KSbbp.s:45     .text.CRC_CalcCRC:0000000000000008 .LVL1
C:\Users\User\AppData\Local\Temp\cc6KSbbp.s:153    .debug_info:0000000000000000 .Ldebug_info0

NO UNDEFINED SYMBOLS
