   1              		.file	"ch32h417_dac.c"
   2              		.option nopic
   3              		.attribute arch, "rv32i2p0_m2p0_a2p0_c2p0_zba1p0_zbb1p0_zbc1p0_zbs1p0_xw"
   4              		.attribute unaligned_access, 0
   5              		.attribute stack_align, 16
   6              		.text
   7              	.Ltext0:
   8              		.cfi_sections	.debug_frame
   9              		.file 0 "c:\\Users\\User\\Documents\\GitHub\\ch32h417\\EVT\\EXAM\\USBFS\\DEVICE\\SimulateCDC\\V3F\
  10              		.section	.text.DAC_DeInit,"ax",@progbits
  11              		.align	1
  12              		.globl	DAC_DeInit
  14              	DAC_DeInit:
  15              	.LFB40:
  16              		.file 1 "c:/Users/User/Documents/GitHub/ch32h417/EVT/EXAM/SRC/Peripheral/src/ch32h417_dac.c"
   1:c:/Users/User/Documents/GitHub/ch32h417/EVT/EXAM/SRC/Peripheral/src\ch32h417_dac.c **** /********************************** (C) COPYRIGHT  *******************************
   2:c:/Users/User/Documents/GitHub/ch32h417/EVT/EXAM/SRC/Peripheral/src\ch32h417_dac.c **** * File Name          : ch32h417_dac.c
   3:c:/Users/User/Documents/GitHub/ch32h417/EVT/EXAM/SRC/Peripheral/src\ch32h417_dac.c **** * Author             : WCH
   4:c:/Users/User/Documents/GitHub/ch32h417/EVT/EXAM/SRC/Peripheral/src\ch32h417_dac.c **** * Version            : V1.0.0
   5:c:/Users/User/Documents/GitHub/ch32h417/EVT/EXAM/SRC/Peripheral/src\ch32h417_dac.c **** * Date               : 2025/03/01
   6:c:/Users/User/Documents/GitHub/ch32h417/EVT/EXAM/SRC/Peripheral/src\ch32h417_dac.c **** * Description        : This file provides all the DAC firmware functions.
   7:c:/Users/User/Documents/GitHub/ch32h417/EVT/EXAM/SRC/Peripheral/src\ch32h417_dac.c **** *********************************************************************************
   8:c:/Users/User/Documents/GitHub/ch32h417/EVT/EXAM/SRC/Peripheral/src\ch32h417_dac.c **** * Copyright (c) 2025 Nanjing Qinheng Microelectronics Co., Ltd.
   9:c:/Users/User/Documents/GitHub/ch32h417/EVT/EXAM/SRC/Peripheral/src\ch32h417_dac.c **** * Attention: This software (modified or not) and binary are used for 
  10:c:/Users/User/Documents/GitHub/ch32h417/EVT/EXAM/SRC/Peripheral/src\ch32h417_dac.c **** * microcontroller manufactured by Nanjing Qinheng Microelectronics.
  11:c:/Users/User/Documents/GitHub/ch32h417/EVT/EXAM/SRC/Peripheral/src\ch32h417_dac.c **** *******************************************************************************/
  12:c:/Users/User/Documents/GitHub/ch32h417/EVT/EXAM/SRC/Peripheral/src\ch32h417_dac.c **** #include "ch32h417_dac.h"
  13:c:/Users/User/Documents/GitHub/ch32h417/EVT/EXAM/SRC/Peripheral/src\ch32h417_dac.c **** #include "ch32h417_rcc.h"
  14:c:/Users/User/Documents/GitHub/ch32h417/EVT/EXAM/SRC/Peripheral/src\ch32h417_dac.c **** 
  15:c:/Users/User/Documents/GitHub/ch32h417/EVT/EXAM/SRC/Peripheral/src\ch32h417_dac.c **** /* CTLR register Mask */
  16:c:/Users/User/Documents/GitHub/ch32h417/EVT/EXAM/SRC/Peripheral/src\ch32h417_dac.c **** #define CTLR_CLEAR_MASK    ((uint32_t)0x00000FFE)
  17:c:/Users/User/Documents/GitHub/ch32h417/EVT/EXAM/SRC/Peripheral/src\ch32h417_dac.c **** 
  18:c:/Users/User/Documents/GitHub/ch32h417/EVT/EXAM/SRC/Peripheral/src\ch32h417_dac.c **** /* DAC Dual Channels SWTR masks */
  19:c:/Users/User/Documents/GitHub/ch32h417/EVT/EXAM/SRC/Peripheral/src\ch32h417_dac.c **** #define DUAL_SWTR_SET      ((uint32_t)0x00000003)
  20:c:/Users/User/Documents/GitHub/ch32h417/EVT/EXAM/SRC/Peripheral/src\ch32h417_dac.c **** #define DUAL_SWTR_RESET    ((uint32_t)0xFFFFFFFC)
  21:c:/Users/User/Documents/GitHub/ch32h417/EVT/EXAM/SRC/Peripheral/src\ch32h417_dac.c **** 
  22:c:/Users/User/Documents/GitHub/ch32h417/EVT/EXAM/SRC/Peripheral/src\ch32h417_dac.c **** /* DHR registers offsets */
  23:c:/Users/User/Documents/GitHub/ch32h417/EVT/EXAM/SRC/Peripheral/src\ch32h417_dac.c **** #define DHR12R1_OFFSET     ((uint32_t)0x00000008)
  24:c:/Users/User/Documents/GitHub/ch32h417/EVT/EXAM/SRC/Peripheral/src\ch32h417_dac.c **** #define DHR12R2_OFFSET     ((uint32_t)0x00000014)
  25:c:/Users/User/Documents/GitHub/ch32h417/EVT/EXAM/SRC/Peripheral/src\ch32h417_dac.c **** #define DHR12RD_OFFSET     ((uint32_t)0x00000020)
  26:c:/Users/User/Documents/GitHub/ch32h417/EVT/EXAM/SRC/Peripheral/src\ch32h417_dac.c **** 
  27:c:/Users/User/Documents/GitHub/ch32h417/EVT/EXAM/SRC/Peripheral/src\ch32h417_dac.c **** /* DOR register offset */
  28:c:/Users/User/Documents/GitHub/ch32h417/EVT/EXAM/SRC/Peripheral/src\ch32h417_dac.c **** #define DOR_OFFSET         ((uint32_t)0x0000002C)
  29:c:/Users/User/Documents/GitHub/ch32h417/EVT/EXAM/SRC/Peripheral/src\ch32h417_dac.c **** 
  30:c:/Users/User/Documents/GitHub/ch32h417/EVT/EXAM/SRC/Peripheral/src\ch32h417_dac.c **** /*********************************************************************
  31:c:/Users/User/Documents/GitHub/ch32h417/EVT/EXAM/SRC/Peripheral/src\ch32h417_dac.c ****  * @fn      DAC_DeInit
  32:c:/Users/User/Documents/GitHub/ch32h417/EVT/EXAM/SRC/Peripheral/src\ch32h417_dac.c ****  *
  33:c:/Users/User/Documents/GitHub/ch32h417/EVT/EXAM/SRC/Peripheral/src\ch32h417_dac.c ****  * @brief   Deinitializes the DAC peripheral registers to their default reset values.
  34:c:/Users/User/Documents/GitHub/ch32h417/EVT/EXAM/SRC/Peripheral/src\ch32h417_dac.c ****  *
  35:c:/Users/User/Documents/GitHub/ch32h417/EVT/EXAM/SRC/Peripheral/src\ch32h417_dac.c ****  * @return  none
  36:c:/Users/User/Documents/GitHub/ch32h417/EVT/EXAM/SRC/Peripheral/src\ch32h417_dac.c ****  */
  37:c:/Users/User/Documents/GitHub/ch32h417/EVT/EXAM/SRC/Peripheral/src\ch32h417_dac.c **** void DAC_DeInit(void)
  38:c:/Users/User/Documents/GitHub/ch32h417/EVT/EXAM/SRC/Peripheral/src\ch32h417_dac.c **** {
  17              		.loc 1 38 1
  18              		.cfi_startproc
  19 0000 17030000 		call	t0,__riscv_save_0
  19      E7020300 
  20              		.cfi_offset 1, -4
  21              		.cfi_def_cfa_offset 16
  39:c:/Users/User/Documents/GitHub/ch32h417/EVT/EXAM/SRC/Peripheral/src\ch32h417_dac.c ****     RCC_HB1PeriphResetCmd(RCC_HB1Periph_DAC, ENABLE);
  22              		.loc 1 39 5
  23 0008 8545     		li	a1,1
  24 000a 37050020 		li	a0,536870912
  25 000e 97000000 		call	RCC_HB1PeriphResetCmd
  25      E7800000 
  26              	.LVL0:
  40:c:/Users/User/Documents/GitHub/ch32h417/EVT/EXAM/SRC/Peripheral/src\ch32h417_dac.c ****     RCC_HB1PeriphResetCmd(RCC_HB1Periph_DAC, DISABLE);
  27              		.loc 1 40 5
  28 0016 8145     		li	a1,0
  29 0018 37050020 		li	a0,536870912
  30 001c 97000000 		call	RCC_HB1PeriphResetCmd
  30      E7800000 
  31              	.LVL1:
  41:c:/Users/User/Documents/GitHub/ch32h417/EVT/EXAM/SRC/Peripheral/src\ch32h417_dac.c **** }
  32              		.loc 1 41 1 is_stmt 0
  33 0024 17030000 		tail	__riscv_restore_0
  33      67000300 
  34              		.cfi_restore 1
  35              		.cfi_def_cfa_offset 0
  36              		.cfi_endproc
  37              	.LFE40:
  39              		.section	.text.DAC_Init,"ax",@progbits
  40              		.align	1
  41              		.globl	DAC_Init
  43              	DAC_Init:
  44              	.LFB41:
  42:c:/Users/User/Documents/GitHub/ch32h417/EVT/EXAM/SRC/Peripheral/src\ch32h417_dac.c **** 
  43:c:/Users/User/Documents/GitHub/ch32h417/EVT/EXAM/SRC/Peripheral/src\ch32h417_dac.c **** /*********************************************************************
  44:c:/Users/User/Documents/GitHub/ch32h417/EVT/EXAM/SRC/Peripheral/src\ch32h417_dac.c ****  * @fn      DAC_Init
  45:c:/Users/User/Documents/GitHub/ch32h417/EVT/EXAM/SRC/Peripheral/src\ch32h417_dac.c ****  *
  46:c:/Users/User/Documents/GitHub/ch32h417/EVT/EXAM/SRC/Peripheral/src\ch32h417_dac.c ****  * @brief   Initializes the DAC peripheral according to the specified parameters in
  47:c:/Users/User/Documents/GitHub/ch32h417/EVT/EXAM/SRC/Peripheral/src\ch32h417_dac.c ****  *        the DAC_InitStruct.
  48:c:/Users/User/Documents/GitHub/ch32h417/EVT/EXAM/SRC/Peripheral/src\ch32h417_dac.c ****  *
  49:c:/Users/User/Documents/GitHub/ch32h417/EVT/EXAM/SRC/Peripheral/src\ch32h417_dac.c ****  * @param   DAC_Channel - the selected DAC channel.
  50:c:/Users/User/Documents/GitHub/ch32h417/EVT/EXAM/SRC/Peripheral/src\ch32h417_dac.c ****  *            DAC_Channel_1 - DAC Channel1 selected
  51:c:/Users/User/Documents/GitHub/ch32h417/EVT/EXAM/SRC/Peripheral/src\ch32h417_dac.c ****  *            DAC_Channel_2 - DAC Channel2 selected
  52:c:/Users/User/Documents/GitHub/ch32h417/EVT/EXAM/SRC/Peripheral/src\ch32h417_dac.c ****  *          DAC_InitStruct - pointer to a DAC_InitTypeDef structure.
  53:c:/Users/User/Documents/GitHub/ch32h417/EVT/EXAM/SRC/Peripheral/src\ch32h417_dac.c ****  *
  54:c:/Users/User/Documents/GitHub/ch32h417/EVT/EXAM/SRC/Peripheral/src\ch32h417_dac.c ****  * @return  none
  55:c:/Users/User/Documents/GitHub/ch32h417/EVT/EXAM/SRC/Peripheral/src\ch32h417_dac.c ****  */
  56:c:/Users/User/Documents/GitHub/ch32h417/EVT/EXAM/SRC/Peripheral/src\ch32h417_dac.c **** void DAC_Init(uint32_t DAC_Channel, DAC_InitTypeDef *DAC_InitStruct)
  57:c:/Users/User/Documents/GitHub/ch32h417/EVT/EXAM/SRC/Peripheral/src\ch32h417_dac.c **** {
  45              		.loc 1 57 1 is_stmt 1
  46              		.cfi_startproc
  47              	.LVL2:
  58:c:/Users/User/Documents/GitHub/ch32h417/EVT/EXAM/SRC/Peripheral/src\ch32h417_dac.c ****     uint32_t tmpreg1 = 0, tmpreg2 = 0;
  48              		.loc 1 58 5
  59:c:/Users/User/Documents/GitHub/ch32h417/EVT/EXAM/SRC/Peripheral/src\ch32h417_dac.c **** 
  60:c:/Users/User/Documents/GitHub/ch32h417/EVT/EXAM/SRC/Peripheral/src\ch32h417_dac.c ****     tmpreg1 = DAC->CTLR;
  49              		.loc 1 60 5
  50              		.loc 1 60 13 is_stmt 0
  51 0000 B7760040 		li	a3,1073770496
  52 0004 93860640 		addi	a3,a3,1024
  53 0008 9C42     		lw	a5,0(a3)
  54              	.LVL3:
  61:c:/Users/User/Documents/GitHub/ch32h417/EVT/EXAM/SRC/Peripheral/src\ch32h417_dac.c ****     tmpreg1 &= ~(CTLR_CLEAR_MASK << DAC_Channel);
  55              		.loc 1 61 5 is_stmt 1
  56              		.loc 1 61 34 is_stmt 0
  57 000a 0567     		li	a4,4096
  58 000c 7917     		addi	a4,a4,-2
  59 000e 3317A700 		sll	a4,a4,a0
  62:c:/Users/User/Documents/GitHub/ch32h417/EVT/EXAM/SRC/Peripheral/src\ch32h417_dac.c ****     tmpreg2 = (DAC_InitStruct->DAC_Trigger | DAC_InitStruct->DAC_WaveGeneration |
  60              		.loc 1 62 44
  61 0012 D041     		lw	a2,4(a1)
  61:c:/Users/User/Documents/GitHub/ch32h417/EVT/EXAM/SRC/Peripheral/src\ch32h417_dac.c ****     tmpreg1 &= ~(CTLR_CLEAR_MASK << DAC_Channel);
  62              		.loc 1 61 13
  63 0014 33F7E740 		andn	a4,a5,a4
  64              	.LVL4:
  65              		.loc 1 62 5 is_stmt 1
  63:c:/Users/User/Documents/GitHub/ch32h417/EVT/EXAM/SRC/Peripheral/src\ch32h417_dac.c ****                DAC_InitStruct->DAC_LFSRUnmask_TriangleAmplitude | DAC_InitStruct->DAC_OutputBuffer)
  64:c:/Users/User/Documents/GitHub/ch32h417/EVT/EXAM/SRC/Peripheral/src\ch32h417_dac.c ****     tmpreg1 |= tmpreg2 << DAC_Channel;
  66              		.loc 1 64 5
  62:c:/Users/User/Documents/GitHub/ch32h417/EVT/EXAM/SRC/Peripheral/src\ch32h417_dac.c ****     tmpreg2 = (DAC_InitStruct->DAC_Trigger | DAC_InitStruct->DAC_WaveGeneration |
  67              		.loc 1 62 44 is_stmt 0
  68 0018 9C41     		lw	a5,0(a1)
  69 001a D18F     		or	a5,a5,a2
  62:c:/Users/User/Documents/GitHub/ch32h417/EVT/EXAM/SRC/Peripheral/src\ch32h417_dac.c ****     tmpreg2 = (DAC_InitStruct->DAC_Trigger | DAC_InitStruct->DAC_WaveGeneration |
  70              		.loc 1 62 81
  71 001c 9045     		lw	a2,8(a1)
  72 001e D18F     		or	a5,a5,a2
  62:c:/Users/User/Documents/GitHub/ch32h417/EVT/EXAM/SRC/Peripheral/src\ch32h417_dac.c ****     tmpreg2 = (DAC_InitStruct->DAC_Trigger | DAC_InitStruct->DAC_WaveGeneration |
  73              		.loc 1 62 13
  74 0020 D045     		lw	a2,12(a1)
  75 0022 D18F     		or	a5,a5,a2
  76              		.loc 1 64 24
  77 0024 3395A700 		sll	a0,a5,a0
  78              	.LVL5:
  79              		.loc 1 64 13
  80 0028 598D     		or	a0,a0,a4
  81              	.LVL6:
  65:c:/Users/User/Documents/GitHub/ch32h417/EVT/EXAM/SRC/Peripheral/src\ch32h417_dac.c ****     DAC->CTLR = tmpreg1;
  82              		.loc 1 65 5 is_stmt 1
  83              		.loc 1 65 15 is_stmt 0
  84 002a 88C2     		sw	a0,0(a3)
  85              	.LVL7:
  66:c:/Users/User/Documents/GitHub/ch32h417/EVT/EXAM/SRC/Peripheral/src\ch32h417_dac.c **** }
  86              		.loc 1 66 1
  87 002c 8280     		ret
  88              		.cfi_endproc
  89              	.LFE41:
  91              		.section	.text.DAC_StructInit,"ax",@progbits
  92              		.align	1
  93              		.globl	DAC_StructInit
  95              	DAC_StructInit:
  96              	.LFB42:
  67:c:/Users/User/Documents/GitHub/ch32h417/EVT/EXAM/SRC/Peripheral/src\ch32h417_dac.c **** 
  68:c:/Users/User/Documents/GitHub/ch32h417/EVT/EXAM/SRC/Peripheral/src\ch32h417_dac.c **** /*********************************************************************
  69:c:/Users/User/Documents/GitHub/ch32h417/EVT/EXAM/SRC/Peripheral/src\ch32h417_dac.c ****  * @fn      DAC_StructInit
  70:c:/Users/User/Documents/GitHub/ch32h417/EVT/EXAM/SRC/Peripheral/src\ch32h417_dac.c ****  *
  71:c:/Users/User/Documents/GitHub/ch32h417/EVT/EXAM/SRC/Peripheral/src\ch32h417_dac.c ****  * @brief   Fills each DAC_InitStruct member with its default value.
  72:c:/Users/User/Documents/GitHub/ch32h417/EVT/EXAM/SRC/Peripheral/src\ch32h417_dac.c ****  *
  73:c:/Users/User/Documents/GitHub/ch32h417/EVT/EXAM/SRC/Peripheral/src\ch32h417_dac.c ****  * @param   DAC_InitStruct - pointer to a DAC_InitTypeDef structure which will be initialized.
  74:c:/Users/User/Documents/GitHub/ch32h417/EVT/EXAM/SRC/Peripheral/src\ch32h417_dac.c ****  *
  75:c:/Users/User/Documents/GitHub/ch32h417/EVT/EXAM/SRC/Peripheral/src\ch32h417_dac.c ****  * @return  none
  76:c:/Users/User/Documents/GitHub/ch32h417/EVT/EXAM/SRC/Peripheral/src\ch32h417_dac.c ****  */
  77:c:/Users/User/Documents/GitHub/ch32h417/EVT/EXAM/SRC/Peripheral/src\ch32h417_dac.c **** void DAC_StructInit(DAC_InitTypeDef *DAC_InitStruct)
  78:c:/Users/User/Documents/GitHub/ch32h417/EVT/EXAM/SRC/Peripheral/src\ch32h417_dac.c **** {
  97              		.loc 1 78 1 is_stmt 1
  98              		.cfi_startproc
  99              	.LVL8:
  79:c:/Users/User/Documents/GitHub/ch32h417/EVT/EXAM/SRC/Peripheral/src\ch32h417_dac.c ****     DAC_InitStruct->DAC_Trigger = DAC_Trigger_None;
 100              		.loc 1 79 5
 101              		.loc 1 79 33 is_stmt 0
 102 0000 23200500 		sw	zero,0(a0)
  80:c:/Users/User/Documents/GitHub/ch32h417/EVT/EXAM/SRC/Peripheral/src\ch32h417_dac.c ****     DAC_InitStruct->DAC_WaveGeneration = DAC_WaveGeneration_None;
 103              		.loc 1 80 5 is_stmt 1
 104              		.loc 1 80 40 is_stmt 0
 105 0004 23220500 		sw	zero,4(a0)
  81:c:/Users/User/Documents/GitHub/ch32h417/EVT/EXAM/SRC/Peripheral/src\ch32h417_dac.c ****     DAC_InitStruct->DAC_LFSRUnmask_TriangleAmplitude = DAC_LFSRUnmask_Bit0;
 106              		.loc 1 81 5 is_stmt 1
 107              		.loc 1 81 54 is_stmt 0
 108 0008 23240500 		sw	zero,8(a0)
  82:c:/Users/User/Documents/GitHub/ch32h417/EVT/EXAM/SRC/Peripheral/src\ch32h417_dac.c ****     DAC_InitStruct->DAC_OutputBuffer = DAC_OutputBuffer_Enable;
 109              		.loc 1 82 5 is_stmt 1
 110              		.loc 1 82 38 is_stmt 0
 111 000c 23260500 		sw	zero,12(a0)
  83:c:/Users/User/Documents/GitHub/ch32h417/EVT/EXAM/SRC/Peripheral/src\ch32h417_dac.c **** }
 112              		.loc 1 83 1
 113 0010 8280     		ret
 114              		.cfi_endproc
 115              	.LFE42:
 117              		.section	.text.DAC_Cmd,"ax",@progbits
 118              		.align	1
 119              		.globl	DAC_Cmd
 121              	DAC_Cmd:
 122              	.LFB43:
  84:c:/Users/User/Documents/GitHub/ch32h417/EVT/EXAM/SRC/Peripheral/src\ch32h417_dac.c **** 
  85:c:/Users/User/Documents/GitHub/ch32h417/EVT/EXAM/SRC/Peripheral/src\ch32h417_dac.c **** /*********************************************************************
  86:c:/Users/User/Documents/GitHub/ch32h417/EVT/EXAM/SRC/Peripheral/src\ch32h417_dac.c ****  * @fn      DAC_Cmd
  87:c:/Users/User/Documents/GitHub/ch32h417/EVT/EXAM/SRC/Peripheral/src\ch32h417_dac.c ****  *
  88:c:/Users/User/Documents/GitHub/ch32h417/EVT/EXAM/SRC/Peripheral/src\ch32h417_dac.c ****  * @brief   Enables or disables the specified DAC channel.
  89:c:/Users/User/Documents/GitHub/ch32h417/EVT/EXAM/SRC/Peripheral/src\ch32h417_dac.c ****  *
  90:c:/Users/User/Documents/GitHub/ch32h417/EVT/EXAM/SRC/Peripheral/src\ch32h417_dac.c ****  * @param   DAC_Channel - the selected DAC channel.
  91:c:/Users/User/Documents/GitHub/ch32h417/EVT/EXAM/SRC/Peripheral/src\ch32h417_dac.c ****  *            DAC_Channel_1 - DAC Channel1 selected
  92:c:/Users/User/Documents/GitHub/ch32h417/EVT/EXAM/SRC/Peripheral/src\ch32h417_dac.c ****  *            DAC_Channel_2 - DAC Channel2 selected
  93:c:/Users/User/Documents/GitHub/ch32h417/EVT/EXAM/SRC/Peripheral/src\ch32h417_dac.c ****  *          NewState - new state of the DAC channel(ENABLE or DISABLE).
  94:c:/Users/User/Documents/GitHub/ch32h417/EVT/EXAM/SRC/Peripheral/src\ch32h417_dac.c ****  *
  95:c:/Users/User/Documents/GitHub/ch32h417/EVT/EXAM/SRC/Peripheral/src\ch32h417_dac.c ****  * @return  none
  96:c:/Users/User/Documents/GitHub/ch32h417/EVT/EXAM/SRC/Peripheral/src\ch32h417_dac.c ****  */
  97:c:/Users/User/Documents/GitHub/ch32h417/EVT/EXAM/SRC/Peripheral/src\ch32h417_dac.c **** void DAC_Cmd(uint32_t DAC_Channel, FunctionalState NewState)
  98:c:/Users/User/Documents/GitHub/ch32h417/EVT/EXAM/SRC/Peripheral/src\ch32h417_dac.c **** {
 123              		.loc 1 98 1 is_stmt 1
 124              		.cfi_startproc
 125              	.LVL9:
  99:c:/Users/User/Documents/GitHub/ch32h417/EVT/EXAM/SRC/Peripheral/src\ch32h417_dac.c ****     if(NewState != DISABLE)
 126              		.loc 1 99 5
 127 0000 B7770040 		li	a5,1073770496
 128 0004 93870740 		addi	a5,a5,1024
 100:c:/Users/User/Documents/GitHub/ch32h417/EVT/EXAM/SRC/Peripheral/src\ch32h417_dac.c ****     {
 101:c:/Users/User/Documents/GitHub/ch32h417/EVT/EXAM/SRC/Peripheral/src\ch32h417_dac.c ****         DAC->CTLR |= (DAC_EN1 << DAC_Channel);
 129              		.loc 1 101 12 is_stmt 0
 130 0008 9843     		lw	a4,0(a5)
 131              		.loc 1 101 31
 132 000a 3315A028 		bset	a0,x0,a0
 133              	.LVL10:
  99:c:/Users/User/Documents/GitHub/ch32h417/EVT/EXAM/SRC/Peripheral/src\ch32h417_dac.c ****     if(NewState != DISABLE)
 134              		.loc 1 99 7
 135 000e 81C5     		beq	a1,zero,.L6
 136              		.loc 1 101 9 is_stmt 1
 137              		.loc 1 101 19 is_stmt 0
 138 0010 498F     		or	a4,a4,a0
 139 0012 98C3     		sw	a4,0(a5)
 140 0014 8280     		ret
 141              	.L6:
 102:c:/Users/User/Documents/GitHub/ch32h417/EVT/EXAM/SRC/Peripheral/src\ch32h417_dac.c ****     }
 103:c:/Users/User/Documents/GitHub/ch32h417/EVT/EXAM/SRC/Peripheral/src\ch32h417_dac.c ****     else
 104:c:/Users/User/Documents/GitHub/ch32h417/EVT/EXAM/SRC/Peripheral/src\ch32h417_dac.c ****     {
 105:c:/Users/User/Documents/GitHub/ch32h417/EVT/EXAM/SRC/Peripheral/src\ch32h417_dac.c ****         DAC->CTLR &= ~(DAC_EN1 << DAC_Channel);
 142              		.loc 1 105 9 is_stmt 1
 143              		.loc 1 105 19 is_stmt 0
 144 0016 3375A740 		andn	a0,a4,a0
 145 001a 88C3     		sw	a0,0(a5)
 106:c:/Users/User/Documents/GitHub/ch32h417/EVT/EXAM/SRC/Peripheral/src\ch32h417_dac.c ****     }
 107:c:/Users/User/Documents/GitHub/ch32h417/EVT/EXAM/SRC/Peripheral/src\ch32h417_dac.c **** }
 146              		.loc 1 107 1
 147 001c 8280     		ret
 148              		.cfi_endproc
 149              	.LFE43:
 151              		.section	.text.DAC_DMACmd,"ax",@progbits
 152              		.align	1
 153              		.globl	DAC_DMACmd
 155              	DAC_DMACmd:
 156              	.LFB44:
 108:c:/Users/User/Documents/GitHub/ch32h417/EVT/EXAM/SRC/Peripheral/src\ch32h417_dac.c **** 
 109:c:/Users/User/Documents/GitHub/ch32h417/EVT/EXAM/SRC/Peripheral/src\ch32h417_dac.c **** /*********************************************************************
 110:c:/Users/User/Documents/GitHub/ch32h417/EVT/EXAM/SRC/Peripheral/src\ch32h417_dac.c ****  * @fn      DAC_DMACmd
 111:c:/Users/User/Documents/GitHub/ch32h417/EVT/EXAM/SRC/Peripheral/src\ch32h417_dac.c ****  *
 112:c:/Users/User/Documents/GitHub/ch32h417/EVT/EXAM/SRC/Peripheral/src\ch32h417_dac.c ****  * @brief   Enables or disables the specified DAC channel DMA request.
 113:c:/Users/User/Documents/GitHub/ch32h417/EVT/EXAM/SRC/Peripheral/src\ch32h417_dac.c ****  *
 114:c:/Users/User/Documents/GitHub/ch32h417/EVT/EXAM/SRC/Peripheral/src\ch32h417_dac.c ****  * @param   DAC_Channel - the selected DAC channel.
 115:c:/Users/User/Documents/GitHub/ch32h417/EVT/EXAM/SRC/Peripheral/src\ch32h417_dac.c ****  *            DAC_Channel_1 - DAC Channel1 selected
 116:c:/Users/User/Documents/GitHub/ch32h417/EVT/EXAM/SRC/Peripheral/src\ch32h417_dac.c ****  *            DAC_Channel_2 - DAC Channel2 selected
 117:c:/Users/User/Documents/GitHub/ch32h417/EVT/EXAM/SRC/Peripheral/src\ch32h417_dac.c ****  *          NewState - new state of the DAC channel(ENABLE or DISABLE).
 118:c:/Users/User/Documents/GitHub/ch32h417/EVT/EXAM/SRC/Peripheral/src\ch32h417_dac.c ****  *
 119:c:/Users/User/Documents/GitHub/ch32h417/EVT/EXAM/SRC/Peripheral/src\ch32h417_dac.c ****  * @return  none
 120:c:/Users/User/Documents/GitHub/ch32h417/EVT/EXAM/SRC/Peripheral/src\ch32h417_dac.c ****  */
 121:c:/Users/User/Documents/GitHub/ch32h417/EVT/EXAM/SRC/Peripheral/src\ch32h417_dac.c **** void DAC_DMACmd(uint32_t DAC_Channel, FunctionalState NewState)
 122:c:/Users/User/Documents/GitHub/ch32h417/EVT/EXAM/SRC/Peripheral/src\ch32h417_dac.c **** {
 157              		.loc 1 122 1 is_stmt 1
 158              		.cfi_startproc
 159              	.LVL11:
 123:c:/Users/User/Documents/GitHub/ch32h417/EVT/EXAM/SRC/Peripheral/src\ch32h417_dac.c ****     if(NewState != DISABLE)
 160              		.loc 1 123 5
 124:c:/Users/User/Documents/GitHub/ch32h417/EVT/EXAM/SRC/Peripheral/src\ch32h417_dac.c ****     {
 125:c:/Users/User/Documents/GitHub/ch32h417/EVT/EXAM/SRC/Peripheral/src\ch32h417_dac.c ****         DAC->CTLR |= (DAC_DMAEN1 << DAC_Channel);
 161              		.loc 1 125 34 is_stmt 0
 162 0000 8567     		li	a5,4096
 163 0002 3395A700 		sll	a0,a5,a0
 164              	.LVL12:
 165 0006 B7770040 		li	a5,1073770496
 166 000a 93870740 		addi	a5,a5,1024
 167              		.loc 1 125 12
 168 000e 9843     		lw	a4,0(a5)
 123:c:/Users/User/Documents/GitHub/ch32h417/EVT/EXAM/SRC/Peripheral/src\ch32h417_dac.c ****     if(NewState != DISABLE)
 169              		.loc 1 123 7
 170 0010 81C5     		beq	a1,zero,.L9
 171              		.loc 1 125 9 is_stmt 1
 172              		.loc 1 125 19 is_stmt 0
 173 0012 498F     		or	a4,a4,a0
 174 0014 98C3     		sw	a4,0(a5)
 175 0016 8280     		ret
 176              	.L9:
 126:c:/Users/User/Documents/GitHub/ch32h417/EVT/EXAM/SRC/Peripheral/src\ch32h417_dac.c ****     }
 127:c:/Users/User/Documents/GitHub/ch32h417/EVT/EXAM/SRC/Peripheral/src\ch32h417_dac.c ****     else
 128:c:/Users/User/Documents/GitHub/ch32h417/EVT/EXAM/SRC/Peripheral/src\ch32h417_dac.c ****     {
 129:c:/Users/User/Documents/GitHub/ch32h417/EVT/EXAM/SRC/Peripheral/src\ch32h417_dac.c ****         DAC->CTLR &= ~(DAC_DMAEN1 << DAC_Channel);
 177              		.loc 1 129 9 is_stmt 1
 178              		.loc 1 129 19 is_stmt 0
 179 0018 3375A740 		andn	a0,a4,a0
 180 001c 88C3     		sw	a0,0(a5)
 130:c:/Users/User/Documents/GitHub/ch32h417/EVT/EXAM/SRC/Peripheral/src\ch32h417_dac.c ****     }
 131:c:/Users/User/Documents/GitHub/ch32h417/EVT/EXAM/SRC/Peripheral/src\ch32h417_dac.c **** }
 181              		.loc 1 131 1
 182 001e 8280     		ret
 183              		.cfi_endproc
 184              	.LFE44:
 186              		.section	.text.DAC_SoftwareTriggerCmd,"ax",@progbits
 187              		.align	1
 188              		.globl	DAC_SoftwareTriggerCmd
 190              	DAC_SoftwareTriggerCmd:
 191              	.LFB45:
 132:c:/Users/User/Documents/GitHub/ch32h417/EVT/EXAM/SRC/Peripheral/src\ch32h417_dac.c **** 
 133:c:/Users/User/Documents/GitHub/ch32h417/EVT/EXAM/SRC/Peripheral/src\ch32h417_dac.c **** /*********************************************************************
 134:c:/Users/User/Documents/GitHub/ch32h417/EVT/EXAM/SRC/Peripheral/src\ch32h417_dac.c ****  * @fn      DAC_SoftwareTriggerCmd
 135:c:/Users/User/Documents/GitHub/ch32h417/EVT/EXAM/SRC/Peripheral/src\ch32h417_dac.c ****  *
 136:c:/Users/User/Documents/GitHub/ch32h417/EVT/EXAM/SRC/Peripheral/src\ch32h417_dac.c ****  * @brief   Enables or disables the selected DAC channel software trigger.
 137:c:/Users/User/Documents/GitHub/ch32h417/EVT/EXAM/SRC/Peripheral/src\ch32h417_dac.c ****  *
 138:c:/Users/User/Documents/GitHub/ch32h417/EVT/EXAM/SRC/Peripheral/src\ch32h417_dac.c ****  * @param   DAC_Channel - the selected DAC channel.
 139:c:/Users/User/Documents/GitHub/ch32h417/EVT/EXAM/SRC/Peripheral/src\ch32h417_dac.c ****  *            DAC_Channel_1 - DAC Channel1 selected
 140:c:/Users/User/Documents/GitHub/ch32h417/EVT/EXAM/SRC/Peripheral/src\ch32h417_dac.c ****  *            DAC_Channel_2 - DAC Channel2 selected
 141:c:/Users/User/Documents/GitHub/ch32h417/EVT/EXAM/SRC/Peripheral/src\ch32h417_dac.c ****  *          NewState - new state of the DAC channel(ENABLE or DISABLE).
 142:c:/Users/User/Documents/GitHub/ch32h417/EVT/EXAM/SRC/Peripheral/src\ch32h417_dac.c ****  *
 143:c:/Users/User/Documents/GitHub/ch32h417/EVT/EXAM/SRC/Peripheral/src\ch32h417_dac.c ****  * @return  none
 144:c:/Users/User/Documents/GitHub/ch32h417/EVT/EXAM/SRC/Peripheral/src\ch32h417_dac.c ****  */
 145:c:/Users/User/Documents/GitHub/ch32h417/EVT/EXAM/SRC/Peripheral/src\ch32h417_dac.c **** void DAC_SoftwareTriggerCmd(uint32_t DAC_Channel, FunctionalState NewState)
 146:c:/Users/User/Documents/GitHub/ch32h417/EVT/EXAM/SRC/Peripheral/src\ch32h417_dac.c **** {
 192              		.loc 1 146 1 is_stmt 1
 193              		.cfi_startproc
 194              	.LVL13:
 147:c:/Users/User/Documents/GitHub/ch32h417/EVT/EXAM/SRC/Peripheral/src\ch32h417_dac.c ****     if(NewState != DISABLE)
 195              		.loc 1 147 5
 196 0000 B7770040 		li	a5,1073770496
 197 0004 93870740 		addi	a5,a5,1024
 148:c:/Users/User/Documents/GitHub/ch32h417/EVT/EXAM/SRC/Peripheral/src\ch32h417_dac.c ****     {
 149:c:/Users/User/Documents/GitHub/ch32h417/EVT/EXAM/SRC/Peripheral/src\ch32h417_dac.c ****         DAC->SWTR |= (uint32_t)DAC_SWTRIG1 << (DAC_Channel >> 4);
 198              		.loc 1 149 12 is_stmt 0
 199 0008 D843     		lw	a4,4(a5)
 200              		.loc 1 149 60
 201 000a 1181     		srli	a0,a0,4
 202              	.LVL14:
 203              		.loc 1 149 44
 204 000c 3315A028 		bset	a0,x0,a0
 147:c:/Users/User/Documents/GitHub/ch32h417/EVT/EXAM/SRC/Peripheral/src\ch32h417_dac.c ****     if(NewState != DISABLE)
 205              		.loc 1 147 7
 206 0010 81C5     		beq	a1,zero,.L12
 207              		.loc 1 149 9 is_stmt 1
 208              		.loc 1 149 19 is_stmt 0
 209 0012 498F     		or	a4,a4,a0
 210 0014 D8C3     		sw	a4,4(a5)
 211 0016 8280     		ret
 212              	.L12:
 150:c:/Users/User/Documents/GitHub/ch32h417/EVT/EXAM/SRC/Peripheral/src\ch32h417_dac.c ****     }
 151:c:/Users/User/Documents/GitHub/ch32h417/EVT/EXAM/SRC/Peripheral/src\ch32h417_dac.c ****     else
 152:c:/Users/User/Documents/GitHub/ch32h417/EVT/EXAM/SRC/Peripheral/src\ch32h417_dac.c ****     {
 153:c:/Users/User/Documents/GitHub/ch32h417/EVT/EXAM/SRC/Peripheral/src\ch32h417_dac.c ****         DAC->SWTR &= ~((uint32_t)DAC_SWTRIG1 << (DAC_Channel >> 4));
 213              		.loc 1 153 9 is_stmt 1
 214              		.loc 1 153 19 is_stmt 0
 215 0018 3375A740 		andn	a0,a4,a0
 216 001c C8C3     		sw	a0,4(a5)
 154:c:/Users/User/Documents/GitHub/ch32h417/EVT/EXAM/SRC/Peripheral/src\ch32h417_dac.c ****     }
 155:c:/Users/User/Documents/GitHub/ch32h417/EVT/EXAM/SRC/Peripheral/src\ch32h417_dac.c **** }
 217              		.loc 1 155 1
 218 001e 8280     		ret
 219              		.cfi_endproc
 220              	.LFE45:
 222              		.section	.text.DAC_DualSoftwareTriggerCmd,"ax",@progbits
 223              		.align	1
 224              		.globl	DAC_DualSoftwareTriggerCmd
 226              	DAC_DualSoftwareTriggerCmd:
 227              	.LFB46:
 156:c:/Users/User/Documents/GitHub/ch32h417/EVT/EXAM/SRC/Peripheral/src\ch32h417_dac.c **** 
 157:c:/Users/User/Documents/GitHub/ch32h417/EVT/EXAM/SRC/Peripheral/src\ch32h417_dac.c **** /*********************************************************************
 158:c:/Users/User/Documents/GitHub/ch32h417/EVT/EXAM/SRC/Peripheral/src\ch32h417_dac.c ****  * @fn      DAC_DualSoftwareTriggerCmd
 159:c:/Users/User/Documents/GitHub/ch32h417/EVT/EXAM/SRC/Peripheral/src\ch32h417_dac.c ****  *
 160:c:/Users/User/Documents/GitHub/ch32h417/EVT/EXAM/SRC/Peripheral/src\ch32h417_dac.c ****  * @brief   Enables or disables the two DAC channel software trigger.
 161:c:/Users/User/Documents/GitHub/ch32h417/EVT/EXAM/SRC/Peripheral/src\ch32h417_dac.c ****  *
 162:c:/Users/User/Documents/GitHub/ch32h417/EVT/EXAM/SRC/Peripheral/src\ch32h417_dac.c ****  * @param   NewState - new state of the DAC channel(ENABLE or DISABLE).
 163:c:/Users/User/Documents/GitHub/ch32h417/EVT/EXAM/SRC/Peripheral/src\ch32h417_dac.c ****  *
 164:c:/Users/User/Documents/GitHub/ch32h417/EVT/EXAM/SRC/Peripheral/src\ch32h417_dac.c ****  * @return  none
 165:c:/Users/User/Documents/GitHub/ch32h417/EVT/EXAM/SRC/Peripheral/src\ch32h417_dac.c ****  */
 166:c:/Users/User/Documents/GitHub/ch32h417/EVT/EXAM/SRC/Peripheral/src\ch32h417_dac.c **** void DAC_DualSoftwareTriggerCmd(FunctionalState NewState)
 167:c:/Users/User/Documents/GitHub/ch32h417/EVT/EXAM/SRC/Peripheral/src\ch32h417_dac.c **** {
 228              		.loc 1 167 1 is_stmt 1
 229              		.cfi_startproc
 230              	.LVL15:
 168:c:/Users/User/Documents/GitHub/ch32h417/EVT/EXAM/SRC/Peripheral/src\ch32h417_dac.c ****     if(NewState != DISABLE)
 231              		.loc 1 168 5
 232 0000 B7770040 		li	a5,1073770496
 233 0004 93870740 		addi	a5,a5,1024
 169:c:/Users/User/Documents/GitHub/ch32h417/EVT/EXAM/SRC/Peripheral/src\ch32h417_dac.c ****     {
 170:c:/Users/User/Documents/GitHub/ch32h417/EVT/EXAM/SRC/Peripheral/src\ch32h417_dac.c ****         DAC->SWTR |= DUAL_SWTR_SET;
 234              		.loc 1 170 12 is_stmt 0
 235 0008 D843     		lw	a4,4(a5)
 168:c:/Users/User/Documents/GitHub/ch32h417/EVT/EXAM/SRC/Peripheral/src\ch32h417_dac.c ****     if(NewState != DISABLE)
 236              		.loc 1 168 7
 237 000a 09C5     		beq	a0,zero,.L15
 238              		.loc 1 170 9 is_stmt 1
 239              		.loc 1 170 19 is_stmt 0
 240 000c 13673700 		ori	a4,a4,3
 241              	.L17:
 171:c:/Users/User/Documents/GitHub/ch32h417/EVT/EXAM/SRC/Peripheral/src\ch32h417_dac.c ****     }
 172:c:/Users/User/Documents/GitHub/ch32h417/EVT/EXAM/SRC/Peripheral/src\ch32h417_dac.c ****     else
 173:c:/Users/User/Documents/GitHub/ch32h417/EVT/EXAM/SRC/Peripheral/src\ch32h417_dac.c ****     {
 174:c:/Users/User/Documents/GitHub/ch32h417/EVT/EXAM/SRC/Peripheral/src\ch32h417_dac.c ****         DAC->SWTR &= DUAL_SWTR_RESET;
 242              		.loc 1 174 19
 243 0010 D8C3     		sw	a4,4(a5)
 175:c:/Users/User/Documents/GitHub/ch32h417/EVT/EXAM/SRC/Peripheral/src\ch32h417_dac.c ****     }
 176:c:/Users/User/Documents/GitHub/ch32h417/EVT/EXAM/SRC/Peripheral/src\ch32h417_dac.c **** }
 244              		.loc 1 176 1
 245 0012 8280     		ret
 246              	.L15:
 174:c:/Users/User/Documents/GitHub/ch32h417/EVT/EXAM/SRC/Peripheral/src\ch32h417_dac.c ****     }
 247              		.loc 1 174 9 is_stmt 1
 174:c:/Users/User/Documents/GitHub/ch32h417/EVT/EXAM/SRC/Peripheral/src\ch32h417_dac.c ****     }
 248              		.loc 1 174 19 is_stmt 0
 249 0014 719B     		andi	a4,a4,-4
 250 0016 EDBF     		j	.L17
 251              		.cfi_endproc
 252              	.LFE46:
 254              		.section	.text.DAC_WaveGenerationCmd,"ax",@progbits
 255              		.align	1
 256              		.globl	DAC_WaveGenerationCmd
 258              	DAC_WaveGenerationCmd:
 259              	.LFB47:
 177:c:/Users/User/Documents/GitHub/ch32h417/EVT/EXAM/SRC/Peripheral/src\ch32h417_dac.c **** 
 178:c:/Users/User/Documents/GitHub/ch32h417/EVT/EXAM/SRC/Peripheral/src\ch32h417_dac.c **** /*********************************************************************
 179:c:/Users/User/Documents/GitHub/ch32h417/EVT/EXAM/SRC/Peripheral/src\ch32h417_dac.c ****  * @fn      DAC_WaveGenerationCmd
 180:c:/Users/User/Documents/GitHub/ch32h417/EVT/EXAM/SRC/Peripheral/src\ch32h417_dac.c ****  *
 181:c:/Users/User/Documents/GitHub/ch32h417/EVT/EXAM/SRC/Peripheral/src\ch32h417_dac.c ****  * @brief   Enables or disables the selected DAC channel wave generation.
 182:c:/Users/User/Documents/GitHub/ch32h417/EVT/EXAM/SRC/Peripheral/src\ch32h417_dac.c ****  *
 183:c:/Users/User/Documents/GitHub/ch32h417/EVT/EXAM/SRC/Peripheral/src\ch32h417_dac.c ****  * @param   DAC_Channel - the selected DAC channel.
 184:c:/Users/User/Documents/GitHub/ch32h417/EVT/EXAM/SRC/Peripheral/src\ch32h417_dac.c ****  *            DAC_Channel_1 - DAC Channel1 selected
 185:c:/Users/User/Documents/GitHub/ch32h417/EVT/EXAM/SRC/Peripheral/src\ch32h417_dac.c ****  *            DAC_Channel_2 - DAC Channel2 selected
 186:c:/Users/User/Documents/GitHub/ch32h417/EVT/EXAM/SRC/Peripheral/src\ch32h417_dac.c ****  *          DAC_Wave - Specifies the wave type to enable or disable.
 187:c:/Users/User/Documents/GitHub/ch32h417/EVT/EXAM/SRC/Peripheral/src\ch32h417_dac.c ****  *            DAC_Wave_Noise - noise wave generation
 188:c:/Users/User/Documents/GitHub/ch32h417/EVT/EXAM/SRC/Peripheral/src\ch32h417_dac.c ****  *            DAC_Wave_Triangle - triangle wave generation
 189:c:/Users/User/Documents/GitHub/ch32h417/EVT/EXAM/SRC/Peripheral/src\ch32h417_dac.c ****  *          NewState - new state of the DAC channel(ENABLE or DISABLE).
 190:c:/Users/User/Documents/GitHub/ch32h417/EVT/EXAM/SRC/Peripheral/src\ch32h417_dac.c ****  *
 191:c:/Users/User/Documents/GitHub/ch32h417/EVT/EXAM/SRC/Peripheral/src\ch32h417_dac.c ****  * @return  none
 192:c:/Users/User/Documents/GitHub/ch32h417/EVT/EXAM/SRC/Peripheral/src\ch32h417_dac.c ****  */
 193:c:/Users/User/Documents/GitHub/ch32h417/EVT/EXAM/SRC/Peripheral/src\ch32h417_dac.c **** void DAC_WaveGenerationCmd(uint32_t DAC_Channel, uint32_t DAC_Wave, FunctionalState NewState)
 194:c:/Users/User/Documents/GitHub/ch32h417/EVT/EXAM/SRC/Peripheral/src\ch32h417_dac.c **** {
 260              		.loc 1 194 1 is_stmt 1
 261              		.cfi_startproc
 262              	.LVL16:
 195:c:/Users/User/Documents/GitHub/ch32h417/EVT/EXAM/SRC/Peripheral/src\ch32h417_dac.c ****     if(NewState != DISABLE)
 263              		.loc 1 195 5
 264 0000 B7770040 		li	a5,1073770496
 265 0004 93870740 		addi	a5,a5,1024
 196:c:/Users/User/Documents/GitHub/ch32h417/EVT/EXAM/SRC/Peripheral/src\ch32h417_dac.c ****     {
 197:c:/Users/User/Documents/GitHub/ch32h417/EVT/EXAM/SRC/Peripheral/src\ch32h417_dac.c ****         DAC->CTLR |= DAC_Wave << DAC_Channel;
 266              		.loc 1 197 12 is_stmt 0
 267 0008 9843     		lw	a4,0(a5)
 268              		.loc 1 197 31
 269 000a B395A500 		sll	a1,a1,a0
 270              	.LVL17:
 195:c:/Users/User/Documents/GitHub/ch32h417/EVT/EXAM/SRC/Peripheral/src\ch32h417_dac.c ****     if(NewState != DISABLE)
 271              		.loc 1 195 7
 272 000e 01C6     		beq	a2,zero,.L19
 273              		.loc 1 197 9 is_stmt 1
 274              		.loc 1 197 19 is_stmt 0
 275 0010 4D8F     		or	a4,a4,a1
 276 0012 98C3     		sw	a4,0(a5)
 277 0014 8280     		ret
 278              	.L19:
 198:c:/Users/User/Documents/GitHub/ch32h417/EVT/EXAM/SRC/Peripheral/src\ch32h417_dac.c ****     }
 199:c:/Users/User/Documents/GitHub/ch32h417/EVT/EXAM/SRC/Peripheral/src\ch32h417_dac.c ****     else
 200:c:/Users/User/Documents/GitHub/ch32h417/EVT/EXAM/SRC/Peripheral/src\ch32h417_dac.c ****     {
 201:c:/Users/User/Documents/GitHub/ch32h417/EVT/EXAM/SRC/Peripheral/src\ch32h417_dac.c ****         DAC->CTLR &= ~(DAC_Wave << DAC_Channel);
 279              		.loc 1 201 9 is_stmt 1
 280              		.loc 1 201 19 is_stmt 0
 281 0016 B375B740 		andn	a1,a4,a1
 282 001a 8CC3     		sw	a1,0(a5)
 202:c:/Users/User/Documents/GitHub/ch32h417/EVT/EXAM/SRC/Peripheral/src\ch32h417_dac.c ****     }
 203:c:/Users/User/Documents/GitHub/ch32h417/EVT/EXAM/SRC/Peripheral/src\ch32h417_dac.c **** }
 283              		.loc 1 203 1
 284 001c 8280     		ret
 285              		.cfi_endproc
 286              	.LFE47:
 288              		.section	.text.DAC_SetChannel1Data,"ax",@progbits
 289              		.align	1
 290              		.globl	DAC_SetChannel1Data
 292              	DAC_SetChannel1Data:
 293              	.LFB48:
 204:c:/Users/User/Documents/GitHub/ch32h417/EVT/EXAM/SRC/Peripheral/src\ch32h417_dac.c **** 
 205:c:/Users/User/Documents/GitHub/ch32h417/EVT/EXAM/SRC/Peripheral/src\ch32h417_dac.c **** /*********************************************************************
 206:c:/Users/User/Documents/GitHub/ch32h417/EVT/EXAM/SRC/Peripheral/src\ch32h417_dac.c ****  * @fn      DAC_SetChannel1Data
 207:c:/Users/User/Documents/GitHub/ch32h417/EVT/EXAM/SRC/Peripheral/src\ch32h417_dac.c ****  *
 208:c:/Users/User/Documents/GitHub/ch32h417/EVT/EXAM/SRC/Peripheral/src\ch32h417_dac.c ****  * @brief   Set the specified data holding register value for DAC channel1.
 209:c:/Users/User/Documents/GitHub/ch32h417/EVT/EXAM/SRC/Peripheral/src\ch32h417_dac.c ****  *
 210:c:/Users/User/Documents/GitHub/ch32h417/EVT/EXAM/SRC/Peripheral/src\ch32h417_dac.c ****  * @param   DAC_Align - Specifies the data alignment for DAC channel1.
 211:c:/Users/User/Documents/GitHub/ch32h417/EVT/EXAM/SRC/Peripheral/src\ch32h417_dac.c ****  *            DAC_Align_8b_R - 8bit right data alignment selected
 212:c:/Users/User/Documents/GitHub/ch32h417/EVT/EXAM/SRC/Peripheral/src\ch32h417_dac.c ****  *            DAC_Align_12b_L - 12bit left data alignment selected
 213:c:/Users/User/Documents/GitHub/ch32h417/EVT/EXAM/SRC/Peripheral/src\ch32h417_dac.c ****  *            DAC_Align_12b_R - 12bit right data alignment selected
 214:c:/Users/User/Documents/GitHub/ch32h417/EVT/EXAM/SRC/Peripheral/src\ch32h417_dac.c ****  *          Data - Data to be loaded in the selected data holding register.
 215:c:/Users/User/Documents/GitHub/ch32h417/EVT/EXAM/SRC/Peripheral/src\ch32h417_dac.c ****  *
 216:c:/Users/User/Documents/GitHub/ch32h417/EVT/EXAM/SRC/Peripheral/src\ch32h417_dac.c ****  * @return  none
 217:c:/Users/User/Documents/GitHub/ch32h417/EVT/EXAM/SRC/Peripheral/src\ch32h417_dac.c ****  */
 218:c:/Users/User/Documents/GitHub/ch32h417/EVT/EXAM/SRC/Peripheral/src\ch32h417_dac.c **** void DAC_SetChannel1Data(uint32_t DAC_Align, uint16_t Data)
 219:c:/Users/User/Documents/GitHub/ch32h417/EVT/EXAM/SRC/Peripheral/src\ch32h417_dac.c **** {
 294              		.loc 1 219 1 is_stmt 1
 295              		.cfi_startproc
 296              	.LVL18:
 220:c:/Users/User/Documents/GitHub/ch32h417/EVT/EXAM/SRC/Peripheral/src\ch32h417_dac.c ****     __IO uint32_t tmp = 0;
 297              		.loc 1 220 5
 219:c:/Users/User/Documents/GitHub/ch32h417/EVT/EXAM/SRC/Peripheral/src\ch32h417_dac.c ****     __IO uint32_t tmp = 0;
 298              		.loc 1 219 1 is_stmt 0
 299 0000 4111     		addi	sp,sp,-16
 300              		.cfi_def_cfa_offset 16
 221:c:/Users/User/Documents/GitHub/ch32h417/EVT/EXAM/SRC/Peripheral/src\ch32h417_dac.c **** 
 222:c:/Users/User/Documents/GitHub/ch32h417/EVT/EXAM/SRC/Peripheral/src\ch32h417_dac.c ****     tmp = (uint32_t)DAC_BASE;
 301              		.loc 1 222 9
 302 0002 B7770040 		li	a5,1073770496
 220:c:/Users/User/Documents/GitHub/ch32h417/EVT/EXAM/SRC/Peripheral/src\ch32h417_dac.c **** 
 303              		.loc 1 220 19
 304 0006 02C6     		sw	zero,12(sp)
 305              		.loc 1 222 5 is_stmt 1
 306              		.loc 1 222 9 is_stmt 0
 307 0008 93870740 		addi	a5,a5,1024
 308 000c 3EC6     		sw	a5,12(sp)
 223:c:/Users/User/Documents/GitHub/ch32h417/EVT/EXAM/SRC/Peripheral/src\ch32h417_dac.c ****     tmp += DHR12R1_OFFSET + DAC_Align;
 309              		.loc 1 223 5 is_stmt 1
 310              		.loc 1 223 9 is_stmt 0
 311 000e B247     		lw	a5,12(sp)
 312 0010 A107     		addi	a5,a5,8
 313 0012 AA97     		add	a5,a5,a0
 314 0014 3EC6     		sw	a5,12(sp)
 224:c:/Users/User/Documents/GitHub/ch32h417/EVT/EXAM/SRC/Peripheral/src\ch32h417_dac.c **** 
 225:c:/Users/User/Documents/GitHub/ch32h417/EVT/EXAM/SRC/Peripheral/src\ch32h417_dac.c ****     *(__IO uint32_t *)tmp = Data;
 315              		.loc 1 225 5 is_stmt 1
 316              		.loc 1 225 6 is_stmt 0
 317 0016 B247     		lw	a5,12(sp)
 318              		.loc 1 225 27
 319 0018 8CC3     		sw	a1,0(a5)
 226:c:/Users/User/Documents/GitHub/ch32h417/EVT/EXAM/SRC/Peripheral/src\ch32h417_dac.c **** }
 320              		.loc 1 226 1
 321 001a 4101     		addi	sp,sp,16
 322              		.cfi_def_cfa_offset 0
 323 001c 8280     		jr	ra
 324              		.cfi_endproc
 325              	.LFE48:
 327              		.section	.text.DAC_SetChannel2Data,"ax",@progbits
 328              		.align	1
 329              		.globl	DAC_SetChannel2Data
 331              	DAC_SetChannel2Data:
 332              	.LFB49:
 227:c:/Users/User/Documents/GitHub/ch32h417/EVT/EXAM/SRC/Peripheral/src\ch32h417_dac.c **** 
 228:c:/Users/User/Documents/GitHub/ch32h417/EVT/EXAM/SRC/Peripheral/src\ch32h417_dac.c **** /*********************************************************************
 229:c:/Users/User/Documents/GitHub/ch32h417/EVT/EXAM/SRC/Peripheral/src\ch32h417_dac.c ****  * @fn      DAC_SetChannel2Data
 230:c:/Users/User/Documents/GitHub/ch32h417/EVT/EXAM/SRC/Peripheral/src\ch32h417_dac.c ****  *
 231:c:/Users/User/Documents/GitHub/ch32h417/EVT/EXAM/SRC/Peripheral/src\ch32h417_dac.c ****  * @brief   Set the specified data holding register value for DAC channel2.
 232:c:/Users/User/Documents/GitHub/ch32h417/EVT/EXAM/SRC/Peripheral/src\ch32h417_dac.c ****  *
 233:c:/Users/User/Documents/GitHub/ch32h417/EVT/EXAM/SRC/Peripheral/src\ch32h417_dac.c ****  * @param   DAC_Align - Specifies the data alignment for DAC channel1.
 234:c:/Users/User/Documents/GitHub/ch32h417/EVT/EXAM/SRC/Peripheral/src\ch32h417_dac.c ****  *            DAC_Align_8b_R - 8bit right data alignment selected
 235:c:/Users/User/Documents/GitHub/ch32h417/EVT/EXAM/SRC/Peripheral/src\ch32h417_dac.c ****  *            DAC_Align_12b_L - 12bit left data alignment selected
 236:c:/Users/User/Documents/GitHub/ch32h417/EVT/EXAM/SRC/Peripheral/src\ch32h417_dac.c ****  *            DAC_Align_12b_R - 12bit right data alignment selected
 237:c:/Users/User/Documents/GitHub/ch32h417/EVT/EXAM/SRC/Peripheral/src\ch32h417_dac.c ****  *            Data - Data to be loaded in the selected data holding register.
 238:c:/Users/User/Documents/GitHub/ch32h417/EVT/EXAM/SRC/Peripheral/src\ch32h417_dac.c ****  *
 239:c:/Users/User/Documents/GitHub/ch32h417/EVT/EXAM/SRC/Peripheral/src\ch32h417_dac.c ****  * @return  none
 240:c:/Users/User/Documents/GitHub/ch32h417/EVT/EXAM/SRC/Peripheral/src\ch32h417_dac.c ****  */
 241:c:/Users/User/Documents/GitHub/ch32h417/EVT/EXAM/SRC/Peripheral/src\ch32h417_dac.c **** void DAC_SetChannel2Data(uint32_t DAC_Align, uint16_t Data)
 242:c:/Users/User/Documents/GitHub/ch32h417/EVT/EXAM/SRC/Peripheral/src\ch32h417_dac.c **** {
 333              		.loc 1 242 1 is_stmt 1
 334              		.cfi_startproc
 335              	.LVL19:
 243:c:/Users/User/Documents/GitHub/ch32h417/EVT/EXAM/SRC/Peripheral/src\ch32h417_dac.c ****     __IO uint32_t tmp = 0;
 336              		.loc 1 243 5
 242:c:/Users/User/Documents/GitHub/ch32h417/EVT/EXAM/SRC/Peripheral/src\ch32h417_dac.c ****     __IO uint32_t tmp = 0;
 337              		.loc 1 242 1 is_stmt 0
 338 0000 4111     		addi	sp,sp,-16
 339              		.cfi_def_cfa_offset 16
 244:c:/Users/User/Documents/GitHub/ch32h417/EVT/EXAM/SRC/Peripheral/src\ch32h417_dac.c **** 
 245:c:/Users/User/Documents/GitHub/ch32h417/EVT/EXAM/SRC/Peripheral/src\ch32h417_dac.c ****     tmp = (uint32_t)DAC_BASE;
 340              		.loc 1 245 9
 341 0002 B7770040 		li	a5,1073770496
 243:c:/Users/User/Documents/GitHub/ch32h417/EVT/EXAM/SRC/Peripheral/src\ch32h417_dac.c **** 
 342              		.loc 1 243 19
 343 0006 02C6     		sw	zero,12(sp)
 344              		.loc 1 245 5 is_stmt 1
 345              		.loc 1 245 9 is_stmt 0
 346 0008 93870740 		addi	a5,a5,1024
 347 000c 3EC6     		sw	a5,12(sp)
 246:c:/Users/User/Documents/GitHub/ch32h417/EVT/EXAM/SRC/Peripheral/src\ch32h417_dac.c ****     tmp += DHR12R2_OFFSET + DAC_Align;
 348              		.loc 1 246 5 is_stmt 1
 349              		.loc 1 246 9 is_stmt 0
 350 000e B247     		lw	a5,12(sp)
 351 0010 D107     		addi	a5,a5,20
 352 0012 AA97     		add	a5,a5,a0
 353 0014 3EC6     		sw	a5,12(sp)
 247:c:/Users/User/Documents/GitHub/ch32h417/EVT/EXAM/SRC/Peripheral/src\ch32h417_dac.c **** 
 248:c:/Users/User/Documents/GitHub/ch32h417/EVT/EXAM/SRC/Peripheral/src\ch32h417_dac.c ****     *(__IO uint32_t *)tmp = Data;
 354              		.loc 1 248 5 is_stmt 1
 355              		.loc 1 248 6 is_stmt 0
 356 0016 B247     		lw	a5,12(sp)
 357              		.loc 1 248 27
 358 0018 8CC3     		sw	a1,0(a5)
 249:c:/Users/User/Documents/GitHub/ch32h417/EVT/EXAM/SRC/Peripheral/src\ch32h417_dac.c **** }
 359              		.loc 1 249 1
 360 001a 4101     		addi	sp,sp,16
 361              		.cfi_def_cfa_offset 0
 362 001c 8280     		jr	ra
 363              		.cfi_endproc
 364              	.LFE49:
 366              		.section	.text.DAC_SetDualChannelData,"ax",@progbits
 367              		.align	1
 368              		.globl	DAC_SetDualChannelData
 370              	DAC_SetDualChannelData:
 371              	.LFB50:
 250:c:/Users/User/Documents/GitHub/ch32h417/EVT/EXAM/SRC/Peripheral/src\ch32h417_dac.c **** 
 251:c:/Users/User/Documents/GitHub/ch32h417/EVT/EXAM/SRC/Peripheral/src\ch32h417_dac.c **** /*********************************************************************
 252:c:/Users/User/Documents/GitHub/ch32h417/EVT/EXAM/SRC/Peripheral/src\ch32h417_dac.c ****  * @fn      DAC_SetDualChannelData
 253:c:/Users/User/Documents/GitHub/ch32h417/EVT/EXAM/SRC/Peripheral/src\ch32h417_dac.c ****  *
 254:c:/Users/User/Documents/GitHub/ch32h417/EVT/EXAM/SRC/Peripheral/src\ch32h417_dac.c ****  * @brief   Set the specified data holding register value for two DAC.
 255:c:/Users/User/Documents/GitHub/ch32h417/EVT/EXAM/SRC/Peripheral/src\ch32h417_dac.c ****  *
 256:c:/Users/User/Documents/GitHub/ch32h417/EVT/EXAM/SRC/Peripheral/src\ch32h417_dac.c ****  * @param   DAC_Align - Specifies the data alignment for DAC channel1.
 257:c:/Users/User/Documents/GitHub/ch32h417/EVT/EXAM/SRC/Peripheral/src\ch32h417_dac.c ****  *            DAC_Align_8b_R - 8bit right data alignment selected
 258:c:/Users/User/Documents/GitHub/ch32h417/EVT/EXAM/SRC/Peripheral/src\ch32h417_dac.c ****  *            DAC_Align_12b_L - 12bit left data alignment selected
 259:c:/Users/User/Documents/GitHub/ch32h417/EVT/EXAM/SRC/Peripheral/src\ch32h417_dac.c ****  *            DAC_Align_12b_R - 12bit right data alignment selected
 260:c:/Users/User/Documents/GitHub/ch32h417/EVT/EXAM/SRC/Peripheral/src\ch32h417_dac.c ****  *            Data - Data to be loaded in the selected data holding register.
 261:c:/Users/User/Documents/GitHub/ch32h417/EVT/EXAM/SRC/Peripheral/src\ch32h417_dac.c ****  *          Data1 - Data for DAC Channel1.
 262:c:/Users/User/Documents/GitHub/ch32h417/EVT/EXAM/SRC/Peripheral/src\ch32h417_dac.c ****  *          Data2 - Data for DAC Channel2
 263:c:/Users/User/Documents/GitHub/ch32h417/EVT/EXAM/SRC/Peripheral/src\ch32h417_dac.c ****  *
 264:c:/Users/User/Documents/GitHub/ch32h417/EVT/EXAM/SRC/Peripheral/src\ch32h417_dac.c ****  * @return  none
 265:c:/Users/User/Documents/GitHub/ch32h417/EVT/EXAM/SRC/Peripheral/src\ch32h417_dac.c ****  */
 266:c:/Users/User/Documents/GitHub/ch32h417/EVT/EXAM/SRC/Peripheral/src\ch32h417_dac.c **** void DAC_SetDualChannelData(uint32_t DAC_Align, uint16_t Data2, uint16_t Data1)
 267:c:/Users/User/Documents/GitHub/ch32h417/EVT/EXAM/SRC/Peripheral/src\ch32h417_dac.c **** {
 372              		.loc 1 267 1 is_stmt 1
 373              		.cfi_startproc
 374              	.LVL20:
 268:c:/Users/User/Documents/GitHub/ch32h417/EVT/EXAM/SRC/Peripheral/src\ch32h417_dac.c ****     uint32_t data = 0, tmp = 0;
 375              		.loc 1 268 5
 269:c:/Users/User/Documents/GitHub/ch32h417/EVT/EXAM/SRC/Peripheral/src\ch32h417_dac.c **** 
 270:c:/Users/User/Documents/GitHub/ch32h417/EVT/EXAM/SRC/Peripheral/src\ch32h417_dac.c ****     if(DAC_Align == DAC_Align_8b_R)
 376              		.loc 1 270 5
 377              		.loc 1 270 7 is_stmt 0
 378 0000 A147     		li	a5,8
 379 0002 631BF500 		bne	a0,a5,.L26
 271:c:/Users/User/Documents/GitHub/ch32h417/EVT/EXAM/SRC/Peripheral/src\ch32h417_dac.c ****     {
 272:c:/Users/User/Documents/GitHub/ch32h417/EVT/EXAM/SRC/Peripheral/src\ch32h417_dac.c ****         data = ((uint32_t)Data2 << 8) | Data1;
 380              		.loc 1 272 9 is_stmt 1
 381              		.loc 1 272 33 is_stmt 0
 382 0006 A205     		slli	a1,a1,8
 383              	.LVL21:
 384              	.L28:
 273:c:/Users/User/Documents/GitHub/ch32h417/EVT/EXAM/SRC/Peripheral/src\ch32h417_dac.c ****     }
 274:c:/Users/User/Documents/GitHub/ch32h417/EVT/EXAM/SRC/Peripheral/src\ch32h417_dac.c ****     else
 275:c:/Users/User/Documents/GitHub/ch32h417/EVT/EXAM/SRC/Peripheral/src\ch32h417_dac.c ****     {
 276:c:/Users/User/Documents/GitHub/ch32h417/EVT/EXAM/SRC/Peripheral/src\ch32h417_dac.c ****         data = ((uint32_t)Data2 << 16) | Data1;
 277:c:/Users/User/Documents/GitHub/ch32h417/EVT/EXAM/SRC/Peripheral/src\ch32h417_dac.c ****     }
 278:c:/Users/User/Documents/GitHub/ch32h417/EVT/EXAM/SRC/Peripheral/src\ch32h417_dac.c **** 
 279:c:/Users/User/Documents/GitHub/ch32h417/EVT/EXAM/SRC/Peripheral/src\ch32h417_dac.c ****     tmp = (uint32_t)DAC_BASE;
 280:c:/Users/User/Documents/GitHub/ch32h417/EVT/EXAM/SRC/Peripheral/src\ch32h417_dac.c ****     tmp += DHR12RD_OFFSET + DAC_Align;
 385              		.loc 1 280 9
 386 0008 B7770040 		li	a5,1073770496
 387 000c 93870742 		addi	a5,a5,1056
 276:c:/Users/User/Documents/GitHub/ch32h417/EVT/EXAM/SRC/Peripheral/src\ch32h417_dac.c ****     }
 388              		.loc 1 276 14
 389 0010 4D8E     		or	a2,a1,a2
 390              	.LVL22:
 279:c:/Users/User/Documents/GitHub/ch32h417/EVT/EXAM/SRC/Peripheral/src\ch32h417_dac.c ****     tmp += DHR12RD_OFFSET + DAC_Align;
 391              		.loc 1 279 5 is_stmt 1
 392              		.loc 1 280 5
 281:c:/Users/User/Documents/GitHub/ch32h417/EVT/EXAM/SRC/Peripheral/src\ch32h417_dac.c **** 
 282:c:/Users/User/Documents/GitHub/ch32h417/EVT/EXAM/SRC/Peripheral/src\ch32h417_dac.c ****     *(__IO uint32_t *)tmp = data;
 393              		.loc 1 282 5
 280:c:/Users/User/Documents/GitHub/ch32h417/EVT/EXAM/SRC/Peripheral/src\ch32h417_dac.c **** 
 394              		.loc 1 280 9 is_stmt 0
 395 0012 3E95     		add	a0,a0,a5
 396              	.LVL23:
 397              		.loc 1 282 27
 398 0014 10C1     		sw	a2,0(a0)
 283:c:/Users/User/Documents/GitHub/ch32h417/EVT/EXAM/SRC/Peripheral/src\ch32h417_dac.c **** }
 399              		.loc 1 283 1
 400 0016 8280     		ret
 401              	.LVL24:
 402              	.L26:
 276:c:/Users/User/Documents/GitHub/ch32h417/EVT/EXAM/SRC/Peripheral/src\ch32h417_dac.c ****     }
 403              		.loc 1 276 9 is_stmt 1
 276:c:/Users/User/Documents/GitHub/ch32h417/EVT/EXAM/SRC/Peripheral/src\ch32h417_dac.c ****     }
 404              		.loc 1 276 33 is_stmt 0
 405 0018 C205     		slli	a1,a1,16
 406              	.LVL25:
 407 001a FDB7     		j	.L28
 408              		.cfi_endproc
 409              	.LFE50:
 411              		.section	.text.DAC_GetDataOutputValue,"ax",@progbits
 412              		.align	1
 413              		.globl	DAC_GetDataOutputValue
 415              	DAC_GetDataOutputValue:
 416              	.LFB51:
 284:c:/Users/User/Documents/GitHub/ch32h417/EVT/EXAM/SRC/Peripheral/src\ch32h417_dac.c **** 
 285:c:/Users/User/Documents/GitHub/ch32h417/EVT/EXAM/SRC/Peripheral/src\ch32h417_dac.c **** /*********************************************************************
 286:c:/Users/User/Documents/GitHub/ch32h417/EVT/EXAM/SRC/Peripheral/src\ch32h417_dac.c ****  * @fn      DAC_GetDataOutputValue
 287:c:/Users/User/Documents/GitHub/ch32h417/EVT/EXAM/SRC/Peripheral/src\ch32h417_dac.c ****  *
 288:c:/Users/User/Documents/GitHub/ch32h417/EVT/EXAM/SRC/Peripheral/src\ch32h417_dac.c ****  * @brief   Returns the last data output value of the selected DAC channel.
 289:c:/Users/User/Documents/GitHub/ch32h417/EVT/EXAM/SRC/Peripheral/src\ch32h417_dac.c ****  *
 290:c:/Users/User/Documents/GitHub/ch32h417/EVT/EXAM/SRC/Peripheral/src\ch32h417_dac.c ****  * @param   DAC_Channel - the selected DAC channel.
 291:c:/Users/User/Documents/GitHub/ch32h417/EVT/EXAM/SRC/Peripheral/src\ch32h417_dac.c ****  *            DAC_Channel_1 - DAC Channel1 selected
 292:c:/Users/User/Documents/GitHub/ch32h417/EVT/EXAM/SRC/Peripheral/src\ch32h417_dac.c ****  *            DAC_Channel_2 - DAC Channel2 selected
 293:c:/Users/User/Documents/GitHub/ch32h417/EVT/EXAM/SRC/Peripheral/src\ch32h417_dac.c ****  *
 294:c:/Users/User/Documents/GitHub/ch32h417/EVT/EXAM/SRC/Peripheral/src\ch32h417_dac.c ****  * @return  none
 295:c:/Users/User/Documents/GitHub/ch32h417/EVT/EXAM/SRC/Peripheral/src\ch32h417_dac.c ****  */
 296:c:/Users/User/Documents/GitHub/ch32h417/EVT/EXAM/SRC/Peripheral/src\ch32h417_dac.c **** uint16_t DAC_GetDataOutputValue(uint32_t DAC_Channel)
 297:c:/Users/User/Documents/GitHub/ch32h417/EVT/EXAM/SRC/Peripheral/src\ch32h417_dac.c **** {
 417              		.loc 1 297 1 is_stmt 1
 418              		.cfi_startproc
 419              	.LVL26:
 298:c:/Users/User/Documents/GitHub/ch32h417/EVT/EXAM/SRC/Peripheral/src\ch32h417_dac.c ****     __IO uint32_t tmp = 0;
 420              		.loc 1 298 5
 297:c:/Users/User/Documents/GitHub/ch32h417/EVT/EXAM/SRC/Peripheral/src\ch32h417_dac.c ****     __IO uint32_t tmp = 0;
 421              		.loc 1 297 1 is_stmt 0
 422 0000 4111     		addi	sp,sp,-16
 423              		.cfi_def_cfa_offset 16
 299:c:/Users/User/Documents/GitHub/ch32h417/EVT/EXAM/SRC/Peripheral/src\ch32h417_dac.c **** 
 300:c:/Users/User/Documents/GitHub/ch32h417/EVT/EXAM/SRC/Peripheral/src\ch32h417_dac.c ****     tmp = (uint32_t)DAC_BASE;
 424              		.loc 1 300 9
 425 0002 B7770040 		li	a5,1073770496
 298:c:/Users/User/Documents/GitHub/ch32h417/EVT/EXAM/SRC/Peripheral/src\ch32h417_dac.c **** 
 426              		.loc 1 298 19
 427 0006 02C6     		sw	zero,12(sp)
 428              		.loc 1 300 5 is_stmt 1
 429              		.loc 1 300 9 is_stmt 0
 430 0008 93870740 		addi	a5,a5,1024
 431 000c 3EC6     		sw	a5,12(sp)
 301:c:/Users/User/Documents/GitHub/ch32h417/EVT/EXAM/SRC/Peripheral/src\ch32h417_dac.c ****     tmp += DOR_OFFSET + ((uint32_t)DAC_Channel >> 2);
 432              		.loc 1 301 5 is_stmt 1
 433              		.loc 1 301 9 is_stmt 0
 434 000e B247     		lw	a5,12(sp)
 435              		.loc 1 301 48
 436 0010 0981     		srli	a0,a0,2
 437              	.LVL27:
 438              		.loc 1 301 9
 439 0012 9387C702 		addi	a5,a5,44
 440 0016 3E95     		add	a0,a0,a5
 441 0018 2AC6     		sw	a0,12(sp)
 302:c:/Users/User/Documents/GitHub/ch32h417/EVT/EXAM/SRC/Peripheral/src\ch32h417_dac.c **** 
 303:c:/Users/User/Documents/GitHub/ch32h417/EVT/EXAM/SRC/Peripheral/src\ch32h417_dac.c ****     return (uint16_t)(*(__IO uint32_t *)tmp);
 442              		.loc 1 303 5 is_stmt 1
 443              		.loc 1 303 24 is_stmt 0
 444 001a B247     		lw	a5,12(sp)
 445              		.loc 1 303 23
 446 001c 8843     		lw	a0,0(a5)
 304:c:/Users/User/Documents/GitHub/ch32h417/EVT/EXAM/SRC/Peripheral/src\ch32h417_dac.c **** }
 447              		.loc 1 304 1
 448 001e 4101     		addi	sp,sp,16
 449              		.cfi_def_cfa_offset 0
 450 0020 33450508 		zext.h	a0,a0
 451 0024 8280     		jr	ra
 452              		.cfi_endproc
 453              	.LFE51:
 455              		.text
 456              	.Letext0:
 457              		.file 2 "d:\\mounriver\\mounriver_studio2\\resources\\app\\resources\\win32\\components\\wch\\tool
 458              		.file 3 "d:\\mounriver\\mounriver_studio2\\resources\\app\\resources\\win32\\components\\wch\\tool
 459              		.file 4 "c:/Users/User/Documents/GitHub/ch32h417/EVT/EXAM/SRC/Core/core_riscv.h"
 460              		.file 5 "c:/Users/User/Documents/GitHub/ch32h417/EVT/EXAM/SRC/Peripheral/inc/ch32h417.h"
 461              		.file 6 "c:/Users/User/Documents/GitHub/ch32h417/EVT/EXAM/SRC/Peripheral/inc/ch32h417_dac.h"
 462              		.file 7 "c:/Users/User/Documents/GitHub/ch32h417/EVT/EXAM/SRC/Peripheral/inc/ch32h417_rcc.h"
DEFINED SYMBOLS
                            *ABS*:0000000000000000 ch32h417_dac.c
C:\Users\User\AppData\Local\Temp\ccAC8NEo.s:14     .text.DAC_DeInit:0000000000000000 DAC_DeInit
C:\Users\User\AppData\Local\Temp\ccAC8NEo.s:18     .text.DAC_DeInit:0000000000000000 .L0 
C:\Users\User\AppData\Local\Temp\ccAC8NEo.s:19     .text.DAC_DeInit:0000000000000000 $x
C:\Users\User\AppData\Local\Temp\ccAC8NEo.s:19     .text.DAC_DeInit:0000000000000000 .L0 
C:\Users\User\AppData\Local\Temp\ccAC8NEo.s:20     .text.DAC_DeInit:0000000000000008 .L0 
C:\Users\User\AppData\Local\Temp\ccAC8NEo.s:21     .text.DAC_DeInit:0000000000000008 .L0 
C:\Users\User\AppData\Local\Temp\ccAC8NEo.s:23     .text.DAC_DeInit:0000000000000008 .L0 
C:\Users\User\AppData\Local\Temp\ccAC8NEo.s:28     .text.DAC_DeInit:0000000000000016 .L0 
C:\Users\User\AppData\Local\Temp\ccAC8NEo.s:33     .text.DAC_DeInit:0000000000000024 .L0 
C:\Users\User\AppData\Local\Temp\ccAC8NEo.s:34     .text.DAC_DeInit:000000000000002c .L0 
C:\Users\User\AppData\Local\Temp\ccAC8NEo.s:35     .text.DAC_DeInit:000000000000002c .L0 
C:\Users\User\AppData\Local\Temp\ccAC8NEo.s:36     .text.DAC_DeInit:000000000000002c .L0 
C:\Users\User\AppData\Local\Temp\ccAC8NEo.s:43     .text.DAC_Init:0000000000000000 DAC_Init
C:\Users\User\AppData\Local\Temp\ccAC8NEo.s:46     .text.DAC_Init:0000000000000000 .L0 
C:\Users\User\AppData\Local\Temp\ccAC8NEo.s:48     .text.DAC_Init:0000000000000000 .L0 
C:\Users\User\AppData\Local\Temp\ccAC8NEo.s:49     .text.DAC_Init:0000000000000000 .L0 
C:\Users\User\AppData\Local\Temp\ccAC8NEo.s:50     .text.DAC_Init:0000000000000000 .L0 
C:\Users\User\AppData\Local\Temp\ccAC8NEo.s:51     .text.DAC_Init:0000000000000000 $x
C:\Users\User\AppData\Local\Temp\ccAC8NEo.s:51     .text.DAC_Init:0000000000000000 .L0 
C:\Users\User\AppData\Local\Temp\ccAC8NEo.s:56     .text.DAC_Init:000000000000000a .L0 
C:\Users\User\AppData\Local\Temp\ccAC8NEo.s:57     .text.DAC_Init:000000000000000a .L0 
C:\Users\User\AppData\Local\Temp\ccAC8NEo.s:61     .text.DAC_Init:0000000000000012 .L0 
C:\Users\User\AppData\Local\Temp\ccAC8NEo.s:63     .text.DAC_Init:0000000000000014 .L0 
C:\Users\User\AppData\Local\Temp\ccAC8NEo.s:66     .text.DAC_Init:0000000000000018 .L0 
C:\Users\User\AppData\Local\Temp\ccAC8NEo.s:67     .text.DAC_Init:0000000000000018 .L0 
C:\Users\User\AppData\Local\Temp\ccAC8NEo.s:68     .text.DAC_Init:0000000000000018 .L0 
C:\Users\User\AppData\Local\Temp\ccAC8NEo.s:71     .text.DAC_Init:000000000000001c .L0 
C:\Users\User\AppData\Local\Temp\ccAC8NEo.s:74     .text.DAC_Init:0000000000000020 .L0 
C:\Users\User\AppData\Local\Temp\ccAC8NEo.s:77     .text.DAC_Init:0000000000000024 .L0 
C:\Users\User\AppData\Local\Temp\ccAC8NEo.s:80     .text.DAC_Init:0000000000000028 .L0 
C:\Users\User\AppData\Local\Temp\ccAC8NEo.s:83     .text.DAC_Init:000000000000002a .L0 
C:\Users\User\AppData\Local\Temp\ccAC8NEo.s:84     .text.DAC_Init:000000000000002a .L0 
C:\Users\User\AppData\Local\Temp\ccAC8NEo.s:87     .text.DAC_Init:000000000000002c .L0 
C:\Users\User\AppData\Local\Temp\ccAC8NEo.s:88     .text.DAC_Init:000000000000002e .L0 
C:\Users\User\AppData\Local\Temp\ccAC8NEo.s:95     .text.DAC_StructInit:0000000000000000 DAC_StructInit
C:\Users\User\AppData\Local\Temp\ccAC8NEo.s:98     .text.DAC_StructInit:0000000000000000 .L0 
C:\Users\User\AppData\Local\Temp\ccAC8NEo.s:100    .text.DAC_StructInit:0000000000000000 .L0 
C:\Users\User\AppData\Local\Temp\ccAC8NEo.s:101    .text.DAC_StructInit:0000000000000000 .L0 
C:\Users\User\AppData\Local\Temp\ccAC8NEo.s:102    .text.DAC_StructInit:0000000000000000 $x
C:\Users\User\AppData\Local\Temp\ccAC8NEo.s:102    .text.DAC_StructInit:0000000000000000 .L0 
C:\Users\User\AppData\Local\Temp\ccAC8NEo.s:104    .text.DAC_StructInit:0000000000000004 .L0 
C:\Users\User\AppData\Local\Temp\ccAC8NEo.s:105    .text.DAC_StructInit:0000000000000004 .L0 
C:\Users\User\AppData\Local\Temp\ccAC8NEo.s:107    .text.DAC_StructInit:0000000000000008 .L0 
C:\Users\User\AppData\Local\Temp\ccAC8NEo.s:108    .text.DAC_StructInit:0000000000000008 .L0 
C:\Users\User\AppData\Local\Temp\ccAC8NEo.s:110    .text.DAC_StructInit:000000000000000c .L0 
C:\Users\User\AppData\Local\Temp\ccAC8NEo.s:111    .text.DAC_StructInit:000000000000000c .L0 
C:\Users\User\AppData\Local\Temp\ccAC8NEo.s:113    .text.DAC_StructInit:0000000000000010 .L0 
C:\Users\User\AppData\Local\Temp\ccAC8NEo.s:114    .text.DAC_StructInit:0000000000000012 .L0 
C:\Users\User\AppData\Local\Temp\ccAC8NEo.s:121    .text.DAC_Cmd:0000000000000000 DAC_Cmd
C:\Users\User\AppData\Local\Temp\ccAC8NEo.s:124    .text.DAC_Cmd:0000000000000000 .L0 
C:\Users\User\AppData\Local\Temp\ccAC8NEo.s:126    .text.DAC_Cmd:0000000000000000 .L0 
C:\Users\User\AppData\Local\Temp\ccAC8NEo.s:127    .text.DAC_Cmd:0000000000000000 $x
C:\Users\User\AppData\Local\Temp\ccAC8NEo.s:127    .text.DAC_Cmd:0000000000000000 .L0 
C:\Users\User\AppData\Local\Temp\ccAC8NEo.s:130    .text.DAC_Cmd:0000000000000008 .L0 
C:\Users\User\AppData\Local\Temp\ccAC8NEo.s:132    .text.DAC_Cmd:000000000000000a .L0 
C:\Users\User\AppData\Local\Temp\ccAC8NEo.s:135    .text.DAC_Cmd:000000000000000e .L0 
C:\Users\User\AppData\Local\Temp\ccAC8NEo.s:137    .text.DAC_Cmd:0000000000000010 .L0 
C:\Users\User\AppData\Local\Temp\ccAC8NEo.s:138    .text.DAC_Cmd:0000000000000010 .L0 
C:\Users\User\AppData\Local\Temp\ccAC8NEo.s:143    .text.DAC_Cmd:0000000000000016 .L0 
C:\Users\User\AppData\Local\Temp\ccAC8NEo.s:144    .text.DAC_Cmd:0000000000000016 .L0 
C:\Users\User\AppData\Local\Temp\ccAC8NEo.s:147    .text.DAC_Cmd:000000000000001c .L0 
C:\Users\User\AppData\Local\Temp\ccAC8NEo.s:148    .text.DAC_Cmd:000000000000001e .L0 
C:\Users\User\AppData\Local\Temp\ccAC8NEo.s:155    .text.DAC_DMACmd:0000000000000000 DAC_DMACmd
C:\Users\User\AppData\Local\Temp\ccAC8NEo.s:158    .text.DAC_DMACmd:0000000000000000 .L0 
C:\Users\User\AppData\Local\Temp\ccAC8NEo.s:160    .text.DAC_DMACmd:0000000000000000 .L0 
C:\Users\User\AppData\Local\Temp\ccAC8NEo.s:161    .text.DAC_DMACmd:0000000000000000 .L0 
C:\Users\User\AppData\Local\Temp\ccAC8NEo.s:162    .text.DAC_DMACmd:0000000000000000 $x
C:\Users\User\AppData\Local\Temp\ccAC8NEo.s:162    .text.DAC_DMACmd:0000000000000000 .L0 
C:\Users\User\AppData\Local\Temp\ccAC8NEo.s:168    .text.DAC_DMACmd:000000000000000e .L0 
C:\Users\User\AppData\Local\Temp\ccAC8NEo.s:170    .text.DAC_DMACmd:0000000000000010 .L0 
C:\Users\User\AppData\Local\Temp\ccAC8NEo.s:172    .text.DAC_DMACmd:0000000000000012 .L0 
C:\Users\User\AppData\Local\Temp\ccAC8NEo.s:173    .text.DAC_DMACmd:0000000000000012 .L0 
C:\Users\User\AppData\Local\Temp\ccAC8NEo.s:178    .text.DAC_DMACmd:0000000000000018 .L0 
C:\Users\User\AppData\Local\Temp\ccAC8NEo.s:179    .text.DAC_DMACmd:0000000000000018 .L0 
C:\Users\User\AppData\Local\Temp\ccAC8NEo.s:182    .text.DAC_DMACmd:000000000000001e .L0 
C:\Users\User\AppData\Local\Temp\ccAC8NEo.s:183    .text.DAC_DMACmd:0000000000000020 .L0 
C:\Users\User\AppData\Local\Temp\ccAC8NEo.s:190    .text.DAC_SoftwareTriggerCmd:0000000000000000 DAC_SoftwareTriggerCmd
C:\Users\User\AppData\Local\Temp\ccAC8NEo.s:193    .text.DAC_SoftwareTriggerCmd:0000000000000000 .L0 
C:\Users\User\AppData\Local\Temp\ccAC8NEo.s:195    .text.DAC_SoftwareTriggerCmd:0000000000000000 .L0 
C:\Users\User\AppData\Local\Temp\ccAC8NEo.s:196    .text.DAC_SoftwareTriggerCmd:0000000000000000 $x
C:\Users\User\AppData\Local\Temp\ccAC8NEo.s:196    .text.DAC_SoftwareTriggerCmd:0000000000000000 .L0 
C:\Users\User\AppData\Local\Temp\ccAC8NEo.s:199    .text.DAC_SoftwareTriggerCmd:0000000000000008 .L0 
C:\Users\User\AppData\Local\Temp\ccAC8NEo.s:201    .text.DAC_SoftwareTriggerCmd:000000000000000a .L0 
C:\Users\User\AppData\Local\Temp\ccAC8NEo.s:204    .text.DAC_SoftwareTriggerCmd:000000000000000c .L0 
C:\Users\User\AppData\Local\Temp\ccAC8NEo.s:206    .text.DAC_SoftwareTriggerCmd:0000000000000010 .L0 
C:\Users\User\AppData\Local\Temp\ccAC8NEo.s:208    .text.DAC_SoftwareTriggerCmd:0000000000000012 .L0 
C:\Users\User\AppData\Local\Temp\ccAC8NEo.s:209    .text.DAC_SoftwareTriggerCmd:0000000000000012 .L0 
C:\Users\User\AppData\Local\Temp\ccAC8NEo.s:214    .text.DAC_SoftwareTriggerCmd:0000000000000018 .L0 
C:\Users\User\AppData\Local\Temp\ccAC8NEo.s:215    .text.DAC_SoftwareTriggerCmd:0000000000000018 .L0 
C:\Users\User\AppData\Local\Temp\ccAC8NEo.s:218    .text.DAC_SoftwareTriggerCmd:000000000000001e .L0 
C:\Users\User\AppData\Local\Temp\ccAC8NEo.s:219    .text.DAC_SoftwareTriggerCmd:0000000000000020 .L0 
C:\Users\User\AppData\Local\Temp\ccAC8NEo.s:226    .text.DAC_DualSoftwareTriggerCmd:0000000000000000 DAC_DualSoftwareTriggerCmd
C:\Users\User\AppData\Local\Temp\ccAC8NEo.s:229    .text.DAC_DualSoftwareTriggerCmd:0000000000000000 .L0 
C:\Users\User\AppData\Local\Temp\ccAC8NEo.s:231    .text.DAC_DualSoftwareTriggerCmd:0000000000000000 .L0 
C:\Users\User\AppData\Local\Temp\ccAC8NEo.s:232    .text.DAC_DualSoftwareTriggerCmd:0000000000000000 $x
C:\Users\User\AppData\Local\Temp\ccAC8NEo.s:232    .text.DAC_DualSoftwareTriggerCmd:0000000000000000 .L0 
C:\Users\User\AppData\Local\Temp\ccAC8NEo.s:235    .text.DAC_DualSoftwareTriggerCmd:0000000000000008 .L0 
C:\Users\User\AppData\Local\Temp\ccAC8NEo.s:237    .text.DAC_DualSoftwareTriggerCmd:000000000000000a .L0 
C:\Users\User\AppData\Local\Temp\ccAC8NEo.s:239    .text.DAC_DualSoftwareTriggerCmd:000000000000000c .L0 
C:\Users\User\AppData\Local\Temp\ccAC8NEo.s:240    .text.DAC_DualSoftwareTriggerCmd:000000000000000c .L0 
C:\Users\User\AppData\Local\Temp\ccAC8NEo.s:243    .text.DAC_DualSoftwareTriggerCmd:0000000000000010 .L0 
C:\Users\User\AppData\Local\Temp\ccAC8NEo.s:245    .text.DAC_DualSoftwareTriggerCmd:0000000000000012 .L0 
C:\Users\User\AppData\Local\Temp\ccAC8NEo.s:248    .text.DAC_DualSoftwareTriggerCmd:0000000000000014 .L0 
C:\Users\User\AppData\Local\Temp\ccAC8NEo.s:249    .text.DAC_DualSoftwareTriggerCmd:0000000000000014 .L0 
C:\Users\User\AppData\Local\Temp\ccAC8NEo.s:251    .text.DAC_DualSoftwareTriggerCmd:0000000000000018 .L0 
C:\Users\User\AppData\Local\Temp\ccAC8NEo.s:258    .text.DAC_WaveGenerationCmd:0000000000000000 DAC_WaveGenerationCmd
C:\Users\User\AppData\Local\Temp\ccAC8NEo.s:261    .text.DAC_WaveGenerationCmd:0000000000000000 .L0 
C:\Users\User\AppData\Local\Temp\ccAC8NEo.s:263    .text.DAC_WaveGenerationCmd:0000000000000000 .L0 
C:\Users\User\AppData\Local\Temp\ccAC8NEo.s:264    .text.DAC_WaveGenerationCmd:0000000000000000 $x
C:\Users\User\AppData\Local\Temp\ccAC8NEo.s:264    .text.DAC_WaveGenerationCmd:0000000000000000 .L0 
C:\Users\User\AppData\Local\Temp\ccAC8NEo.s:267    .text.DAC_WaveGenerationCmd:0000000000000008 .L0 
C:\Users\User\AppData\Local\Temp\ccAC8NEo.s:269    .text.DAC_WaveGenerationCmd:000000000000000a .L0 
C:\Users\User\AppData\Local\Temp\ccAC8NEo.s:272    .text.DAC_WaveGenerationCmd:000000000000000e .L0 
C:\Users\User\AppData\Local\Temp\ccAC8NEo.s:274    .text.DAC_WaveGenerationCmd:0000000000000010 .L0 
C:\Users\User\AppData\Local\Temp\ccAC8NEo.s:275    .text.DAC_WaveGenerationCmd:0000000000000010 .L0 
C:\Users\User\AppData\Local\Temp\ccAC8NEo.s:280    .text.DAC_WaveGenerationCmd:0000000000000016 .L0 
C:\Users\User\AppData\Local\Temp\ccAC8NEo.s:281    .text.DAC_WaveGenerationCmd:0000000000000016 .L0 
C:\Users\User\AppData\Local\Temp\ccAC8NEo.s:284    .text.DAC_WaveGenerationCmd:000000000000001c .L0 
C:\Users\User\AppData\Local\Temp\ccAC8NEo.s:285    .text.DAC_WaveGenerationCmd:000000000000001e .L0 
C:\Users\User\AppData\Local\Temp\ccAC8NEo.s:292    .text.DAC_SetChannel1Data:0000000000000000 DAC_SetChannel1Data
C:\Users\User\AppData\Local\Temp\ccAC8NEo.s:295    .text.DAC_SetChannel1Data:0000000000000000 .L0 
C:\Users\User\AppData\Local\Temp\ccAC8NEo.s:297    .text.DAC_SetChannel1Data:0000000000000000 .L0 
C:\Users\User\AppData\Local\Temp\ccAC8NEo.s:298    .text.DAC_SetChannel1Data:0000000000000000 .L0 
C:\Users\User\AppData\Local\Temp\ccAC8NEo.s:299    .text.DAC_SetChannel1Data:0000000000000000 $x
C:\Users\User\AppData\Local\Temp\ccAC8NEo.s:299    .text.DAC_SetChannel1Data:0000000000000000 .L0 
C:\Users\User\AppData\Local\Temp\ccAC8NEo.s:300    .text.DAC_SetChannel1Data:0000000000000002 .L0 
C:\Users\User\AppData\Local\Temp\ccAC8NEo.s:302    .text.DAC_SetChannel1Data:0000000000000002 .L0 
C:\Users\User\AppData\Local\Temp\ccAC8NEo.s:304    .text.DAC_SetChannel1Data:0000000000000006 .L0 
C:\Users\User\AppData\Local\Temp\ccAC8NEo.s:306    .text.DAC_SetChannel1Data:0000000000000008 .L0 
C:\Users\User\AppData\Local\Temp\ccAC8NEo.s:307    .text.DAC_SetChannel1Data:0000000000000008 .L0 
C:\Users\User\AppData\Local\Temp\ccAC8NEo.s:310    .text.DAC_SetChannel1Data:000000000000000e .L0 
C:\Users\User\AppData\Local\Temp\ccAC8NEo.s:311    .text.DAC_SetChannel1Data:000000000000000e .L0 
C:\Users\User\AppData\Local\Temp\ccAC8NEo.s:316    .text.DAC_SetChannel1Data:0000000000000016 .L0 
C:\Users\User\AppData\Local\Temp\ccAC8NEo.s:317    .text.DAC_SetChannel1Data:0000000000000016 .L0 
C:\Users\User\AppData\Local\Temp\ccAC8NEo.s:319    .text.DAC_SetChannel1Data:0000000000000018 .L0 
C:\Users\User\AppData\Local\Temp\ccAC8NEo.s:321    .text.DAC_SetChannel1Data:000000000000001a .L0 
C:\Users\User\AppData\Local\Temp\ccAC8NEo.s:322    .text.DAC_SetChannel1Data:000000000000001c .L0 
C:\Users\User\AppData\Local\Temp\ccAC8NEo.s:324    .text.DAC_SetChannel1Data:000000000000001e .L0 
C:\Users\User\AppData\Local\Temp\ccAC8NEo.s:331    .text.DAC_SetChannel2Data:0000000000000000 DAC_SetChannel2Data
C:\Users\User\AppData\Local\Temp\ccAC8NEo.s:334    .text.DAC_SetChannel2Data:0000000000000000 .L0 
C:\Users\User\AppData\Local\Temp\ccAC8NEo.s:336    .text.DAC_SetChannel2Data:0000000000000000 .L0 
C:\Users\User\AppData\Local\Temp\ccAC8NEo.s:337    .text.DAC_SetChannel2Data:0000000000000000 .L0 
C:\Users\User\AppData\Local\Temp\ccAC8NEo.s:338    .text.DAC_SetChannel2Data:0000000000000000 $x
C:\Users\User\AppData\Local\Temp\ccAC8NEo.s:338    .text.DAC_SetChannel2Data:0000000000000000 .L0 
C:\Users\User\AppData\Local\Temp\ccAC8NEo.s:339    .text.DAC_SetChannel2Data:0000000000000002 .L0 
C:\Users\User\AppData\Local\Temp\ccAC8NEo.s:341    .text.DAC_SetChannel2Data:0000000000000002 .L0 
C:\Users\User\AppData\Local\Temp\ccAC8NEo.s:343    .text.DAC_SetChannel2Data:0000000000000006 .L0 
C:\Users\User\AppData\Local\Temp\ccAC8NEo.s:345    .text.DAC_SetChannel2Data:0000000000000008 .L0 
C:\Users\User\AppData\Local\Temp\ccAC8NEo.s:346    .text.DAC_SetChannel2Data:0000000000000008 .L0 
C:\Users\User\AppData\Local\Temp\ccAC8NEo.s:349    .text.DAC_SetChannel2Data:000000000000000e .L0 
C:\Users\User\AppData\Local\Temp\ccAC8NEo.s:350    .text.DAC_SetChannel2Data:000000000000000e .L0 
C:\Users\User\AppData\Local\Temp\ccAC8NEo.s:355    .text.DAC_SetChannel2Data:0000000000000016 .L0 
C:\Users\User\AppData\Local\Temp\ccAC8NEo.s:356    .text.DAC_SetChannel2Data:0000000000000016 .L0 
C:\Users\User\AppData\Local\Temp\ccAC8NEo.s:358    .text.DAC_SetChannel2Data:0000000000000018 .L0 
C:\Users\User\AppData\Local\Temp\ccAC8NEo.s:360    .text.DAC_SetChannel2Data:000000000000001a .L0 
C:\Users\User\AppData\Local\Temp\ccAC8NEo.s:361    .text.DAC_SetChannel2Data:000000000000001c .L0 
C:\Users\User\AppData\Local\Temp\ccAC8NEo.s:363    .text.DAC_SetChannel2Data:000000000000001e .L0 
C:\Users\User\AppData\Local\Temp\ccAC8NEo.s:370    .text.DAC_SetDualChannelData:0000000000000000 DAC_SetDualChannelData
C:\Users\User\AppData\Local\Temp\ccAC8NEo.s:373    .text.DAC_SetDualChannelData:0000000000000000 .L0 
C:\Users\User\AppData\Local\Temp\ccAC8NEo.s:375    .text.DAC_SetDualChannelData:0000000000000000 .L0 
C:\Users\User\AppData\Local\Temp\ccAC8NEo.s:376    .text.DAC_SetDualChannelData:0000000000000000 .L0 
C:\Users\User\AppData\Local\Temp\ccAC8NEo.s:377    .text.DAC_SetDualChannelData:0000000000000000 .L0 
C:\Users\User\AppData\Local\Temp\ccAC8NEo.s:378    .text.DAC_SetDualChannelData:0000000000000000 $x
C:\Users\User\AppData\Local\Temp\ccAC8NEo.s:378    .text.DAC_SetDualChannelData:0000000000000000 .L0 
C:\Users\User\AppData\Local\Temp\ccAC8NEo.s:381    .text.DAC_SetDualChannelData:0000000000000006 .L0 
C:\Users\User\AppData\Local\Temp\ccAC8NEo.s:382    .text.DAC_SetDualChannelData:0000000000000006 .L0 
C:\Users\User\AppData\Local\Temp\ccAC8NEo.s:386    .text.DAC_SetDualChannelData:0000000000000008 .L0 
C:\Users\User\AppData\Local\Temp\ccAC8NEo.s:389    .text.DAC_SetDualChannelData:0000000000000010 .L0 
C:\Users\User\AppData\Local\Temp\ccAC8NEo.s:392    .text.DAC_SetDualChannelData:0000000000000012 .L0 
C:\Users\User\AppData\Local\Temp\ccAC8NEo.s:393    .text.DAC_SetDualChannelData:0000000000000012 .L0 
C:\Users\User\AppData\Local\Temp\ccAC8NEo.s:394    .text.DAC_SetDualChannelData:0000000000000012 .L0 
C:\Users\User\AppData\Local\Temp\ccAC8NEo.s:395    .text.DAC_SetDualChannelData:0000000000000012 .L0 
C:\Users\User\AppData\Local\Temp\ccAC8NEo.s:398    .text.DAC_SetDualChannelData:0000000000000014 .L0 
C:\Users\User\AppData\Local\Temp\ccAC8NEo.s:400    .text.DAC_SetDualChannelData:0000000000000016 .L0 
C:\Users\User\AppData\Local\Temp\ccAC8NEo.s:404    .text.DAC_SetDualChannelData:0000000000000018 .L0 
C:\Users\User\AppData\Local\Temp\ccAC8NEo.s:405    .text.DAC_SetDualChannelData:0000000000000018 .L0 
C:\Users\User\AppData\Local\Temp\ccAC8NEo.s:408    .text.DAC_SetDualChannelData:000000000000001c .L0 
C:\Users\User\AppData\Local\Temp\ccAC8NEo.s:415    .text.DAC_GetDataOutputValue:0000000000000000 DAC_GetDataOutputValue
C:\Users\User\AppData\Local\Temp\ccAC8NEo.s:418    .text.DAC_GetDataOutputValue:0000000000000000 .L0 
C:\Users\User\AppData\Local\Temp\ccAC8NEo.s:420    .text.DAC_GetDataOutputValue:0000000000000000 .L0 
C:\Users\User\AppData\Local\Temp\ccAC8NEo.s:421    .text.DAC_GetDataOutputValue:0000000000000000 .L0 
C:\Users\User\AppData\Local\Temp\ccAC8NEo.s:422    .text.DAC_GetDataOutputValue:0000000000000000 $x
C:\Users\User\AppData\Local\Temp\ccAC8NEo.s:422    .text.DAC_GetDataOutputValue:0000000000000000 .L0 
C:\Users\User\AppData\Local\Temp\ccAC8NEo.s:423    .text.DAC_GetDataOutputValue:0000000000000002 .L0 
C:\Users\User\AppData\Local\Temp\ccAC8NEo.s:425    .text.DAC_GetDataOutputValue:0000000000000002 .L0 
C:\Users\User\AppData\Local\Temp\ccAC8NEo.s:427    .text.DAC_GetDataOutputValue:0000000000000006 .L0 
C:\Users\User\AppData\Local\Temp\ccAC8NEo.s:429    .text.DAC_GetDataOutputValue:0000000000000008 .L0 
C:\Users\User\AppData\Local\Temp\ccAC8NEo.s:430    .text.DAC_GetDataOutputValue:0000000000000008 .L0 
C:\Users\User\AppData\Local\Temp\ccAC8NEo.s:433    .text.DAC_GetDataOutputValue:000000000000000e .L0 
C:\Users\User\AppData\Local\Temp\ccAC8NEo.s:434    .text.DAC_GetDataOutputValue:000000000000000e .L0 
C:\Users\User\AppData\Local\Temp\ccAC8NEo.s:436    .text.DAC_GetDataOutputValue:0000000000000010 .L0 
C:\Users\User\AppData\Local\Temp\ccAC8NEo.s:439    .text.DAC_GetDataOutputValue:0000000000000012 .L0 
C:\Users\User\AppData\Local\Temp\ccAC8NEo.s:443    .text.DAC_GetDataOutputValue:000000000000001a .L0 
C:\Users\User\AppData\Local\Temp\ccAC8NEo.s:444    .text.DAC_GetDataOutputValue:000000000000001a .L0 
C:\Users\User\AppData\Local\Temp\ccAC8NEo.s:446    .text.DAC_GetDataOutputValue:000000000000001c .L0 
C:\Users\User\AppData\Local\Temp\ccAC8NEo.s:448    .text.DAC_GetDataOutputValue:000000000000001e .L0 
C:\Users\User\AppData\Local\Temp\ccAC8NEo.s:449    .text.DAC_GetDataOutputValue:0000000000000020 .L0 
C:\Users\User\AppData\Local\Temp\ccAC8NEo.s:452    .text.DAC_GetDataOutputValue:0000000000000026 .L0 
C:\Users\User\AppData\Local\Temp\ccAC8NEo.s:2013   .debug_line_str:00000000000000a5 .L0 
C:\Users\User\AppData\Local\Temp\ccAC8NEo.s:2013   .debug_line_str:00000000000000f7 .L0 
C:\Users\User\AppData\Local\Temp\ccAC8NEo.s:2013   .debug_line_str:000000000000013b .L0 
C:\Users\User\AppData\Local\Temp\ccAC8NEo.s:2013   .debug_line_str:00000000000001c5 .L0 
C:\Users\User\AppData\Local\Temp\ccAC8NEo.s:2013   .debug_line_str:000000000000024b .L0 
C:\Users\User\AppData\Local\Temp\ccAC8NEo.s:2013   .debug_line_str:0000000000000285 .L0 
C:\Users\User\AppData\Local\Temp\ccAC8NEo.s:2013   .debug_line_str:00000000000002c9 .L0 
C:\Users\User\AppData\Local\Temp\ccAC8NEo.s:2013   .debug_line_str:00000000000002d8 .L0 
C:\Users\User\AppData\Local\Temp\ccAC8NEo.s:2013   .debug_line_str:00000000000002e7 .L0 
C:\Users\User\AppData\Local\Temp\ccAC8NEo.s:2013   .debug_line_str:00000000000002f8 .L0 
C:\Users\User\AppData\Local\Temp\ccAC8NEo.s:2013   .debug_line_str:0000000000000302 .L0 
C:\Users\User\AppData\Local\Temp\ccAC8NEo.s:2013   .debug_line_str:000000000000030f .L0 
C:\Users\User\AppData\Local\Temp\ccAC8NEo.s:2013   .debug_line_str:000000000000031a .L0 
C:\Users\User\AppData\Local\Temp\ccAC8NEo.s:2013   .debug_line_str:0000000000000329 .L0 
C:\Users\User\AppData\Local\Temp\ccAC8NEo.s:39     .text.DAC_DeInit:000000000000002c .L0 
C:\Users\User\AppData\Local\Temp\ccAC8NEo.s:91     .text.DAC_Init:000000000000002e .L0 
C:\Users\User\AppData\Local\Temp\ccAC8NEo.s:117    .text.DAC_StructInit:0000000000000012 .L0 
C:\Users\User\AppData\Local\Temp\ccAC8NEo.s:151    .text.DAC_Cmd:000000000000001e .L0 
C:\Users\User\AppData\Local\Temp\ccAC8NEo.s:186    .text.DAC_DMACmd:0000000000000020 .L0 
C:\Users\User\AppData\Local\Temp\ccAC8NEo.s:222    .text.DAC_SoftwareTriggerCmd:0000000000000020 .L0 
C:\Users\User\AppData\Local\Temp\ccAC8NEo.s:254    .text.DAC_DualSoftwareTriggerCmd:0000000000000018 .L0 
C:\Users\User\AppData\Local\Temp\ccAC8NEo.s:288    .text.DAC_WaveGenerationCmd:000000000000001e .L0 
C:\Users\User\AppData\Local\Temp\ccAC8NEo.s:327    .text.DAC_SetChannel1Data:000000000000001e .L0 
C:\Users\User\AppData\Local\Temp\ccAC8NEo.s:366    .text.DAC_SetChannel2Data:000000000000001e .L0 
C:\Users\User\AppData\Local\Temp\ccAC8NEo.s:411    .text.DAC_SetDualChannelData:000000000000001c .L0 
C:\Users\User\AppData\Local\Temp\ccAC8NEo.s:455    .text.DAC_GetDataOutputValue:0000000000000026 .L0 
                     .debug_frame:0000000000000000 .L0 
C:\Users\User\AppData\Local\Temp\ccAC8NEo.s:141    .text.DAC_Cmd:0000000000000016 .L6
C:\Users\User\AppData\Local\Temp\ccAC8NEo.s:176    .text.DAC_DMACmd:0000000000000018 .L9
C:\Users\User\AppData\Local\Temp\ccAC8NEo.s:212    .text.DAC_SoftwareTriggerCmd:0000000000000018 .L12
C:\Users\User\AppData\Local\Temp\ccAC8NEo.s:246    .text.DAC_DualSoftwareTriggerCmd:0000000000000014 .L15
C:\Users\User\AppData\Local\Temp\ccAC8NEo.s:241    .text.DAC_DualSoftwareTriggerCmd:0000000000000010 .L17
C:\Users\User\AppData\Local\Temp\ccAC8NEo.s:278    .text.DAC_WaveGenerationCmd:0000000000000016 .L19
C:\Users\User\AppData\Local\Temp\ccAC8NEo.s:402    .text.DAC_SetDualChannelData:0000000000000018 .L26
C:\Users\User\AppData\Local\Temp\ccAC8NEo.s:384    .text.DAC_SetDualChannelData:0000000000000008 .L28
C:\Users\User\AppData\Local\Temp\ccAC8NEo.s:1040   .debug_abbrev:0000000000000000 .Ldebug_abbrev0
C:\Users\User\AppData\Local\Temp\ccAC8NEo.s:1928   .debug_str:000000000000011f .LASF61
C:\Users\User\AppData\Local\Temp\ccAC8NEo.s:2011   .debug_line_str:0000000000000052 .LASF0
C:\Users\User\AppData\Local\Temp\ccAC8NEo.s:2009   .debug_line_str:0000000000000000 .LASF1
C:\Users\User\AppData\Local\Temp\ccAC8NEo.s:1840   .debug_rnglists:000000000000000c .LLRL13
C:\Users\User\AppData\Local\Temp\ccAC8NEo.s:1880   .debug_line:0000000000000000 .Ldebug_line0
C:\Users\User\AppData\Local\Temp\ccAC8NEo.s:2002   .debug_str:00000000000003b6 .LASF2
C:\Users\User\AppData\Local\Temp\ccAC8NEo.s:1942   .debug_str:0000000000000262 .LASF3
C:\Users\User\AppData\Local\Temp\ccAC8NEo.s:1924   .debug_str:0000000000000110 .LASF6
C:\Users\User\AppData\Local\Temp\ccAC8NEo.s:1936   .debug_str:000000000000022f .LASF4
C:\Users\User\AppData\Local\Temp\ccAC8NEo.s:1892   .debug_str:0000000000000048 .LASF5
C:\Users\User\AppData\Local\Temp\ccAC8NEo.s:1904   .debug_str:00000000000000ae .LASF7
C:\Users\User\AppData\Local\Temp\ccAC8NEo.s:1958   .debug_str:00000000000002c5 .LASF8
C:\Users\User\AppData\Local\Temp\ccAC8NEo.s:1918   .debug_str:00000000000000e7 .LASF9
C:\Users\User\AppData\Local\Temp\ccAC8NEo.s:1898   .debug_str:0000000000000089 .LASF10
C:\Users\User\AppData\Local\Temp\ccAC8NEo.s:1982   .debug_str:000000000000034b .LASF11
C:\Users\User\AppData\Local\Temp\ccAC8NEo.s:1914   .debug_str:00000000000000d4 .LASF12
C:\Users\User\AppData\Local\Temp\ccAC8NEo.s:1944   .debug_str:000000000000026e .LASF13
C:\Users\User\AppData\Local\Temp\ccAC8NEo.s:1990   .debug_str:0000000000000389 .LASF14
C:\Users\User\AppData\Local\Temp\ccAC8NEo.s:1950   .debug_str:000000000000029a .LASF15
C:\Users\User\AppData\Local\Temp\ccAC8NEo.s:1946   .debug_str:0000000000000285 .LASF16
C:\Users\User\AppData\Local\Temp\ccAC8NEo.s:1912   .debug_str:00000000000000cc .LASF17
C:\Users\User\AppData\Local\Temp\ccAC8NEo.s:2006   .debug_str:00000000000003d6 .LASF18
C:\Users\User\AppData\Local\Temp\ccAC8NEo.s:1984   .debug_str:000000000000035d .LASF19
C:\Users\User\AppData\Local\Temp\ccAC8NEo.s:1998   .debug_str:00000000000003a5 .LASF20
C:\Users\User\AppData\Local\Temp\ccAC8NEo.s:1994   .debug_str:000000000000039a .LASF21
C:\Users\User\AppData\Local\Temp\ccAC8NEo.s:1964   .debug_str:00000000000002fb .LASF22
C:\Users\User\AppData\Local\Temp\ccAC8NEo.s:1888   .debug_str:0000000000000036 .LASF23
C:\Users\User\AppData\Local\Temp\ccAC8NEo.s:1968   .debug_str:000000000000030d .LASF24
C:\Users\User\AppData\Local\Temp\ccAC8NEo.s:1966   .debug_str:0000000000000304 .LASF25
C:\Users\User\AppData\Local\Temp\ccAC8NEo.s:1890   .debug_str:000000000000003f .LASF26
C:\Users\User\AppData\Local\Temp\ccAC8NEo.s:1970   .debug_str:0000000000000315 .LASF27
C:\Users\User\AppData\Local\Temp\ccAC8NEo.s:1980   .debug_str:0000000000000342 .LASF28
C:\Users\User\AppData\Local\Temp\ccAC8NEo.s:1902   .debug_str:00000000000000a5 .LASF29
C:\Users\User\AppData\Local\Temp\ccAC8NEo.s:1932   .debug_str:0000000000000218 .LASF30
C:\Users\User\AppData\Local\Temp\ccAC8NEo.s:1906   .debug_str:00000000000000b9 .LASF31
C:\Users\User\AppData\Local\Temp\ccAC8NEo.s:1908   .debug_str:00000000000000be .LASF32
C:\Users\User\AppData\Local\Temp\ccAC8NEo.s:2000   .debug_str:00000000000003aa .LASF33
C:\Users\User\AppData\Local\Temp\ccAC8NEo.s:1916   .debug_str:00000000000000e2 .LASF34
C:\Users\User\AppData\Local\Temp\ccAC8NEo.s:1948   .debug_str:000000000000028e .LASF35
C:\Users\User\AppData\Local\Temp\ccAC8NEo.s:2004   .debug_str:00000000000003c3 .LASF36
C:\Users\User\AppData\Local\Temp\ccAC8NEo.s:1896   .debug_str:0000000000000068 .LASF37
C:\Users\User\AppData\Local\Temp\ccAC8NEo.s:1900   .debug_str:0000000000000094 .LASF38
C:\Users\User\AppData\Local\Temp\ccAC8NEo.s:1974   .debug_str:0000000000000327 .LASF39
C:\Users\User\AppData\Local\Temp\ccAC8NEo.s:1938   .debug_str:000000000000023d .LASF62
C:\Users\User\AppData\Local\Temp\ccAC8NEo.s:1884   .debug_str:0000000000000008 .LASF63
C:\Users\User\AppData\Local\Temp\ccAC8NEo.s:416    .text.DAC_GetDataOutputValue:0000000000000000 .LFB51
C:\Users\User\AppData\Local\Temp\ccAC8NEo.s:453    .text.DAC_GetDataOutputValue:0000000000000026 .LFE51
C:\Users\User\AppData\Local\Temp\ccAC8NEo.s:1954   .debug_str:00000000000002ae .LASF40
C:\Users\User\AppData\Local\Temp\ccAC8NEo.s:1543   .debug_loclists:000000000000000c .LLST12
C:\Users\User\AppData\Local\Temp\ccAC8NEo.s:1920   .debug_str:00000000000000f0 .LASF45
C:\Users\User\AppData\Local\Temp\ccAC8NEo.s:371    .text.DAC_SetDualChannelData:0000000000000000 .LFB50
C:\Users\User\AppData\Local\Temp\ccAC8NEo.s:409    .text.DAC_SetDualChannelData:000000000000001c .LFE50
C:\Users\User\AppData\Local\Temp\ccAC8NEo.s:1972   .debug_str:000000000000031d .LASF41
C:\Users\User\AppData\Local\Temp\ccAC8NEo.s:1558   .debug_loclists:0000000000000026 .LLST7
C:\Users\User\AppData\Local\Temp\ccAC8NEo.s:1976   .debug_str:0000000000000337 .LASF42
C:\Users\User\AppData\Local\Temp\ccAC8NEo.s:1578   .debug_loclists:000000000000004b .LLST8
C:\Users\User\AppData\Local\Temp\ccAC8NEo.s:1996   .debug_str:000000000000039f .LASF43
C:\Users\User\AppData\Local\Temp\ccAC8NEo.s:1606   .debug_loclists:000000000000007e .LLST9
C:\Users\User\AppData\Local\Temp\ccAC8NEo.s:1978   .debug_str:000000000000033d .LASF44
C:\Users\User\AppData\Local\Temp\ccAC8NEo.s:1626   .debug_loclists:00000000000000a3 .LLST10
C:\Users\User\AppData\Local\Temp\ccAC8NEo.s:1645   .debug_loclists:00000000000000c7 .LLST11
C:\Users\User\AppData\Local\Temp\ccAC8NEo.s:1986   .debug_str:000000000000036d .LASF46
C:\Users\User\AppData\Local\Temp\ccAC8NEo.s:332    .text.DAC_SetChannel2Data:0000000000000000 .LFB49
C:\Users\User\AppData\Local\Temp\ccAC8NEo.s:364    .text.DAC_SetChannel2Data:000000000000001e .LFE49
C:\Users\User\AppData\Local\Temp\ccAC8NEo.s:1926   .debug_str:000000000000011a .LASF47
C:\Users\User\AppData\Local\Temp\ccAC8NEo.s:1930   .debug_str:0000000000000204 .LASF48
C:\Users\User\AppData\Local\Temp\ccAC8NEo.s:293    .text.DAC_SetChannel1Data:0000000000000000 .LFB48
C:\Users\User\AppData\Local\Temp\ccAC8NEo.s:325    .text.DAC_SetChannel1Data:000000000000001e .LFE48
C:\Users\User\AppData\Local\Temp\ccAC8NEo.s:1894   .debug_str:0000000000000052 .LASF49
C:\Users\User\AppData\Local\Temp\ccAC8NEo.s:259    .text.DAC_WaveGenerationCmd:0000000000000000 .LFB47
C:\Users\User\AppData\Local\Temp\ccAC8NEo.s:286    .text.DAC_WaveGenerationCmd:000000000000001e .LFE47
C:\Users\User\AppData\Local\Temp\ccAC8NEo.s:1922   .debug_str:0000000000000107 .LASF50
C:\Users\User\AppData\Local\Temp\ccAC8NEo.s:1671   .debug_loclists:00000000000000fc .LLST6
C:\Users\User\AppData\Local\Temp\ccAC8NEo.s:1910   .debug_str:00000000000000c3 .LASF51
C:\Users\User\AppData\Local\Temp\ccAC8NEo.s:1960   .debug_str:00000000000002d8 .LASF52
C:\Users\User\AppData\Local\Temp\ccAC8NEo.s:227    .text.DAC_DualSoftwareTriggerCmd:0000000000000000 .LFB46
C:\Users\User\AppData\Local\Temp\ccAC8NEo.s:252    .text.DAC_DualSoftwareTriggerCmd:0000000000000018 .LFE46
C:\Users\User\AppData\Local\Temp\ccAC8NEo.s:1886   .debug_str:000000000000001f .LASF53
C:\Users\User\AppData\Local\Temp\ccAC8NEo.s:191    .text.DAC_SoftwareTriggerCmd:0000000000000000 .LFB45
C:\Users\User\AppData\Local\Temp\ccAC8NEo.s:220    .text.DAC_SoftwareTriggerCmd:0000000000000020 .LFE45
C:\Users\User\AppData\Local\Temp\ccAC8NEo.s:1686   .debug_loclists:0000000000000116 .LLST5
C:\Users\User\AppData\Local\Temp\ccAC8NEo.s:1952   .debug_str:00000000000002a3 .LASF54
C:\Users\User\AppData\Local\Temp\ccAC8NEo.s:156    .text.DAC_DMACmd:0000000000000000 .LFB44
C:\Users\User\AppData\Local\Temp\ccAC8NEo.s:184    .text.DAC_DMACmd:0000000000000020 .LFE44
C:\Users\User\AppData\Local\Temp\ccAC8NEo.s:1701   .debug_loclists:0000000000000130 .LLST4
C:\Users\User\AppData\Local\Temp\ccAC8NEo.s:1988   .debug_str:0000000000000381 .LASF55
C:\Users\User\AppData\Local\Temp\ccAC8NEo.s:122    .text.DAC_Cmd:0000000000000000 .LFB43
C:\Users\User\AppData\Local\Temp\ccAC8NEo.s:149    .text.DAC_Cmd:000000000000001e .LFE43
C:\Users\User\AppData\Local\Temp\ccAC8NEo.s:1716   .debug_loclists:000000000000014a .LLST3
C:\Users\User\AppData\Local\Temp\ccAC8NEo.s:1940   .debug_str:0000000000000253 .LASF56
C:\Users\User\AppData\Local\Temp\ccAC8NEo.s:96     .text.DAC_StructInit:0000000000000000 .LFB42
C:\Users\User\AppData\Local\Temp\ccAC8NEo.s:115    .text.DAC_StructInit:0000000000000012 .LFE42
C:\Users\User\AppData\Local\Temp\ccAC8NEo.s:1934   .debug_str:0000000000000220 .LASF57
C:\Users\User\AppData\Local\Temp\ccAC8NEo.s:1992   .debug_str:0000000000000391 .LASF58
C:\Users\User\AppData\Local\Temp\ccAC8NEo.s:44     .text.DAC_Init:0000000000000000 .LFB41
C:\Users\User\AppData\Local\Temp\ccAC8NEo.s:89     .text.DAC_Init:000000000000002e .LFE41
C:\Users\User\AppData\Local\Temp\ccAC8NEo.s:1731   .debug_loclists:0000000000000164 .LLST0
C:\Users\User\AppData\Local\Temp\ccAC8NEo.s:1882   .debug_str:0000000000000000 .LASF59
C:\Users\User\AppData\Local\Temp\ccAC8NEo.s:1746   .debug_loclists:000000000000017e .LLST1
C:\Users\User\AppData\Local\Temp\ccAC8NEo.s:1962   .debug_str:00000000000002f3 .LASF60
C:\Users\User\AppData\Local\Temp\ccAC8NEo.s:1769   .debug_loclists:00000000000001ac .LLST2
C:\Users\User\AppData\Local\Temp\ccAC8NEo.s:1956   .debug_str:00000000000002ba .LASF64
C:\Users\User\AppData\Local\Temp\ccAC8NEo.s:15     .text.DAC_DeInit:0000000000000000 .LFB40
C:\Users\User\AppData\Local\Temp\ccAC8NEo.s:37     .text.DAC_DeInit:000000000000002c .LFE40
C:\Users\User\AppData\Local\Temp\ccAC8NEo.s:26     .text.DAC_DeInit:0000000000000016 .LVL0
C:\Users\User\AppData\Local\Temp\ccAC8NEo.s:31     .text.DAC_DeInit:0000000000000024 .LVL1
C:\Users\User\AppData\Local\Temp\ccAC8NEo.s:419    .text.DAC_GetDataOutputValue:0000000000000000 .LVL26
C:\Users\User\AppData\Local\Temp\ccAC8NEo.s:437    .text.DAC_GetDataOutputValue:0000000000000012 .LVL27
C:\Users\User\AppData\Local\Temp\ccAC8NEo.s:374    .text.DAC_SetDualChannelData:0000000000000000 .LVL20
C:\Users\User\AppData\Local\Temp\ccAC8NEo.s:396    .text.DAC_SetDualChannelData:0000000000000014 .LVL23
C:\Users\User\AppData\Local\Temp\ccAC8NEo.s:401    .text.DAC_SetDualChannelData:0000000000000018 .LVL24
C:\Users\User\AppData\Local\Temp\ccAC8NEo.s:383    .text.DAC_SetDualChannelData:0000000000000008 .LVL21
C:\Users\User\AppData\Local\Temp\ccAC8NEo.s:406    .text.DAC_SetDualChannelData:000000000000001a .LVL25
C:\Users\User\AppData\Local\Temp\ccAC8NEo.s:390    .text.DAC_SetDualChannelData:0000000000000012 .LVL22
C:\Users\User\AppData\Local\Temp\ccAC8NEo.s:262    .text.DAC_WaveGenerationCmd:0000000000000000 .LVL16
C:\Users\User\AppData\Local\Temp\ccAC8NEo.s:270    .text.DAC_WaveGenerationCmd:000000000000000e .LVL17
C:\Users\User\AppData\Local\Temp\ccAC8NEo.s:194    .text.DAC_SoftwareTriggerCmd:0000000000000000 .LVL13
C:\Users\User\AppData\Local\Temp\ccAC8NEo.s:202    .text.DAC_SoftwareTriggerCmd:000000000000000c .LVL14
C:\Users\User\AppData\Local\Temp\ccAC8NEo.s:159    .text.DAC_DMACmd:0000000000000000 .LVL11
C:\Users\User\AppData\Local\Temp\ccAC8NEo.s:164    .text.DAC_DMACmd:0000000000000006 .LVL12
C:\Users\User\AppData\Local\Temp\ccAC8NEo.s:125    .text.DAC_Cmd:0000000000000000 .LVL9
C:\Users\User\AppData\Local\Temp\ccAC8NEo.s:133    .text.DAC_Cmd:000000000000000e .LVL10
C:\Users\User\AppData\Local\Temp\ccAC8NEo.s:47     .text.DAC_Init:0000000000000000 .LVL2
C:\Users\User\AppData\Local\Temp\ccAC8NEo.s:78     .text.DAC_Init:0000000000000028 .LVL5
C:\Users\User\AppData\Local\Temp\ccAC8NEo.s:54     .text.DAC_Init:000000000000000a .LVL3
C:\Users\User\AppData\Local\Temp\ccAC8NEo.s:64     .text.DAC_Init:0000000000000018 .LVL4
C:\Users\User\AppData\Local\Temp\ccAC8NEo.s:81     .text.DAC_Init:000000000000002a .LVL6
C:\Users\User\AppData\Local\Temp\ccAC8NEo.s:85     .text.DAC_Init:000000000000002c .LVL7
C:\Users\User\AppData\Local\Temp\ccAC8NEo.s:464    .debug_info:0000000000000000 .Ldebug_info0

UNDEFINED SYMBOLS
__riscv_save_0
RCC_HB1PeriphResetCmd
__riscv_restore_0
