   1              		.file	"ch32h417_serdes.c"
   2              		.option nopic
   3              		.attribute arch, "rv32i2p0_m2p0_a2p0_c2p0_zba1p0_zbb1p0_zbc1p0_zbs1p0_xw"
   4              		.attribute unaligned_access, 0
   5              		.attribute stack_align, 16
   6              		.text
   7              	.Ltext0:
   8              		.cfi_sections	.debug_frame
   9              		.file 0 "c:\\Users\\User\\Documents\\GitHub\\ch32h417\\EVT\\EXAM\\USBFS\\DEVICE\\SimulateCDC\\V3F\
  10              		.section	.text.SDS_Config,"ax",@progbits
  11              		.align	1
  12              		.globl	SDS_Config
  14              	SDS_Config:
  15              	.LFB40:
  16              		.file 1 "c:/Users/User/Documents/GitHub/ch32h417/EVT/EXAM/SRC/Peripheral/src/ch32h417_serdes.c"
   1:c:/Users/User/Documents/GitHub/ch32h417/EVT/EXAM/SRC/Peripheral/src\ch32h417_serdes.c **** /********************************** (C) COPYRIGHT  *******************************
   2:c:/Users/User/Documents/GitHub/ch32h417/EVT/EXAM/SRC/Peripheral/src\ch32h417_serdes.c ****  * File Name          : ch32h417_serdes.c
   3:c:/Users/User/Documents/GitHub/ch32h417/EVT/EXAM/SRC/Peripheral/src\ch32h417_serdes.c ****  * Author             : WCH
   4:c:/Users/User/Documents/GitHub/ch32h417/EVT/EXAM/SRC/Peripheral/src\ch32h417_serdes.c ****  * Version            : V1.0.1
   5:c:/Users/User/Documents/GitHub/ch32h417/EVT/EXAM/SRC/Peripheral/src\ch32h417_serdes.c ****  * Date               : 2025/10/21
   6:c:/Users/User/Documents/GitHub/ch32h417/EVT/EXAM/SRC/Peripheral/src\ch32h417_serdes.c ****  * Description        : This file provides all the SerDes firmware functions.
   7:c:/Users/User/Documents/GitHub/ch32h417/EVT/EXAM/SRC/Peripheral/src\ch32h417_serdes.c ****  * Copyright (c) 2025 Nanjing Qinheng Microelectronics Co., Ltd.
   8:c:/Users/User/Documents/GitHub/ch32h417/EVT/EXAM/SRC/Peripheral/src\ch32h417_serdes.c ****  * Attention: This software (modified or not) and binary are used for
   9:c:/Users/User/Documents/GitHub/ch32h417/EVT/EXAM/SRC/Peripheral/src\ch32h417_serdes.c ****  * microcontroller manufactured by Nanjing Qinheng Microelectronics.
  10:c:/Users/User/Documents/GitHub/ch32h417/EVT/EXAM/SRC/Peripheral/src\ch32h417_serdes.c ****  *******************************************************************************/
  11:c:/Users/User/Documents/GitHub/ch32h417/EVT/EXAM/SRC/Peripheral/src\ch32h417_serdes.c **** #include "ch32h417_serdes.h"
  12:c:/Users/User/Documents/GitHub/ch32h417/EVT/EXAM/SRC/Peripheral/src\ch32h417_serdes.c **** #include "ch32h417.h"
  13:c:/Users/User/Documents/GitHub/ch32h417/EVT/EXAM/SRC/Peripheral/src\ch32h417_serdes.c **** 
  14:c:/Users/User/Documents/GitHub/ch32h417/EVT/EXAM/SRC/Peripheral/src\ch32h417_serdes.c **** /*********************************************************************
  15:c:/Users/User/Documents/GitHub/ch32h417/EVT/EXAM/SRC/Peripheral/src\ch32h417_serdes.c ****  * @fn      SDS_Config
  16:c:/Users/User/Documents/GitHub/ch32h417/EVT/EXAM/SRC/Peripheral/src\ch32h417_serdes.c ****  * 
  17:c:/Users/User/Documents/GitHub/ch32h417/EVT/EXAM/SRC/Peripheral/src\ch32h417_serdes.c ****  * @brief   The function `SDS_Config` configures a SDS device based on the provided configuration a
  18:c:/Users/User/Documents/GitHub/ch32h417/EVT/EXAM/SRC/Peripheral/src\ch32h417_serdes.c ****  *        returning a status.
  19:c:/Users/User/Documents/GitHub/ch32h417/EVT/EXAM/SRC/Peripheral/src\ch32h417_serdes.c ****  * 
  20:c:/Users/User/Documents/GitHub/ch32h417/EVT/EXAM/SRC/Peripheral/src\ch32h417_serdes.c ****  * @param   SDSx The `SDSx` parameter is a pointer to a structure of type `SDS_TypeDef`.
  21:c:/Users/User/Documents/GitHub/ch32h417/EVT/EXAM/SRC/Peripheral/src\ch32h417_serdes.c ****  *          sds_cfg The `sds_cfg` parameter is a pointer to a structure of type `SDS_CFG_TypeDef`.
  22:c:/Users/User/Documents/GitHub/ch32h417/EVT/EXAM/SRC/Peripheral/src\ch32h417_serdes.c ****  * 
  23:c:/Users/User/Documents/GitHub/ch32h417/EVT/EXAM/SRC/Peripheral/src\ch32h417_serdes.c ****  * @return  none
  24:c:/Users/User/Documents/GitHub/ch32h417/EVT/EXAM/SRC/Peripheral/src\ch32h417_serdes.c ****  */
  25:c:/Users/User/Documents/GitHub/ch32h417/EVT/EXAM/SRC/Peripheral/src\ch32h417_serdes.c **** void SDS_Config(SDS_TypeDef *SDSx, SDS_CFG_TypeDef *sds_cfg)
  26:c:/Users/User/Documents/GitHub/ch32h417/EVT/EXAM/SRC/Peripheral/src\ch32h417_serdes.c **** {
  17              		.loc 1 26 1
  18              		.cfi_startproc
  19              	.LVL0:
  27:c:/Users/User/Documents/GitHub/ch32h417/EVT/EXAM/SRC/Peripheral/src\ch32h417_serdes.c ****     SDSx->CTRL = *(uint32_t*)sds_cfg;
  20              		.loc 1 27 5
  21              		.loc 1 27 18 is_stmt 0
  22 0000 9C41     		lw	a5,0(a1)
  23              		.loc 1 27 16
  24 0002 1CC1     		sw	a5,0(a0)
  28:c:/Users/User/Documents/GitHub/ch32h417/EVT/EXAM/SRC/Peripheral/src\ch32h417_serdes.c **** }
  25              		.loc 1 28 1
  26 0004 8280     		ret
  27              		.cfi_endproc
  28              	.LFE40:
  30              		.section	.text.SDS_DMA_Tx_CFG,"ax",@progbits
  31              		.align	1
  32              		.globl	SDS_DMA_Tx_CFG
  34              	SDS_DMA_Tx_CFG:
  35              	.LFB41:
  29:c:/Users/User/Documents/GitHub/ch32h417/EVT/EXAM/SRC/Peripheral/src\ch32h417_serdes.c **** 
  30:c:/Users/User/Documents/GitHub/ch32h417/EVT/EXAM/SRC/Peripheral/src\ch32h417_serdes.c **** /*********************************************************************
  31:c:/Users/User/Documents/GitHub/ch32h417/EVT/EXAM/SRC/Peripheral/src\ch32h417_serdes.c ****  * @fn      SDS_DMA_Tx_CFG
  32:c:/Users/User/Documents/GitHub/ch32h417/EVT/EXAM/SRC/Peripheral/src\ch32h417_serdes.c ****  * 
  33:c:/Users/User/Documents/GitHub/ch32h417/EVT/EXAM/SRC/Peripheral/src\ch32h417_serdes.c ****  * @brief   The function `SDS_DMA_Tx_CFG` sets custom word, DMA address, and data length in a SDS s
  34:c:/Users/User/Documents/GitHub/ch32h417/EVT/EXAM/SRC/Peripheral/src\ch32h417_serdes.c ****  * 
  35:c:/Users/User/Documents/GitHub/ch32h417/EVT/EXAM/SRC/Peripheral/src\ch32h417_serdes.c ****  * @param   SDSx The `SDSx` parameter is a pointer to a structure of type `SDS_TypeDef`.
  36:c:/Users/User/Documents/GitHub/ch32h417/EVT/EXAM/SRC/Peripheral/src\ch32h417_serdes.c ****  *          DMAaddr DMAaddr is the memory address where the data to be transmitted is located.
  37:c:/Users/User/Documents/GitHub/ch32h417/EVT/EXAM/SRC/Peripheral/src\ch32h417_serdes.c ****  *          DataLen The `DataLen` parameter in the `SDS_DMA_Tx_CFG` function represents the length 
  38:c:/Users/User/Documents/GitHub/ch32h417/EVT/EXAM/SRC/Peripheral/src\ch32h417_serdes.c ****  *        transmitted via DMA (Direct Memory Access). It specifies the number of data elements to b
  39:c:/Users/User/Documents/GitHub/ch32h417/EVT/EXAM/SRC/Peripheral/src\ch32h417_serdes.c ****  *          CustomWord CustomWord is a 32-bit unsigned integer that is written to the DATA0 registe
  40:c:/Users/User/Documents/GitHub/ch32h417/EVT/EXAM/SRC/Peripheral/src\ch32h417_serdes.c ****  *        structure.
  41:c:/Users/User/Documents/GitHub/ch32h417/EVT/EXAM/SRC/Peripheral/src\ch32h417_serdes.c ****  * 
  42:c:/Users/User/Documents/GitHub/ch32h417/EVT/EXAM/SRC/Peripheral/src\ch32h417_serdes.c ****  * @return  none
  43:c:/Users/User/Documents/GitHub/ch32h417/EVT/EXAM/SRC/Peripheral/src\ch32h417_serdes.c ****  */
  44:c:/Users/User/Documents/GitHub/ch32h417/EVT/EXAM/SRC/Peripheral/src\ch32h417_serdes.c **** void SDS_DMA_Tx_CFG(SDS_TypeDef *SDSx, uint32_t DMAaddr, uint32_t DataLen, uint32_t CustomWord)
  45:c:/Users/User/Documents/GitHub/ch32h417/EVT/EXAM/SRC/Peripheral/src\ch32h417_serdes.c **** {
  36              		.loc 1 45 1 is_stmt 1
  37              		.cfi_startproc
  38              	.LVL1:
  46:c:/Users/User/Documents/GitHub/ch32h417/EVT/EXAM/SRC/Peripheral/src\ch32h417_serdes.c ****     
  47:c:/Users/User/Documents/GitHub/ch32h417/EVT/EXAM/SRC/Peripheral/src\ch32h417_serdes.c ****     SDSx->DATA0 = CustomWord;
  39              		.loc 1 47 5
  40              		.loc 1 47 17 is_stmt 0
  41 0000 54C9     		sw	a3,20(a0)
  48:c:/Users/User/Documents/GitHub/ch32h417/EVT/EXAM/SRC/Peripheral/src\ch32h417_serdes.c ****     SDSx->DMA_0 = DMAaddr;
  42              		.loc 1 48 5 is_stmt 1
  43              		.loc 1 48 17 is_stmt 0
  44 0002 0CCD     		sw	a1,24(a0)
  49:c:/Users/User/Documents/GitHub/ch32h417/EVT/EXAM/SRC/Peripheral/src\ch32h417_serdes.c ****     SDSx->RTX_CTRL = (SDSx->RTX_CTRL & 0xFFFF0000) | (DataLen & 0xFFFF); 
  45              		.loc 1 49 5 is_stmt 1
  46              		.loc 1 49 27 is_stmt 0
  47 0004 5C45     		lw	a5,12(a0)
  48              		.loc 1 49 38
  49 0006 4177     		li	a4,-65536
  50              		.loc 1 49 63
  51 0008 33460608 		zext.h	a2,a2
  52              	.LVL2:
  53              		.loc 1 49 38
  54 000c F98F     		and	a5,a5,a4
  55              		.loc 1 49 52
  56 000e D18F     		or	a5,a5,a2
  57              		.loc 1 49 20
  58 0010 5CC5     		sw	a5,12(a0)
  50:c:/Users/User/Documents/GitHub/ch32h417/EVT/EXAM/SRC/Peripheral/src\ch32h417_serdes.c ****     SDSx->RTX_CTRL |= SDS_TX_VLD;
  59              		.loc 1 50 5 is_stmt 1
  60              		.loc 1 50 9 is_stmt 0
  61 0012 5C45     		lw	a5,12(a0)
  62              		.loc 1 50 20
  63 0014 93971729 		bseti	a5,a5,17
  64 0018 5CC5     		sw	a5,12(a0)
  51:c:/Users/User/Documents/GitHub/ch32h417/EVT/EXAM/SRC/Peripheral/src\ch32h417_serdes.c **** }
  65              		.loc 1 51 1
  66 001a 8280     		ret
  67              		.cfi_endproc
  68              	.LFE41:
  70              		.section	.text.SDS_DMA_Rx_CFG,"ax",@progbits
  71              		.align	1
  72              		.globl	SDS_DMA_Rx_CFG
  74              	SDS_DMA_Rx_CFG:
  75              	.LFB42:
  52:c:/Users/User/Documents/GitHub/ch32h417/EVT/EXAM/SRC/Peripheral/src\ch32h417_serdes.c **** 
  53:c:/Users/User/Documents/GitHub/ch32h417/EVT/EXAM/SRC/Peripheral/src\ch32h417_serdes.c **** /*********************************************************************
  54:c:/Users/User/Documents/GitHub/ch32h417/EVT/EXAM/SRC/Peripheral/src\ch32h417_serdes.c ****  * @fn      SDS_DMA_Rx_CFG
  55:c:/Users/User/Documents/GitHub/ch32h417/EVT/EXAM/SRC/Peripheral/src\ch32h417_serdes.c ****  * 
  56:c:/Users/User/Documents/GitHub/ch32h417/EVT/EXAM/SRC/Peripheral/src\ch32h417_serdes.c ****  * @brief   The function `SDS_DMA_Rx_CFG` configures DMA receive addresses and data lengths for an 
  57:c:/Users/User/Documents/GitHub/ch32h417/EVT/EXAM/SRC/Peripheral/src\ch32h417_serdes.c ****  * status if the addresses are not aligned.
  58:c:/Users/User/Documents/GitHub/ch32h417/EVT/EXAM/SRC/Peripheral/src\ch32h417_serdes.c ****  * 
  59:c:/Users/User/Documents/GitHub/ch32h417/EVT/EXAM/SRC/Peripheral/src\ch32h417_serdes.c ****  * @param   SDSx SDS_TypeDef pointer representing the SDS peripheral
  60:c:/Users/User/Documents/GitHub/ch32h417/EVT/EXAM/SRC/Peripheral/src\ch32h417_serdes.c ****  *          DMAaddr0 DMAaddr0 is the memory address for the first DMA transfer.
  61:c:/Users/User/Documents/GitHub/ch32h417/EVT/EXAM/SRC/Peripheral/src\ch32h417_serdes.c ****  *          DataLen0 It seems like you forgot to provide the definition for the parameter `DataLen0
  62:c:/Users/User/Documents/GitHub/ch32h417/EVT/EXAM/SRC/Peripheral/src\ch32h417_serdes.c ****  *        provide more information about what `DataLen0` represents in the context of the `SDS_DMA_
  63:c:/Users/User/Documents/GitHub/ch32h417/EVT/EXAM/SRC/Peripheral/src\ch32h417_serdes.c ****  *          DMAaddr1 DMAaddr1 is the memory address for the second block of data to be transferred 
  64:c:/Users/User/Documents/GitHub/ch32h417/EVT/EXAM/SRC/Peripheral/src\ch32h417_serdes.c ****  *          DataLen1 It seems like you missed providing the definition for the parameter `DataLen1`
  65:c:/Users/User/Documents/GitHub/ch32h417/EVT/EXAM/SRC/Peripheral/src\ch32h417_serdes.c ****  *        more information or clarify what `DataLen1` represents in the context of the `SDS_DMA_Rx_
  66:c:/Users/User/Documents/GitHub/ch32h417/EVT/EXAM/SRC/Peripheral/src\ch32h417_serdes.c ****  * 
  67:c:/Users/User/Documents/GitHub/ch32h417/EVT/EXAM/SRC/Peripheral/src\ch32h417_serdes.c ****  * @return  The function `SDS_DMA_Rx_CFG` will return either `NoREADY` or `READY` based on the cond
  68:c:/Users/User/Documents/GitHub/ch32h417/EVT/EXAM/SRC/Peripheral/src\ch32h417_serdes.c ****  *        code snippet.
  69:c:/Users/User/Documents/GitHub/ch32h417/EVT/EXAM/SRC/Peripheral/src\ch32h417_serdes.c ****  */
  70:c:/Users/User/Documents/GitHub/ch32h417/EVT/EXAM/SRC/Peripheral/src\ch32h417_serdes.c **** ErrorStatus SDS_DMA_Rx_CFG(SDS_TypeDef *SDSx, uint32_t DMAaddr0, uint32_t DMAaddr1)
  71:c:/Users/User/Documents/GitHub/ch32h417/EVT/EXAM/SRC/Peripheral/src\ch32h417_serdes.c **** {
  76              		.loc 1 71 1 is_stmt 1
  77              		.cfi_startproc
  78              	.LVL3:
  72:c:/Users/User/Documents/GitHub/ch32h417/EVT/EXAM/SRC/Peripheral/src\ch32h417_serdes.c ****     if ((DMAaddr0 & 0xf) || (DMAaddr1 & 0xf))
  79              		.loc 1 72 5
  80              		.loc 1 72 26 is_stmt 0
  81 0000 B3E7C500 		or	a5,a1,a2
  82 0004 BD8B     		andi	a5,a5,15
  83 0006 89EB     		bne	a5,zero,.L5
  73:c:/Users/User/Documents/GitHub/ch32h417/EVT/EXAM/SRC/Peripheral/src\ch32h417_serdes.c ****     {
  74:c:/Users/User/Documents/GitHub/ch32h417/EVT/EXAM/SRC/Peripheral/src\ch32h417_serdes.c ****         return NoREADY;
  75:c:/Users/User/Documents/GitHub/ch32h417/EVT/EXAM/SRC/Peripheral/src\ch32h417_serdes.c ****     }
  76:c:/Users/User/Documents/GitHub/ch32h417/EVT/EXAM/SRC/Peripheral/src\ch32h417_serdes.c **** 
  77:c:/Users/User/Documents/GitHub/ch32h417/EVT/EXAM/SRC/Peripheral/src\ch32h417_serdes.c ****     SDSx->DMA_0 = DMAaddr0;
  84              		.loc 1 77 5 is_stmt 1
  85              		.loc 1 77 17 is_stmt 0
  86 0008 0CCD     		sw	a1,24(a0)
  78:c:/Users/User/Documents/GitHub/ch32h417/EVT/EXAM/SRC/Peripheral/src\ch32h417_serdes.c ****     SDSx->DMA_1 = DMAaddr1;
  87              		.loc 1 78 5 is_stmt 1
  88              		.loc 1 78 17 is_stmt 0
  89 000a 50D1     		sw	a2,36(a0)
  79:c:/Users/User/Documents/GitHub/ch32h417/EVT/EXAM/SRC/Peripheral/src\ch32h417_serdes.c ****     SDSx->CTRL |= 1<<7;
  90              		.loc 1 79 5 is_stmt 1
  91              		.loc 1 79 9 is_stmt 0
  92 000c 1C41     		lw	a5,0(a0)
  93              		.loc 1 79 16
  94 000e 93E70708 		ori	a5,a5,128
  95 0012 1CC1     		sw	a5,0(a0)
  80:c:/Users/User/Documents/GitHub/ch32h417/EVT/EXAM/SRC/Peripheral/src\ch32h417_serdes.c **** 
  81:c:/Users/User/Documents/GitHub/ch32h417/EVT/EXAM/SRC/Peripheral/src\ch32h417_serdes.c ****     return READY;
  96              		.loc 1 81 5 is_stmt 1
  97              		.loc 1 81 12 is_stmt 0
  98 0014 0545     		li	a0,1
  99              	.LVL4:
 100 0016 8280     		ret
 101              	.LVL5:
 102              	.L5:
  74:c:/Users/User/Documents/GitHub/ch32h417/EVT/EXAM/SRC/Peripheral/src\ch32h417_serdes.c ****     }
 103              		.loc 1 74 16
 104 0018 0145     		li	a0,0
 105              	.LVL6:
  82:c:/Users/User/Documents/GitHub/ch32h417/EVT/EXAM/SRC/Peripheral/src\ch32h417_serdes.c **** }
 106              		.loc 1 82 1
 107 001a 8280     		ret
 108              		.cfi_endproc
 109              	.LFE42:
 111              		.section	.text.SDS_GetFirstWord,"ax",@progbits
 112              		.align	1
 113              		.globl	SDS_GetFirstWord
 115              	SDS_GetFirstWord:
 116              	.LFB43:
  83:c:/Users/User/Documents/GitHub/ch32h417/EVT/EXAM/SRC/Peripheral/src\ch32h417_serdes.c **** 
  84:c:/Users/User/Documents/GitHub/ch32h417/EVT/EXAM/SRC/Peripheral/src\ch32h417_serdes.c **** /*********************************************************************
  85:c:/Users/User/Documents/GitHub/ch32h417/EVT/EXAM/SRC/Peripheral/src\ch32h417_serdes.c ****  * @fn      SDS_GetFirstWord
  86:c:/Users/User/Documents/GitHub/ch32h417/EVT/EXAM/SRC/Peripheral/src\ch32h417_serdes.c ****  * 
  87:c:/Users/User/Documents/GitHub/ch32h417/EVT/EXAM/SRC/Peripheral/src\ch32h417_serdes.c ****  * @brief   The function `SDS_GetFirstWord` returns the first word from a specified buffer in an SD
  88:c:/Users/User/Documents/GitHub/ch32h417/EVT/EXAM/SRC/Peripheral/src\ch32h417_serdes.c ****  * 
  89:c:/Users/User/Documents/GitHub/ch32h417/EVT/EXAM/SRC/Peripheral/src\ch32h417_serdes.c ****  * @param   SDSx SDS_TypeDef structure pointer containing two data fields DATA0 and DATA1
  90:c:/Users/User/Documents/GitHub/ch32h417/EVT/EXAM/SRC/Peripheral/src\ch32h417_serdes.c ****  *          buffnum `buffnum` is an input parameter of type `uint8_t` that determines which buffer'
  91:c:/Users/User/Documents/GitHub/ch32h417/EVT/EXAM/SRC/Peripheral/src\ch32h417_serdes.c ****  *        `buffnum` is 0, the function returns the value stored in `SDSx->DATA0`. If `buffnum` is n
  92:c:/Users/User/Documents/GitHub/ch32h417/EVT/EXAM/SRC/Peripheral/src\ch32h417_serdes.c ****  * 
  93:c:/Users/User/Documents/GitHub/ch32h417/EVT/EXAM/SRC/Peripheral/src\ch32h417_serdes.c ****  * @return  The function `SDS_GetFirstWord` returns the first word from the specified buffer number
  94:c:/Users/User/Documents/GitHub/ch32h417/EVT/EXAM/SRC/Peripheral/src\ch32h417_serdes.c ****  *        structure. If `buffnum` is 0, it returns `SDSx->DATA0`, otherwise it returns `SDSx->DATA1
  95:c:/Users/User/Documents/GitHub/ch32h417/EVT/EXAM/SRC/Peripheral/src\ch32h417_serdes.c ****  */
  96:c:/Users/User/Documents/GitHub/ch32h417/EVT/EXAM/SRC/Peripheral/src\ch32h417_serdes.c **** uint32_t SDS_GetFirstWord(SDS_TypeDef *SDSx, uint8_t buffnum)
  97:c:/Users/User/Documents/GitHub/ch32h417/EVT/EXAM/SRC/Peripheral/src\ch32h417_serdes.c **** {
 117              		.loc 1 97 1 is_stmt 1
 118              		.cfi_startproc
 119              	.LVL7:
  98:c:/Users/User/Documents/GitHub/ch32h417/EVT/EXAM/SRC/Peripheral/src\ch32h417_serdes.c ****     if (buffnum == 0)
 120              		.loc 1 98 5
 121              		.loc 1 98 8 is_stmt 0
 122 0000 99E1     		bne	a1,zero,.L7
  99:c:/Users/User/Documents/GitHub/ch32h417/EVT/EXAM/SRC/Peripheral/src\ch32h417_serdes.c ****     {
 100:c:/Users/User/Documents/GitHub/ch32h417/EVT/EXAM/SRC/Peripheral/src\ch32h417_serdes.c ****         return SDSx->DATA0;
 123              		.loc 1 100 9 is_stmt 1
 124              		.loc 1 100 20 is_stmt 0
 125 0002 4849     		lw	a0,20(a0)
 126              	.LVL8:
 127 0004 8280     		ret
 128              	.LVL9:
 129              	.L7:
 101:c:/Users/User/Documents/GitHub/ch32h417/EVT/EXAM/SRC/Peripheral/src\ch32h417_serdes.c ****     }
 102:c:/Users/User/Documents/GitHub/ch32h417/EVT/EXAM/SRC/Peripheral/src\ch32h417_serdes.c ****     else
 103:c:/Users/User/Documents/GitHub/ch32h417/EVT/EXAM/SRC/Peripheral/src\ch32h417_serdes.c ****     {
 104:c:/Users/User/Documents/GitHub/ch32h417/EVT/EXAM/SRC/Peripheral/src\ch32h417_serdes.c ****         return SDSx->DATA1;
 130              		.loc 1 104 9 is_stmt 1
 131              		.loc 1 104 20 is_stmt 0
 132 0006 0851     		lw	a0,32(a0)
 133              	.LVL10:
 105:c:/Users/User/Documents/GitHub/ch32h417/EVT/EXAM/SRC/Peripheral/src\ch32h417_serdes.c ****     }
 106:c:/Users/User/Documents/GitHub/ch32h417/EVT/EXAM/SRC/Peripheral/src\ch32h417_serdes.c **** }
 134              		.loc 1 106 1
 135 0008 8280     		ret
 136              		.cfi_endproc
 137              	.LFE43:
 139              		.section	.text.SDS_RTX_Ctrl,"ax",@progbits
 140              		.align	1
 141              		.globl	SDS_RTX_Ctrl
 143              	SDS_RTX_Ctrl:
 144              	.LFB44:
 107:c:/Users/User/Documents/GitHub/ch32h417/EVT/EXAM/SRC/Peripheral/src\ch32h417_serdes.c **** 
 108:c:/Users/User/Documents/GitHub/ch32h417/EVT/EXAM/SRC/Peripheral/src\ch32h417_serdes.c **** /*********************************************************************
 109:c:/Users/User/Documents/GitHub/ch32h417/EVT/EXAM/SRC/Peripheral/src\ch32h417_serdes.c ****  * @fn      SDS_RTX_Ctrl
 110:c:/Users/User/Documents/GitHub/ch32h417/EVT/EXAM/SRC/Peripheral/src\ch32h417_serdes.c ****  * 
 111:c:/Users/User/Documents/GitHub/ch32h417/EVT/EXAM/SRC/Peripheral/src\ch32h417_serdes.c ****  * @brief   The function SDS_RTX_Ctrl sets a specific field in the RTX_CTRL register of an SDS_Type
 112:c:/Users/User/Documents/GitHub/ch32h417/EVT/EXAM/SRC/Peripheral/src\ch32h417_serdes.c ****  *        a SDSRTXCtrl_TypeDef struct.
 113:c:/Users/User/Documents/GitHub/ch32h417/EVT/EXAM/SRC/Peripheral/src\ch32h417_serdes.c ****  * 
 114:c:/Users/User/Documents/GitHub/ch32h417/EVT/EXAM/SRC/Peripheral/src\ch32h417_serdes.c ****  * @param   SDSx The `SDSx` parameter is a pointer to a structure of type `SDS_TypeDef`.
 115:c:/Users/User/Documents/GitHub/ch32h417/EVT/EXAM/SRC/Peripheral/src\ch32h417_serdes.c ****  *          ctrl The `ctrl` parameter is a pointer to a structure of type `SDSRTXCtrl_TypeDef`.
 116:c:/Users/User/Documents/GitHub/ch32h417/EVT/EXAM/SRC/Peripheral/src\ch32h417_serdes.c ****  * 
 117:c:/Users/User/Documents/GitHub/ch32h417/EVT/EXAM/SRC/Peripheral/src\ch32h417_serdes.c ****  * @return  none
 118:c:/Users/User/Documents/GitHub/ch32h417/EVT/EXAM/SRC/Peripheral/src\ch32h417_serdes.c ****  */
 119:c:/Users/User/Documents/GitHub/ch32h417/EVT/EXAM/SRC/Peripheral/src\ch32h417_serdes.c **** void SDS_RTX_Ctrl(SDS_TypeDef *SDSx, SDSRTXCtrl_TypeDef *ctrl)
 120:c:/Users/User/Documents/GitHub/ch32h417/EVT/EXAM/SRC/Peripheral/src\ch32h417_serdes.c **** {
 145              		.loc 1 120 1 is_stmt 1
 146              		.cfi_startproc
 147              	.LVL11:
 121:c:/Users/User/Documents/GitHub/ch32h417/EVT/EXAM/SRC/Peripheral/src\ch32h417_serdes.c ****     SDSx->RTX_CTRL = (((*(uint32_t *)ctrl))<<16 & 0xFF0000) | (SDSx->RTX_CTRL & 0xFFFF); 
 148              		.loc 1 121 5
 149              		.loc 1 121 44 is_stmt 0
 150 0000 9C41     		lw	a5,0(a1)
 151              		.loc 1 121 68
 152 0002 5845     		lw	a4,12(a0)
 153              		.loc 1 121 49
 154 0004 B706FF00 		li	a3,16711680
 155              		.loc 1 121 44
 156 0008 C207     		slli	a5,a5,16
 157              		.loc 1 121 49
 158 000a F58F     		and	a5,a5,a3
 159              		.loc 1 121 79
 160 000c 33470708 		zext.h	a4,a4
 161              		.loc 1 121 61
 162 0010 D98F     		or	a5,a5,a4
 163              		.loc 1 121 20
 164 0012 5CC5     		sw	a5,12(a0)
 122:c:/Users/User/Documents/GitHub/ch32h417/EVT/EXAM/SRC/Peripheral/src\ch32h417_serdes.c **** }
 165              		.loc 1 122 1
 166 0014 8280     		ret
 167              		.cfi_endproc
 168              	.LFE44:
 170              		.section	.text.SDS_ClearIT,"ax",@progbits
 171              		.align	1
 172              		.globl	SDS_ClearIT
 174              	SDS_ClearIT:
 175              	.LFB45:
 123:c:/Users/User/Documents/GitHub/ch32h417/EVT/EXAM/SRC/Peripheral/src\ch32h417_serdes.c **** 
 124:c:/Users/User/Documents/GitHub/ch32h417/EVT/EXAM/SRC/Peripheral/src\ch32h417_serdes.c **** /*********************************************************************
 125:c:/Users/User/Documents/GitHub/ch32h417/EVT/EXAM/SRC/Peripheral/src\ch32h417_serdes.c ****  * @fn      SDS_ClearIT
 126:c:/Users/User/Documents/GitHub/ch32h417/EVT/EXAM/SRC/Peripheral/src\ch32h417_serdes.c ****  * 
 127:c:/Users/User/Documents/GitHub/ch32h417/EVT/EXAM/SRC/Peripheral/src\ch32h417_serdes.c ****  * @brief   The function `SDS_ClearIT` clears specific interrupt flags in the `STATUS` register of 
 128:c:/Users/User/Documents/GitHub/ch32h417/EVT/EXAM/SRC/Peripheral/src\ch32h417_serdes.c ****  * 
 129:c:/Users/User/Documents/GitHub/ch32h417/EVT/EXAM/SRC/Peripheral/src\ch32h417_serdes.c ****  * @param   SDSx The `SDSx` parameter is a pointer to a structure of type `SDS_TypeDef`.
 130:c:/Users/User/Documents/GitHub/ch32h417/EVT/EXAM/SRC/Peripheral/src\ch32h417_serdes.c ****  *          sdsit_fl The parameter `sdsit_fl` is of type `SDSIT_EN_TypeDef`, which is likely an enu
 131:c:/Users/User/Documents/GitHub/ch32h417/EVT/EXAM/SRC/Peripheral/src\ch32h417_serdes.c ****  *        different flags or options related to an SDS (Synchronous Data Stream) operation.
 132:c:/Users/User/Documents/GitHub/ch32h417/EVT/EXAM/SRC/Peripheral/src\ch32h417_serdes.c ****  * 
 133:c:/Users/User/Documents/GitHub/ch32h417/EVT/EXAM/SRC/Peripheral/src\ch32h417_serdes.c ****  * @return  none
 134:c:/Users/User/Documents/GitHub/ch32h417/EVT/EXAM/SRC/Peripheral/src\ch32h417_serdes.c ****  */
 135:c:/Users/User/Documents/GitHub/ch32h417/EVT/EXAM/SRC/Peripheral/src\ch32h417_serdes.c **** void SDS_ClearIT(SDS_TypeDef *SDSx, SDSIT_FLAG_TypeDef sdsit_fl)
 136:c:/Users/User/Documents/GitHub/ch32h417/EVT/EXAM/SRC/Peripheral/src\ch32h417_serdes.c **** {
 176              		.loc 1 136 1 is_stmt 1
 177              		.cfi_startproc
 178              	.LVL12:
 137:c:/Users/User/Documents/GitHub/ch32h417/EVT/EXAM/SRC/Peripheral/src\ch32h417_serdes.c ****     SDSx->STATUS |= (sdsit_fl);
 179              		.loc 1 137 5
 180              		.loc 1 137 9 is_stmt 0
 181 0000 1C45     		lw	a5,8(a0)
 182              		.loc 1 137 18
 183 0002 CD8F     		or	a5,a5,a1
 184 0004 1CC5     		sw	a5,8(a0)
 138:c:/Users/User/Documents/GitHub/ch32h417/EVT/EXAM/SRC/Peripheral/src\ch32h417_serdes.c **** }
 185              		.loc 1 138 1
 186 0006 8280     		ret
 187              		.cfi_endproc
 188              	.LFE45:
 190              		.section	.text.SDS_ReadIT,"ax",@progbits
 191              		.align	1
 192              		.globl	SDS_ReadIT
 194              	SDS_ReadIT:
 195              	.LFB46:
 139:c:/Users/User/Documents/GitHub/ch32h417/EVT/EXAM/SRC/Peripheral/src\ch32h417_serdes.c **** 
 140:c:/Users/User/Documents/GitHub/ch32h417/EVT/EXAM/SRC/Peripheral/src\ch32h417_serdes.c **** /*********************************************************************
 141:c:/Users/User/Documents/GitHub/ch32h417/EVT/EXAM/SRC/Peripheral/src\ch32h417_serdes.c ****  * @fn      SDS_ReadIT
 142:c:/Users/User/Documents/GitHub/ch32h417/EVT/EXAM/SRC/Peripheral/src\ch32h417_serdes.c ****  * 
 143:c:/Users/User/Documents/GitHub/ch32h417/EVT/EXAM/SRC/Peripheral/src\ch32h417_serdes.c ****  * @brief   function `SDS_ReadIT` reads the interrupt status from a specified SDS device.
 144:c:/Users/User/Documents/GitHub/ch32h417/EVT/EXAM/SRC/Peripheral/src\ch32h417_serdes.c ****  * 
 145:c:/Users/User/Documents/GitHub/ch32h417/EVT/EXAM/SRC/Peripheral/src\ch32h417_serdes.c ****  * @param   SDSx The parameter `SDSx` is a pointer to a structure of type `SDS_TypeDef`.
 146:c:/Users/User/Documents/GitHub/ch32h417/EVT/EXAM/SRC/Peripheral/src\ch32h417_serdes.c ****  * 
 147:c:/Users/User/Documents/GitHub/ch32h417/EVT/EXAM/SRC/Peripheral/src\ch32h417_serdes.c ****  * @return  The function `SDS_ReadIT` is returning the value of the STATUS field of the `SDSx` stru
 148:c:/Users/User/Documents/GitHub/ch32h417/EVT/EXAM/SRC/Peripheral/src\ch32h417_serdes.c ****  *        bits.
 149:c:/Users/User/Documents/GitHub/ch32h417/EVT/EXAM/SRC/Peripheral/src\ch32h417_serdes.c ****  */
 150:c:/Users/User/Documents/GitHub/ch32h417/EVT/EXAM/SRC/Peripheral/src\ch32h417_serdes.c **** SDSIT_FLAG_TypeDef SDS_ReadIT(SDS_TypeDef *SDSx)
 151:c:/Users/User/Documents/GitHub/ch32h417/EVT/EXAM/SRC/Peripheral/src\ch32h417_serdes.c **** {
 196              		.loc 1 151 1 is_stmt 1
 197              		.cfi_startproc
 198              	.LVL13:
 152:c:/Users/User/Documents/GitHub/ch32h417/EVT/EXAM/SRC/Peripheral/src\ch32h417_serdes.c ****     return (SDSx->STATUS & 0xFF);
 199              		.loc 1 152 5
 200              		.loc 1 152 17 is_stmt 0
 201 0000 0845     		lw	a0,8(a0)
 202              	.LVL14:
 153:c:/Users/User/Documents/GitHub/ch32h417/EVT/EXAM/SRC/Peripheral/src\ch32h417_serdes.c **** }
 203              		.loc 1 153 1
 204 0002 1375F50F 		andi	a0,a0,0xff
 205 0006 8280     		ret
 206              		.cfi_endproc
 207              	.LFE46:
 209              		.section	.text.SDS_ConfigIT,"ax",@progbits
 210              		.align	1
 211              		.globl	SDS_ConfigIT
 213              	SDS_ConfigIT:
 214              	.LFB47:
 154:c:/Users/User/Documents/GitHub/ch32h417/EVT/EXAM/SRC/Peripheral/src\ch32h417_serdes.c **** 
 155:c:/Users/User/Documents/GitHub/ch32h417/EVT/EXAM/SRC/Peripheral/src\ch32h417_serdes.c **** /*********************************************************************
 156:c:/Users/User/Documents/GitHub/ch32h417/EVT/EXAM/SRC/Peripheral/src\ch32h417_serdes.c ****  * 
 157:c:/Users/User/Documents/GitHub/ch32h417/EVT/EXAM/SRC/Peripheral/src\ch32h417_serdes.c ****  * @brief   function SDS_ConfigIT configures the interrupt enable settings for a SDS peripheral.
 158:c:/Users/User/Documents/GitHub/ch32h417/EVT/EXAM/SRC/Peripheral/src\ch32h417_serdes.c ****  * 
 159:c:/Users/User/Documents/GitHub/ch32h417/EVT/EXAM/SRC/Peripheral/src\ch32h417_serdes.c ****  * @param   SDSx The `SDSx` parameter is a pointer to a structure of type `SDS_TypeDef`.
 160:c:/Users/User/Documents/GitHub/ch32h417/EVT/EXAM/SRC/Peripheral/src\ch32h417_serdes.c ****  *          sdsit_en The parameter `sdsit_en` is of type `SDSIT_EN_TypeDef`, which is likely an enu
 161:c:/Users/User/Documents/GitHub/ch32h417/EVT/EXAM/SRC/Peripheral/src\ch32h417_serdes.c ****  *        different interrupt enable options for the SDS (Synchronous Data Stream) module.
 162:c:/Users/User/Documents/GitHub/ch32h417/EVT/EXAM/SRC/Peripheral/src\ch32h417_serdes.c ****  * 
 163:c:/Users/User/Documents/GitHub/ch32h417/EVT/EXAM/SRC/Peripheral/src\ch32h417_serdes.c ****  * @return  none
 164:c:/Users/User/Documents/GitHub/ch32h417/EVT/EXAM/SRC/Peripheral/src\ch32h417_serdes.c ****  */
 165:c:/Users/User/Documents/GitHub/ch32h417/EVT/EXAM/SRC/Peripheral/src\ch32h417_serdes.c **** void SDS_ConfigIT(SDS_TypeDef *SDSx, SDSIT_EN_TypeDef sdsit_en, FunctionalState en)
 166:c:/Users/User/Documents/GitHub/ch32h417/EVT/EXAM/SRC/Peripheral/src\ch32h417_serdes.c **** {
 215              		.loc 1 166 1 is_stmt 1
 216              		.cfi_startproc
 217              	.LVL15:
 167:c:/Users/User/Documents/GitHub/ch32h417/EVT/EXAM/SRC/Peripheral/src\ch32h417_serdes.c ****     if(en == ENABLE)
 218              		.loc 1 167 5
 219              		.loc 1 167 7 is_stmt 0
 220 0000 8547     		li	a5,1
 221 0002 6316F600 		bne	a2,a5,.L13
 168:c:/Users/User/Documents/GitHub/ch32h417/EVT/EXAM/SRC/Peripheral/src\ch32h417_serdes.c ****         SDSx->INT_EN |= (sdsit_en);
 222              		.loc 1 168 9 is_stmt 1
 223              		.loc 1 168 13 is_stmt 0
 224 0006 5C41     		lw	a5,4(a0)
 225              		.loc 1 168 22
 226 0008 CD8F     		or	a5,a5,a1
 227 000a 5CC1     		sw	a5,4(a0)
 228 000c 8280     		ret
 229              	.L13:
 169:c:/Users/User/Documents/GitHub/ch32h417/EVT/EXAM/SRC/Peripheral/src\ch32h417_serdes.c ****     else
 170:c:/Users/User/Documents/GitHub/ch32h417/EVT/EXAM/SRC/Peripheral/src\ch32h417_serdes.c ****         SDSx->INT_EN &= ~(sdsit_en);
 230              		.loc 1 170 9 is_stmt 1
 231              		.loc 1 170 13 is_stmt 0
 232 000e 5C41     		lw	a5,4(a0)
 233              		.loc 1 170 22
 234 0010 B3F5B740 		andn	a1,a5,a1
 235              	.LVL16:
 236 0014 4CC1     		sw	a1,4(a0)
 171:c:/Users/User/Documents/GitHub/ch32h417/EVT/EXAM/SRC/Peripheral/src\ch32h417_serdes.c **** }
 237              		.loc 1 171 1
 238 0016 8280     		ret
 239              		.cfi_endproc
 240              	.LFE47:
 242              		.section	.text.SDS_ReadCOMMAFlagBit,"ax",@progbits
 243              		.align	1
 244              		.globl	SDS_ReadCOMMAFlagBit
 246              	SDS_ReadCOMMAFlagBit:
 247              	.LFB48:
 172:c:/Users/User/Documents/GitHub/ch32h417/EVT/EXAM/SRC/Peripheral/src\ch32h417_serdes.c **** 
 173:c:/Users/User/Documents/GitHub/ch32h417/EVT/EXAM/SRC/Peripheral/src\ch32h417_serdes.c **** /*********************************************************************
 174:c:/Users/User/Documents/GitHub/ch32h417/EVT/EXAM/SRC/Peripheral/src\ch32h417_serdes.c ****  * @fn      SDS_ReadCOMMAFlagBit
 175:c:/Users/User/Documents/GitHub/ch32h417/EVT/EXAM/SRC/Peripheral/src\ch32h417_serdes.c ****  * 
 176:c:/Users/User/Documents/GitHub/ch32h417/EVT/EXAM/SRC/Peripheral/src\ch32h417_serdes.c ****  * @brief   The function `SDS_ReadCOMMAFlagBit` reads a specific flag bit from the STATUS field of 
 177:c:/Users/User/Documents/GitHub/ch32h417/EVT/EXAM/SRC/Peripheral/src\ch32h417_serdes.c ****  * 
 178:c:/Users/User/Documents/GitHub/ch32h417/EVT/EXAM/SRC/Peripheral/src\ch32h417_serdes.c ****  * @param   SDSx The parameter `SDSx` is a pointer to a structure of type `SDS_TypeDef`.
 179:c:/Users/User/Documents/GitHub/ch32h417/EVT/EXAM/SRC/Peripheral/src\ch32h417_serdes.c ****  * 
 180:c:/Users/User/Documents/GitHub/ch32h417/EVT/EXAM/SRC/Peripheral/src\ch32h417_serdes.c ****  * @return  The function `SDS_ReadCOMMAFlagBit` is returning a specific bit field from the `STATUS`
 181:c:/Users/User/Documents/GitHub/ch32h417/EVT/EXAM/SRC/Peripheral/src\ch32h417_serdes.c ****  *        `SDS_TypeDef` structure pointed to by the `SDSx` parameter. It shifts the `STATUS` value 
 182:c:/Users/User/Documents/GitHub/ch32h417/EVT/EXAM/SRC/Peripheral/src\ch32h417_serdes.c ****  *        a bitwise AND operation with `0xf` to extract a 4-bit field. This extracted field is then
 183:c:/Users/User/Documents/GitHub/ch32h417/EVT/EXAM/SRC/Peripheral/src\ch32h417_serdes.c ****  */
 184:c:/Users/User/Documents/GitHub/ch32h417/EVT/EXAM/SRC/Peripheral/src\ch32h417_serdes.c **** SDSIT_ST_TypeDef SDS_ReadCOMMAFlagBit(SDS_TypeDef *SDSx)
 185:c:/Users/User/Documents/GitHub/ch32h417/EVT/EXAM/SRC/Peripheral/src\ch32h417_serdes.c **** {
 248              		.loc 1 185 1 is_stmt 1
 249              		.cfi_startproc
 250              	.LVL17:
 186:c:/Users/User/Documents/GitHub/ch32h417/EVT/EXAM/SRC/Peripheral/src\ch32h417_serdes.c ****     return (SDSx->STATUS >> 16);
 251              		.loc 1 186 5
 252              		.loc 1 186 17 is_stmt 0
 253 0000 0845     		lw	a0,8(a0)
 254              	.LVL18:
 187:c:/Users/User/Documents/GitHub/ch32h417/EVT/EXAM/SRC/Peripheral/src\ch32h417_serdes.c **** }
 255              		.loc 1 187 1
 256 0002 4181     		srli	a0,a0,16
 257 0004 8280     		ret
 258              		.cfi_endproc
 259              	.LFE48:
 261              		.section	.text.SDS_GetCurrentDMA,"ax",@progbits
 262              		.align	1
 263              		.globl	SDS_GetCurrentDMA
 265              	SDS_GetCurrentDMA:
 266              	.LFB49:
 188:c:/Users/User/Documents/GitHub/ch32h417/EVT/EXAM/SRC/Peripheral/src\ch32h417_serdes.c **** 
 189:c:/Users/User/Documents/GitHub/ch32h417/EVT/EXAM/SRC/Peripheral/src\ch32h417_serdes.c **** /*********************************************************************
 190:c:/Users/User/Documents/GitHub/ch32h417/EVT/EXAM/SRC/Peripheral/src\ch32h417_serdes.c ****  * @fn      SDS_GetCurrentDMA
 191:c:/Users/User/Documents/GitHub/ch32h417/EVT/EXAM/SRC/Peripheral/src\ch32h417_serdes.c ****  * 
 192:c:/Users/User/Documents/GitHub/ch32h417/EVT/EXAM/SRC/Peripheral/src\ch32h417_serdes.c ****  * @brief   The function SDS_GetCurrentDMA retrieves the current DMA addresses from a given SDS_Typ
 193:c:/Users/User/Documents/GitHub/ch32h417/EVT/EXAM/SRC/Peripheral/src\ch32h417_serdes.c ****  * 
 194:c:/Users/User/Documents/GitHub/ch32h417/EVT/EXAM/SRC/Peripheral/src\ch32h417_serdes.c ****  * @param   SDSx SDS_TypeDef structure pointer containing DMA information.
 195:c:/Users/User/Documents/GitHub/ch32h417/EVT/EXAM/SRC/Peripheral/src\ch32h417_serdes.c ****  *          Addr0 Addr0 is a pointer to a uint32_t variable where the function will store the value
 196:c:/Users/User/Documents/GitHub/ch32h417/EVT/EXAM/SRC/Peripheral/src\ch32h417_serdes.c ****  *        not NULL.
 197:c:/Users/User/Documents/GitHub/ch32h417/EVT/EXAM/SRC/Peripheral/src\ch32h417_serdes.c ****  *          Addr1 Addr1 is a pointer to a uint32_t variable where the function will store the value
 198:c:/Users/User/Documents/GitHub/ch32h417/EVT/EXAM/SRC/Peripheral/src\ch32h417_serdes.c ****  *        not NULL.
 199:c:/Users/User/Documents/GitHub/ch32h417/EVT/EXAM/SRC/Peripheral/src\ch32h417_serdes.c ****  * 
 200:c:/Users/User/Documents/GitHub/ch32h417/EVT/EXAM/SRC/Peripheral/src\ch32h417_serdes.c ****  * @return  none
 201:c:/Users/User/Documents/GitHub/ch32h417/EVT/EXAM/SRC/Peripheral/src\ch32h417_serdes.c ****  */
 202:c:/Users/User/Documents/GitHub/ch32h417/EVT/EXAM/SRC/Peripheral/src\ch32h417_serdes.c **** void SDS_GetCurrentDMA(SDS_TypeDef *SDSx,uint32_t *Addr0, uint32_t *Addr1)
 203:c:/Users/User/Documents/GitHub/ch32h417/EVT/EXAM/SRC/Peripheral/src\ch32h417_serdes.c **** {
 267              		.loc 1 203 1 is_stmt 1
 268              		.cfi_startproc
 269              	.LVL19:
 204:c:/Users/User/Documents/GitHub/ch32h417/EVT/EXAM/SRC/Peripheral/src\ch32h417_serdes.c ****     if (Addr0 != NULL)
 270              		.loc 1 204 5
 271              		.loc 1 204 8 is_stmt 0
 272 0000 99C1     		beq	a1,zero,.L17
 205:c:/Users/User/Documents/GitHub/ch32h417/EVT/EXAM/SRC/Peripheral/src\ch32h417_serdes.c ****     {
 206:c:/Users/User/Documents/GitHub/ch32h417/EVT/EXAM/SRC/Peripheral/src\ch32h417_serdes.c ****         *Addr0 = SDSx->DMA_0;
 273              		.loc 1 206 9 is_stmt 1
 274              		.loc 1 206 22 is_stmt 0
 275 0002 1C4D     		lw	a5,24(a0)
 276              		.loc 1 206 16
 277 0004 9CC1     		sw	a5,0(a1)
 278              	.L17:
 207:c:/Users/User/Documents/GitHub/ch32h417/EVT/EXAM/SRC/Peripheral/src\ch32h417_serdes.c ****     }
 208:c:/Users/User/Documents/GitHub/ch32h417/EVT/EXAM/SRC/Peripheral/src\ch32h417_serdes.c ****     if (Addr1 != NULL)
 279              		.loc 1 208 5 is_stmt 1
 280              		.loc 1 208 8 is_stmt 0
 281 0006 19C2     		beq	a2,zero,.L16
 209:c:/Users/User/Documents/GitHub/ch32h417/EVT/EXAM/SRC/Peripheral/src\ch32h417_serdes.c ****     {
 210:c:/Users/User/Documents/GitHub/ch32h417/EVT/EXAM/SRC/Peripheral/src\ch32h417_serdes.c ****         *Addr1 = SDSx->DMA_1;
 282              		.loc 1 210 9 is_stmt 1
 283              		.loc 1 210 22 is_stmt 0
 284 0008 5C51     		lw	a5,36(a0)
 285              		.loc 1 210 16
 286 000a 1CC2     		sw	a5,0(a2)
 287              	.L16:
 211:c:/Users/User/Documents/GitHub/ch32h417/EVT/EXAM/SRC/Peripheral/src\ch32h417_serdes.c ****     }
 212:c:/Users/User/Documents/GitHub/ch32h417/EVT/EXAM/SRC/Peripheral/src\ch32h417_serdes.c **** }
 288              		.loc 1 212 1
 289 000c 8280     		ret
 290              		.cfi_endproc
 291              	.LFE49:
 293              		.section	.text.SDS_Rx_Pwrp,"ax",@progbits
 294              		.align	1
 295              		.globl	SDS_Rx_Pwrp
 297              	SDS_Rx_Pwrp:
 298              	.LFB50:
 213:c:/Users/User/Documents/GitHub/ch32h417/EVT/EXAM/SRC/Peripheral/src\ch32h417_serdes.c **** 
 214:c:/Users/User/Documents/GitHub/ch32h417/EVT/EXAM/SRC/Peripheral/src\ch32h417_serdes.c **** /*********************************************************************
 215:c:/Users/User/Documents/GitHub/ch32h417/EVT/EXAM/SRC/Peripheral/src\ch32h417_serdes.c ****  * @fn      SDS_Rx_Pwrp
 216:c:/Users/User/Documents/GitHub/ch32h417/EVT/EXAM/SRC/Peripheral/src\ch32h417_serdes.c ****  * 
 217:c:/Users/User/Documents/GitHub/ch32h417/EVT/EXAM/SRC/Peripheral/src\ch32h417_serdes.c ****  * @brief   The function `SDS_Rx_Pwrp` powers up the receive path of a given SDS device.
 218:c:/Users/User/Documents/GitHub/ch32h417/EVT/EXAM/SRC/Peripheral/src\ch32h417_serdes.c ****  * 
 219:c:/Users/User/Documents/GitHub/ch32h417/EVT/EXAM/SRC/Peripheral/src\ch32h417_serdes.c ****  * @note    Rx Power up must be on, if you want to config serdes pll
 220:c:/Users/User/Documents/GitHub/ch32h417/EVT/EXAM/SRC/Peripheral/src\ch32h417_serdes.c ****  * 
 221:c:/Users/User/Documents/GitHub/ch32h417/EVT/EXAM/SRC/Peripheral/src\ch32h417_serdes.c ****  * @param   SDSx The parameter `SDSx` is a pointer to a structure of type `SDS_TypeDef`.
 222:c:/Users/User/Documents/GitHub/ch32h417/EVT/EXAM/SRC/Peripheral/src\ch32h417_serdes.c ****  * 
 223:c:/Users/User/Documents/GitHub/ch32h417/EVT/EXAM/SRC/Peripheral/src\ch32h417_serdes.c ****  * @return  The function `SDS_ReadCOMMAFlagBit` is returning a specific bit field from the `STATUS`
 224:c:/Users/User/Documents/GitHub/ch32h417/EVT/EXAM/SRC/Peripheral/src\ch32h417_serdes.c ****  *        `SDS_TypeDef` structure pointed to by the `SDSx` parameter. It shifts the `STATUS` value 
 225:c:/Users/User/Documents/GitHub/ch32h417/EVT/EXAM/SRC/Peripheral/src\ch32h417_serdes.c ****  *        a bitwise AND operation with `0xf` to extract a 4-bit field. This extracted field is then
 226:c:/Users/User/Documents/GitHub/ch32h417/EVT/EXAM/SRC/Peripheral/src\ch32h417_serdes.c ****  */
 227:c:/Users/User/Documents/GitHub/ch32h417/EVT/EXAM/SRC/Peripheral/src\ch32h417_serdes.c **** void SDS_Rx_Pwrp(SDS_TypeDef *SDSx)
 228:c:/Users/User/Documents/GitHub/ch32h417/EVT/EXAM/SRC/Peripheral/src\ch32h417_serdes.c **** {
 299              		.loc 1 228 1 is_stmt 1
 300              		.cfi_startproc
 301              	.LVL20:
 229:c:/Users/User/Documents/GitHub/ch32h417/EVT/EXAM/SRC/Peripheral/src\ch32h417_serdes.c ****     SDSx->CTRL = SDS_RX_PWR_UP;
 302              		.loc 1 229 5
 303              		.loc 1 229 16 is_stmt 0
 304 0000 9167     		li	a5,16384
 305 0002 1CC1     		sw	a5,0(a0)
 230:c:/Users/User/Documents/GitHub/ch32h417/EVT/EXAM/SRC/Peripheral/src\ch32h417_serdes.c **** }
 306              		.loc 1 230 1
 307 0004 8280     		ret
 308              		.cfi_endproc
 309              	.LFE50:
 311              		.text
 312              	.Letext0:
 313              		.file 2 "d:\\mounriver\\mounriver_studio2\\resources\\app\\resources\\win32\\components\\wch\\tool
 314              		.file 3 "d:\\mounriver\\mounriver_studio2\\resources\\app\\resources\\win32\\components\\wch\\tool
 315              		.file 4 "c:/Users/User/Documents/GitHub/ch32h417/EVT/EXAM/SRC/Core/core_riscv.h"
 316              		.file 5 "c:/Users/User/Documents/GitHub/ch32h417/EVT/EXAM/SRC/Peripheral/inc/ch32h417.h"
 317              		.file 6 "c:/Users/User/Documents/GitHub/ch32h417/EVT/EXAM/SRC/Peripheral/inc/ch32h417_serdes.h"
DEFINED SYMBOLS
                            *ABS*:0000000000000000 ch32h417_serdes.c
C:\Users\User\AppData\Local\Temp\cc6Km5F1.s:14     .text.SDS_Config:0000000000000000 SDS_Config
C:\Users\User\AppData\Local\Temp\cc6Km5F1.s:18     .text.SDS_Config:0000000000000000 .L0 
C:\Users\User\AppData\Local\Temp\cc6Km5F1.s:20     .text.SDS_Config:0000000000000000 .L0 
C:\Users\User\AppData\Local\Temp\cc6Km5F1.s:21     .text.SDS_Config:0000000000000000 .L0 
C:\Users\User\AppData\Local\Temp\cc6Km5F1.s:22     .text.SDS_Config:0000000000000000 $x
C:\Users\User\AppData\Local\Temp\cc6Km5F1.s:22     .text.SDS_Config:0000000000000000 .L0 
C:\Users\User\AppData\Local\Temp\cc6Km5F1.s:24     .text.SDS_Config:0000000000000002 .L0 
C:\Users\User\AppData\Local\Temp\cc6Km5F1.s:26     .text.SDS_Config:0000000000000004 .L0 
C:\Users\User\AppData\Local\Temp\cc6Km5F1.s:27     .text.SDS_Config:0000000000000006 .L0 
C:\Users\User\AppData\Local\Temp\cc6Km5F1.s:34     .text.SDS_DMA_Tx_CFG:0000000000000000 SDS_DMA_Tx_CFG
C:\Users\User\AppData\Local\Temp\cc6Km5F1.s:37     .text.SDS_DMA_Tx_CFG:0000000000000000 .L0 
C:\Users\User\AppData\Local\Temp\cc6Km5F1.s:39     .text.SDS_DMA_Tx_CFG:0000000000000000 .L0 
C:\Users\User\AppData\Local\Temp\cc6Km5F1.s:40     .text.SDS_DMA_Tx_CFG:0000000000000000 .L0 
C:\Users\User\AppData\Local\Temp\cc6Km5F1.s:41     .text.SDS_DMA_Tx_CFG:0000000000000000 $x
C:\Users\User\AppData\Local\Temp\cc6Km5F1.s:41     .text.SDS_DMA_Tx_CFG:0000000000000000 .L0 
C:\Users\User\AppData\Local\Temp\cc6Km5F1.s:43     .text.SDS_DMA_Tx_CFG:0000000000000002 .L0 
C:\Users\User\AppData\Local\Temp\cc6Km5F1.s:44     .text.SDS_DMA_Tx_CFG:0000000000000002 .L0 
C:\Users\User\AppData\Local\Temp\cc6Km5F1.s:46     .text.SDS_DMA_Tx_CFG:0000000000000004 .L0 
C:\Users\User\AppData\Local\Temp\cc6Km5F1.s:47     .text.SDS_DMA_Tx_CFG:0000000000000004 .L0 
C:\Users\User\AppData\Local\Temp\cc6Km5F1.s:49     .text.SDS_DMA_Tx_CFG:0000000000000006 .L0 
C:\Users\User\AppData\Local\Temp\cc6Km5F1.s:51     .text.SDS_DMA_Tx_CFG:0000000000000008 .L0 
C:\Users\User\AppData\Local\Temp\cc6Km5F1.s:54     .text.SDS_DMA_Tx_CFG:000000000000000c .L0 
C:\Users\User\AppData\Local\Temp\cc6Km5F1.s:56     .text.SDS_DMA_Tx_CFG:000000000000000e .L0 
C:\Users\User\AppData\Local\Temp\cc6Km5F1.s:58     .text.SDS_DMA_Tx_CFG:0000000000000010 .L0 
C:\Users\User\AppData\Local\Temp\cc6Km5F1.s:60     .text.SDS_DMA_Tx_CFG:0000000000000012 .L0 
C:\Users\User\AppData\Local\Temp\cc6Km5F1.s:61     .text.SDS_DMA_Tx_CFG:0000000000000012 .L0 
C:\Users\User\AppData\Local\Temp\cc6Km5F1.s:63     .text.SDS_DMA_Tx_CFG:0000000000000014 .L0 
C:\Users\User\AppData\Local\Temp\cc6Km5F1.s:66     .text.SDS_DMA_Tx_CFG:000000000000001a .L0 
C:\Users\User\AppData\Local\Temp\cc6Km5F1.s:67     .text.SDS_DMA_Tx_CFG:000000000000001c .L0 
C:\Users\User\AppData\Local\Temp\cc6Km5F1.s:74     .text.SDS_DMA_Rx_CFG:0000000000000000 SDS_DMA_Rx_CFG
C:\Users\User\AppData\Local\Temp\cc6Km5F1.s:77     .text.SDS_DMA_Rx_CFG:0000000000000000 .L0 
C:\Users\User\AppData\Local\Temp\cc6Km5F1.s:79     .text.SDS_DMA_Rx_CFG:0000000000000000 .L0 
C:\Users\User\AppData\Local\Temp\cc6Km5F1.s:80     .text.SDS_DMA_Rx_CFG:0000000000000000 .L0 
C:\Users\User\AppData\Local\Temp\cc6Km5F1.s:81     .text.SDS_DMA_Rx_CFG:0000000000000000 $x
C:\Users\User\AppData\Local\Temp\cc6Km5F1.s:81     .text.SDS_DMA_Rx_CFG:0000000000000000 .L0 
C:\Users\User\AppData\Local\Temp\cc6Km5F1.s:85     .text.SDS_DMA_Rx_CFG:0000000000000008 .L0 
C:\Users\User\AppData\Local\Temp\cc6Km5F1.s:86     .text.SDS_DMA_Rx_CFG:0000000000000008 .L0 
C:\Users\User\AppData\Local\Temp\cc6Km5F1.s:88     .text.SDS_DMA_Rx_CFG:000000000000000a .L0 
C:\Users\User\AppData\Local\Temp\cc6Km5F1.s:89     .text.SDS_DMA_Rx_CFG:000000000000000a .L0 
C:\Users\User\AppData\Local\Temp\cc6Km5F1.s:91     .text.SDS_DMA_Rx_CFG:000000000000000c .L0 
C:\Users\User\AppData\Local\Temp\cc6Km5F1.s:92     .text.SDS_DMA_Rx_CFG:000000000000000c .L0 
C:\Users\User\AppData\Local\Temp\cc6Km5F1.s:94     .text.SDS_DMA_Rx_CFG:000000000000000e .L0 
C:\Users\User\AppData\Local\Temp\cc6Km5F1.s:97     .text.SDS_DMA_Rx_CFG:0000000000000014 .L0 
C:\Users\User\AppData\Local\Temp\cc6Km5F1.s:98     .text.SDS_DMA_Rx_CFG:0000000000000014 .L0 
C:\Users\User\AppData\Local\Temp\cc6Km5F1.s:104    .text.SDS_DMA_Rx_CFG:0000000000000018 .L0 
C:\Users\User\AppData\Local\Temp\cc6Km5F1.s:107    .text.SDS_DMA_Rx_CFG:000000000000001a .L0 
C:\Users\User\AppData\Local\Temp\cc6Km5F1.s:108    .text.SDS_DMA_Rx_CFG:000000000000001c .L0 
C:\Users\User\AppData\Local\Temp\cc6Km5F1.s:115    .text.SDS_GetFirstWord:0000000000000000 SDS_GetFirstWord
C:\Users\User\AppData\Local\Temp\cc6Km5F1.s:118    .text.SDS_GetFirstWord:0000000000000000 .L0 
C:\Users\User\AppData\Local\Temp\cc6Km5F1.s:120    .text.SDS_GetFirstWord:0000000000000000 .L0 
C:\Users\User\AppData\Local\Temp\cc6Km5F1.s:121    .text.SDS_GetFirstWord:0000000000000000 .L0 
C:\Users\User\AppData\Local\Temp\cc6Km5F1.s:122    .text.SDS_GetFirstWord:0000000000000000 $x
C:\Users\User\AppData\Local\Temp\cc6Km5F1.s:122    .text.SDS_GetFirstWord:0000000000000000 .L0 
C:\Users\User\AppData\Local\Temp\cc6Km5F1.s:124    .text.SDS_GetFirstWord:0000000000000002 .L0 
C:\Users\User\AppData\Local\Temp\cc6Km5F1.s:125    .text.SDS_GetFirstWord:0000000000000002 .L0 
C:\Users\User\AppData\Local\Temp\cc6Km5F1.s:131    .text.SDS_GetFirstWord:0000000000000006 .L0 
C:\Users\User\AppData\Local\Temp\cc6Km5F1.s:132    .text.SDS_GetFirstWord:0000000000000006 .L0 
C:\Users\User\AppData\Local\Temp\cc6Km5F1.s:135    .text.SDS_GetFirstWord:0000000000000008 .L0 
C:\Users\User\AppData\Local\Temp\cc6Km5F1.s:136    .text.SDS_GetFirstWord:000000000000000a .L0 
C:\Users\User\AppData\Local\Temp\cc6Km5F1.s:143    .text.SDS_RTX_Ctrl:0000000000000000 SDS_RTX_Ctrl
C:\Users\User\AppData\Local\Temp\cc6Km5F1.s:146    .text.SDS_RTX_Ctrl:0000000000000000 .L0 
C:\Users\User\AppData\Local\Temp\cc6Km5F1.s:148    .text.SDS_RTX_Ctrl:0000000000000000 .L0 
C:\Users\User\AppData\Local\Temp\cc6Km5F1.s:149    .text.SDS_RTX_Ctrl:0000000000000000 .L0 
C:\Users\User\AppData\Local\Temp\cc6Km5F1.s:150    .text.SDS_RTX_Ctrl:0000000000000000 $x
C:\Users\User\AppData\Local\Temp\cc6Km5F1.s:150    .text.SDS_RTX_Ctrl:0000000000000000 .L0 
C:\Users\User\AppData\Local\Temp\cc6Km5F1.s:152    .text.SDS_RTX_Ctrl:0000000000000002 .L0 
C:\Users\User\AppData\Local\Temp\cc6Km5F1.s:154    .text.SDS_RTX_Ctrl:0000000000000004 .L0 
C:\Users\User\AppData\Local\Temp\cc6Km5F1.s:156    .text.SDS_RTX_Ctrl:0000000000000008 .L0 
C:\Users\User\AppData\Local\Temp\cc6Km5F1.s:158    .text.SDS_RTX_Ctrl:000000000000000a .L0 
C:\Users\User\AppData\Local\Temp\cc6Km5F1.s:160    .text.SDS_RTX_Ctrl:000000000000000c .L0 
C:\Users\User\AppData\Local\Temp\cc6Km5F1.s:162    .text.SDS_RTX_Ctrl:0000000000000010 .L0 
C:\Users\User\AppData\Local\Temp\cc6Km5F1.s:164    .text.SDS_RTX_Ctrl:0000000000000012 .L0 
C:\Users\User\AppData\Local\Temp\cc6Km5F1.s:166    .text.SDS_RTX_Ctrl:0000000000000014 .L0 
C:\Users\User\AppData\Local\Temp\cc6Km5F1.s:167    .text.SDS_RTX_Ctrl:0000000000000016 .L0 
C:\Users\User\AppData\Local\Temp\cc6Km5F1.s:174    .text.SDS_ClearIT:0000000000000000 SDS_ClearIT
C:\Users\User\AppData\Local\Temp\cc6Km5F1.s:177    .text.SDS_ClearIT:0000000000000000 .L0 
C:\Users\User\AppData\Local\Temp\cc6Km5F1.s:179    .text.SDS_ClearIT:0000000000000000 .L0 
C:\Users\User\AppData\Local\Temp\cc6Km5F1.s:180    .text.SDS_ClearIT:0000000000000000 .L0 
C:\Users\User\AppData\Local\Temp\cc6Km5F1.s:181    .text.SDS_ClearIT:0000000000000000 $x
C:\Users\User\AppData\Local\Temp\cc6Km5F1.s:181    .text.SDS_ClearIT:0000000000000000 .L0 
C:\Users\User\AppData\Local\Temp\cc6Km5F1.s:183    .text.SDS_ClearIT:0000000000000002 .L0 
C:\Users\User\AppData\Local\Temp\cc6Km5F1.s:186    .text.SDS_ClearIT:0000000000000006 .L0 
C:\Users\User\AppData\Local\Temp\cc6Km5F1.s:187    .text.SDS_ClearIT:0000000000000008 .L0 
C:\Users\User\AppData\Local\Temp\cc6Km5F1.s:194    .text.SDS_ReadIT:0000000000000000 SDS_ReadIT
C:\Users\User\AppData\Local\Temp\cc6Km5F1.s:197    .text.SDS_ReadIT:0000000000000000 .L0 
C:\Users\User\AppData\Local\Temp\cc6Km5F1.s:199    .text.SDS_ReadIT:0000000000000000 .L0 
C:\Users\User\AppData\Local\Temp\cc6Km5F1.s:200    .text.SDS_ReadIT:0000000000000000 .L0 
C:\Users\User\AppData\Local\Temp\cc6Km5F1.s:201    .text.SDS_ReadIT:0000000000000000 $x
C:\Users\User\AppData\Local\Temp\cc6Km5F1.s:201    .text.SDS_ReadIT:0000000000000000 .L0 
C:\Users\User\AppData\Local\Temp\cc6Km5F1.s:204    .text.SDS_ReadIT:0000000000000002 .L0 
C:\Users\User\AppData\Local\Temp\cc6Km5F1.s:206    .text.SDS_ReadIT:0000000000000008 .L0 
C:\Users\User\AppData\Local\Temp\cc6Km5F1.s:213    .text.SDS_ConfigIT:0000000000000000 SDS_ConfigIT
C:\Users\User\AppData\Local\Temp\cc6Km5F1.s:216    .text.SDS_ConfigIT:0000000000000000 .L0 
C:\Users\User\AppData\Local\Temp\cc6Km5F1.s:218    .text.SDS_ConfigIT:0000000000000000 .L0 
C:\Users\User\AppData\Local\Temp\cc6Km5F1.s:219    .text.SDS_ConfigIT:0000000000000000 .L0 
C:\Users\User\AppData\Local\Temp\cc6Km5F1.s:220    .text.SDS_ConfigIT:0000000000000000 $x
C:\Users\User\AppData\Local\Temp\cc6Km5F1.s:220    .text.SDS_ConfigIT:0000000000000000 .L0 
C:\Users\User\AppData\Local\Temp\cc6Km5F1.s:223    .text.SDS_ConfigIT:0000000000000006 .L0 
C:\Users\User\AppData\Local\Temp\cc6Km5F1.s:224    .text.SDS_ConfigIT:0000000000000006 .L0 
C:\Users\User\AppData\Local\Temp\cc6Km5F1.s:226    .text.SDS_ConfigIT:0000000000000008 .L0 
C:\Users\User\AppData\Local\Temp\cc6Km5F1.s:231    .text.SDS_ConfigIT:000000000000000e .L0 
C:\Users\User\AppData\Local\Temp\cc6Km5F1.s:232    .text.SDS_ConfigIT:000000000000000e .L0 
C:\Users\User\AppData\Local\Temp\cc6Km5F1.s:234    .text.SDS_ConfigIT:0000000000000010 .L0 
C:\Users\User\AppData\Local\Temp\cc6Km5F1.s:238    .text.SDS_ConfigIT:0000000000000016 .L0 
C:\Users\User\AppData\Local\Temp\cc6Km5F1.s:239    .text.SDS_ConfigIT:0000000000000018 .L0 
C:\Users\User\AppData\Local\Temp\cc6Km5F1.s:246    .text.SDS_ReadCOMMAFlagBit:0000000000000000 SDS_ReadCOMMAFlagBit
C:\Users\User\AppData\Local\Temp\cc6Km5F1.s:249    .text.SDS_ReadCOMMAFlagBit:0000000000000000 .L0 
C:\Users\User\AppData\Local\Temp\cc6Km5F1.s:251    .text.SDS_ReadCOMMAFlagBit:0000000000000000 .L0 
C:\Users\User\AppData\Local\Temp\cc6Km5F1.s:252    .text.SDS_ReadCOMMAFlagBit:0000000000000000 .L0 
C:\Users\User\AppData\Local\Temp\cc6Km5F1.s:253    .text.SDS_ReadCOMMAFlagBit:0000000000000000 $x
C:\Users\User\AppData\Local\Temp\cc6Km5F1.s:253    .text.SDS_ReadCOMMAFlagBit:0000000000000000 .L0 
C:\Users\User\AppData\Local\Temp\cc6Km5F1.s:256    .text.SDS_ReadCOMMAFlagBit:0000000000000002 .L0 
C:\Users\User\AppData\Local\Temp\cc6Km5F1.s:258    .text.SDS_ReadCOMMAFlagBit:0000000000000006 .L0 
C:\Users\User\AppData\Local\Temp\cc6Km5F1.s:265    .text.SDS_GetCurrentDMA:0000000000000000 SDS_GetCurrentDMA
C:\Users\User\AppData\Local\Temp\cc6Km5F1.s:268    .text.SDS_GetCurrentDMA:0000000000000000 .L0 
C:\Users\User\AppData\Local\Temp\cc6Km5F1.s:270    .text.SDS_GetCurrentDMA:0000000000000000 .L0 
C:\Users\User\AppData\Local\Temp\cc6Km5F1.s:271    .text.SDS_GetCurrentDMA:0000000000000000 .L0 
C:\Users\User\AppData\Local\Temp\cc6Km5F1.s:272    .text.SDS_GetCurrentDMA:0000000000000000 $x
C:\Users\User\AppData\Local\Temp\cc6Km5F1.s:272    .text.SDS_GetCurrentDMA:0000000000000000 .L0 
C:\Users\User\AppData\Local\Temp\cc6Km5F1.s:274    .text.SDS_GetCurrentDMA:0000000000000002 .L0 
C:\Users\User\AppData\Local\Temp\cc6Km5F1.s:275    .text.SDS_GetCurrentDMA:0000000000000002 .L0 
C:\Users\User\AppData\Local\Temp\cc6Km5F1.s:277    .text.SDS_GetCurrentDMA:0000000000000004 .L0 
C:\Users\User\AppData\Local\Temp\cc6Km5F1.s:280    .text.SDS_GetCurrentDMA:0000000000000006 .L0 
C:\Users\User\AppData\Local\Temp\cc6Km5F1.s:281    .text.SDS_GetCurrentDMA:0000000000000006 .L0 
C:\Users\User\AppData\Local\Temp\cc6Km5F1.s:283    .text.SDS_GetCurrentDMA:0000000000000008 .L0 
C:\Users\User\AppData\Local\Temp\cc6Km5F1.s:284    .text.SDS_GetCurrentDMA:0000000000000008 .L0 
C:\Users\User\AppData\Local\Temp\cc6Km5F1.s:286    .text.SDS_GetCurrentDMA:000000000000000a .L0 
C:\Users\User\AppData\Local\Temp\cc6Km5F1.s:289    .text.SDS_GetCurrentDMA:000000000000000c .L0 
C:\Users\User\AppData\Local\Temp\cc6Km5F1.s:290    .text.SDS_GetCurrentDMA:000000000000000e .L0 
C:\Users\User\AppData\Local\Temp\cc6Km5F1.s:297    .text.SDS_Rx_Pwrp:0000000000000000 SDS_Rx_Pwrp
C:\Users\User\AppData\Local\Temp\cc6Km5F1.s:300    .text.SDS_Rx_Pwrp:0000000000000000 .L0 
C:\Users\User\AppData\Local\Temp\cc6Km5F1.s:302    .text.SDS_Rx_Pwrp:0000000000000000 .L0 
C:\Users\User\AppData\Local\Temp\cc6Km5F1.s:303    .text.SDS_Rx_Pwrp:0000000000000000 .L0 
C:\Users\User\AppData\Local\Temp\cc6Km5F1.s:304    .text.SDS_Rx_Pwrp:0000000000000000 $x
C:\Users\User\AppData\Local\Temp\cc6Km5F1.s:304    .text.SDS_Rx_Pwrp:0000000000000000 .L0 
C:\Users\User\AppData\Local\Temp\cc6Km5F1.s:307    .text.SDS_Rx_Pwrp:0000000000000004 .L0 
C:\Users\User\AppData\Local\Temp\cc6Km5F1.s:308    .text.SDS_Rx_Pwrp:0000000000000006 .L0 
C:\Users\User\AppData\Local\Temp\cc6Km5F1.s:1709   .debug_line_str:00000000000000a8 .L0 
C:\Users\User\AppData\Local\Temp\cc6Km5F1.s:1709   .debug_line_str:00000000000000fa .L0 
C:\Users\User\AppData\Local\Temp\cc6Km5F1.s:1709   .debug_line_str:000000000000013e .L0 
C:\Users\User\AppData\Local\Temp\cc6Km5F1.s:1709   .debug_line_str:00000000000001c8 .L0 
C:\Users\User\AppData\Local\Temp\cc6Km5F1.s:1709   .debug_line_str:000000000000024e .L0 
C:\Users\User\AppData\Local\Temp\cc6Km5F1.s:1709   .debug_line_str:0000000000000288 .L0 
C:\Users\User\AppData\Local\Temp\cc6Km5F1.s:1709   .debug_line_str:00000000000002cc .L0 
C:\Users\User\AppData\Local\Temp\cc6Km5F1.s:1709   .debug_line_str:00000000000002de .L0 
C:\Users\User\AppData\Local\Temp\cc6Km5F1.s:1709   .debug_line_str:00000000000002f0 .L0 
C:\Users\User\AppData\Local\Temp\cc6Km5F1.s:1709   .debug_line_str:0000000000000301 .L0 
C:\Users\User\AppData\Local\Temp\cc6Km5F1.s:1709   .debug_line_str:000000000000030b .L0 
C:\Users\User\AppData\Local\Temp\cc6Km5F1.s:1709   .debug_line_str:0000000000000318 .L0 
C:\Users\User\AppData\Local\Temp\cc6Km5F1.s:1709   .debug_line_str:0000000000000323 .L0 
C:\Users\User\AppData\Local\Temp\cc6Km5F1.s:30     .text.SDS_Config:0000000000000006 .L0 
C:\Users\User\AppData\Local\Temp\cc6Km5F1.s:70     .text.SDS_DMA_Tx_CFG:000000000000001c .L0 
C:\Users\User\AppData\Local\Temp\cc6Km5F1.s:111    .text.SDS_DMA_Rx_CFG:000000000000001c .L0 
C:\Users\User\AppData\Local\Temp\cc6Km5F1.s:139    .text.SDS_GetFirstWord:000000000000000a .L0 
C:\Users\User\AppData\Local\Temp\cc6Km5F1.s:170    .text.SDS_RTX_Ctrl:0000000000000016 .L0 
C:\Users\User\AppData\Local\Temp\cc6Km5F1.s:190    .text.SDS_ClearIT:0000000000000008 .L0 
C:\Users\User\AppData\Local\Temp\cc6Km5F1.s:209    .text.SDS_ReadIT:0000000000000008 .L0 
C:\Users\User\AppData\Local\Temp\cc6Km5F1.s:242    .text.SDS_ConfigIT:0000000000000018 .L0 
C:\Users\User\AppData\Local\Temp\cc6Km5F1.s:261    .text.SDS_ReadCOMMAFlagBit:0000000000000006 .L0 
C:\Users\User\AppData\Local\Temp\cc6Km5F1.s:293    .text.SDS_GetCurrentDMA:000000000000000e .L0 
C:\Users\User\AppData\Local\Temp\cc6Km5F1.s:311    .text.SDS_Rx_Pwrp:0000000000000006 .L0 
                     .debug_frame:0000000000000000 .L0 
C:\Users\User\AppData\Local\Temp\cc6Km5F1.s:102    .text.SDS_DMA_Rx_CFG:0000000000000018 .L5
C:\Users\User\AppData\Local\Temp\cc6Km5F1.s:129    .text.SDS_GetFirstWord:0000000000000006 .L7
C:\Users\User\AppData\Local\Temp\cc6Km5F1.s:229    .text.SDS_ConfigIT:000000000000000e .L13
C:\Users\User\AppData\Local\Temp\cc6Km5F1.s:278    .text.SDS_GetCurrentDMA:0000000000000006 .L17
C:\Users\User\AppData\Local\Temp\cc6Km5F1.s:287    .text.SDS_GetCurrentDMA:000000000000000c .L16
C:\Users\User\AppData\Local\Temp\cc6Km5F1.s:992    .debug_abbrev:0000000000000000 .Ldebug_abbrev0
C:\Users\User\AppData\Local\Temp\cc6Km5F1.s:1590   .debug_str:00000000000001df .LASF94
C:\Users\User\AppData\Local\Temp\cc6Km5F1.s:1707   .debug_line_str:0000000000000052 .LASF0
C:\Users\User\AppData\Local\Temp\cc6Km5F1.s:1705   .debug_line_str:0000000000000000 .LASF1
C:\Users\User\AppData\Local\Temp\cc6Km5F1.s:1477   .debug_rnglists:000000000000000c .LLRL6
C:\Users\User\AppData\Local\Temp\cc6Km5F1.s:1514   .debug_line:0000000000000000 .Ldebug_line0
C:\Users\User\AppData\Local\Temp\cc6Km5F1.s:1616   .debug_str:000000000000034e .LASF2
C:\Users\User\AppData\Local\Temp\cc6Km5F1.s:1608   .debug_str:000000000000031a .LASF3
C:\Users\User\AppData\Local\Temp\cc6Km5F1.s:1584   .debug_str:00000000000001c8 .LASF8
C:\Users\User\AppData\Local\Temp\cc6Km5F1.s:1600   .debug_str:00000000000002f1 .LASF4
C:\Users\User\AppData\Local\Temp\cc6Km5F1.s:1524   .debug_str:0000000000000035 .LASF5
C:\Users\User\AppData\Local\Temp\cc6Km5F1.s:1624   .debug_str:000000000000037f .LASF6
C:\Users\User\AppData\Local\Temp\cc6Km5F1.s:1574   .debug_str:0000000000000183 .LASF7
C:\Users\User\AppData\Local\Temp\cc6Km5F1.s:1662   .debug_str:0000000000000474 .LASF9
C:\Users\User\AppData\Local\Temp\cc6Km5F1.s:1646   .debug_str:00000000000003f8 .LASF10
C:\Users\User\AppData\Local\Temp\cc6Km5F1.s:1532   .debug_str:0000000000000074 .LASF11
C:\Users\User\AppData\Local\Temp\cc6Km5F1.s:1612   .debug_str:000000000000032e .LASF12
C:\Users\User\AppData\Local\Temp\cc6Km5F1.s:1548   .debug_str:00000000000000ee .LASF13
C:\Users\User\AppData\Local\Temp\cc6Km5F1.s:1614   .debug_str:0000000000000345 .LASF14
C:\Users\User\AppData\Local\Temp\cc6Km5F1.s:1638   .debug_str:00000000000003cf .LASF15
C:\Users\User\AppData\Local\Temp\cc6Km5F1.s:1634   .debug_str:00000000000003b8 .LASF16
C:\Users\User\AppData\Local\Temp\cc6Km5F1.s:1578   .debug_str:00000000000001a0 .LASF17
C:\Users\User\AppData\Local\Temp\cc6Km5F1.s:1556   .debug_str:0000000000000115 .LASF18
C:\Users\User\AppData\Local\Temp\cc6Km5F1.s:1700   .debug_str:0000000000000563 .LASF19
C:\Users\User\AppData\Local\Temp\cc6Km5F1.s:1656   .debug_str:000000000000043f .LASF20
C:\Users\User\AppData\Local\Temp\cc6Km5F1.s:1606   .debug_str:0000000000000315 .LASF21
C:\Users\User\AppData\Local\Temp\cc6Km5F1.s:1536   .debug_str:000000000000008b .LASF22
C:\Users\User\AppData\Local\Temp\cc6Km5F1.s:1632   .debug_str:00000000000003b1 .LASF23
C:\Users\User\AppData\Local\Temp\cc6Km5F1.s:1672   .debug_str:00000000000004b0 .LASF24
C:\Users\User\AppData\Local\Temp\cc6Km5F1.s:1592   .debug_str:00000000000002c4 .LASF25
C:\Users\User\AppData\Local\Temp\cc6Km5F1.s:1618   .debug_str:000000000000035b .LASF26
C:\Users\User\AppData\Local\Temp\cc6Km5F1.s:1680   .debug_str:00000000000004e7 .LASF27
C:\Users\User\AppData\Local\Temp\cc6Km5F1.s:1594   .debug_str:00000000000002cc .LASF28
C:\Users\User\AppData\Local\Temp\cc6Km5F1.s:1620   .debug_str:0000000000000361 .LASF29
C:\Users\User\AppData\Local\Temp\cc6Km5F1.s:1682   .debug_str:00000000000004ed .LASF30
C:\Users\User\AppData\Local\Temp\cc6Km5F1.s:1654   .debug_str:0000000000000433 .LASF31
C:\Users\User\AppData\Local\Temp\cc6Km5F1.s:1630   .debug_str:00000000000003ac .LASF32
C:\Users\User\AppData\Local\Temp\cc6Km5F1.s:1530   .debug_str:0000000000000062 .LASF33
C:\Users\User\AppData\Local\Temp\cc6Km5F1.s:1690   .debug_str:000000000000051c .LASF34
C:\Users\User\AppData\Local\Temp\cc6Km5F1.s:1644   .debug_str:00000000000003e9 .LASF35
C:\Users\User\AppData\Local\Temp\cc6Km5F1.s:1544   .debug_str:00000000000000ca .LASF36
C:\Users\User\AppData\Local\Temp\cc6Km5F1.s:1568   .debug_str:000000000000015b .LASF37
C:\Users\User\AppData\Local\Temp\cc6Km5F1.s:1698   .debug_str:0000000000000552 .LASF38
C:\Users\User\AppData\Local\Temp\cc6Km5F1.s:1678   .debug_str:00000000000004d6 .LASF39
C:\Users\User\AppData\Local\Temp\cc6Km5F1.s:1664   .debug_str:000000000000047f .LASF40
C:\Users\User\AppData\Local\Temp\cc6Km5F1.s:1602   .debug_str:00000000000002ff .LASF41
C:\Users\User\AppData\Local\Temp\cc6Km5F1.s:1558   .debug_str:000000000000011d .LASF42
C:\Users\User\AppData\Local\Temp\cc6Km5F1.s:1660   .debug_str:0000000000000463 .LASF43
C:\Users\User\AppData\Local\Temp\cc6Km5F1.s:1622   .debug_str:0000000000000367 .LASF44
C:\Users\User\AppData\Local\Temp\cc6Km5F1.s:1516   .debug_str:0000000000000000 .LASF45
C:\Users\User\AppData\Local\Temp\cc6Km5F1.s:1686   .debug_str:00000000000004fd .LASF46
C:\Users\User\AppData\Local\Temp\cc6Km5F1.s:1540   .debug_str:00000000000000a7 .LASF47
C:\Users\User\AppData\Local\Temp\cc6Km5F1.s:1596   .debug_str:00000000000002d4 .LASF48
C:\Users\User\AppData\Local\Temp\cc6Km5F1.s:1636   .debug_str:00000000000003be .LASF49
C:\Users\User\AppData\Local\Temp\cc6Km5F1.s:1650   .debug_str:000000000000041d .LASF50
C:\Users\User\AppData\Local\Temp\cc6Km5F1.s:1702   .debug_str:000000000000056a .LASF51
C:\Users\User\AppData\Local\Temp\cc6Km5F1.s:1538   .debug_str:0000000000000092 .LASF52
C:\Users\User\AppData\Local\Temp\cc6Km5F1.s:1542   .debug_str:00000000000000b9 .LASF53
C:\Users\User\AppData\Local\Temp\cc6Km5F1.s:1580   .debug_str:00000000000001ac .LASF54
C:\Users\User\AppData\Local\Temp\cc6Km5F1.s:1576   .debug_str:000000000000018c .LASF55
C:\Users\User\AppData\Local\Temp\cc6Km5F1.s:1658   .debug_str:000000000000044f .LASF56
C:\Users\User\AppData\Local\Temp\cc6Km5F1.s:1648   .debug_str:000000000000040a .LASF57
C:\Users\User\AppData\Local\Temp\cc6Km5F1.s:1642   .debug_str:00000000000003e0 .LASF58
C:\Users\User\AppData\Local\Temp\cc6Km5F1.s:1560   .debug_str:000000000000012e .LASF59
C:\Users\User\AppData\Local\Temp\cc6Km5F1.s:1534   .debug_str:0000000000000082 .LASF60
C:\Users\User\AppData\Local\Temp\cc6Km5F1.s:1518   .debug_str:0000000000000013 .LASF61
C:\Users\User\AppData\Local\Temp\cc6Km5F1.s:1674   .debug_str:00000000000004b9 .LASF62
C:\Users\User\AppData\Local\Temp\cc6Km5F1.s:1604   .debug_str:0000000000000310 .LASF63
C:\Users\User\AppData\Local\Temp\cc6Km5F1.s:1586   .debug_str:00000000000001d2 .LASF64
C:\Users\User\AppData\Local\Temp\cc6Km5F1.s:1562   .debug_str:0000000000000138 .LASF65
C:\Users\User\AppData\Local\Temp\cc6Km5F1.s:1520   .debug_str:000000000000001e .LASF66
C:\Users\User\AppData\Local\Temp\cc6Km5F1.s:1684   .debug_str:00000000000004f3 .LASF67
C:\Users\User\AppData\Local\Temp\cc6Km5F1.s:1526   .debug_str:000000000000003f .LASF68
C:\Users\User\AppData\Local\Temp\cc6Km5F1.s:1550   .debug_str:00000000000000f6 .LASF69
C:\Users\User\AppData\Local\Temp\cc6Km5F1.s:1696   .debug_str:0000000000000542 .LASF95
C:\Users\User\AppData\Local\Temp\cc6Km5F1.s:1688   .debug_str:0000000000000510 .LASF70
C:\Users\User\AppData\Local\Temp\cc6Km5F1.s:298    .text.SDS_Rx_Pwrp:0000000000000000 .LFB50
C:\Users\User\AppData\Local\Temp\cc6Km5F1.s:309    .text.SDS_Rx_Pwrp:0000000000000006 .LFE50
C:\Users\User\AppData\Local\Temp\cc6Km5F1.s:1692   .debug_str:000000000000052b .LASF72
C:\Users\User\AppData\Local\Temp\cc6Km5F1.s:1694   .debug_str:0000000000000530 .LASF71
C:\Users\User\AppData\Local\Temp\cc6Km5F1.s:266    .text.SDS_GetCurrentDMA:0000000000000000 .LFB49
C:\Users\User\AppData\Local\Temp\cc6Km5F1.s:291    .text.SDS_GetCurrentDMA:000000000000000e .LFE49
C:\Users\User\AppData\Local\Temp\cc6Km5F1.s:1666   .debug_str:0000000000000493 .LASF73
C:\Users\User\AppData\Local\Temp\cc6Km5F1.s:1668   .debug_str:0000000000000499 .LASF74
C:\Users\User\AppData\Local\Temp\cc6Km5F1.s:1546   .debug_str:00000000000000d9 .LASF77
C:\Users\User\AppData\Local\Temp\cc6Km5F1.s:247    .text.SDS_ReadCOMMAFlagBit:0000000000000000 .LFB48
C:\Users\User\AppData\Local\Temp\cc6Km5F1.s:259    .text.SDS_ReadCOMMAFlagBit:0000000000000006 .LFE48
C:\Users\User\AppData\Local\Temp\cc6Km5F1.s:1320   .debug_loclists:000000000000000c .LLST5
C:\Users\User\AppData\Local\Temp\cc6Km5F1.s:1566   .debug_str:000000000000014e .LASF75
C:\Users\User\AppData\Local\Temp\cc6Km5F1.s:214    .text.SDS_ConfigIT:0000000000000000 .LFB47
C:\Users\User\AppData\Local\Temp\cc6Km5F1.s:240    .text.SDS_ConfigIT:0000000000000018 .LFE47
C:\Users\User\AppData\Local\Temp\cc6Km5F1.s:1598   .debug_str:00000000000002e8 .LASF76
C:\Users\User\AppData\Local\Temp\cc6Km5F1.s:1335   .debug_loclists:0000000000000026 .LLST4
C:\Users\User\AppData\Local\Temp\cc6Km5F1.s:1564   .debug_str:0000000000000143 .LASF78
C:\Users\User\AppData\Local\Temp\cc6Km5F1.s:195    .text.SDS_ReadIT:0000000000000000 .LFB46
C:\Users\User\AppData\Local\Temp\cc6Km5F1.s:207    .text.SDS_ReadIT:0000000000000008 .LFE46
C:\Users\User\AppData\Local\Temp\cc6Km5F1.s:1350   .debug_loclists:0000000000000040 .LLST3
C:\Users\User\AppData\Local\Temp\cc6Km5F1.s:1676   .debug_str:00000000000004ca .LASF79
C:\Users\User\AppData\Local\Temp\cc6Km5F1.s:175    .text.SDS_ClearIT:0000000000000000 .LFB45
C:\Users\User\AppData\Local\Temp\cc6Km5F1.s:188    .text.SDS_ClearIT:0000000000000008 .LFE45
C:\Users\User\AppData\Local\Temp\cc6Km5F1.s:1640   .debug_str:00000000000003d7 .LASF80
C:\Users\User\AppData\Local\Temp\cc6Km5F1.s:1522   .debug_str:0000000000000028 .LASF81
C:\Users\User\AppData\Local\Temp\cc6Km5F1.s:144    .text.SDS_RTX_Ctrl:0000000000000000 .LFB44
C:\Users\User\AppData\Local\Temp\cc6Km5F1.s:168    .text.SDS_RTX_Ctrl:0000000000000016 .LFE44
C:\Users\User\AppData\Local\Temp\cc6Km5F1.s:1652   .debug_str:000000000000042e .LASF82
C:\Users\User\AppData\Local\Temp\cc6Km5F1.s:1670   .debug_str:000000000000049f .LASF83
C:\Users\User\AppData\Local\Temp\cc6Km5F1.s:116    .text.SDS_GetFirstWord:0000000000000000 .LFB43
C:\Users\User\AppData\Local\Temp\cc6Km5F1.s:137    .text.SDS_GetFirstWord:000000000000000a .LFE43
C:\Users\User\AppData\Local\Temp\cc6Km5F1.s:1365   .debug_loclists:000000000000005a .LLST2
C:\Users\User\AppData\Local\Temp\cc6Km5F1.s:1610   .debug_str:0000000000000326 .LASF84
C:\Users\User\AppData\Local\Temp\cc6Km5F1.s:1528   .debug_str:0000000000000053 .LASF85
C:\Users\User\AppData\Local\Temp\cc6Km5F1.s:75     .text.SDS_DMA_Rx_CFG:0000000000000000 .LFB42
C:\Users\User\AppData\Local\Temp\cc6Km5F1.s:109    .text.SDS_DMA_Rx_CFG:000000000000001c .LFE42
C:\Users\User\AppData\Local\Temp\cc6Km5F1.s:1393   .debug_loclists:000000000000008d .LLST1
C:\Users\User\AppData\Local\Temp\cc6Km5F1.s:1570   .debug_str:0000000000000171 .LASF86
C:\Users\User\AppData\Local\Temp\cc6Km5F1.s:1572   .debug_str:000000000000017a .LASF87
C:\Users\User\AppData\Local\Temp\cc6Km5F1.s:1626   .debug_str:0000000000000392 .LASF88
C:\Users\User\AppData\Local\Temp\cc6Km5F1.s:35     .text.SDS_DMA_Tx_CFG:0000000000000000 .LFB41
C:\Users\User\AppData\Local\Temp\cc6Km5F1.s:68     .text.SDS_DMA_Tx_CFG:000000000000001c .LFE41
C:\Users\User\AppData\Local\Temp\cc6Km5F1.s:1582   .debug_str:00000000000001c0 .LASF89
C:\Users\User\AppData\Local\Temp\cc6Km5F1.s:1554   .debug_str:000000000000010d .LASF90
C:\Users\User\AppData\Local\Temp\cc6Km5F1.s:1421   .debug_loclists:00000000000000c0 .LLST0
C:\Users\User\AppData\Local\Temp\cc6Km5F1.s:1628   .debug_str:00000000000003a1 .LASF91
C:\Users\User\AppData\Local\Temp\cc6Km5F1.s:1552   .debug_str:0000000000000102 .LASF92
C:\Users\User\AppData\Local\Temp\cc6Km5F1.s:15     .text.SDS_Config:0000000000000000 .LFB40
C:\Users\User\AppData\Local\Temp\cc6Km5F1.s:28     .text.SDS_Config:0000000000000006 .LFE40
C:\Users\User\AppData\Local\Temp\cc6Km5F1.s:1588   .debug_str:00000000000001d7 .LASF93
C:\Users\User\AppData\Local\Temp\cc6Km5F1.s:250    .text.SDS_ReadCOMMAFlagBit:0000000000000000 .LVL17
C:\Users\User\AppData\Local\Temp\cc6Km5F1.s:254    .text.SDS_ReadCOMMAFlagBit:0000000000000002 .LVL18
C:\Users\User\AppData\Local\Temp\cc6Km5F1.s:217    .text.SDS_ConfigIT:0000000000000000 .LVL15
C:\Users\User\AppData\Local\Temp\cc6Km5F1.s:235    .text.SDS_ConfigIT:0000000000000014 .LVL16
C:\Users\User\AppData\Local\Temp\cc6Km5F1.s:198    .text.SDS_ReadIT:0000000000000000 .LVL13
C:\Users\User\AppData\Local\Temp\cc6Km5F1.s:202    .text.SDS_ReadIT:0000000000000002 .LVL14
C:\Users\User\AppData\Local\Temp\cc6Km5F1.s:119    .text.SDS_GetFirstWord:0000000000000000 .LVL7
C:\Users\User\AppData\Local\Temp\cc6Km5F1.s:126    .text.SDS_GetFirstWord:0000000000000004 .LVL8
C:\Users\User\AppData\Local\Temp\cc6Km5F1.s:128    .text.SDS_GetFirstWord:0000000000000006 .LVL9
C:\Users\User\AppData\Local\Temp\cc6Km5F1.s:133    .text.SDS_GetFirstWord:0000000000000008 .LVL10
C:\Users\User\AppData\Local\Temp\cc6Km5F1.s:78     .text.SDS_DMA_Rx_CFG:0000000000000000 .LVL3
C:\Users\User\AppData\Local\Temp\cc6Km5F1.s:99     .text.SDS_DMA_Rx_CFG:0000000000000016 .LVL4
C:\Users\User\AppData\Local\Temp\cc6Km5F1.s:101    .text.SDS_DMA_Rx_CFG:0000000000000018 .LVL5
C:\Users\User\AppData\Local\Temp\cc6Km5F1.s:105    .text.SDS_DMA_Rx_CFG:000000000000001a .LVL6
C:\Users\User\AppData\Local\Temp\cc6Km5F1.s:38     .text.SDS_DMA_Tx_CFG:0000000000000000 .LVL1
C:\Users\User\AppData\Local\Temp\cc6Km5F1.s:52     .text.SDS_DMA_Tx_CFG:000000000000000c .LVL2
C:\Users\User\AppData\Local\Temp\cc6Km5F1.s:319    .debug_info:0000000000000000 .Ldebug_info0

NO UNDEFINED SYMBOLS
