   1              		.file	"ch32h417_ipc.c"
   2              		.option nopic
   3              		.attribute arch, "rv32i2p0_m2p0_a2p0_c2p0_zba1p0_zbb1p0_zbc1p0_zbs1p0_xw"
   4              		.attribute unaligned_access, 0
   5              		.attribute stack_align, 16
   6              		.text
   7              	.Ltext0:
   8              		.cfi_sections	.debug_frame
   9              		.file 0 "c:\\Users\\User\\Documents\\GitHub\\ch32h417\\EVT\\EXAM\\USBFS\\DEVICE\\SimulateCDC\\V3F\
  10              		.section	.text.IPC_DeInit,"ax",@progbits
  11              		.align	1
  12              		.globl	IPC_DeInit
  14              	IPC_DeInit:
  15              	.LFB40:
  16              		.file 1 "c:/Users/User/Documents/GitHub/ch32h417/EVT/EXAM/SRC/Peripheral/src/ch32h417_ipc.c"
   1:c:/Users/User/Documents/GitHub/ch32h417/EVT/EXAM/SRC/Peripheral/src\ch32h417_ipc.c **** /********************************** (C) COPYRIGHT *******************************
   2:c:/Users/User/Documents/GitHub/ch32h417/EVT/EXAM/SRC/Peripheral/src\ch32h417_ipc.c **** * File Name          : ch32h417_ipc.c
   3:c:/Users/User/Documents/GitHub/ch32h417/EVT/EXAM/SRC/Peripheral/src\ch32h417_ipc.c **** * Author             : WCH
   4:c:/Users/User/Documents/GitHub/ch32h417/EVT/EXAM/SRC/Peripheral/src\ch32h417_ipc.c **** * Version            : V1.0.0
   5:c:/Users/User/Documents/GitHub/ch32h417/EVT/EXAM/SRC/Peripheral/src\ch32h417_ipc.c **** * Date               : 2025/03/01
   6:c:/Users/User/Documents/GitHub/ch32h417/EVT/EXAM/SRC/Peripheral/src\ch32h417_ipc.c **** * Description        : This file provides all the IPC firmware functions.
   7:c:/Users/User/Documents/GitHub/ch32h417/EVT/EXAM/SRC/Peripheral/src\ch32h417_ipc.c **** *********************************************************************************
   8:c:/Users/User/Documents/GitHub/ch32h417/EVT/EXAM/SRC/Peripheral/src\ch32h417_ipc.c **** * Copyright (c) 2025 Nanjing Qinheng Microelectronics Co., Ltd.
   9:c:/Users/User/Documents/GitHub/ch32h417/EVT/EXAM/SRC/Peripheral/src\ch32h417_ipc.c **** * Attention: This software (modified or not) and binary are used for 
  10:c:/Users/User/Documents/GitHub/ch32h417/EVT/EXAM/SRC/Peripheral/src\ch32h417_ipc.c **** * microcontroller manufactured by Nanjing Qinheng Microelectronics.
  11:c:/Users/User/Documents/GitHub/ch32h417/EVT/EXAM/SRC/Peripheral/src\ch32h417_ipc.c **** *******************************************************************************/
  12:c:/Users/User/Documents/GitHub/ch32h417/EVT/EXAM/SRC/Peripheral/src\ch32h417_ipc.c **** #include "ch32h417_ipc.h"
  13:c:/Users/User/Documents/GitHub/ch32h417/EVT/EXAM/SRC/Peripheral/src\ch32h417_ipc.c **** 
  14:c:/Users/User/Documents/GitHub/ch32h417/EVT/EXAM/SRC/Peripheral/src\ch32h417_ipc.c **** /*********************************************************************
  15:c:/Users/User/Documents/GitHub/ch32h417/EVT/EXAM/SRC/Peripheral/src\ch32h417_ipc.c ****  * @fn      IPC_DeInit
  16:c:/Users/User/Documents/GitHub/ch32h417/EVT/EXAM/SRC/Peripheral/src\ch32h417_ipc.c ****  *
  17:c:/Users/User/Documents/GitHub/ch32h417/EVT/EXAM/SRC/Peripheral/src\ch32h417_ipc.c ****  * @brief   Deinitializes the IPC peripheral registers to their default
  18:c:/Users/User/Documents/GitHub/ch32h417/EVT/EXAM/SRC/Peripheral/src\ch32h417_ipc.c ****  *        reset values.
  19:c:/Users/User/Documents/GitHub/ch32h417/EVT/EXAM/SRC/Peripheral/src\ch32h417_ipc.c ****  *
  20:c:/Users/User/Documents/GitHub/ch32h417/EVT/EXAM/SRC/Peripheral/src\ch32h417_ipc.c ****  * @return  none
  21:c:/Users/User/Documents/GitHub/ch32h417/EVT/EXAM/SRC/Peripheral/src\ch32h417_ipc.c ****  */
  22:c:/Users/User/Documents/GitHub/ch32h417/EVT/EXAM/SRC/Peripheral/src\ch32h417_ipc.c **** void IPC_DeInit(void)
  23:c:/Users/User/Documents/GitHub/ch32h417/EVT/EXAM/SRC/Peripheral/src\ch32h417_ipc.c **** {
  17              		.loc 1 23 1
  18              		.cfi_startproc
  24:c:/Users/User/Documents/GitHub/ch32h417/EVT/EXAM/SRC/Peripheral/src\ch32h417_ipc.c ****     IPC->CTLR = 0;
  19              		.loc 1 24 5
  20              		.loc 1 24 15 is_stmt 0
  21 0000 B7D700E0 		li	a5,-536817664
  22 0004 23A00700 		sw	zero,0(a5)
  25:c:/Users/User/Documents/GitHub/ch32h417/EVT/EXAM/SRC/Peripheral/src\ch32h417_ipc.c ****     IPC->ENA = 0;
  23              		.loc 1 25 5 is_stmt 1
  24              		.loc 1 25 14 is_stmt 0
  25 0008 23A80700 		sw	zero,16(a5)
  26:c:/Users/User/Documents/GitHub/ch32h417/EVT/EXAM/SRC/Peripheral/src\ch32h417_ipc.c ****     IPC->STS = 0;
  26              		.loc 1 26 5 is_stmt 1
  27              		.loc 1 26 14 is_stmt 0
  28 000c 23AA0700 		sw	zero,20(a5)
  27:c:/Users/User/Documents/GitHub/ch32h417/EVT/EXAM/SRC/Peripheral/src\ch32h417_ipc.c ****     IPC->MSG[0] = 0;
  29              		.loc 1 27 5 is_stmt 1
  30              		.loc 1 27 17 is_stmt 0
  31 0010 23A00702 		sw	zero,32(a5)
  28:c:/Users/User/Documents/GitHub/ch32h417/EVT/EXAM/SRC/Peripheral/src\ch32h417_ipc.c ****     IPC->MSG[1] = 0;
  32              		.loc 1 28 5 is_stmt 1
  33              		.loc 1 28 17 is_stmt 0
  34 0014 23A20702 		sw	zero,36(a5)
  29:c:/Users/User/Documents/GitHub/ch32h417/EVT/EXAM/SRC/Peripheral/src\ch32h417_ipc.c ****     IPC->MSG[2] = 0;
  35              		.loc 1 29 5 is_stmt 1
  36              		.loc 1 29 17 is_stmt 0
  37 0018 23A40702 		sw	zero,40(a5)
  30:c:/Users/User/Documents/GitHub/ch32h417/EVT/EXAM/SRC/Peripheral/src\ch32h417_ipc.c ****     IPC->MSG[3] = 0;
  38              		.loc 1 30 5 is_stmt 1
  39              		.loc 1 30 17 is_stmt 0
  40 001c 23A60702 		sw	zero,44(a5)
  31:c:/Users/User/Documents/GitHub/ch32h417/EVT/EXAM/SRC/Peripheral/src\ch32h417_ipc.c **** }
  41              		.loc 1 31 1
  42 0020 8280     		ret
  43              		.cfi_endproc
  44              	.LFE40:
  46              		.section	.text.IPC_Init,"ax",@progbits
  47              		.align	1
  48              		.globl	IPC_Init
  50              	IPC_Init:
  51              	.LFB41:
  32:c:/Users/User/Documents/GitHub/ch32h417/EVT/EXAM/SRC/Peripheral/src\ch32h417_ipc.c **** 
  33:c:/Users/User/Documents/GitHub/ch32h417/EVT/EXAM/SRC/Peripheral/src\ch32h417_ipc.c **** /*********************************************************************
  34:c:/Users/User/Documents/GitHub/ch32h417/EVT/EXAM/SRC/Peripheral/src\ch32h417_ipc.c ****  * @fn      IPC_Init
  35:c:/Users/User/Documents/GitHub/ch32h417/EVT/EXAM/SRC/Peripheral/src\ch32h417_ipc.c ****  *
  36:c:/Users/User/Documents/GitHub/ch32h417/EVT/EXAM/SRC/Peripheral/src\ch32h417_ipc.c ****  * @brief   Initializes the IPC peripheral according to the specified
  37:c:/Users/User/Documents/GitHub/ch32h417/EVT/EXAM/SRC/Peripheral/src\ch32h417_ipc.c ****  *        parameters in the IPC_InitStruct.
  38:c:/Users/User/Documents/GitHub/ch32h417/EVT/EXAM/SRC/Peripheral/src\ch32h417_ipc.c ****  *
  39:c:/Users/User/Documents/GitHub/ch32h417/EVT/EXAM/SRC/Peripheral/src\ch32h417_ipc.c ****  * @param   IPC_InitStruct - pointer to a IPC_InitTypeDef structure
  40:c:/Users/User/Documents/GitHub/ch32h417/EVT/EXAM/SRC/Peripheral/src\ch32h417_ipc.c ****  *
  41:c:/Users/User/Documents/GitHub/ch32h417/EVT/EXAM/SRC/Peripheral/src\ch32h417_ipc.c ****  * @return  none
  42:c:/Users/User/Documents/GitHub/ch32h417/EVT/EXAM/SRC/Peripheral/src\ch32h417_ipc.c ****  */
  43:c:/Users/User/Documents/GitHub/ch32h417/EVT/EXAM/SRC/Peripheral/src\ch32h417_ipc.c **** void IPC_Init(IPC_InitTypeDef *IPC_InitStruct)
  44:c:/Users/User/Documents/GitHub/ch32h417/EVT/EXAM/SRC/Peripheral/src\ch32h417_ipc.c **** {
  52              		.loc 1 44 1 is_stmt 1
  53              		.cfi_startproc
  54              	.LVL0:
  45:c:/Users/User/Documents/GitHub/ch32h417/EVT/EXAM/SRC/Peripheral/src\ch32h417_ipc.c ****     uint32_t tmp = 0;
  55              		.loc 1 45 5
  46:c:/Users/User/Documents/GitHub/ch32h417/EVT/EXAM/SRC/Peripheral/src\ch32h417_ipc.c **** 
  47:c:/Users/User/Documents/GitHub/ch32h417/EVT/EXAM/SRC/Peripheral/src\ch32h417_ipc.c ****     tmp = IPC->CTLR;
  56              		.loc 1 47 5
  48:c:/Users/User/Documents/GitHub/ch32h417/EVT/EXAM/SRC/Peripheral/src\ch32h417_ipc.c ****     tmp &= ~((0xFF) << (IPC_InitStruct->IPC_CH * 8));
  57              		.loc 1 48 48 is_stmt 0
  58 0000 1841     		lw	a4,0(a0)
  47:c:/Users/User/Documents/GitHub/ch32h417/EVT/EXAM/SRC/Peripheral/src\ch32h417_ipc.c ****     tmp &= ~((0xFF) << (IPC_InitStruct->IPC_CH * 8));
  59              		.loc 1 47 9
  60 0002 B7D500E0 		li	a1,-536817664
  61 0006 9C41     		lw	a5,0(a1)
  62              	.LVL1:
  63              		.loc 1 48 5 is_stmt 1
  64              		.loc 1 48 48 is_stmt 0
  65 0008 0E07     		slli	a4,a4,3
  66              		.loc 1 48 21
  67 000a 9306F00F 		li	a3,255
  68 000e B396E600 		sll	a3,a3,a4
  69              		.loc 1 48 9
  70 0012 B3F6D740 		andn	a3,a5,a3
  71              	.LVL2:
  49:c:/Users/User/Documents/GitHub/ch32h417/EVT/EXAM/SRC/Peripheral/src\ch32h417_ipc.c **** 
  50:c:/Users/User/Documents/GitHub/ch32h417/EVT/EXAM/SRC/Peripheral/src\ch32h417_ipc.c ****     tmp |= ((IPC_InitStruct->TxCID) << ((IPC_InitStruct->IPC_CH * 8) + 0)) | \
  72              		.loc 1 50 5 is_stmt 1
  51:c:/Users/User/Documents/GitHub/ch32h417/EVT/EXAM/SRC/Peripheral/src\ch32h417_ipc.c ****            ((IPC_InitStruct->RxCID) << ((IPC_InitStruct->IPC_CH * 8) + 2)) | \
  73              		.loc 1 51 37 is_stmt 0
  74 0016 1C45     		lw	a5,8(a0)
  75              		.loc 1 51 70
  76 0018 13062700 		addi	a2,a4,2
  52:c:/Users/User/Documents/GitHub/ch32h417/EVT/EXAM/SRC/Peripheral/src\ch32h417_ipc.c ****            ((IPC_InitStruct->TxIER) << ((IPC_InitStruct->IPC_CH * 8) + 4)) | \
  77              		.loc 1 52 70
  78 001c 13084700 		addi	a6,a4,4
  51:c:/Users/User/Documents/GitHub/ch32h417/EVT/EXAM/SRC/Peripheral/src\ch32h417_ipc.c ****            ((IPC_InitStruct->RxCID) << ((IPC_InitStruct->IPC_CH * 8) + 2)) | \
  79              		.loc 1 51 37
  80 0020 B397C700 		sll	a5,a5,a2
  81              		.loc 1 52 37
  82 0024 5045     		lw	a2,12(a0)
  83 0026 33160601 		sll	a2,a2,a6
  51:c:/Users/User/Documents/GitHub/ch32h417/EVT/EXAM/SRC/Peripheral/src\ch32h417_ipc.c ****            ((IPC_InitStruct->RxCID) << ((IPC_InitStruct->IPC_CH * 8) + 2)) | \
  84              		.loc 1 51 76
  85 002a D18F     		or	a5,a5,a2
  50:c:/Users/User/Documents/GitHub/ch32h417/EVT/EXAM/SRC/Peripheral/src\ch32h417_ipc.c ****            ((IPC_InitStruct->RxCID) << ((IPC_InitStruct->IPC_CH * 8) + 2)) | \
  86              		.loc 1 50 37
  87 002c 5041     		lw	a2,4(a0)
  53:c:/Users/User/Documents/GitHub/ch32h417/EVT/EXAM/SRC/Peripheral/src\ch32h417_ipc.c ****            ((IPC_InitStruct->RxIER) << ((IPC_InitStruct->IPC_CH * 8) + 5)) | \
  88              		.loc 1 53 70
  89 002e 13085700 		addi	a6,a4,5
  50:c:/Users/User/Documents/GitHub/ch32h417/EVT/EXAM/SRC/Peripheral/src\ch32h417_ipc.c ****            ((IPC_InitStruct->RxCID) << ((IPC_InitStruct->IPC_CH * 8) + 2)) | \
  90              		.loc 1 50 37
  91 0032 3316E600 		sll	a2,a2,a4
  51:c:/Users/User/Documents/GitHub/ch32h417/EVT/EXAM/SRC/Peripheral/src\ch32h417_ipc.c ****            ((IPC_InitStruct->TxIER) << ((IPC_InitStruct->IPC_CH * 8) + 4)) | \
  92              		.loc 1 51 76
  93 0036 D18F     		or	a5,a5,a2
  94              		.loc 1 53 37
  95 0038 1049     		lw	a2,16(a0)
  54:c:/Users/User/Documents/GitHub/ch32h417/EVT/EXAM/SRC/Peripheral/src\ch32h417_ipc.c ****            ((IPC_InitStruct->AutoEN) << ((IPC_InitStruct->IPC_CH * 8) + 6));
  96              		.loc 1 54 71
  97 003a 1907     		addi	a4,a4,6
  53:c:/Users/User/Documents/GitHub/ch32h417/EVT/EXAM/SRC/Peripheral/src\ch32h417_ipc.c ****            ((IPC_InitStruct->RxIER) << ((IPC_InitStruct->IPC_CH * 8) + 5)) | \
  98              		.loc 1 53 37
  99 003c 33160601 		sll	a2,a2,a6
  52:c:/Users/User/Documents/GitHub/ch32h417/EVT/EXAM/SRC/Peripheral/src\ch32h417_ipc.c ****            ((IPC_InitStruct->RxIER) << ((IPC_InitStruct->IPC_CH * 8) + 5)) | \
 100              		.loc 1 52 76
 101 0040 D18F     		or	a5,a5,a2
 102              		.loc 1 54 38
 103 0042 5049     		lw	a2,20(a0)
 104 0044 3317E600 		sll	a4,a2,a4
  53:c:/Users/User/Documents/GitHub/ch32h417/EVT/EXAM/SRC/Peripheral/src\ch32h417_ipc.c ****            ((IPC_InitStruct->AutoEN) << ((IPC_InitStruct->IPC_CH * 8) + 6));
 105              		.loc 1 53 76
 106 0048 D98F     		or	a5,a5,a4
  50:c:/Users/User/Documents/GitHub/ch32h417/EVT/EXAM/SRC/Peripheral/src\ch32h417_ipc.c ****            ((IPC_InitStruct->RxCID) << ((IPC_InitStruct->IPC_CH * 8) + 2)) | \
 107              		.loc 1 50 9
 108 004a D58F     		or	a5,a5,a3
 109              	.LVL3:
  55:c:/Users/User/Documents/GitHub/ch32h417/EVT/EXAM/SRC/Peripheral/src\ch32h417_ipc.c **** 
  56:c:/Users/User/Documents/GitHub/ch32h417/EVT/EXAM/SRC/Peripheral/src\ch32h417_ipc.c ****     IPC->CTLR = tmp;
 110              		.loc 1 56 5 is_stmt 1
 111              		.loc 1 56 15 is_stmt 0
 112 004c 9CC1     		sw	a5,0(a1)
  57:c:/Users/User/Documents/GitHub/ch32h417/EVT/EXAM/SRC/Peripheral/src\ch32h417_ipc.c **** }
 113              		.loc 1 57 1
 114 004e 8280     		ret
 115              		.cfi_endproc
 116              	.LFE41:
 118              		.section	.text.IPC_StructInit,"ax",@progbits
 119              		.align	1
 120              		.globl	IPC_StructInit
 122              	IPC_StructInit:
 123              	.LFB42:
  58:c:/Users/User/Documents/GitHub/ch32h417/EVT/EXAM/SRC/Peripheral/src\ch32h417_ipc.c **** 
  59:c:/Users/User/Documents/GitHub/ch32h417/EVT/EXAM/SRC/Peripheral/src\ch32h417_ipc.c **** /*********************************************************************
  60:c:/Users/User/Documents/GitHub/ch32h417/EVT/EXAM/SRC/Peripheral/src\ch32h417_ipc.c ****  * @fn      IPC_StructInit
  61:c:/Users/User/Documents/GitHub/ch32h417/EVT/EXAM/SRC/Peripheral/src\ch32h417_ipc.c ****  *
  62:c:/Users/User/Documents/GitHub/ch32h417/EVT/EXAM/SRC/Peripheral/src\ch32h417_ipc.c ****  * @brief   Fills each IPC_StructInit member with its reset value.
  63:c:/Users/User/Documents/GitHub/ch32h417/EVT/EXAM/SRC/Peripheral/src\ch32h417_ipc.c ****  *
  64:c:/Users/User/Documents/GitHub/ch32h417/EVT/EXAM/SRC/Peripheral/src\ch32h417_ipc.c ****  * @param   IPC_StructInit - pointer to a IPC_InitTypeDef structure
  65:c:/Users/User/Documents/GitHub/ch32h417/EVT/EXAM/SRC/Peripheral/src\ch32h417_ipc.c ****  *
  66:c:/Users/User/Documents/GitHub/ch32h417/EVT/EXAM/SRC/Peripheral/src\ch32h417_ipc.c ****  * @return  none
  67:c:/Users/User/Documents/GitHub/ch32h417/EVT/EXAM/SRC/Peripheral/src\ch32h417_ipc.c ****  */
  68:c:/Users/User/Documents/GitHub/ch32h417/EVT/EXAM/SRC/Peripheral/src\ch32h417_ipc.c **** void IPC_StructInit(IPC_InitTypeDef *IPC_InitStruct)
  69:c:/Users/User/Documents/GitHub/ch32h417/EVT/EXAM/SRC/Peripheral/src\ch32h417_ipc.c **** {
 124              		.loc 1 69 1 is_stmt 1
 125              		.cfi_startproc
 126              	.LVL4:
  70:c:/Users/User/Documents/GitHub/ch32h417/EVT/EXAM/SRC/Peripheral/src\ch32h417_ipc.c ****     IPC_InitStruct->IPC_CH = IPC_CH0;
 127              		.loc 1 70 5
 128              		.loc 1 70 28 is_stmt 0
 129 0000 23200500 		sw	zero,0(a0)
  71:c:/Users/User/Documents/GitHub/ch32h417/EVT/EXAM/SRC/Peripheral/src\ch32h417_ipc.c ****     IPC_InitStruct->TxCID = IPC_TxCID0;
 130              		.loc 1 71 5 is_stmt 1
 131              		.loc 1 71 27 is_stmt 0
 132 0004 23220500 		sw	zero,4(a0)
  72:c:/Users/User/Documents/GitHub/ch32h417/EVT/EXAM/SRC/Peripheral/src\ch32h417_ipc.c ****     IPC_InitStruct->RxCID = IPC_RxCID0;
 133              		.loc 1 72 5 is_stmt 1
 134              		.loc 1 72 27 is_stmt 0
 135 0008 23240500 		sw	zero,8(a0)
  73:c:/Users/User/Documents/GitHub/ch32h417/EVT/EXAM/SRC/Peripheral/src\ch32h417_ipc.c ****     IPC_InitStruct->TxIER = DISABLE;
 136              		.loc 1 73 5 is_stmt 1
 137              		.loc 1 73 27 is_stmt 0
 138 000c 23260500 		sw	zero,12(a0)
  74:c:/Users/User/Documents/GitHub/ch32h417/EVT/EXAM/SRC/Peripheral/src\ch32h417_ipc.c ****     IPC_InitStruct->RxIER = DISABLE;
 139              		.loc 1 74 5 is_stmt 1
 140              		.loc 1 74 27 is_stmt 0
 141 0010 23280500 		sw	zero,16(a0)
  75:c:/Users/User/Documents/GitHub/ch32h417/EVT/EXAM/SRC/Peripheral/src\ch32h417_ipc.c ****     IPC_InitStruct->AutoEN = DISABLE;
 142              		.loc 1 75 5 is_stmt 1
 143              		.loc 1 75 28 is_stmt 0
 144 0014 232A0500 		sw	zero,20(a0)
  76:c:/Users/User/Documents/GitHub/ch32h417/EVT/EXAM/SRC/Peripheral/src\ch32h417_ipc.c **** }
 145              		.loc 1 76 1
 146 0018 8280     		ret
 147              		.cfi_endproc
 148              	.LFE42:
 150              		.section	.text.IPC_CH0_Lock,"ax",@progbits
 151              		.align	1
 152              		.globl	IPC_CH0_Lock
 154              	IPC_CH0_Lock:
 155              	.LFB43:
  77:c:/Users/User/Documents/GitHub/ch32h417/EVT/EXAM/SRC/Peripheral/src\ch32h417_ipc.c **** 
  78:c:/Users/User/Documents/GitHub/ch32h417/EVT/EXAM/SRC/Peripheral/src\ch32h417_ipc.c **** /********************************************************************************
  79:c:/Users/User/Documents/GitHub/ch32h417/EVT/EXAM/SRC/Peripheral/src\ch32h417_ipc.c ****  * @fn      IPC_CH0_Lock
  80:c:/Users/User/Documents/GitHub/ch32h417/EVT/EXAM/SRC/Peripheral/src\ch32h417_ipc.c ****  *
  81:c:/Users/User/Documents/GitHub/ch32h417/EVT/EXAM/SRC/Peripheral/src\ch32h417_ipc.c ****  * @brief   Locks the IPC CH0 Controller.
  82:c:/Users/User/Documents/GitHub/ch32h417/EVT/EXAM/SRC/Peripheral/src\ch32h417_ipc.c ****  *
  83:c:/Users/User/Documents/GitHub/ch32h417/EVT/EXAM/SRC/Peripheral/src\ch32h417_ipc.c ****  * @return  none
  84:c:/Users/User/Documents/GitHub/ch32h417/EVT/EXAM/SRC/Peripheral/src\ch32h417_ipc.c ****  */
  85:c:/Users/User/Documents/GitHub/ch32h417/EVT/EXAM/SRC/Peripheral/src\ch32h417_ipc.c **** void IPC_CH0_Lock(void)
  86:c:/Users/User/Documents/GitHub/ch32h417/EVT/EXAM/SRC/Peripheral/src\ch32h417_ipc.c **** {
 156              		.loc 1 86 1 is_stmt 1
 157              		.cfi_startproc
  87:c:/Users/User/Documents/GitHub/ch32h417/EVT/EXAM/SRC/Peripheral/src\ch32h417_ipc.c ****     IPC->CTLR |= (1 << 7);
 158              		.loc 1 87 5
 159              		.loc 1 87 8 is_stmt 0
 160 0000 37D700E0 		li	a4,-536817664
 161 0004 1C43     		lw	a5,0(a4)
 162              		.loc 1 87 15
 163 0006 93E70708 		ori	a5,a5,128
 164 000a 1CC3     		sw	a5,0(a4)
  88:c:/Users/User/Documents/GitHub/ch32h417/EVT/EXAM/SRC/Peripheral/src\ch32h417_ipc.c **** }
 165              		.loc 1 88 1
 166 000c 8280     		ret
 167              		.cfi_endproc
 168              	.LFE43:
 170              		.section	.text.IPC_CH1_Lock,"ax",@progbits
 171              		.align	1
 172              		.globl	IPC_CH1_Lock
 174              	IPC_CH1_Lock:
 175              	.LFB44:
  89:c:/Users/User/Documents/GitHub/ch32h417/EVT/EXAM/SRC/Peripheral/src\ch32h417_ipc.c **** 
  90:c:/Users/User/Documents/GitHub/ch32h417/EVT/EXAM/SRC/Peripheral/src\ch32h417_ipc.c **** /********************************************************************************
  91:c:/Users/User/Documents/GitHub/ch32h417/EVT/EXAM/SRC/Peripheral/src\ch32h417_ipc.c ****  * @fn      IPC_CH1_Lock
  92:c:/Users/User/Documents/GitHub/ch32h417/EVT/EXAM/SRC/Peripheral/src\ch32h417_ipc.c ****  *
  93:c:/Users/User/Documents/GitHub/ch32h417/EVT/EXAM/SRC/Peripheral/src\ch32h417_ipc.c ****  * @brief   Locks the IPC CH1 Controller.
  94:c:/Users/User/Documents/GitHub/ch32h417/EVT/EXAM/SRC/Peripheral/src\ch32h417_ipc.c ****  *
  95:c:/Users/User/Documents/GitHub/ch32h417/EVT/EXAM/SRC/Peripheral/src\ch32h417_ipc.c ****  * @return  none
  96:c:/Users/User/Documents/GitHub/ch32h417/EVT/EXAM/SRC/Peripheral/src\ch32h417_ipc.c ****  */
  97:c:/Users/User/Documents/GitHub/ch32h417/EVT/EXAM/SRC/Peripheral/src\ch32h417_ipc.c **** void IPC_CH1_Lock(void)
  98:c:/Users/User/Documents/GitHub/ch32h417/EVT/EXAM/SRC/Peripheral/src\ch32h417_ipc.c **** {
 176              		.loc 1 98 1 is_stmt 1
 177              		.cfi_startproc
  99:c:/Users/User/Documents/GitHub/ch32h417/EVT/EXAM/SRC/Peripheral/src\ch32h417_ipc.c ****     IPC->CTLR |= (1 << 15);
 178              		.loc 1 99 5
 179              		.loc 1 99 8 is_stmt 0
 180 0000 37D700E0 		li	a4,-536817664
 181 0004 1C43     		lw	a5,0(a4)
 182              		.loc 1 99 15
 183 0006 9397F728 		bseti	a5,a5,15
 184 000a 1CC3     		sw	a5,0(a4)
 100:c:/Users/User/Documents/GitHub/ch32h417/EVT/EXAM/SRC/Peripheral/src\ch32h417_ipc.c **** }
 185              		.loc 1 100 1
 186 000c 8280     		ret
 187              		.cfi_endproc
 188              	.LFE44:
 190              		.section	.text.IPC_CH2_Lock,"ax",@progbits
 191              		.align	1
 192              		.globl	IPC_CH2_Lock
 194              	IPC_CH2_Lock:
 195              	.LFB45:
 101:c:/Users/User/Documents/GitHub/ch32h417/EVT/EXAM/SRC/Peripheral/src\ch32h417_ipc.c **** 
 102:c:/Users/User/Documents/GitHub/ch32h417/EVT/EXAM/SRC/Peripheral/src\ch32h417_ipc.c **** /********************************************************************************
 103:c:/Users/User/Documents/GitHub/ch32h417/EVT/EXAM/SRC/Peripheral/src\ch32h417_ipc.c ****  * @fn      IPC_CH2_Lock
 104:c:/Users/User/Documents/GitHub/ch32h417/EVT/EXAM/SRC/Peripheral/src\ch32h417_ipc.c ****  *
 105:c:/Users/User/Documents/GitHub/ch32h417/EVT/EXAM/SRC/Peripheral/src\ch32h417_ipc.c ****  * @brief   Locks the IPC CH2 Controller.
 106:c:/Users/User/Documents/GitHub/ch32h417/EVT/EXAM/SRC/Peripheral/src\ch32h417_ipc.c ****  *
 107:c:/Users/User/Documents/GitHub/ch32h417/EVT/EXAM/SRC/Peripheral/src\ch32h417_ipc.c ****  * @return  none
 108:c:/Users/User/Documents/GitHub/ch32h417/EVT/EXAM/SRC/Peripheral/src\ch32h417_ipc.c ****  */
 109:c:/Users/User/Documents/GitHub/ch32h417/EVT/EXAM/SRC/Peripheral/src\ch32h417_ipc.c **** void IPC_CH2_Lock(void)
 110:c:/Users/User/Documents/GitHub/ch32h417/EVT/EXAM/SRC/Peripheral/src\ch32h417_ipc.c **** {
 196              		.loc 1 110 1 is_stmt 1
 197              		.cfi_startproc
 111:c:/Users/User/Documents/GitHub/ch32h417/EVT/EXAM/SRC/Peripheral/src\ch32h417_ipc.c ****     IPC->CTLR |= (1 << 23);
 198              		.loc 1 111 5
 199              		.loc 1 111 8 is_stmt 0
 200 0000 37D700E0 		li	a4,-536817664
 201 0004 1C43     		lw	a5,0(a4)
 202              		.loc 1 111 15
 203 0006 93977729 		bseti	a5,a5,23
 204 000a 1CC3     		sw	a5,0(a4)
 112:c:/Users/User/Documents/GitHub/ch32h417/EVT/EXAM/SRC/Peripheral/src\ch32h417_ipc.c **** }
 205              		.loc 1 112 1
 206 000c 8280     		ret
 207              		.cfi_endproc
 208              	.LFE45:
 210              		.section	.text.IPC_CH3_Lock,"ax",@progbits
 211              		.align	1
 212              		.globl	IPC_CH3_Lock
 214              	IPC_CH3_Lock:
 215              	.LFB46:
 113:c:/Users/User/Documents/GitHub/ch32h417/EVT/EXAM/SRC/Peripheral/src\ch32h417_ipc.c **** 
 114:c:/Users/User/Documents/GitHub/ch32h417/EVT/EXAM/SRC/Peripheral/src\ch32h417_ipc.c **** /********************************************************************************
 115:c:/Users/User/Documents/GitHub/ch32h417/EVT/EXAM/SRC/Peripheral/src\ch32h417_ipc.c ****  * @fn      IPC_CH3_Lock
 116:c:/Users/User/Documents/GitHub/ch32h417/EVT/EXAM/SRC/Peripheral/src\ch32h417_ipc.c ****  *
 117:c:/Users/User/Documents/GitHub/ch32h417/EVT/EXAM/SRC/Peripheral/src\ch32h417_ipc.c ****  * @brief   Locks the IPC CH3 Controller.
 118:c:/Users/User/Documents/GitHub/ch32h417/EVT/EXAM/SRC/Peripheral/src\ch32h417_ipc.c ****  *
 119:c:/Users/User/Documents/GitHub/ch32h417/EVT/EXAM/SRC/Peripheral/src\ch32h417_ipc.c ****  * @return  none
 120:c:/Users/User/Documents/GitHub/ch32h417/EVT/EXAM/SRC/Peripheral/src\ch32h417_ipc.c ****  */
 121:c:/Users/User/Documents/GitHub/ch32h417/EVT/EXAM/SRC/Peripheral/src\ch32h417_ipc.c **** void IPC_CH3_Lock(void)
 122:c:/Users/User/Documents/GitHub/ch32h417/EVT/EXAM/SRC/Peripheral/src\ch32h417_ipc.c **** {
 216              		.loc 1 122 1 is_stmt 1
 217              		.cfi_startproc
 123:c:/Users/User/Documents/GitHub/ch32h417/EVT/EXAM/SRC/Peripheral/src\ch32h417_ipc.c ****     IPC->CTLR |= (1 << 31);
 218              		.loc 1 123 5
 219              		.loc 1 123 8 is_stmt 0
 220 0000 37D700E0 		li	a4,-536817664
 221 0004 1C43     		lw	a5,0(a4)
 222              		.loc 1 123 15
 223 0006 9397F729 		bseti	a5,a5,31
 224 000a 1CC3     		sw	a5,0(a4)
 124:c:/Users/User/Documents/GitHub/ch32h417/EVT/EXAM/SRC/Peripheral/src\ch32h417_ipc.c **** }
 225              		.loc 1 124 1
 226 000c 8280     		ret
 227              		.cfi_endproc
 228              	.LFE46:
 230              		.section	.text.IPC_GetITStatus,"ax",@progbits
 231              		.align	1
 232              		.globl	IPC_GetITStatus
 234              	IPC_GetITStatus:
 235              	.LFB47:
 125:c:/Users/User/Documents/GitHub/ch32h417/EVT/EXAM/SRC/Peripheral/src\ch32h417_ipc.c **** 
 126:c:/Users/User/Documents/GitHub/ch32h417/EVT/EXAM/SRC/Peripheral/src\ch32h417_ipc.c **** /*********************************************************************
 127:c:/Users/User/Documents/GitHub/ch32h417/EVT/EXAM/SRC/Peripheral/src\ch32h417_ipc.c ****  * @fn      IPC_GetITStatus
 128:c:/Users/User/Documents/GitHub/ch32h417/EVT/EXAM/SRC/Peripheral/src\ch32h417_ipc.c ****  *
 129:c:/Users/User/Documents/GitHub/ch32h417/EVT/EXAM/SRC/Peripheral/src\ch32h417_ipc.c ****  * @brief   Checks whether the specified IPC interrupt has occurred or not.
 130:c:/Users/User/Documents/GitHub/ch32h417/EVT/EXAM/SRC/Peripheral/src\ch32h417_ipc.c ****  *
 131:c:/Users/User/Documents/GitHub/ch32h417/EVT/EXAM/SRC/Peripheral/src\ch32h417_ipc.c ****  * @param   IPC_CH - pointer to a IPC_Channel_TypeDef structure
 132:c:/Users/User/Documents/GitHub/ch32h417/EVT/EXAM/SRC/Peripheral/src\ch32h417_ipc.c ****  *          TPC_Sta_Bit - pointer to a IPC_ChannelStateBit_TypeDef structure
 133:c:/Users/User/Documents/GitHub/ch32h417/EVT/EXAM/SRC/Peripheral/src\ch32h417_ipc.c ****  *
 134:c:/Users/User/Documents/GitHub/ch32h417/EVT/EXAM/SRC/Peripheral/src\ch32h417_ipc.c ****  * @return  ITStatus - SET or RESET.
 135:c:/Users/User/Documents/GitHub/ch32h417/EVT/EXAM/SRC/Peripheral/src\ch32h417_ipc.c ****  */
 136:c:/Users/User/Documents/GitHub/ch32h417/EVT/EXAM/SRC/Peripheral/src\ch32h417_ipc.c **** 
 137:c:/Users/User/Documents/GitHub/ch32h417/EVT/EXAM/SRC/Peripheral/src\ch32h417_ipc.c **** ITStatus IPC_GetITStatus(IPC_Channel_TypeDef IPC_CH, IPC_ChannelStateBit_TypeDef TPC_Sta_Bit)
 138:c:/Users/User/Documents/GitHub/ch32h417/EVT/EXAM/SRC/Peripheral/src\ch32h417_ipc.c **** {
 236              		.loc 1 138 1 is_stmt 1
 237              		.cfi_startproc
 238              	.LVL5:
 139:c:/Users/User/Documents/GitHub/ch32h417/EVT/EXAM/SRC/Peripheral/src\ch32h417_ipc.c ****     ITStatus bitstatus = RESET;
 239              		.loc 1 139 5
 140:c:/Users/User/Documents/GitHub/ch32h417/EVT/EXAM/SRC/Peripheral/src\ch32h417_ipc.c **** 
 141:c:/Users/User/Documents/GitHub/ch32h417/EVT/EXAM/SRC/Peripheral/src\ch32h417_ipc.c ****     if((IPC->ISR & (1 << ((IPC_CH * 8) + TPC_Sta_Bit))) != (uint32_t)RESET)
 240              		.loc 1 141 5
 241              		.loc 1 141 12 is_stmt 0
 242 0000 B7D700E0 		li	a5,-536817664
 243 0004 DC43     		lw	a5,4(a5)
 244              	.LVL6:
 142:c:/Users/User/Documents/GitHub/ch32h417/EVT/EXAM/SRC/Peripheral/src\ch32h417_ipc.c ****     {
 143:c:/Users/User/Documents/GitHub/ch32h417/EVT/EXAM/SRC/Peripheral/src\ch32h417_ipc.c ****         bitstatus = SET;
 144:c:/Users/User/Documents/GitHub/ch32h417/EVT/EXAM/SRC/Peripheral/src\ch32h417_ipc.c ****     }
 145:c:/Users/User/Documents/GitHub/ch32h417/EVT/EXAM/SRC/Peripheral/src\ch32h417_ipc.c ****     else
 146:c:/Users/User/Documents/GitHub/ch32h417/EVT/EXAM/SRC/Peripheral/src\ch32h417_ipc.c ****     {
 147:c:/Users/User/Documents/GitHub/ch32h417/EVT/EXAM/SRC/Peripheral/src\ch32h417_ipc.c ****         bitstatus = RESET;
 148:c:/Users/User/Documents/GitHub/ch32h417/EVT/EXAM/SRC/Peripheral/src\ch32h417_ipc.c ****     }
 149:c:/Users/User/Documents/GitHub/ch32h417/EVT/EXAM/SRC/Peripheral/src\ch32h417_ipc.c **** 
 150:c:/Users/User/Documents/GitHub/ch32h417/EVT/EXAM/SRC/Peripheral/src\ch32h417_ipc.c ****     return bitstatus;
 245              		.loc 1 150 5 is_stmt 1
 141:c:/Users/User/Documents/GitHub/ch32h417/EVT/EXAM/SRC/Peripheral/src\ch32h417_ipc.c ****     {
 246              		.loc 1 141 40 is_stmt 0
 247 0006 3365B520 		sh3add	a0,a0,a1
 248              	.LVL7:
 151:c:/Users/User/Documents/GitHub/ch32h417/EVT/EXAM/SRC/Peripheral/src\ch32h417_ipc.c **** }
 249              		.loc 1 151 1
 250 000a 33D5A748 		bext	a0,a5,a0
 251              	.LVL8:
 252 000e 8280     		ret
 253              		.cfi_endproc
 254              	.LFE47:
 256              		.section	.text.IPC_GetITMask,"ax",@progbits
 257              		.align	1
 258              		.globl	IPC_GetITMask
 260              	IPC_GetITMask:
 261              	.LFB48:
 152:c:/Users/User/Documents/GitHub/ch32h417/EVT/EXAM/SRC/Peripheral/src\ch32h417_ipc.c **** 
 153:c:/Users/User/Documents/GitHub/ch32h417/EVT/EXAM/SRC/Peripheral/src\ch32h417_ipc.c **** /*********************************************************************
 154:c:/Users/User/Documents/GitHub/ch32h417/EVT/EXAM/SRC/Peripheral/src\ch32h417_ipc.c ****  * @fn      IPC_GetITMask
 155:c:/Users/User/Documents/GitHub/ch32h417/EVT/EXAM/SRC/Peripheral/src\ch32h417_ipc.c ****  *
 156:c:/Users/User/Documents/GitHub/ch32h417/EVT/EXAM/SRC/Peripheral/src\ch32h417_ipc.c ****  * @brief   Checks whether the specified IPC interrupt request has occurred or not.
 157:c:/Users/User/Documents/GitHub/ch32h417/EVT/EXAM/SRC/Peripheral/src\ch32h417_ipc.c ****  *
 158:c:/Users/User/Documents/GitHub/ch32h417/EVT/EXAM/SRC/Peripheral/src\ch32h417_ipc.c ****  * @param   IPC_CH - pointer to a IPC_Channel_TypeDef structure
 159:c:/Users/User/Documents/GitHub/ch32h417/EVT/EXAM/SRC/Peripheral/src\ch32h417_ipc.c ****  *          TPC_Sta_Bit - pointer to a IPC_ChannelStateBit_TypeDef structure
 160:c:/Users/User/Documents/GitHub/ch32h417/EVT/EXAM/SRC/Peripheral/src\ch32h417_ipc.c ****  *
 161:c:/Users/User/Documents/GitHub/ch32h417/EVT/EXAM/SRC/Peripheral/src\ch32h417_ipc.c ****  * @return  ITStatus - SET or RESET.
 162:c:/Users/User/Documents/GitHub/ch32h417/EVT/EXAM/SRC/Peripheral/src\ch32h417_ipc.c ****  */
 163:c:/Users/User/Documents/GitHub/ch32h417/EVT/EXAM/SRC/Peripheral/src\ch32h417_ipc.c **** 
 164:c:/Users/User/Documents/GitHub/ch32h417/EVT/EXAM/SRC/Peripheral/src\ch32h417_ipc.c **** ITStatus IPC_GetITMask(IPC_Channel_TypeDef IPC_CH, IPC_ChannelStateBit_TypeDef TPC_Sta_Bit)
 165:c:/Users/User/Documents/GitHub/ch32h417/EVT/EXAM/SRC/Peripheral/src\ch32h417_ipc.c **** {
 262              		.loc 1 165 1 is_stmt 1
 263              		.cfi_startproc
 264              	.LVL9:
 166:c:/Users/User/Documents/GitHub/ch32h417/EVT/EXAM/SRC/Peripheral/src\ch32h417_ipc.c ****     ITStatus bitstatus = RESET;
 265              		.loc 1 166 5
 167:c:/Users/User/Documents/GitHub/ch32h417/EVT/EXAM/SRC/Peripheral/src\ch32h417_ipc.c **** 
 168:c:/Users/User/Documents/GitHub/ch32h417/EVT/EXAM/SRC/Peripheral/src\ch32h417_ipc.c ****     if((IPC->ISM & (1 << ((IPC_CH * 8) + TPC_Sta_Bit))) != (uint32_t)RESET)
 266              		.loc 1 168 5
 267              		.loc 1 168 12 is_stmt 0
 268 0000 B7D700E0 		li	a5,-536817664
 269 0004 9C47     		lw	a5,8(a5)
 270              	.LVL10:
 169:c:/Users/User/Documents/GitHub/ch32h417/EVT/EXAM/SRC/Peripheral/src\ch32h417_ipc.c ****     {
 170:c:/Users/User/Documents/GitHub/ch32h417/EVT/EXAM/SRC/Peripheral/src\ch32h417_ipc.c ****         bitstatus = SET;
 171:c:/Users/User/Documents/GitHub/ch32h417/EVT/EXAM/SRC/Peripheral/src\ch32h417_ipc.c ****     }
 172:c:/Users/User/Documents/GitHub/ch32h417/EVT/EXAM/SRC/Peripheral/src\ch32h417_ipc.c ****     else
 173:c:/Users/User/Documents/GitHub/ch32h417/EVT/EXAM/SRC/Peripheral/src\ch32h417_ipc.c ****     {
 174:c:/Users/User/Documents/GitHub/ch32h417/EVT/EXAM/SRC/Peripheral/src\ch32h417_ipc.c ****         bitstatus = RESET;
 175:c:/Users/User/Documents/GitHub/ch32h417/EVT/EXAM/SRC/Peripheral/src\ch32h417_ipc.c ****     }
 176:c:/Users/User/Documents/GitHub/ch32h417/EVT/EXAM/SRC/Peripheral/src\ch32h417_ipc.c **** 
 177:c:/Users/User/Documents/GitHub/ch32h417/EVT/EXAM/SRC/Peripheral/src\ch32h417_ipc.c ****     return bitstatus;
 271              		.loc 1 177 5 is_stmt 1
 168:c:/Users/User/Documents/GitHub/ch32h417/EVT/EXAM/SRC/Peripheral/src\ch32h417_ipc.c ****     {
 272              		.loc 1 168 40 is_stmt 0
 273 0006 3365B520 		sh3add	a0,a0,a1
 274              	.LVL11:
 178:c:/Users/User/Documents/GitHub/ch32h417/EVT/EXAM/SRC/Peripheral/src\ch32h417_ipc.c **** }
 275              		.loc 1 178 1
 276 000a 33D5A748 		bext	a0,a5,a0
 277              	.LVL12:
 278 000e 8280     		ret
 279              		.cfi_endproc
 280              	.LFE48:
 282              		.section	.text.IPC_ITConfig,"ax",@progbits
 283              		.align	1
 284              		.globl	IPC_ITConfig
 286              	IPC_ITConfig:
 287              	.LFB49:
 179:c:/Users/User/Documents/GitHub/ch32h417/EVT/EXAM/SRC/Peripheral/src\ch32h417_ipc.c **** 
 180:c:/Users/User/Documents/GitHub/ch32h417/EVT/EXAM/SRC/Peripheral/src\ch32h417_ipc.c **** /*********************************************************************
 181:c:/Users/User/Documents/GitHub/ch32h417/EVT/EXAM/SRC/Peripheral/src\ch32h417_ipc.c ****  * @fn      IPC_ITConfig
 182:c:/Users/User/Documents/GitHub/ch32h417/EVT/EXAM/SRC/Peripheral/src\ch32h417_ipc.c ****  *
 183:c:/Users/User/Documents/GitHub/ch32h417/EVT/EXAM/SRC/Peripheral/src\ch32h417_ipc.c ****  * @brief   Enables or disables the specified IPC interrupts.
 184:c:/Users/User/Documents/GitHub/ch32h417/EVT/EXAM/SRC/Peripheral/src\ch32h417_ipc.c ****  *
 185:c:/Users/User/Documents/GitHub/ch32h417/EVT/EXAM/SRC/Peripheral/src\ch32h417_ipc.c ****  * @param   IPC_CH - pointer to a IPC_Channel_TypeDef structure
 186:c:/Users/User/Documents/GitHub/ch32h417/EVT/EXAM/SRC/Peripheral/src\ch32h417_ipc.c ****  *          TPC_Sta_Bit - pointer to a IPC_ChannelStateBit_TypeDef structure
 187:c:/Users/User/Documents/GitHub/ch32h417/EVT/EXAM/SRC/Peripheral/src\ch32h417_ipc.c ****  *          NewState - new state of the specified RTC interrupts(ENABLE or DISABLE).
 188:c:/Users/User/Documents/GitHub/ch32h417/EVT/EXAM/SRC/Peripheral/src\ch32h417_ipc.c ****  *
 189:c:/Users/User/Documents/GitHub/ch32h417/EVT/EXAM/SRC/Peripheral/src\ch32h417_ipc.c ****  * @return  none
 190:c:/Users/User/Documents/GitHub/ch32h417/EVT/EXAM/SRC/Peripheral/src\ch32h417_ipc.c ****  */
 191:c:/Users/User/Documents/GitHub/ch32h417/EVT/EXAM/SRC/Peripheral/src\ch32h417_ipc.c **** void IPC_ITConfig(IPC_Channel_TypeDef IPC_CH, IPC_ChannelStateBit_TypeDef TPC_Sta_Bit, FunctionalSt
 192:c:/Users/User/Documents/GitHub/ch32h417/EVT/EXAM/SRC/Peripheral/src\ch32h417_ipc.c **** {
 288              		.loc 1 192 1 is_stmt 1
 289              		.cfi_startproc
 290              	.LVL13:
 193:c:/Users/User/Documents/GitHub/ch32h417/EVT/EXAM/SRC/Peripheral/src\ch32h417_ipc.c ****     if(NewState != DISABLE)
 291              		.loc 1 193 5
 194:c:/Users/User/Documents/GitHub/ch32h417/EVT/EXAM/SRC/Peripheral/src\ch32h417_ipc.c ****     {
 195:c:/Users/User/Documents/GitHub/ch32h417/EVT/EXAM/SRC/Peripheral/src\ch32h417_ipc.c ****         IPC->ENA |= (1 << ((IPC_CH * 8) + TPC_Sta_Bit));
 292              		.loc 1 195 12 is_stmt 0
 293 0000 B7D700E0 		li	a5,-536817664
 294 0004 984B     		lw	a4,16(a5)
 295              		.loc 1 195 41
 296 0006 3365B520 		sh3add	a0,a0,a1
 297              	.LVL14:
 298              		.loc 1 195 24
 299 000a 3315A028 		bset	a0,x0,a0
 193:c:/Users/User/Documents/GitHub/ch32h417/EVT/EXAM/SRC/Peripheral/src\ch32h417_ipc.c ****     if(NewState != DISABLE)
 300              		.loc 1 193 7
 301 000e 01C6     		beq	a2,zero,.L11
 302              		.loc 1 195 9 is_stmt 1
 303              		.loc 1 195 18 is_stmt 0
 304 0010 598D     		or	a0,a0,a4
 305              	.L13:
 196:c:/Users/User/Documents/GitHub/ch32h417/EVT/EXAM/SRC/Peripheral/src\ch32h417_ipc.c ****     }
 197:c:/Users/User/Documents/GitHub/ch32h417/EVT/EXAM/SRC/Peripheral/src\ch32h417_ipc.c ****     else
 198:c:/Users/User/Documents/GitHub/ch32h417/EVT/EXAM/SRC/Peripheral/src\ch32h417_ipc.c ****     {
 199:c:/Users/User/Documents/GitHub/ch32h417/EVT/EXAM/SRC/Peripheral/src\ch32h417_ipc.c ****         IPC->ENA &= ~(1 << ((IPC_CH * 8) + TPC_Sta_Bit));
 306              		.loc 1 199 18
 307 0012 88CB     		sw	a0,16(a5)
 200:c:/Users/User/Documents/GitHub/ch32h417/EVT/EXAM/SRC/Peripheral/src\ch32h417_ipc.c ****     }
 201:c:/Users/User/Documents/GitHub/ch32h417/EVT/EXAM/SRC/Peripheral/src\ch32h417_ipc.c **** }
 308              		.loc 1 201 1
 309 0014 8280     		ret
 310              	.L11:
 199:c:/Users/User/Documents/GitHub/ch32h417/EVT/EXAM/SRC/Peripheral/src\ch32h417_ipc.c ****     }
 311              		.loc 1 199 9 is_stmt 1
 199:c:/Users/User/Documents/GitHub/ch32h417/EVT/EXAM/SRC/Peripheral/src\ch32h417_ipc.c ****     }
 312              		.loc 1 199 18 is_stmt 0
 313 0016 3375A740 		andn	a0,a4,a0
 314 001a E5BF     		j	.L13
 315              		.cfi_endproc
 316              	.LFE49:
 318              		.section	.text.IPC_GetFlagStatus,"ax",@progbits
 319              		.align	1
 320              		.globl	IPC_GetFlagStatus
 322              	IPC_GetFlagStatus:
 323              	.LFB50:
 202:c:/Users/User/Documents/GitHub/ch32h417/EVT/EXAM/SRC/Peripheral/src\ch32h417_ipc.c **** 
 203:c:/Users/User/Documents/GitHub/ch32h417/EVT/EXAM/SRC/Peripheral/src\ch32h417_ipc.c **** /*********************************************************************
 204:c:/Users/User/Documents/GitHub/ch32h417/EVT/EXAM/SRC/Peripheral/src\ch32h417_ipc.c ****  * @fn      IPC_GetFlagStatus
 205:c:/Users/User/Documents/GitHub/ch32h417/EVT/EXAM/SRC/Peripheral/src\ch32h417_ipc.c ****  *
 206:c:/Users/User/Documents/GitHub/ch32h417/EVT/EXAM/SRC/Peripheral/src\ch32h417_ipc.c ****  * @brief   Checks whether the specified IPC flag is set or not
 207:c:/Users/User/Documents/GitHub/ch32h417/EVT/EXAM/SRC/Peripheral/src\ch32h417_ipc.c ****  *
 208:c:/Users/User/Documents/GitHub/ch32h417/EVT/EXAM/SRC/Peripheral/src\ch32h417_ipc.c ****  * @param   IPC_CH - pointer to a IPC_Channel_TypeDef structure
 209:c:/Users/User/Documents/GitHub/ch32h417/EVT/EXAM/SRC/Peripheral/src\ch32h417_ipc.c ****  *          TPC_Sta_Bit - pointer to a IPC_ChannelStateBit_TypeDef structure
 210:c:/Users/User/Documents/GitHub/ch32h417/EVT/EXAM/SRC/Peripheral/src\ch32h417_ipc.c ****  *
 211:c:/Users/User/Documents/GitHub/ch32h417/EVT/EXAM/SRC/Peripheral/src\ch32h417_ipc.c ****  * @return  The new state of PIC_FLAG (SET or RESET)
 212:c:/Users/User/Documents/GitHub/ch32h417/EVT/EXAM/SRC/Peripheral/src\ch32h417_ipc.c ****  */
 213:c:/Users/User/Documents/GitHub/ch32h417/EVT/EXAM/SRC/Peripheral/src\ch32h417_ipc.c **** FlagStatus IPC_GetFlagStatus(IPC_Channel_TypeDef IPC_CH, IPC_ChannelStateBit_TypeDef TPC_Sta_Bit)
 214:c:/Users/User/Documents/GitHub/ch32h417/EVT/EXAM/SRC/Peripheral/src\ch32h417_ipc.c **** {
 324              		.loc 1 214 1 is_stmt 1
 325              		.cfi_startproc
 326              	.LVL15:
 215:c:/Users/User/Documents/GitHub/ch32h417/EVT/EXAM/SRC/Peripheral/src\ch32h417_ipc.c ****     FlagStatus bitstatus = RESET;
 327              		.loc 1 215 5
 216:c:/Users/User/Documents/GitHub/ch32h417/EVT/EXAM/SRC/Peripheral/src\ch32h417_ipc.c ****     if((IPC->STS & (1 << ((IPC_CH * 8) + TPC_Sta_Bit))) != (uint32_t)RESET)
 328              		.loc 1 216 5
 329              		.loc 1 216 12 is_stmt 0
 330 0000 B7D700E0 		li	a5,-536817664
 331 0004 DC4B     		lw	a5,20(a5)
 332              	.LVL16:
 217:c:/Users/User/Documents/GitHub/ch32h417/EVT/EXAM/SRC/Peripheral/src\ch32h417_ipc.c ****     {
 218:c:/Users/User/Documents/GitHub/ch32h417/EVT/EXAM/SRC/Peripheral/src\ch32h417_ipc.c ****         bitstatus = SET;
 219:c:/Users/User/Documents/GitHub/ch32h417/EVT/EXAM/SRC/Peripheral/src\ch32h417_ipc.c ****     }
 220:c:/Users/User/Documents/GitHub/ch32h417/EVT/EXAM/SRC/Peripheral/src\ch32h417_ipc.c ****     else
 221:c:/Users/User/Documents/GitHub/ch32h417/EVT/EXAM/SRC/Peripheral/src\ch32h417_ipc.c ****     {
 222:c:/Users/User/Documents/GitHub/ch32h417/EVT/EXAM/SRC/Peripheral/src\ch32h417_ipc.c ****         bitstatus = RESET;
 223:c:/Users/User/Documents/GitHub/ch32h417/EVT/EXAM/SRC/Peripheral/src\ch32h417_ipc.c ****     }
 224:c:/Users/User/Documents/GitHub/ch32h417/EVT/EXAM/SRC/Peripheral/src\ch32h417_ipc.c ****     return bitstatus;
 333              		.loc 1 224 5 is_stmt 1
 216:c:/Users/User/Documents/GitHub/ch32h417/EVT/EXAM/SRC/Peripheral/src\ch32h417_ipc.c ****     if((IPC->STS & (1 << ((IPC_CH * 8) + TPC_Sta_Bit))) != (uint32_t)RESET)
 334              		.loc 1 216 40 is_stmt 0
 335 0006 3365B520 		sh3add	a0,a0,a1
 336              	.LVL17:
 225:c:/Users/User/Documents/GitHub/ch32h417/EVT/EXAM/SRC/Peripheral/src\ch32h417_ipc.c **** }
 337              		.loc 1 225 1
 338 000a 33D5A748 		bext	a0,a5,a0
 339              	.LVL18:
 340 000e 8280     		ret
 341              		.cfi_endproc
 342              	.LFE50:
 344              		.section	.text.IPC_SetFlagStatus,"ax",@progbits
 345              		.align	1
 346              		.globl	IPC_SetFlagStatus
 348              	IPC_SetFlagStatus:
 349              	.LFB51:
 226:c:/Users/User/Documents/GitHub/ch32h417/EVT/EXAM/SRC/Peripheral/src\ch32h417_ipc.c **** 
 227:c:/Users/User/Documents/GitHub/ch32h417/EVT/EXAM/SRC/Peripheral/src\ch32h417_ipc.c **** /*********************************************************************
 228:c:/Users/User/Documents/GitHub/ch32h417/EVT/EXAM/SRC/Peripheral/src\ch32h417_ipc.c ****  * @fn      IPC_SetFlagStatus
 229:c:/Users/User/Documents/GitHub/ch32h417/EVT/EXAM/SRC/Peripheral/src\ch32h417_ipc.c ****  *
 230:c:/Users/User/Documents/GitHub/ch32h417/EVT/EXAM/SRC/Peripheral/src\ch32h417_ipc.c ****  * @brief   Set the specified IPC interrupts.
 231:c:/Users/User/Documents/GitHub/ch32h417/EVT/EXAM/SRC/Peripheral/src\ch32h417_ipc.c ****  *
 232:c:/Users/User/Documents/GitHub/ch32h417/EVT/EXAM/SRC/Peripheral/src\ch32h417_ipc.c ****  * @param   IPC_CH - pointer to a IPC_Channel_TypeDef structure
 233:c:/Users/User/Documents/GitHub/ch32h417/EVT/EXAM/SRC/Peripheral/src\ch32h417_ipc.c ****  *          TPC_Sta_Bit - pointer to a IPC_ChannelStateBit_TypeDef structure
 234:c:/Users/User/Documents/GitHub/ch32h417/EVT/EXAM/SRC/Peripheral/src\ch32h417_ipc.c ****  *
 235:c:/Users/User/Documents/GitHub/ch32h417/EVT/EXAM/SRC/Peripheral/src\ch32h417_ipc.c ****  * @return  none
 236:c:/Users/User/Documents/GitHub/ch32h417/EVT/EXAM/SRC/Peripheral/src\ch32h417_ipc.c ****  */
 237:c:/Users/User/Documents/GitHub/ch32h417/EVT/EXAM/SRC/Peripheral/src\ch32h417_ipc.c **** void IPC_SetFlagStatus(IPC_Channel_TypeDef IPC_CH, IPC_ChannelStateBit_TypeDef TPC_Sta_Bit)
 238:c:/Users/User/Documents/GitHub/ch32h417/EVT/EXAM/SRC/Peripheral/src\ch32h417_ipc.c **** {
 350              		.loc 1 238 1 is_stmt 1
 351              		.cfi_startproc
 352              	.LVL19:
 239:c:/Users/User/Documents/GitHub/ch32h417/EVT/EXAM/SRC/Peripheral/src\ch32h417_ipc.c ****     IPC->SET = (1 << ((IPC_CH * 8) + TPC_Sta_Bit));
 353              		.loc 1 239 5
 354              		.loc 1 239 14 is_stmt 0
 355 0000 B7D700E0 		li	a5,-536817664
 356              		.loc 1 239 36
 357 0004 3365B520 		sh3add	a0,a0,a1
 358              	.LVL20:
 359              		.loc 1 239 19
 360 0008 3315A028 		bset	a0,x0,a0
 361              		.loc 1 239 14
 362 000c 88CF     		sw	a0,24(a5)
 240:c:/Users/User/Documents/GitHub/ch32h417/EVT/EXAM/SRC/Peripheral/src\ch32h417_ipc.c **** }
 363              		.loc 1 240 1
 364 000e 8280     		ret
 365              		.cfi_endproc
 366              	.LFE51:
 368              		.section	.text.IPC_ClearFlagStatus,"ax",@progbits
 369              		.align	1
 370              		.globl	IPC_ClearFlagStatus
 372              	IPC_ClearFlagStatus:
 373              	.LFB52:
 241:c:/Users/User/Documents/GitHub/ch32h417/EVT/EXAM/SRC/Peripheral/src\ch32h417_ipc.c **** 
 242:c:/Users/User/Documents/GitHub/ch32h417/EVT/EXAM/SRC/Peripheral/src\ch32h417_ipc.c **** /*********************************************************************
 243:c:/Users/User/Documents/GitHub/ch32h417/EVT/EXAM/SRC/Peripheral/src\ch32h417_ipc.c ****  * @fn      IPC_ClearFlagStatus
 244:c:/Users/User/Documents/GitHub/ch32h417/EVT/EXAM/SRC/Peripheral/src\ch32h417_ipc.c ****  *
 245:c:/Users/User/Documents/GitHub/ch32h417/EVT/EXAM/SRC/Peripheral/src\ch32h417_ipc.c ****  * @brief   Clear the specified IPC interrupts.
 246:c:/Users/User/Documents/GitHub/ch32h417/EVT/EXAM/SRC/Peripheral/src\ch32h417_ipc.c ****  *
 247:c:/Users/User/Documents/GitHub/ch32h417/EVT/EXAM/SRC/Peripheral/src\ch32h417_ipc.c ****  * @param   IPC_CH - pointer to a IPC_Channel_TypeDef structure
 248:c:/Users/User/Documents/GitHub/ch32h417/EVT/EXAM/SRC/Peripheral/src\ch32h417_ipc.c ****  *          TPC_Sta_Bit - pointer to a IPC_ChannelStateBit_TypeDef structure
 249:c:/Users/User/Documents/GitHub/ch32h417/EVT/EXAM/SRC/Peripheral/src\ch32h417_ipc.c ****  *
 250:c:/Users/User/Documents/GitHub/ch32h417/EVT/EXAM/SRC/Peripheral/src\ch32h417_ipc.c ****  * @return  none
 251:c:/Users/User/Documents/GitHub/ch32h417/EVT/EXAM/SRC/Peripheral/src\ch32h417_ipc.c ****  */
 252:c:/Users/User/Documents/GitHub/ch32h417/EVT/EXAM/SRC/Peripheral/src\ch32h417_ipc.c **** void IPC_ClearFlagStatus(IPC_Channel_TypeDef IPC_CH, IPC_ChannelStateBit_TypeDef TPC_Sta_Bit)
 253:c:/Users/User/Documents/GitHub/ch32h417/EVT/EXAM/SRC/Peripheral/src\ch32h417_ipc.c **** {
 374              		.loc 1 253 1 is_stmt 1
 375              		.cfi_startproc
 376              	.LVL21:
 254:c:/Users/User/Documents/GitHub/ch32h417/EVT/EXAM/SRC/Peripheral/src\ch32h417_ipc.c ****     IPC->CLR = (1 << ((IPC_CH * 8) + TPC_Sta_Bit));
 377              		.loc 1 254 5
 378              		.loc 1 254 14 is_stmt 0
 379 0000 B7D700E0 		li	a5,-536817664
 380              		.loc 1 254 36
 381 0004 3365B520 		sh3add	a0,a0,a1
 382              	.LVL22:
 383              		.loc 1 254 19
 384 0008 3315A028 		bset	a0,x0,a0
 385              		.loc 1 254 14
 386 000c C8CF     		sw	a0,28(a5)
 255:c:/Users/User/Documents/GitHub/ch32h417/EVT/EXAM/SRC/Peripheral/src\ch32h417_ipc.c **** }
 387              		.loc 1 255 1
 388 000e 8280     		ret
 389              		.cfi_endproc
 390              	.LFE52:
 392              		.section	.text.IPC_WriteMSG,"ax",@progbits
 393              		.align	1
 394              		.globl	IPC_WriteMSG
 396              	IPC_WriteMSG:
 397              	.LFB53:
 256:c:/Users/User/Documents/GitHub/ch32h417/EVT/EXAM/SRC/Peripheral/src\ch32h417_ipc.c **** 
 257:c:/Users/User/Documents/GitHub/ch32h417/EVT/EXAM/SRC/Peripheral/src\ch32h417_ipc.c **** /*********************************************************************
 258:c:/Users/User/Documents/GitHub/ch32h417/EVT/EXAM/SRC/Peripheral/src\ch32h417_ipc.c ****  * @fn      IPC_WriteMSG
 259:c:/Users/User/Documents/GitHub/ch32h417/EVT/EXAM/SRC/Peripheral/src\ch32h417_ipc.c ****  *
 260:c:/Users/User/Documents/GitHub/ch32h417/EVT/EXAM/SRC/Peripheral/src\ch32h417_ipc.c ****  * @brief   Writes user data to the specified MSG Register.
 261:c:/Users/User/Documents/GitHub/ch32h417/EVT/EXAM/SRC/Peripheral/src\ch32h417_ipc.c ****  *
 262:c:/Users/User/Documents/GitHub/ch32h417/EVT/EXAM/SRC/Peripheral/src\ch32h417_ipc.c ****  * @param   IPC_MSG - pointer to a IPC_MSG_TypeDef structure
 263:c:/Users/User/Documents/GitHub/ch32h417/EVT/EXAM/SRC/Peripheral/src\ch32h417_ipc.c ****  *          Data - data to write.
 264:c:/Users/User/Documents/GitHub/ch32h417/EVT/EXAM/SRC/Peripheral/src\ch32h417_ipc.c ****  *
 265:c:/Users/User/Documents/GitHub/ch32h417/EVT/EXAM/SRC/Peripheral/src\ch32h417_ipc.c ****  * @return  none
 266:c:/Users/User/Documents/GitHub/ch32h417/EVT/EXAM/SRC/Peripheral/src\ch32h417_ipc.c ****  */
 267:c:/Users/User/Documents/GitHub/ch32h417/EVT/EXAM/SRC/Peripheral/src\ch32h417_ipc.c **** void IPC_WriteMSG(IPC_MSG_TypeDef IPC_MSG, uint32_t Data)
 268:c:/Users/User/Documents/GitHub/ch32h417/EVT/EXAM/SRC/Peripheral/src\ch32h417_ipc.c **** {
 398              		.loc 1 268 1 is_stmt 1
 399              		.cfi_startproc
 400              	.LVL23:
 269:c:/Users/User/Documents/GitHub/ch32h417/EVT/EXAM/SRC/Peripheral/src\ch32h417_ipc.c ****     __IO uint32_t tmp = 0;
 401              		.loc 1 269 5
 268:c:/Users/User/Documents/GitHub/ch32h417/EVT/EXAM/SRC/Peripheral/src\ch32h417_ipc.c ****     __IO uint32_t tmp = 0;
 402              		.loc 1 268 1 is_stmt 0
 403 0000 4111     		addi	sp,sp,-16
 404              		.cfi_def_cfa_offset 16
 270:c:/Users/User/Documents/GitHub/ch32h417/EVT/EXAM/SRC/Peripheral/src\ch32h417_ipc.c **** 
 271:c:/Users/User/Documents/GitHub/ch32h417/EVT/EXAM/SRC/Peripheral/src\ch32h417_ipc.c ****     tmp = (uint32_t)IPC->MSG;
 405              		.loc 1 271 9
 406 0002 B7D700E0 		li	a5,-536817664
 269:c:/Users/User/Documents/GitHub/ch32h417/EVT/EXAM/SRC/Peripheral/src\ch32h417_ipc.c **** 
 407              		.loc 1 269 19
 408 0006 02C6     		sw	zero,12(sp)
 409              		.loc 1 271 5 is_stmt 1
 410              		.loc 1 271 9 is_stmt 0
 411 0008 93870702 		addi	a5,a5,32
 412 000c 3EC6     		sw	a5,12(sp)
 272:c:/Users/User/Documents/GitHub/ch32h417/EVT/EXAM/SRC/Peripheral/src\ch32h417_ipc.c ****     tmp += (IPC_MSG * 4);
 413              		.loc 1 272 5 is_stmt 1
 414              		.loc 1 272 9 is_stmt 0
 415 000e B247     		lw	a5,12(sp)
 416 0010 3345F520 		sh2add	a0,a0,a5
 417              	.LVL24:
 418 0014 2AC6     		sw	a0,12(sp)
 273:c:/Users/User/Documents/GitHub/ch32h417/EVT/EXAM/SRC/Peripheral/src\ch32h417_ipc.c ****     *(__IO uint32_t *)tmp = Data;
 419              		.loc 1 273 5 is_stmt 1
 420              		.loc 1 273 6 is_stmt 0
 421 0016 B247     		lw	a5,12(sp)
 422              		.loc 1 273 27
 423 0018 8CC3     		sw	a1,0(a5)
 274:c:/Users/User/Documents/GitHub/ch32h417/EVT/EXAM/SRC/Peripheral/src\ch32h417_ipc.c **** }
 424              		.loc 1 274 1
 425 001a 4101     		addi	sp,sp,16
 426              		.cfi_def_cfa_offset 0
 427 001c 8280     		jr	ra
 428              		.cfi_endproc
 429              	.LFE53:
 431              		.section	.text.IPC_ReadMSG,"ax",@progbits
 432              		.align	1
 433              		.globl	IPC_ReadMSG
 435              	IPC_ReadMSG:
 436              	.LFB54:
 275:c:/Users/User/Documents/GitHub/ch32h417/EVT/EXAM/SRC/Peripheral/src\ch32h417_ipc.c **** 
 276:c:/Users/User/Documents/GitHub/ch32h417/EVT/EXAM/SRC/Peripheral/src\ch32h417_ipc.c **** /*********************************************************************
 277:c:/Users/User/Documents/GitHub/ch32h417/EVT/EXAM/SRC/Peripheral/src\ch32h417_ipc.c ****  * @fn      IPC_ReadMSG
 278:c:/Users/User/Documents/GitHub/ch32h417/EVT/EXAM/SRC/Peripheral/src\ch32h417_ipc.c ****  *
 279:c:/Users/User/Documents/GitHub/ch32h417/EVT/EXAM/SRC/Peripheral/src\ch32h417_ipc.c ****  * @brief   Reads data from the specified MSG Register.
 280:c:/Users/User/Documents/GitHub/ch32h417/EVT/EXAM/SRC/Peripheral/src\ch32h417_ipc.c ****  *
 281:c:/Users/User/Documents/GitHub/ch32h417/EVT/EXAM/SRC/Peripheral/src\ch32h417_ipc.c ****  * @param   IPC_MSG - pointer to a IPC_MSG_TypeDef structure
 282:c:/Users/User/Documents/GitHub/ch32h417/EVT/EXAM/SRC/Peripheral/src\ch32h417_ipc.c ****  *
 283:c:/Users/User/Documents/GitHub/ch32h417/EVT/EXAM/SRC/Peripheral/src\ch32h417_ipc.c ****  * @return  MSG value.
 284:c:/Users/User/Documents/GitHub/ch32h417/EVT/EXAM/SRC/Peripheral/src\ch32h417_ipc.c ****  */
 285:c:/Users/User/Documents/GitHub/ch32h417/EVT/EXAM/SRC/Peripheral/src\ch32h417_ipc.c **** uint32_t IPC_ReadMSG(IPC_MSG_TypeDef IPC_MSG)
 286:c:/Users/User/Documents/GitHub/ch32h417/EVT/EXAM/SRC/Peripheral/src\ch32h417_ipc.c **** {
 437              		.loc 1 286 1 is_stmt 1
 438              		.cfi_startproc
 439              	.LVL25:
 287:c:/Users/User/Documents/GitHub/ch32h417/EVT/EXAM/SRC/Peripheral/src\ch32h417_ipc.c ****     __IO uint32_t tmp = 0;
 440              		.loc 1 287 5
 286:c:/Users/User/Documents/GitHub/ch32h417/EVT/EXAM/SRC/Peripheral/src\ch32h417_ipc.c ****     __IO uint32_t tmp = 0;
 441              		.loc 1 286 1 is_stmt 0
 442 0000 4111     		addi	sp,sp,-16
 443              		.cfi_def_cfa_offset 16
 288:c:/Users/User/Documents/GitHub/ch32h417/EVT/EXAM/SRC/Peripheral/src\ch32h417_ipc.c **** 
 289:c:/Users/User/Documents/GitHub/ch32h417/EVT/EXAM/SRC/Peripheral/src\ch32h417_ipc.c ****     tmp = (uint32_t)IPC->MSG;
 444              		.loc 1 289 9
 445 0002 B7D700E0 		li	a5,-536817664
 287:c:/Users/User/Documents/GitHub/ch32h417/EVT/EXAM/SRC/Peripheral/src\ch32h417_ipc.c **** 
 446              		.loc 1 287 19
 447 0006 02C6     		sw	zero,12(sp)
 448              		.loc 1 289 5 is_stmt 1
 449              		.loc 1 289 9 is_stmt 0
 450 0008 93870702 		addi	a5,a5,32
 451 000c 3EC6     		sw	a5,12(sp)
 290:c:/Users/User/Documents/GitHub/ch32h417/EVT/EXAM/SRC/Peripheral/src\ch32h417_ipc.c ****     tmp += (IPC_MSG * 4);
 452              		.loc 1 290 5 is_stmt 1
 453              		.loc 1 290 9 is_stmt 0
 454 000e B247     		lw	a5,12(sp)
 455 0010 3345F520 		sh2add	a0,a0,a5
 456              	.LVL26:
 457 0014 2AC6     		sw	a0,12(sp)
 291:c:/Users/User/Documents/GitHub/ch32h417/EVT/EXAM/SRC/Peripheral/src\ch32h417_ipc.c **** 
 292:c:/Users/User/Documents/GitHub/ch32h417/EVT/EXAM/SRC/Peripheral/src\ch32h417_ipc.c ****     return (*(__IO uint32_t *)tmp);
 458              		.loc 1 292 5 is_stmt 1
 459              		.loc 1 292 14 is_stmt 0
 460 0016 B247     		lw	a5,12(sp)
 461              		.loc 1 292 13
 462 0018 8843     		lw	a0,0(a5)
 293:c:/Users/User/Documents/GitHub/ch32h417/EVT/EXAM/SRC/Peripheral/src\ch32h417_ipc.c **** }
 463              		.loc 1 293 1
 464 001a 4101     		addi	sp,sp,16
 465              		.cfi_def_cfa_offset 0
 466 001c 8280     		jr	ra
 467              		.cfi_endproc
 468              	.LFE54:
 470              		.text
 471              	.Letext0:
 472              		.file 2 "d:\\mounriver\\mounriver_studio2\\resources\\app\\resources\\win32\\components\\wch\\tool
 473              		.file 3 "d:\\mounriver\\mounriver_studio2\\resources\\app\\resources\\win32\\components\\wch\\tool
 474              		.file 4 "c:/Users/User/Documents/GitHub/ch32h417/EVT/EXAM/SRC/Core/core_riscv.h"
 475              		.file 5 "c:/Users/User/Documents/GitHub/ch32h417/EVT/EXAM/SRC/Peripheral/inc/ch32h417_ipc.h"
DEFINED SYMBOLS
                            *ABS*:0000000000000000 ch32h417_ipc.c
C:\Users\User\AppData\Local\Temp\ccceFXjJ.s:14     .text.IPC_DeInit:0000000000000000 IPC_DeInit
C:\Users\User\AppData\Local\Temp\ccceFXjJ.s:18     .text.IPC_DeInit:0000000000000000 .L0 
C:\Users\User\AppData\Local\Temp\ccceFXjJ.s:19     .text.IPC_DeInit:0000000000000000 .L0 
C:\Users\User\AppData\Local\Temp\ccceFXjJ.s:20     .text.IPC_DeInit:0000000000000000 .L0 
C:\Users\User\AppData\Local\Temp\ccceFXjJ.s:21     .text.IPC_DeInit:0000000000000000 $x
C:\Users\User\AppData\Local\Temp\ccceFXjJ.s:21     .text.IPC_DeInit:0000000000000000 .L0 
C:\Users\User\AppData\Local\Temp\ccceFXjJ.s:24     .text.IPC_DeInit:0000000000000008 .L0 
C:\Users\User\AppData\Local\Temp\ccceFXjJ.s:25     .text.IPC_DeInit:0000000000000008 .L0 
C:\Users\User\AppData\Local\Temp\ccceFXjJ.s:27     .text.IPC_DeInit:000000000000000c .L0 
C:\Users\User\AppData\Local\Temp\ccceFXjJ.s:28     .text.IPC_DeInit:000000000000000c .L0 
C:\Users\User\AppData\Local\Temp\ccceFXjJ.s:30     .text.IPC_DeInit:0000000000000010 .L0 
C:\Users\User\AppData\Local\Temp\ccceFXjJ.s:31     .text.IPC_DeInit:0000000000000010 .L0 
C:\Users\User\AppData\Local\Temp\ccceFXjJ.s:33     .text.IPC_DeInit:0000000000000014 .L0 
C:\Users\User\AppData\Local\Temp\ccceFXjJ.s:34     .text.IPC_DeInit:0000000000000014 .L0 
C:\Users\User\AppData\Local\Temp\ccceFXjJ.s:36     .text.IPC_DeInit:0000000000000018 .L0 
C:\Users\User\AppData\Local\Temp\ccceFXjJ.s:37     .text.IPC_DeInit:0000000000000018 .L0 
C:\Users\User\AppData\Local\Temp\ccceFXjJ.s:39     .text.IPC_DeInit:000000000000001c .L0 
C:\Users\User\AppData\Local\Temp\ccceFXjJ.s:40     .text.IPC_DeInit:000000000000001c .L0 
C:\Users\User\AppData\Local\Temp\ccceFXjJ.s:42     .text.IPC_DeInit:0000000000000020 .L0 
C:\Users\User\AppData\Local\Temp\ccceFXjJ.s:43     .text.IPC_DeInit:0000000000000022 .L0 
C:\Users\User\AppData\Local\Temp\ccceFXjJ.s:50     .text.IPC_Init:0000000000000000 IPC_Init
C:\Users\User\AppData\Local\Temp\ccceFXjJ.s:53     .text.IPC_Init:0000000000000000 .L0 
C:\Users\User\AppData\Local\Temp\ccceFXjJ.s:55     .text.IPC_Init:0000000000000000 .L0 
C:\Users\User\AppData\Local\Temp\ccceFXjJ.s:56     .text.IPC_Init:0000000000000000 .L0 
C:\Users\User\AppData\Local\Temp\ccceFXjJ.s:57     .text.IPC_Init:0000000000000000 .L0 
C:\Users\User\AppData\Local\Temp\ccceFXjJ.s:58     .text.IPC_Init:0000000000000000 $x
C:\Users\User\AppData\Local\Temp\ccceFXjJ.s:58     .text.IPC_Init:0000000000000000 .L0 
C:\Users\User\AppData\Local\Temp\ccceFXjJ.s:60     .text.IPC_Init:0000000000000002 .L0 
C:\Users\User\AppData\Local\Temp\ccceFXjJ.s:64     .text.IPC_Init:0000000000000008 .L0 
C:\Users\User\AppData\Local\Temp\ccceFXjJ.s:65     .text.IPC_Init:0000000000000008 .L0 
C:\Users\User\AppData\Local\Temp\ccceFXjJ.s:67     .text.IPC_Init:000000000000000a .L0 
C:\Users\User\AppData\Local\Temp\ccceFXjJ.s:70     .text.IPC_Init:0000000000000012 .L0 
C:\Users\User\AppData\Local\Temp\ccceFXjJ.s:73     .text.IPC_Init:0000000000000016 .L0 
C:\Users\User\AppData\Local\Temp\ccceFXjJ.s:74     .text.IPC_Init:0000000000000016 .L0 
C:\Users\User\AppData\Local\Temp\ccceFXjJ.s:76     .text.IPC_Init:0000000000000018 .L0 
C:\Users\User\AppData\Local\Temp\ccceFXjJ.s:78     .text.IPC_Init:000000000000001c .L0 
C:\Users\User\AppData\Local\Temp\ccceFXjJ.s:80     .text.IPC_Init:0000000000000020 .L0 
C:\Users\User\AppData\Local\Temp\ccceFXjJ.s:82     .text.IPC_Init:0000000000000024 .L0 
C:\Users\User\AppData\Local\Temp\ccceFXjJ.s:85     .text.IPC_Init:000000000000002a .L0 
C:\Users\User\AppData\Local\Temp\ccceFXjJ.s:87     .text.IPC_Init:000000000000002c .L0 
C:\Users\User\AppData\Local\Temp\ccceFXjJ.s:89     .text.IPC_Init:000000000000002e .L0 
C:\Users\User\AppData\Local\Temp\ccceFXjJ.s:91     .text.IPC_Init:0000000000000032 .L0 
C:\Users\User\AppData\Local\Temp\ccceFXjJ.s:93     .text.IPC_Init:0000000000000036 .L0 
C:\Users\User\AppData\Local\Temp\ccceFXjJ.s:95     .text.IPC_Init:0000000000000038 .L0 
C:\Users\User\AppData\Local\Temp\ccceFXjJ.s:97     .text.IPC_Init:000000000000003a .L0 
C:\Users\User\AppData\Local\Temp\ccceFXjJ.s:99     .text.IPC_Init:000000000000003c .L0 
C:\Users\User\AppData\Local\Temp\ccceFXjJ.s:101    .text.IPC_Init:0000000000000040 .L0 
C:\Users\User\AppData\Local\Temp\ccceFXjJ.s:103    .text.IPC_Init:0000000000000042 .L0 
C:\Users\User\AppData\Local\Temp\ccceFXjJ.s:106    .text.IPC_Init:0000000000000048 .L0 
C:\Users\User\AppData\Local\Temp\ccceFXjJ.s:108    .text.IPC_Init:000000000000004a .L0 
C:\Users\User\AppData\Local\Temp\ccceFXjJ.s:111    .text.IPC_Init:000000000000004c .L0 
C:\Users\User\AppData\Local\Temp\ccceFXjJ.s:112    .text.IPC_Init:000000000000004c .L0 
C:\Users\User\AppData\Local\Temp\ccceFXjJ.s:114    .text.IPC_Init:000000000000004e .L0 
C:\Users\User\AppData\Local\Temp\ccceFXjJ.s:115    .text.IPC_Init:0000000000000050 .L0 
C:\Users\User\AppData\Local\Temp\ccceFXjJ.s:122    .text.IPC_StructInit:0000000000000000 IPC_StructInit
C:\Users\User\AppData\Local\Temp\ccceFXjJ.s:125    .text.IPC_StructInit:0000000000000000 .L0 
C:\Users\User\AppData\Local\Temp\ccceFXjJ.s:127    .text.IPC_StructInit:0000000000000000 .L0 
C:\Users\User\AppData\Local\Temp\ccceFXjJ.s:128    .text.IPC_StructInit:0000000000000000 .L0 
C:\Users\User\AppData\Local\Temp\ccceFXjJ.s:129    .text.IPC_StructInit:0000000000000000 $x
C:\Users\User\AppData\Local\Temp\ccceFXjJ.s:129    .text.IPC_StructInit:0000000000000000 .L0 
C:\Users\User\AppData\Local\Temp\ccceFXjJ.s:131    .text.IPC_StructInit:0000000000000004 .L0 
C:\Users\User\AppData\Local\Temp\ccceFXjJ.s:132    .text.IPC_StructInit:0000000000000004 .L0 
C:\Users\User\AppData\Local\Temp\ccceFXjJ.s:134    .text.IPC_StructInit:0000000000000008 .L0 
C:\Users\User\AppData\Local\Temp\ccceFXjJ.s:135    .text.IPC_StructInit:0000000000000008 .L0 
C:\Users\User\AppData\Local\Temp\ccceFXjJ.s:137    .text.IPC_StructInit:000000000000000c .L0 
C:\Users\User\AppData\Local\Temp\ccceFXjJ.s:138    .text.IPC_StructInit:000000000000000c .L0 
C:\Users\User\AppData\Local\Temp\ccceFXjJ.s:140    .text.IPC_StructInit:0000000000000010 .L0 
C:\Users\User\AppData\Local\Temp\ccceFXjJ.s:141    .text.IPC_StructInit:0000000000000010 .L0 
C:\Users\User\AppData\Local\Temp\ccceFXjJ.s:143    .text.IPC_StructInit:0000000000000014 .L0 
C:\Users\User\AppData\Local\Temp\ccceFXjJ.s:144    .text.IPC_StructInit:0000000000000014 .L0 
C:\Users\User\AppData\Local\Temp\ccceFXjJ.s:146    .text.IPC_StructInit:0000000000000018 .L0 
C:\Users\User\AppData\Local\Temp\ccceFXjJ.s:147    .text.IPC_StructInit:000000000000001a .L0 
C:\Users\User\AppData\Local\Temp\ccceFXjJ.s:154    .text.IPC_CH0_Lock:0000000000000000 IPC_CH0_Lock
C:\Users\User\AppData\Local\Temp\ccceFXjJ.s:157    .text.IPC_CH0_Lock:0000000000000000 .L0 
C:\Users\User\AppData\Local\Temp\ccceFXjJ.s:158    .text.IPC_CH0_Lock:0000000000000000 .L0 
C:\Users\User\AppData\Local\Temp\ccceFXjJ.s:159    .text.IPC_CH0_Lock:0000000000000000 .L0 
C:\Users\User\AppData\Local\Temp\ccceFXjJ.s:160    .text.IPC_CH0_Lock:0000000000000000 $x
C:\Users\User\AppData\Local\Temp\ccceFXjJ.s:160    .text.IPC_CH0_Lock:0000000000000000 .L0 
C:\Users\User\AppData\Local\Temp\ccceFXjJ.s:163    .text.IPC_CH0_Lock:0000000000000006 .L0 
C:\Users\User\AppData\Local\Temp\ccceFXjJ.s:166    .text.IPC_CH0_Lock:000000000000000c .L0 
C:\Users\User\AppData\Local\Temp\ccceFXjJ.s:167    .text.IPC_CH0_Lock:000000000000000e .L0 
C:\Users\User\AppData\Local\Temp\ccceFXjJ.s:174    .text.IPC_CH1_Lock:0000000000000000 IPC_CH1_Lock
C:\Users\User\AppData\Local\Temp\ccceFXjJ.s:177    .text.IPC_CH1_Lock:0000000000000000 .L0 
C:\Users\User\AppData\Local\Temp\ccceFXjJ.s:178    .text.IPC_CH1_Lock:0000000000000000 .L0 
C:\Users\User\AppData\Local\Temp\ccceFXjJ.s:179    .text.IPC_CH1_Lock:0000000000000000 .L0 
C:\Users\User\AppData\Local\Temp\ccceFXjJ.s:180    .text.IPC_CH1_Lock:0000000000000000 $x
C:\Users\User\AppData\Local\Temp\ccceFXjJ.s:180    .text.IPC_CH1_Lock:0000000000000000 .L0 
C:\Users\User\AppData\Local\Temp\ccceFXjJ.s:183    .text.IPC_CH1_Lock:0000000000000006 .L0 
C:\Users\User\AppData\Local\Temp\ccceFXjJ.s:186    .text.IPC_CH1_Lock:000000000000000c .L0 
C:\Users\User\AppData\Local\Temp\ccceFXjJ.s:187    .text.IPC_CH1_Lock:000000000000000e .L0 
C:\Users\User\AppData\Local\Temp\ccceFXjJ.s:194    .text.IPC_CH2_Lock:0000000000000000 IPC_CH2_Lock
C:\Users\User\AppData\Local\Temp\ccceFXjJ.s:197    .text.IPC_CH2_Lock:0000000000000000 .L0 
C:\Users\User\AppData\Local\Temp\ccceFXjJ.s:198    .text.IPC_CH2_Lock:0000000000000000 .L0 
C:\Users\User\AppData\Local\Temp\ccceFXjJ.s:199    .text.IPC_CH2_Lock:0000000000000000 .L0 
C:\Users\User\AppData\Local\Temp\ccceFXjJ.s:200    .text.IPC_CH2_Lock:0000000000000000 $x
C:\Users\User\AppData\Local\Temp\ccceFXjJ.s:200    .text.IPC_CH2_Lock:0000000000000000 .L0 
C:\Users\User\AppData\Local\Temp\ccceFXjJ.s:203    .text.IPC_CH2_Lock:0000000000000006 .L0 
C:\Users\User\AppData\Local\Temp\ccceFXjJ.s:206    .text.IPC_CH2_Lock:000000000000000c .L0 
C:\Users\User\AppData\Local\Temp\ccceFXjJ.s:207    .text.IPC_CH2_Lock:000000000000000e .L0 
C:\Users\User\AppData\Local\Temp\ccceFXjJ.s:214    .text.IPC_CH3_Lock:0000000000000000 IPC_CH3_Lock
C:\Users\User\AppData\Local\Temp\ccceFXjJ.s:217    .text.IPC_CH3_Lock:0000000000000000 .L0 
C:\Users\User\AppData\Local\Temp\ccceFXjJ.s:218    .text.IPC_CH3_Lock:0000000000000000 .L0 
C:\Users\User\AppData\Local\Temp\ccceFXjJ.s:219    .text.IPC_CH3_Lock:0000000000000000 .L0 
C:\Users\User\AppData\Local\Temp\ccceFXjJ.s:220    .text.IPC_CH3_Lock:0000000000000000 $x
C:\Users\User\AppData\Local\Temp\ccceFXjJ.s:220    .text.IPC_CH3_Lock:0000000000000000 .L0 
C:\Users\User\AppData\Local\Temp\ccceFXjJ.s:223    .text.IPC_CH3_Lock:0000000000000006 .L0 
C:\Users\User\AppData\Local\Temp\ccceFXjJ.s:226    .text.IPC_CH3_Lock:000000000000000c .L0 
C:\Users\User\AppData\Local\Temp\ccceFXjJ.s:227    .text.IPC_CH3_Lock:000000000000000e .L0 
C:\Users\User\AppData\Local\Temp\ccceFXjJ.s:234    .text.IPC_GetITStatus:0000000000000000 IPC_GetITStatus
C:\Users\User\AppData\Local\Temp\ccceFXjJ.s:237    .text.IPC_GetITStatus:0000000000000000 .L0 
C:\Users\User\AppData\Local\Temp\ccceFXjJ.s:239    .text.IPC_GetITStatus:0000000000000000 .L0 
C:\Users\User\AppData\Local\Temp\ccceFXjJ.s:240    .text.IPC_GetITStatus:0000000000000000 .L0 
C:\Users\User\AppData\Local\Temp\ccceFXjJ.s:241    .text.IPC_GetITStatus:0000000000000000 .L0 
C:\Users\User\AppData\Local\Temp\ccceFXjJ.s:242    .text.IPC_GetITStatus:0000000000000000 $x
C:\Users\User\AppData\Local\Temp\ccceFXjJ.s:242    .text.IPC_GetITStatus:0000000000000000 .L0 
C:\Users\User\AppData\Local\Temp\ccceFXjJ.s:246    .text.IPC_GetITStatus:0000000000000006 .L0 
C:\Users\User\AppData\Local\Temp\ccceFXjJ.s:247    .text.IPC_GetITStatus:0000000000000006 .L0 
C:\Users\User\AppData\Local\Temp\ccceFXjJ.s:250    .text.IPC_GetITStatus:000000000000000a .L0 
C:\Users\User\AppData\Local\Temp\ccceFXjJ.s:253    .text.IPC_GetITStatus:0000000000000010 .L0 
C:\Users\User\AppData\Local\Temp\ccceFXjJ.s:260    .text.IPC_GetITMask:0000000000000000 IPC_GetITMask
C:\Users\User\AppData\Local\Temp\ccceFXjJ.s:263    .text.IPC_GetITMask:0000000000000000 .L0 
C:\Users\User\AppData\Local\Temp\ccceFXjJ.s:265    .text.IPC_GetITMask:0000000000000000 .L0 
C:\Users\User\AppData\Local\Temp\ccceFXjJ.s:266    .text.IPC_GetITMask:0000000000000000 .L0 
C:\Users\User\AppData\Local\Temp\ccceFXjJ.s:267    .text.IPC_GetITMask:0000000000000000 .L0 
C:\Users\User\AppData\Local\Temp\ccceFXjJ.s:268    .text.IPC_GetITMask:0000000000000000 $x
C:\Users\User\AppData\Local\Temp\ccceFXjJ.s:268    .text.IPC_GetITMask:0000000000000000 .L0 
C:\Users\User\AppData\Local\Temp\ccceFXjJ.s:272    .text.IPC_GetITMask:0000000000000006 .L0 
C:\Users\User\AppData\Local\Temp\ccceFXjJ.s:273    .text.IPC_GetITMask:0000000000000006 .L0 
C:\Users\User\AppData\Local\Temp\ccceFXjJ.s:276    .text.IPC_GetITMask:000000000000000a .L0 
C:\Users\User\AppData\Local\Temp\ccceFXjJ.s:279    .text.IPC_GetITMask:0000000000000010 .L0 
C:\Users\User\AppData\Local\Temp\ccceFXjJ.s:286    .text.IPC_ITConfig:0000000000000000 IPC_ITConfig
C:\Users\User\AppData\Local\Temp\ccceFXjJ.s:289    .text.IPC_ITConfig:0000000000000000 .L0 
C:\Users\User\AppData\Local\Temp\ccceFXjJ.s:291    .text.IPC_ITConfig:0000000000000000 .L0 
C:\Users\User\AppData\Local\Temp\ccceFXjJ.s:292    .text.IPC_ITConfig:0000000000000000 .L0 
C:\Users\User\AppData\Local\Temp\ccceFXjJ.s:293    .text.IPC_ITConfig:0000000000000000 $x
C:\Users\User\AppData\Local\Temp\ccceFXjJ.s:293    .text.IPC_ITConfig:0000000000000000 .L0 
C:\Users\User\AppData\Local\Temp\ccceFXjJ.s:296    .text.IPC_ITConfig:0000000000000006 .L0 
C:\Users\User\AppData\Local\Temp\ccceFXjJ.s:299    .text.IPC_ITConfig:000000000000000a .L0 
C:\Users\User\AppData\Local\Temp\ccceFXjJ.s:301    .text.IPC_ITConfig:000000000000000e .L0 
C:\Users\User\AppData\Local\Temp\ccceFXjJ.s:303    .text.IPC_ITConfig:0000000000000010 .L0 
C:\Users\User\AppData\Local\Temp\ccceFXjJ.s:304    .text.IPC_ITConfig:0000000000000010 .L0 
C:\Users\User\AppData\Local\Temp\ccceFXjJ.s:307    .text.IPC_ITConfig:0000000000000012 .L0 
C:\Users\User\AppData\Local\Temp\ccceFXjJ.s:309    .text.IPC_ITConfig:0000000000000014 .L0 
C:\Users\User\AppData\Local\Temp\ccceFXjJ.s:312    .text.IPC_ITConfig:0000000000000016 .L0 
C:\Users\User\AppData\Local\Temp\ccceFXjJ.s:313    .text.IPC_ITConfig:0000000000000016 .L0 
C:\Users\User\AppData\Local\Temp\ccceFXjJ.s:315    .text.IPC_ITConfig:000000000000001c .L0 
C:\Users\User\AppData\Local\Temp\ccceFXjJ.s:322    .text.IPC_GetFlagStatus:0000000000000000 IPC_GetFlagStatus
C:\Users\User\AppData\Local\Temp\ccceFXjJ.s:325    .text.IPC_GetFlagStatus:0000000000000000 .L0 
C:\Users\User\AppData\Local\Temp\ccceFXjJ.s:327    .text.IPC_GetFlagStatus:0000000000000000 .L0 
C:\Users\User\AppData\Local\Temp\ccceFXjJ.s:328    .text.IPC_GetFlagStatus:0000000000000000 .L0 
C:\Users\User\AppData\Local\Temp\ccceFXjJ.s:329    .text.IPC_GetFlagStatus:0000000000000000 .L0 
C:\Users\User\AppData\Local\Temp\ccceFXjJ.s:330    .text.IPC_GetFlagStatus:0000000000000000 $x
C:\Users\User\AppData\Local\Temp\ccceFXjJ.s:330    .text.IPC_GetFlagStatus:0000000000000000 .L0 
C:\Users\User\AppData\Local\Temp\ccceFXjJ.s:334    .text.IPC_GetFlagStatus:0000000000000006 .L0 
C:\Users\User\AppData\Local\Temp\ccceFXjJ.s:335    .text.IPC_GetFlagStatus:0000000000000006 .L0 
C:\Users\User\AppData\Local\Temp\ccceFXjJ.s:338    .text.IPC_GetFlagStatus:000000000000000a .L0 
C:\Users\User\AppData\Local\Temp\ccceFXjJ.s:341    .text.IPC_GetFlagStatus:0000000000000010 .L0 
C:\Users\User\AppData\Local\Temp\ccceFXjJ.s:348    .text.IPC_SetFlagStatus:0000000000000000 IPC_SetFlagStatus
C:\Users\User\AppData\Local\Temp\ccceFXjJ.s:351    .text.IPC_SetFlagStatus:0000000000000000 .L0 
C:\Users\User\AppData\Local\Temp\ccceFXjJ.s:353    .text.IPC_SetFlagStatus:0000000000000000 .L0 
C:\Users\User\AppData\Local\Temp\ccceFXjJ.s:354    .text.IPC_SetFlagStatus:0000000000000000 .L0 
C:\Users\User\AppData\Local\Temp\ccceFXjJ.s:355    .text.IPC_SetFlagStatus:0000000000000000 $x
C:\Users\User\AppData\Local\Temp\ccceFXjJ.s:355    .text.IPC_SetFlagStatus:0000000000000000 .L0 
C:\Users\User\AppData\Local\Temp\ccceFXjJ.s:357    .text.IPC_SetFlagStatus:0000000000000004 .L0 
C:\Users\User\AppData\Local\Temp\ccceFXjJ.s:360    .text.IPC_SetFlagStatus:0000000000000008 .L0 
C:\Users\User\AppData\Local\Temp\ccceFXjJ.s:362    .text.IPC_SetFlagStatus:000000000000000c .L0 
C:\Users\User\AppData\Local\Temp\ccceFXjJ.s:364    .text.IPC_SetFlagStatus:000000000000000e .L0 
C:\Users\User\AppData\Local\Temp\ccceFXjJ.s:365    .text.IPC_SetFlagStatus:0000000000000010 .L0 
C:\Users\User\AppData\Local\Temp\ccceFXjJ.s:372    .text.IPC_ClearFlagStatus:0000000000000000 IPC_ClearFlagStatus
C:\Users\User\AppData\Local\Temp\ccceFXjJ.s:375    .text.IPC_ClearFlagStatus:0000000000000000 .L0 
C:\Users\User\AppData\Local\Temp\ccceFXjJ.s:377    .text.IPC_ClearFlagStatus:0000000000000000 .L0 
C:\Users\User\AppData\Local\Temp\ccceFXjJ.s:378    .text.IPC_ClearFlagStatus:0000000000000000 .L0 
C:\Users\User\AppData\Local\Temp\ccceFXjJ.s:379    .text.IPC_ClearFlagStatus:0000000000000000 $x
C:\Users\User\AppData\Local\Temp\ccceFXjJ.s:379    .text.IPC_ClearFlagStatus:0000000000000000 .L0 
C:\Users\User\AppData\Local\Temp\ccceFXjJ.s:381    .text.IPC_ClearFlagStatus:0000000000000004 .L0 
C:\Users\User\AppData\Local\Temp\ccceFXjJ.s:384    .text.IPC_ClearFlagStatus:0000000000000008 .L0 
C:\Users\User\AppData\Local\Temp\ccceFXjJ.s:386    .text.IPC_ClearFlagStatus:000000000000000c .L0 
C:\Users\User\AppData\Local\Temp\ccceFXjJ.s:388    .text.IPC_ClearFlagStatus:000000000000000e .L0 
C:\Users\User\AppData\Local\Temp\ccceFXjJ.s:389    .text.IPC_ClearFlagStatus:0000000000000010 .L0 
C:\Users\User\AppData\Local\Temp\ccceFXjJ.s:396    .text.IPC_WriteMSG:0000000000000000 IPC_WriteMSG
C:\Users\User\AppData\Local\Temp\ccceFXjJ.s:399    .text.IPC_WriteMSG:0000000000000000 .L0 
C:\Users\User\AppData\Local\Temp\ccceFXjJ.s:401    .text.IPC_WriteMSG:0000000000000000 .L0 
C:\Users\User\AppData\Local\Temp\ccceFXjJ.s:402    .text.IPC_WriteMSG:0000000000000000 .L0 
C:\Users\User\AppData\Local\Temp\ccceFXjJ.s:403    .text.IPC_WriteMSG:0000000000000000 $x
C:\Users\User\AppData\Local\Temp\ccceFXjJ.s:403    .text.IPC_WriteMSG:0000000000000000 .L0 
C:\Users\User\AppData\Local\Temp\ccceFXjJ.s:404    .text.IPC_WriteMSG:0000000000000002 .L0 
C:\Users\User\AppData\Local\Temp\ccceFXjJ.s:406    .text.IPC_WriteMSG:0000000000000002 .L0 
C:\Users\User\AppData\Local\Temp\ccceFXjJ.s:408    .text.IPC_WriteMSG:0000000000000006 .L0 
C:\Users\User\AppData\Local\Temp\ccceFXjJ.s:410    .text.IPC_WriteMSG:0000000000000008 .L0 
C:\Users\User\AppData\Local\Temp\ccceFXjJ.s:411    .text.IPC_WriteMSG:0000000000000008 .L0 
C:\Users\User\AppData\Local\Temp\ccceFXjJ.s:414    .text.IPC_WriteMSG:000000000000000e .L0 
C:\Users\User\AppData\Local\Temp\ccceFXjJ.s:415    .text.IPC_WriteMSG:000000000000000e .L0 
C:\Users\User\AppData\Local\Temp\ccceFXjJ.s:420    .text.IPC_WriteMSG:0000000000000016 .L0 
C:\Users\User\AppData\Local\Temp\ccceFXjJ.s:421    .text.IPC_WriteMSG:0000000000000016 .L0 
C:\Users\User\AppData\Local\Temp\ccceFXjJ.s:423    .text.IPC_WriteMSG:0000000000000018 .L0 
C:\Users\User\AppData\Local\Temp\ccceFXjJ.s:425    .text.IPC_WriteMSG:000000000000001a .L0 
C:\Users\User\AppData\Local\Temp\ccceFXjJ.s:426    .text.IPC_WriteMSG:000000000000001c .L0 
C:\Users\User\AppData\Local\Temp\ccceFXjJ.s:428    .text.IPC_WriteMSG:000000000000001e .L0 
C:\Users\User\AppData\Local\Temp\ccceFXjJ.s:435    .text.IPC_ReadMSG:0000000000000000 IPC_ReadMSG
C:\Users\User\AppData\Local\Temp\ccceFXjJ.s:438    .text.IPC_ReadMSG:0000000000000000 .L0 
C:\Users\User\AppData\Local\Temp\ccceFXjJ.s:440    .text.IPC_ReadMSG:0000000000000000 .L0 
C:\Users\User\AppData\Local\Temp\ccceFXjJ.s:441    .text.IPC_ReadMSG:0000000000000000 .L0 
C:\Users\User\AppData\Local\Temp\ccceFXjJ.s:442    .text.IPC_ReadMSG:0000000000000000 $x
C:\Users\User\AppData\Local\Temp\ccceFXjJ.s:442    .text.IPC_ReadMSG:0000000000000000 .L0 
C:\Users\User\AppData\Local\Temp\ccceFXjJ.s:443    .text.IPC_ReadMSG:0000000000000002 .L0 
C:\Users\User\AppData\Local\Temp\ccceFXjJ.s:445    .text.IPC_ReadMSG:0000000000000002 .L0 
C:\Users\User\AppData\Local\Temp\ccceFXjJ.s:447    .text.IPC_ReadMSG:0000000000000006 .L0 
C:\Users\User\AppData\Local\Temp\ccceFXjJ.s:449    .text.IPC_ReadMSG:0000000000000008 .L0 
C:\Users\User\AppData\Local\Temp\ccceFXjJ.s:450    .text.IPC_ReadMSG:0000000000000008 .L0 
C:\Users\User\AppData\Local\Temp\ccceFXjJ.s:453    .text.IPC_ReadMSG:000000000000000e .L0 
C:\Users\User\AppData\Local\Temp\ccceFXjJ.s:454    .text.IPC_ReadMSG:000000000000000e .L0 
C:\Users\User\AppData\Local\Temp\ccceFXjJ.s:459    .text.IPC_ReadMSG:0000000000000016 .L0 
C:\Users\User\AppData\Local\Temp\ccceFXjJ.s:460    .text.IPC_ReadMSG:0000000000000016 .L0 
C:\Users\User\AppData\Local\Temp\ccceFXjJ.s:462    .text.IPC_ReadMSG:0000000000000018 .L0 
C:\Users\User\AppData\Local\Temp\ccceFXjJ.s:464    .text.IPC_ReadMSG:000000000000001a .L0 
C:\Users\User\AppData\Local\Temp\ccceFXjJ.s:465    .text.IPC_ReadMSG:000000000000001c .L0 
C:\Users\User\AppData\Local\Temp\ccceFXjJ.s:467    .text.IPC_ReadMSG:000000000000001e .L0 
C:\Users\User\AppData\Local\Temp\ccceFXjJ.s:2224   .debug_line_str:00000000000000a5 .L0 
C:\Users\User\AppData\Local\Temp\ccceFXjJ.s:2224   .debug_line_str:00000000000000f7 .L0 
C:\Users\User\AppData\Local\Temp\ccceFXjJ.s:2224   .debug_line_str:000000000000013b .L0 
C:\Users\User\AppData\Local\Temp\ccceFXjJ.s:2224   .debug_line_str:00000000000001c5 .L0 
C:\Users\User\AppData\Local\Temp\ccceFXjJ.s:2224   .debug_line_str:000000000000024b .L0 
C:\Users\User\AppData\Local\Temp\ccceFXjJ.s:2224   .debug_line_str:0000000000000285 .L0 
C:\Users\User\AppData\Local\Temp\ccceFXjJ.s:2224   .debug_line_str:00000000000002c9 .L0 
C:\Users\User\AppData\Local\Temp\ccceFXjJ.s:2224   .debug_line_str:00000000000002d8 .L0 
C:\Users\User\AppData\Local\Temp\ccceFXjJ.s:2224   .debug_line_str:00000000000002e7 .L0 
C:\Users\User\AppData\Local\Temp\ccceFXjJ.s:2224   .debug_line_str:00000000000002f8 .L0 
C:\Users\User\AppData\Local\Temp\ccceFXjJ.s:2224   .debug_line_str:0000000000000302 .L0 
C:\Users\User\AppData\Local\Temp\ccceFXjJ.s:2224   .debug_line_str:000000000000030f .L0 
C:\Users\User\AppData\Local\Temp\ccceFXjJ.s:46     .text.IPC_DeInit:0000000000000022 .L0 
C:\Users\User\AppData\Local\Temp\ccceFXjJ.s:118    .text.IPC_Init:0000000000000050 .L0 
C:\Users\User\AppData\Local\Temp\ccceFXjJ.s:150    .text.IPC_StructInit:000000000000001a .L0 
C:\Users\User\AppData\Local\Temp\ccceFXjJ.s:170    .text.IPC_CH0_Lock:000000000000000e .L0 
C:\Users\User\AppData\Local\Temp\ccceFXjJ.s:190    .text.IPC_CH1_Lock:000000000000000e .L0 
C:\Users\User\AppData\Local\Temp\ccceFXjJ.s:210    .text.IPC_CH2_Lock:000000000000000e .L0 
C:\Users\User\AppData\Local\Temp\ccceFXjJ.s:230    .text.IPC_CH3_Lock:000000000000000e .L0 
C:\Users\User\AppData\Local\Temp\ccceFXjJ.s:256    .text.IPC_GetITStatus:0000000000000010 .L0 
C:\Users\User\AppData\Local\Temp\ccceFXjJ.s:282    .text.IPC_GetITMask:0000000000000010 .L0 
C:\Users\User\AppData\Local\Temp\ccceFXjJ.s:318    .text.IPC_ITConfig:000000000000001c .L0 
C:\Users\User\AppData\Local\Temp\ccceFXjJ.s:344    .text.IPC_GetFlagStatus:0000000000000010 .L0 
C:\Users\User\AppData\Local\Temp\ccceFXjJ.s:368    .text.IPC_SetFlagStatus:0000000000000010 .L0 
C:\Users\User\AppData\Local\Temp\ccceFXjJ.s:392    .text.IPC_ClearFlagStatus:0000000000000010 .L0 
C:\Users\User\AppData\Local\Temp\ccceFXjJ.s:431    .text.IPC_WriteMSG:000000000000001e .L0 
C:\Users\User\AppData\Local\Temp\ccceFXjJ.s:470    .text.IPC_ReadMSG:000000000000001e .L0 
                     .debug_frame:0000000000000000 .L0 
C:\Users\User\AppData\Local\Temp\ccceFXjJ.s:310    .text.IPC_ITConfig:0000000000000016 .L11
C:\Users\User\AppData\Local\Temp\ccceFXjJ.s:305    .text.IPC_ITConfig:0000000000000012 .L13
C:\Users\User\AppData\Local\Temp\ccceFXjJ.s:1152   .debug_abbrev:0000000000000000 .Ldebug_abbrev0
C:\Users\User\AppData\Local\Temp\ccceFXjJ.s:2099   .debug_str:00000000000000ac .LASF76
C:\Users\User\AppData\Local\Temp\ccceFXjJ.s:2222   .debug_line_str:0000000000000052 .LASF0
C:\Users\User\AppData\Local\Temp\ccceFXjJ.s:2220   .debug_line_str:0000000000000000 .LASF1
C:\Users\User\AppData\Local\Temp\ccceFXjJ.s:2018   .debug_rnglists:000000000000000c .LLRL12
C:\Users\User\AppData\Local\Temp\ccceFXjJ.s:2067   .debug_line:0000000000000000 .Ldebug_line0
C:\Users\User\AppData\Local\Temp\ccceFXjJ.s:2161   .debug_str:00000000000002fe .LASF2
C:\Users\User\AppData\Local\Temp\ccceFXjJ.s:2155   .debug_str:00000000000002d2 .LASF3
C:\Users\User\AppData\Local\Temp\ccceFXjJ.s:2149   .debug_str:00000000000002a9 .LASF4
C:\Users\User\AppData\Local\Temp\ccceFXjJ.s:2091   .debug_str:000000000000007d .LASF5
C:\Users\User\AppData\Local\Temp\ccceFXjJ.s:2169   .debug_str:0000000000000334 .LASF6
C:\Users\User\AppData\Local\Temp\ccceFXjJ.s:2127   .debug_str:000000000000020d .LASF7
C:\Users\User\AppData\Local\Temp\ccceFXjJ.s:2085   .debug_str:000000000000005f .LASF11
C:\Users\User\AppData\Local\Temp\ccceFXjJ.s:2189   .debug_str:00000000000003b3 .LASF8
C:\Users\User\AppData\Local\Temp\ccceFXjJ.s:2113   .debug_str:00000000000001d0 .LASF9
C:\Users\User\AppData\Local\Temp\ccceFXjJ.s:2157   .debug_str:00000000000002de .LASF10
C:\Users\User\AppData\Local\Temp\ccceFXjJ.s:2159   .debug_str:00000000000002f5 .LASF12
C:\Users\User\AppData\Local\Temp\ccceFXjJ.s:2109   .debug_str:00000000000001bb .LASF13
C:\Users\User\AppData\Local\Temp\ccceFXjJ.s:2217   .debug_str:0000000000000464 .LASF14
C:\Users\User\AppData\Local\Temp\ccceFXjJ.s:2191   .debug_str:00000000000003c5 .LASF15
C:\Users\User\AppData\Local\Temp\ccceFXjJ.s:2197   .debug_str:0000000000000400 .LASF16
C:\Users\User\AppData\Local\Temp\ccceFXjJ.s:2215   .debug_str:0000000000000459 .LASF17
C:\Users\User\AppData\Local\Temp\ccceFXjJ.s:2125   .debug_str:0000000000000204 .LASF18
C:\Users\User\AppData\Local\Temp\ccceFXjJ.s:2211   .debug_str:0000000000000448 .LASF19
C:\Users\User\AppData\Local\Temp\ccceFXjJ.s:2181   .debug_str:0000000000000381 .LASF20
C:\Users\User\AppData\Local\Temp\ccceFXjJ.s:2165   .debug_str:000000000000031b .LASF21
C:\Users\User\AppData\Local\Temp\ccceFXjJ.s:2173   .debug_str:0000000000000352 .LASF22
C:\Users\User\AppData\Local\Temp\ccceFXjJ.s:2115   .debug_str:00000000000001de .LASF23
C:\Users\User\AppData\Local\Temp\ccceFXjJ.s:2117   .debug_str:00000000000001e6 .LASF24
C:\Users\User\AppData\Local\Temp\ccceFXjJ.s:2119   .debug_str:00000000000001ee .LASF25
C:\Users\User\AppData\Local\Temp\ccceFXjJ.s:2121   .debug_str:00000000000001f6 .LASF26
C:\Users\User\AppData\Local\Temp\ccceFXjJ.s:2081   .debug_str:000000000000003e .LASF27
C:\Users\User\AppData\Local\Temp\ccceFXjJ.s:2153   .debug_str:00000000000002c7 .LASF28
C:\Users\User\AppData\Local\Temp\ccceFXjJ.s:2101   .debug_str:0000000000000191 .LASF29
C:\Users\User\AppData\Local\Temp\ccceFXjJ.s:2133   .debug_str:000000000000022b .LASF30
C:\Users\User\AppData\Local\Temp\ccceFXjJ.s:2105   .debug_str:00000000000001a5 .LASF31
C:\Users\User\AppData\Local\Temp\ccceFXjJ.s:2107   .debug_str:00000000000001b0 .LASF32
C:\Users\User\AppData\Local\Temp\ccceFXjJ.s:2207   .debug_str:0000000000000426 .LASF33
C:\Users\User\AppData\Local\Temp\ccceFXjJ.s:2183   .debug_str:000000000000038b .LASF34
C:\Users\User\AppData\Local\Temp\ccceFXjJ.s:2123   .debug_str:00000000000001fe .LASF35
C:\Users\User\AppData\Local\Temp\ccceFXjJ.s:2205   .debug_str:0000000000000420 .LASF36
C:\Users\User\AppData\Local\Temp\ccceFXjJ.s:2203   .debug_str:000000000000041a .LASF37
C:\Users\User\AppData\Local\Temp\ccceFXjJ.s:2089   .debug_str:0000000000000077 .LASF38
C:\Users\User\AppData\Local\Temp\ccceFXjJ.s:2199   .debug_str:0000000000000406 .LASF39
C:\Users\User\AppData\Local\Temp\ccceFXjJ.s:2129   .debug_str:0000000000000216 .LASF40
C:\Users\User\AppData\Local\Temp\ccceFXjJ.s:2139   .debug_str:0000000000000259 .LASF41
C:\Users\User\AppData\Local\Temp\ccceFXjJ.s:2141   .debug_str:0000000000000269 .LASF42
C:\Users\User\AppData\Local\Temp\ccceFXjJ.s:2143   .debug_str:0000000000000279 .LASF43
C:\Users\User\AppData\Local\Temp\ccceFXjJ.s:2163   .debug_str:000000000000030b .LASF44
C:\Users\User\AppData\Local\Temp\ccceFXjJ.s:2145   .debug_str:0000000000000289 .LASF45
C:\Users\User\AppData\Local\Temp\ccceFXjJ.s:2147   .debug_str:0000000000000299 .LASF46
C:\Users\User\AppData\Local\Temp\ccceFXjJ.s:2167   .debug_str:0000000000000324 .LASF47
C:\Users\User\AppData\Local\Temp\ccceFXjJ.s:2151   .debug_str:00000000000002b7 .LASF48
C:\Users\User\AppData\Local\Temp\ccceFXjJ.s:2195   .debug_str:00000000000003e4 .LASF49
C:\Users\User\AppData\Local\Temp\ccceFXjJ.s:2069   .debug_str:0000000000000000 .LASF50
C:\Users\User\AppData\Local\Temp\ccceFXjJ.s:2071   .debug_str:0000000000000009 .LASF51
C:\Users\User\AppData\Local\Temp\ccceFXjJ.s:2073   .debug_str:0000000000000012 .LASF52
C:\Users\User\AppData\Local\Temp\ccceFXjJ.s:2075   .debug_str:000000000000001b .LASF53
C:\Users\User\AppData\Local\Temp\ccceFXjJ.s:2177   .debug_str:0000000000000364 .LASF54
C:\Users\User\AppData\Local\Temp\ccceFXjJ.s:2077   .debug_str:0000000000000024 .LASF61
C:\Users\User\AppData\Local\Temp\ccceFXjJ.s:436    .text.IPC_ReadMSG:0000000000000000 .LFB54
C:\Users\User\AppData\Local\Temp\ccceFXjJ.s:468    .text.IPC_ReadMSG:000000000000001e .LFE54
C:\Users\User\AppData\Local\Temp\ccceFXjJ.s:2095   .debug_str:0000000000000090 .LASF55
C:\Users\User\AppData\Local\Temp\ccceFXjJ.s:1616   .debug_loclists:000000000000000c .LLST11
C:\Users\User\AppData\Local\Temp\ccceFXjJ.s:2111   .debug_str:00000000000001c3 .LASF57
C:\Users\User\AppData\Local\Temp\ccceFXjJ.s:397    .text.IPC_WriteMSG:0000000000000000 .LFB53
C:\Users\User\AppData\Local\Temp\ccceFXjJ.s:429    .text.IPC_WriteMSG:000000000000001e .LFE53
C:\Users\User\AppData\Local\Temp\ccceFXjJ.s:1631   .debug_loclists:0000000000000026 .LLST10
C:\Users\User\AppData\Local\Temp\ccceFXjJ.s:2131   .debug_str:0000000000000226 .LASF56
C:\Users\User\AppData\Local\Temp\ccceFXjJ.s:2097   .debug_str:0000000000000098 .LASF58
C:\Users\User\AppData\Local\Temp\ccceFXjJ.s:373    .text.IPC_ClearFlagStatus:0000000000000000 .LFB52
C:\Users\User\AppData\Local\Temp\ccceFXjJ.s:390    .text.IPC_ClearFlagStatus:0000000000000010 .LFE52
C:\Users\User\AppData\Local\Temp\ccceFXjJ.s:1646   .debug_loclists:0000000000000040 .LLST9
C:\Users\User\AppData\Local\Temp\ccceFXjJ.s:2213   .debug_str:000000000000044d .LASF59
C:\Users\User\AppData\Local\Temp\ccceFXjJ.s:2135   .debug_str:000000000000023d .LASF60
C:\Users\User\AppData\Local\Temp\ccceFXjJ.s:349    .text.IPC_SetFlagStatus:0000000000000000 .LFB51
C:\Users\User\AppData\Local\Temp\ccceFXjJ.s:366    .text.IPC_SetFlagStatus:0000000000000010 .LFE51
C:\Users\User\AppData\Local\Temp\ccceFXjJ.s:1661   .debug_loclists:000000000000005a .LLST8
C:\Users\User\AppData\Local\Temp\ccceFXjJ.s:2185   .debug_str:0000000000000392 .LASF62
C:\Users\User\AppData\Local\Temp\ccceFXjJ.s:323    .text.IPC_GetFlagStatus:0000000000000000 .LFB50
C:\Users\User\AppData\Local\Temp\ccceFXjJ.s:342    .text.IPC_GetFlagStatus:0000000000000010 .LFE50
C:\Users\User\AppData\Local\Temp\ccceFXjJ.s:1676   .debug_loclists:0000000000000074 .LLST6
C:\Users\User\AppData\Local\Temp\ccceFXjJ.s:2137   .debug_str:000000000000024f .LASF63
C:\Users\User\AppData\Local\Temp\ccceFXjJ.s:1691   .debug_loclists:000000000000008e .LLST7
C:\Users\User\AppData\Local\Temp\ccceFXjJ.s:2083   .debug_str:0000000000000052 .LASF64
C:\Users\User\AppData\Local\Temp\ccceFXjJ.s:287    .text.IPC_ITConfig:0000000000000000 .LFB49
C:\Users\User\AppData\Local\Temp\ccceFXjJ.s:316    .text.IPC_ITConfig:000000000000001c .LFE49
C:\Users\User\AppData\Local\Temp\ccceFXjJ.s:1761   .debug_loclists:00000000000000eb .LLST5
C:\Users\User\AppData\Local\Temp\ccceFXjJ.s:2103   .debug_str:000000000000019c .LASF65
C:\Users\User\AppData\Local\Temp\ccceFXjJ.s:2079   .debug_str:0000000000000030 .LASF66
C:\Users\User\AppData\Local\Temp\ccceFXjJ.s:261    .text.IPC_GetITMask:0000000000000000 .LFB48
C:\Users\User\AppData\Local\Temp\ccceFXjJ.s:280    .text.IPC_GetITMask:0000000000000010 .LFE48
C:\Users\User\AppData\Local\Temp\ccceFXjJ.s:1776   .debug_loclists:0000000000000105 .LLST3
C:\Users\User\AppData\Local\Temp\ccceFXjJ.s:1791   .debug_loclists:000000000000011f .LLST4
C:\Users\User\AppData\Local\Temp\ccceFXjJ.s:2209   .debug_str:0000000000000438 .LASF67
C:\Users\User\AppData\Local\Temp\ccceFXjJ.s:235    .text.IPC_GetITStatus:0000000000000000 .LFB47
C:\Users\User\AppData\Local\Temp\ccceFXjJ.s:254    .text.IPC_GetITStatus:0000000000000010 .LFE47
C:\Users\User\AppData\Local\Temp\ccceFXjJ.s:1861   .debug_loclists:000000000000017c .LLST1
C:\Users\User\AppData\Local\Temp\ccceFXjJ.s:1876   .debug_loclists:0000000000000196 .LLST2
C:\Users\User\AppData\Local\Temp\ccceFXjJ.s:2201   .debug_str:000000000000040d .LASF68
C:\Users\User\AppData\Local\Temp\ccceFXjJ.s:215    .text.IPC_CH3_Lock:0000000000000000 .LFB46
C:\Users\User\AppData\Local\Temp\ccceFXjJ.s:228    .text.IPC_CH3_Lock:000000000000000e .LFE46
C:\Users\User\AppData\Local\Temp\ccceFXjJ.s:2175   .debug_str:0000000000000357 .LASF69
C:\Users\User\AppData\Local\Temp\ccceFXjJ.s:195    .text.IPC_CH2_Lock:0000000000000000 .LFB45
C:\Users\User\AppData\Local\Temp\ccceFXjJ.s:208    .text.IPC_CH2_Lock:000000000000000e .LFE45
C:\Users\User\AppData\Local\Temp\ccceFXjJ.s:2087   .debug_str:000000000000006a .LASF70
C:\Users\User\AppData\Local\Temp\ccceFXjJ.s:175    .text.IPC_CH1_Lock:0000000000000000 .LFB44
C:\Users\User\AppData\Local\Temp\ccceFXjJ.s:188    .text.IPC_CH1_Lock:000000000000000e .LFE44
C:\Users\User\AppData\Local\Temp\ccceFXjJ.s:2179   .debug_str:0000000000000374 .LASF71
C:\Users\User\AppData\Local\Temp\ccceFXjJ.s:155    .text.IPC_CH0_Lock:0000000000000000 .LFB43
C:\Users\User\AppData\Local\Temp\ccceFXjJ.s:168    .text.IPC_CH0_Lock:000000000000000e .LFE43
C:\Users\User\AppData\Local\Temp\ccceFXjJ.s:2193   .debug_str:00000000000003d5 .LASF72
C:\Users\User\AppData\Local\Temp\ccceFXjJ.s:123    .text.IPC_StructInit:0000000000000000 .LFB42
C:\Users\User\AppData\Local\Temp\ccceFXjJ.s:148    .text.IPC_StructInit:000000000000001a .LFE42
C:\Users\User\AppData\Local\Temp\ccceFXjJ.s:2187   .debug_str:00000000000003a4 .LASF73
C:\Users\User\AppData\Local\Temp\ccceFXjJ.s:2093   .debug_str:0000000000000087 .LASF74
C:\Users\User\AppData\Local\Temp\ccceFXjJ.s:51     .text.IPC_Init:0000000000000000 .LFB41
C:\Users\User\AppData\Local\Temp\ccceFXjJ.s:116    .text.IPC_Init:0000000000000050 .LFE41
C:\Users\User\AppData\Local\Temp\ccceFXjJ.s:1946   .debug_loclists:00000000000001f3 .LLST0
C:\Users\User\AppData\Local\Temp\ccceFXjJ.s:2171   .debug_str:0000000000000347 .LASF75
C:\Users\User\AppData\Local\Temp\ccceFXjJ.s:15     .text.IPC_DeInit:0000000000000000 .LFB40
C:\Users\User\AppData\Local\Temp\ccceFXjJ.s:44     .text.IPC_DeInit:0000000000000022 .LFE40
C:\Users\User\AppData\Local\Temp\ccceFXjJ.s:439    .text.IPC_ReadMSG:0000000000000000 .LVL25
C:\Users\User\AppData\Local\Temp\ccceFXjJ.s:456    .text.IPC_ReadMSG:0000000000000014 .LVL26
C:\Users\User\AppData\Local\Temp\ccceFXjJ.s:400    .text.IPC_WriteMSG:0000000000000000 .LVL23
C:\Users\User\AppData\Local\Temp\ccceFXjJ.s:417    .text.IPC_WriteMSG:0000000000000014 .LVL24
C:\Users\User\AppData\Local\Temp\ccceFXjJ.s:376    .text.IPC_ClearFlagStatus:0000000000000000 .LVL21
C:\Users\User\AppData\Local\Temp\ccceFXjJ.s:382    .text.IPC_ClearFlagStatus:0000000000000008 .LVL22
C:\Users\User\AppData\Local\Temp\ccceFXjJ.s:352    .text.IPC_SetFlagStatus:0000000000000000 .LVL19
C:\Users\User\AppData\Local\Temp\ccceFXjJ.s:358    .text.IPC_SetFlagStatus:0000000000000008 .LVL20
C:\Users\User\AppData\Local\Temp\ccceFXjJ.s:326    .text.IPC_GetFlagStatus:0000000000000000 .LVL15
C:\Users\User\AppData\Local\Temp\ccceFXjJ.s:336    .text.IPC_GetFlagStatus:000000000000000a .LVL17
C:\Users\User\AppData\Local\Temp\ccceFXjJ.s:332    .text.IPC_GetFlagStatus:0000000000000006 .LVL16
C:\Users\User\AppData\Local\Temp\ccceFXjJ.s:339    .text.IPC_GetFlagStatus:000000000000000e .LVL18
C:\Users\User\AppData\Local\Temp\ccceFXjJ.s:290    .text.IPC_ITConfig:0000000000000000 .LVL13
C:\Users\User\AppData\Local\Temp\ccceFXjJ.s:297    .text.IPC_ITConfig:000000000000000a .LVL14
C:\Users\User\AppData\Local\Temp\ccceFXjJ.s:264    .text.IPC_GetITMask:0000000000000000 .LVL9
C:\Users\User\AppData\Local\Temp\ccceFXjJ.s:274    .text.IPC_GetITMask:000000000000000a .LVL11
C:\Users\User\AppData\Local\Temp\ccceFXjJ.s:270    .text.IPC_GetITMask:0000000000000006 .LVL10
C:\Users\User\AppData\Local\Temp\ccceFXjJ.s:277    .text.IPC_GetITMask:000000000000000e .LVL12
C:\Users\User\AppData\Local\Temp\ccceFXjJ.s:238    .text.IPC_GetITStatus:0000000000000000 .LVL5
C:\Users\User\AppData\Local\Temp\ccceFXjJ.s:248    .text.IPC_GetITStatus:000000000000000a .LVL7
C:\Users\User\AppData\Local\Temp\ccceFXjJ.s:244    .text.IPC_GetITStatus:0000000000000006 .LVL6
C:\Users\User\AppData\Local\Temp\ccceFXjJ.s:251    .text.IPC_GetITStatus:000000000000000e .LVL8
C:\Users\User\AppData\Local\Temp\ccceFXjJ.s:54     .text.IPC_Init:0000000000000000 .LVL0
C:\Users\User\AppData\Local\Temp\ccceFXjJ.s:62     .text.IPC_Init:0000000000000008 .LVL1
C:\Users\User\AppData\Local\Temp\ccceFXjJ.s:71     .text.IPC_Init:0000000000000016 .LVL2
C:\Users\User\AppData\Local\Temp\ccceFXjJ.s:109    .text.IPC_Init:000000000000004c .LVL3
C:\Users\User\AppData\Local\Temp\ccceFXjJ.s:477    .debug_info:0000000000000000 .Ldebug_info0

NO UNDEFINED SYMBOLS
