   1              		.file	"ch32h417_rtc.c"
   2              		.option nopic
   3              		.attribute arch, "rv32i2p0_m2p0_a2p0_c2p0_zba1p0_zbb1p0_zbc1p0_zbs1p0_xw"
   4              		.attribute unaligned_access, 0
   5              		.attribute stack_align, 16
   6              		.text
   7              	.Ltext0:
   8              		.cfi_sections	.debug_frame
   9              		.file 0 "c:\\Users\\User\\Documents\\GitHub\\ch32h417\\EVT\\EXAM\\USBFS\\DEVICE\\SimulateCDC\\V3F\
  10              		.section	.text.RTC_ITConfig,"ax",@progbits
  11              		.align	1
  12              		.globl	RTC_ITConfig
  14              	RTC_ITConfig:
  15              	.LFB40:
  16              		.file 1 "c:/Users/User/Documents/GitHub/ch32h417/EVT/EXAM/SRC/Peripheral/src/ch32h417_rtc.c"
   1:c:/Users/User/Documents/GitHub/ch32h417/EVT/EXAM/SRC/Peripheral/src\ch32h417_rtc.c **** /********************************** (C) COPYRIGHT *******************************
   2:c:/Users/User/Documents/GitHub/ch32h417/EVT/EXAM/SRC/Peripheral/src\ch32h417_rtc.c **** * File Name          : ch32h417_rtc.c
   3:c:/Users/User/Documents/GitHub/ch32h417/EVT/EXAM/SRC/Peripheral/src\ch32h417_rtc.c **** * Author             : WCH
   4:c:/Users/User/Documents/GitHub/ch32h417/EVT/EXAM/SRC/Peripheral/src\ch32h417_rtc.c **** * Version            : V1.0.0
   5:c:/Users/User/Documents/GitHub/ch32h417/EVT/EXAM/SRC/Peripheral/src\ch32h417_rtc.c **** * Date               : 2025/03/01
   6:c:/Users/User/Documents/GitHub/ch32h417/EVT/EXAM/SRC/Peripheral/src\ch32h417_rtc.c **** * Description        : This file provides all the RTC firmware functions.
   7:c:/Users/User/Documents/GitHub/ch32h417/EVT/EXAM/SRC/Peripheral/src\ch32h417_rtc.c **** *********************************************************************************
   8:c:/Users/User/Documents/GitHub/ch32h417/EVT/EXAM/SRC/Peripheral/src\ch32h417_rtc.c **** * Copyright (c) 2025 Nanjing Qinheng Microelectronics Co., Ltd.
   9:c:/Users/User/Documents/GitHub/ch32h417/EVT/EXAM/SRC/Peripheral/src\ch32h417_rtc.c **** * Attention: This software (modified or not) and binary are used for 
  10:c:/Users/User/Documents/GitHub/ch32h417/EVT/EXAM/SRC/Peripheral/src\ch32h417_rtc.c **** * microcontroller manufactured by Nanjing Qinheng Microelectronics.
  11:c:/Users/User/Documents/GitHub/ch32h417/EVT/EXAM/SRC/Peripheral/src\ch32h417_rtc.c **** *******************************************************************************/
  12:c:/Users/User/Documents/GitHub/ch32h417/EVT/EXAM/SRC/Peripheral/src\ch32h417_rtc.c **** #include "ch32h417_rtc.h"
  13:c:/Users/User/Documents/GitHub/ch32h417/EVT/EXAM/SRC/Peripheral/src\ch32h417_rtc.c **** 
  14:c:/Users/User/Documents/GitHub/ch32h417/EVT/EXAM/SRC/Peripheral/src\ch32h417_rtc.c **** /* RTC_Private_Defines */
  15:c:/Users/User/Documents/GitHub/ch32h417/EVT/EXAM/SRC/Peripheral/src\ch32h417_rtc.c **** #define RTC_LSB_MASK     ((uint32_t)0x0000FFFF) /* RTC LSB Mask */
  16:c:/Users/User/Documents/GitHub/ch32h417/EVT/EXAM/SRC/Peripheral/src\ch32h417_rtc.c **** #define PRLH_MSB_MASK    ((uint32_t)0x000F0000) /* RTC Prescaler MSB Mask */
  17:c:/Users/User/Documents/GitHub/ch32h417/EVT/EXAM/SRC/Peripheral/src\ch32h417_rtc.c **** 
  18:c:/Users/User/Documents/GitHub/ch32h417/EVT/EXAM/SRC/Peripheral/src\ch32h417_rtc.c **** /*********************************************************************
  19:c:/Users/User/Documents/GitHub/ch32h417/EVT/EXAM/SRC/Peripheral/src\ch32h417_rtc.c ****  * @fn      RTC_ITConfig
  20:c:/Users/User/Documents/GitHub/ch32h417/EVT/EXAM/SRC/Peripheral/src\ch32h417_rtc.c ****  *
  21:c:/Users/User/Documents/GitHub/ch32h417/EVT/EXAM/SRC/Peripheral/src\ch32h417_rtc.c ****  * @brief   Enables or disables the specified RTC interrupts.
  22:c:/Users/User/Documents/GitHub/ch32h417/EVT/EXAM/SRC/Peripheral/src\ch32h417_rtc.c ****  *
  23:c:/Users/User/Documents/GitHub/ch32h417/EVT/EXAM/SRC/Peripheral/src\ch32h417_rtc.c ****  * @param   RTC_IT - specifies the RTC interrupts sources to be enabled or disabled.
  24:c:/Users/User/Documents/GitHub/ch32h417/EVT/EXAM/SRC/Peripheral/src\ch32h417_rtc.c ****  *            RTC_IT_OW - Overflow interrupt
  25:c:/Users/User/Documents/GitHub/ch32h417/EVT/EXAM/SRC/Peripheral/src\ch32h417_rtc.c ****  *            RTC_IT_ALR - Alarm interrupt
  26:c:/Users/User/Documents/GitHub/ch32h417/EVT/EXAM/SRC/Peripheral/src\ch32h417_rtc.c ****  *            RTC_IT_SEC - Second interrupt
  27:c:/Users/User/Documents/GitHub/ch32h417/EVT/EXAM/SRC/Peripheral/src\ch32h417_rtc.c ****  *          NewState - new state of the specified RTC interrupts(ENABLE or DISABLE).
  28:c:/Users/User/Documents/GitHub/ch32h417/EVT/EXAM/SRC/Peripheral/src\ch32h417_rtc.c ****  *
  29:c:/Users/User/Documents/GitHub/ch32h417/EVT/EXAM/SRC/Peripheral/src\ch32h417_rtc.c ****  * @return  none
  30:c:/Users/User/Documents/GitHub/ch32h417/EVT/EXAM/SRC/Peripheral/src\ch32h417_rtc.c ****  */
  31:c:/Users/User/Documents/GitHub/ch32h417/EVT/EXAM/SRC/Peripheral/src\ch32h417_rtc.c **** void RTC_ITConfig(uint16_t RTC_IT, FunctionalState NewState)
  32:c:/Users/User/Documents/GitHub/ch32h417/EVT/EXAM/SRC/Peripheral/src\ch32h417_rtc.c **** {
  17              		.loc 1 32 1
  18              		.cfi_startproc
  19              	.LVL0:
  33:c:/Users/User/Documents/GitHub/ch32h417/EVT/EXAM/SRC/Peripheral/src\ch32h417_rtc.c ****     if(NewState != DISABLE)
  20              		.loc 1 33 5
  21              		.loc 1 33 7 is_stmt 0
  22 0000 89C9     		beq	a1,zero,.L2
  34:c:/Users/User/Documents/GitHub/ch32h417/EVT/EXAM/SRC/Peripheral/src\ch32h417_rtc.c ****     {
  35:c:/Users/User/Documents/GitHub/ch32h417/EVT/EXAM/SRC/Peripheral/src\ch32h417_rtc.c ****         RTC->CTLRH |= RTC_IT;
  23              		.loc 1 35 9 is_stmt 1
  24              		.loc 1 35 12 is_stmt 0
  25 0002 37370040 		li	a4,1073754112
  26 0006 83570780 		lhu	a5,-2048(a4)
  27              		.loc 1 35 20
  28 000a C98F     		or	a5,a5,a0
  29 000c 2310F780 		sh	a5,-2048(a4)
  30 0010 8280     		ret
  31              	.L2:
  36:c:/Users/User/Documents/GitHub/ch32h417/EVT/EXAM/SRC/Peripheral/src\ch32h417_rtc.c ****     }
  37:c:/Users/User/Documents/GitHub/ch32h417/EVT/EXAM/SRC/Peripheral/src\ch32h417_rtc.c ****     else
  38:c:/Users/User/Documents/GitHub/ch32h417/EVT/EXAM/SRC/Peripheral/src\ch32h417_rtc.c ****     {
  39:c:/Users/User/Documents/GitHub/ch32h417/EVT/EXAM/SRC/Peripheral/src\ch32h417_rtc.c ****         RTC->CTLRH &= (uint16_t)~RTC_IT;
  32              		.loc 1 39 9 is_stmt 1
  33              		.loc 1 39 12 is_stmt 0
  34 0012 B7370040 		li	a5,1073754112
  35 0016 03D70780 		lhu	a4,-2048(a5)
  36              		.loc 1 39 20
  37 001a 3375A740 		andn	a0,a4,a0
  38              	.LVL1:
  39 001e 2390A780 		sh	a0,-2048(a5)
  40:c:/Users/User/Documents/GitHub/ch32h417/EVT/EXAM/SRC/Peripheral/src\ch32h417_rtc.c ****     }
  41:c:/Users/User/Documents/GitHub/ch32h417/EVT/EXAM/SRC/Peripheral/src\ch32h417_rtc.c **** }
  40              		.loc 1 41 1
  41 0022 8280     		ret
  42              		.cfi_endproc
  43              	.LFE40:
  45              		.section	.text.RTC_EnterConfigMode,"ax",@progbits
  46              		.align	1
  47              		.globl	RTC_EnterConfigMode
  49              	RTC_EnterConfigMode:
  50              	.LFB41:
  42:c:/Users/User/Documents/GitHub/ch32h417/EVT/EXAM/SRC/Peripheral/src\ch32h417_rtc.c **** 
  43:c:/Users/User/Documents/GitHub/ch32h417/EVT/EXAM/SRC/Peripheral/src\ch32h417_rtc.c **** /*********************************************************************
  44:c:/Users/User/Documents/GitHub/ch32h417/EVT/EXAM/SRC/Peripheral/src\ch32h417_rtc.c ****  * @fn      RTC_EnterConfigMode
  45:c:/Users/User/Documents/GitHub/ch32h417/EVT/EXAM/SRC/Peripheral/src\ch32h417_rtc.c ****  *
  46:c:/Users/User/Documents/GitHub/ch32h417/EVT/EXAM/SRC/Peripheral/src\ch32h417_rtc.c ****  * @brief   Enters the RTC configuration mode.
  47:c:/Users/User/Documents/GitHub/ch32h417/EVT/EXAM/SRC/Peripheral/src\ch32h417_rtc.c ****  *
  48:c:/Users/User/Documents/GitHub/ch32h417/EVT/EXAM/SRC/Peripheral/src\ch32h417_rtc.c ****  * @return  none
  49:c:/Users/User/Documents/GitHub/ch32h417/EVT/EXAM/SRC/Peripheral/src\ch32h417_rtc.c ****  */
  50:c:/Users/User/Documents/GitHub/ch32h417/EVT/EXAM/SRC/Peripheral/src\ch32h417_rtc.c **** void RTC_EnterConfigMode(void)
  51:c:/Users/User/Documents/GitHub/ch32h417/EVT/EXAM/SRC/Peripheral/src\ch32h417_rtc.c **** {
  51              		.loc 1 51 1 is_stmt 1
  52              		.cfi_startproc
  52:c:/Users/User/Documents/GitHub/ch32h417/EVT/EXAM/SRC/Peripheral/src\ch32h417_rtc.c ****     RTC->CTLRL |= RTC_CTLRL_CNF;
  53              		.loc 1 52 5
  54              		.loc 1 52 8 is_stmt 0
  55 0000 B7370040 		li	a5,1073754112
  56 0004 03D74780 		lhu	a4,-2044(a5)
  57              		.loc 1 52 16
  58 0008 13670701 		ori	a4,a4,16
  59 000c 2392E780 		sh	a4,-2044(a5)
  53:c:/Users/User/Documents/GitHub/ch32h417/EVT/EXAM/SRC/Peripheral/src\ch32h417_rtc.c **** }
  60              		.loc 1 53 1
  61 0010 8280     		ret
  62              		.cfi_endproc
  63              	.LFE41:
  65              		.section	.text.RTC_ExitConfigMode,"ax",@progbits
  66              		.align	1
  67              		.globl	RTC_ExitConfigMode
  69              	RTC_ExitConfigMode:
  70              	.LFB42:
  54:c:/Users/User/Documents/GitHub/ch32h417/EVT/EXAM/SRC/Peripheral/src\ch32h417_rtc.c **** 
  55:c:/Users/User/Documents/GitHub/ch32h417/EVT/EXAM/SRC/Peripheral/src\ch32h417_rtc.c **** /*********************************************************************
  56:c:/Users/User/Documents/GitHub/ch32h417/EVT/EXAM/SRC/Peripheral/src\ch32h417_rtc.c ****  * @fn      RTC_ExitConfigMode
  57:c:/Users/User/Documents/GitHub/ch32h417/EVT/EXAM/SRC/Peripheral/src\ch32h417_rtc.c ****  *
  58:c:/Users/User/Documents/GitHub/ch32h417/EVT/EXAM/SRC/Peripheral/src\ch32h417_rtc.c ****  * @brief   Exits from the RTC configuration mode.
  59:c:/Users/User/Documents/GitHub/ch32h417/EVT/EXAM/SRC/Peripheral/src\ch32h417_rtc.c ****  *
  60:c:/Users/User/Documents/GitHub/ch32h417/EVT/EXAM/SRC/Peripheral/src\ch32h417_rtc.c ****  * @return  none
  61:c:/Users/User/Documents/GitHub/ch32h417/EVT/EXAM/SRC/Peripheral/src\ch32h417_rtc.c ****  */
  62:c:/Users/User/Documents/GitHub/ch32h417/EVT/EXAM/SRC/Peripheral/src\ch32h417_rtc.c **** void RTC_ExitConfigMode(void)
  63:c:/Users/User/Documents/GitHub/ch32h417/EVT/EXAM/SRC/Peripheral/src\ch32h417_rtc.c **** {
  71              		.loc 1 63 1 is_stmt 1
  72              		.cfi_startproc
  64:c:/Users/User/Documents/GitHub/ch32h417/EVT/EXAM/SRC/Peripheral/src\ch32h417_rtc.c ****     RTC->CTLRL &= (uint16_t) ~((uint16_t)RTC_CTLRL_CNF);
  73              		.loc 1 64 5
  74              		.loc 1 64 8 is_stmt 0
  75 0000 37370040 		li	a4,1073754112
  76 0004 83574780 		lhu	a5,-2044(a4)
  77 0008 B3C70708 		zext.h	a5,a5
  78              		.loc 1 64 16
  79 000c BD9B     		andi	a5,a5,-17
  80 000e B3C70708 		zext.h	a5,a5
  81 0012 2312F780 		sh	a5,-2044(a4)
  65:c:/Users/User/Documents/GitHub/ch32h417/EVT/EXAM/SRC/Peripheral/src\ch32h417_rtc.c **** }
  82              		.loc 1 65 1
  83 0016 8280     		ret
  84              		.cfi_endproc
  85              	.LFE42:
  87              		.section	.text.RTC_GetCounter,"ax",@progbits
  88              		.align	1
  89              		.globl	RTC_GetCounter
  91              	RTC_GetCounter:
  92              	.LFB43:
  66:c:/Users/User/Documents/GitHub/ch32h417/EVT/EXAM/SRC/Peripheral/src\ch32h417_rtc.c **** 
  67:c:/Users/User/Documents/GitHub/ch32h417/EVT/EXAM/SRC/Peripheral/src\ch32h417_rtc.c **** /*********************************************************************
  68:c:/Users/User/Documents/GitHub/ch32h417/EVT/EXAM/SRC/Peripheral/src\ch32h417_rtc.c ****  * @fn      RTC_GetCounter
  69:c:/Users/User/Documents/GitHub/ch32h417/EVT/EXAM/SRC/Peripheral/src\ch32h417_rtc.c ****  *
  70:c:/Users/User/Documents/GitHub/ch32h417/EVT/EXAM/SRC/Peripheral/src\ch32h417_rtc.c ****  * @brief   Gets the RTC counter value
  71:c:/Users/User/Documents/GitHub/ch32h417/EVT/EXAM/SRC/Peripheral/src\ch32h417_rtc.c ****  *
  72:c:/Users/User/Documents/GitHub/ch32h417/EVT/EXAM/SRC/Peripheral/src\ch32h417_rtc.c ****  * @return  RTC counter value
  73:c:/Users/User/Documents/GitHub/ch32h417/EVT/EXAM/SRC/Peripheral/src\ch32h417_rtc.c ****  */
  74:c:/Users/User/Documents/GitHub/ch32h417/EVT/EXAM/SRC/Peripheral/src\ch32h417_rtc.c **** uint32_t RTC_GetCounter(void)
  75:c:/Users/User/Documents/GitHub/ch32h417/EVT/EXAM/SRC/Peripheral/src\ch32h417_rtc.c **** {
  93              		.loc 1 75 1 is_stmt 1
  94              		.cfi_startproc
  76:c:/Users/User/Documents/GitHub/ch32h417/EVT/EXAM/SRC/Peripheral/src\ch32h417_rtc.c ****     uint16_t high1 = 0, high2 = 0, low = 0;
  95              		.loc 1 76 5
  96              	.LVL2:
  77:c:/Users/User/Documents/GitHub/ch32h417/EVT/EXAM/SRC/Peripheral/src\ch32h417_rtc.c **** 
  78:c:/Users/User/Documents/GitHub/ch32h417/EVT/EXAM/SRC/Peripheral/src\ch32h417_rtc.c ****     high1 = RTC->CNTH;
  97              		.loc 1 78 5
  98              		.loc 1 78 11 is_stmt 0
  99 0000 B7370040 		li	a5,1073754112
 100 0004 83D58781 		lhu	a1,-2024(a5)
  79:c:/Users/User/Documents/GitHub/ch32h417/EVT/EXAM/SRC/Peripheral/src\ch32h417_rtc.c ****     low = RTC->CNTL;
 101              		.loc 1 79 9
 102 0008 03D7C781 		lhu	a4,-2020(a5)
  80:c:/Users/User/Documents/GitHub/ch32h417/EVT/EXAM/SRC/Peripheral/src\ch32h417_rtc.c ****     high2 = RTC->CNTH;
 103              		.loc 1 80 11
 104 000c 03D68781 		lhu	a2,-2024(a5)
  78:c:/Users/User/Documents/GitHub/ch32h417/EVT/EXAM/SRC/Peripheral/src\ch32h417_rtc.c ****     low = RTC->CNTL;
 105              		.loc 1 78 11
 106 0010 33C50508 		zext.h	a0,a1
 107              	.LVL3:
  79:c:/Users/User/Documents/GitHub/ch32h417/EVT/EXAM/SRC/Peripheral/src\ch32h417_rtc.c ****     low = RTC->CNTL;
 108              		.loc 1 79 5 is_stmt 1
  78:c:/Users/User/Documents/GitHub/ch32h417/EVT/EXAM/SRC/Peripheral/src\ch32h417_rtc.c ****     low = RTC->CNTL;
 109              		.loc 1 78 11 is_stmt 0
 110 0014 93870780 		addi	a5,a5,-2048
  79:c:/Users/User/Documents/GitHub/ch32h417/EVT/EXAM/SRC/Peripheral/src\ch32h417_rtc.c ****     low = RTC->CNTL;
 111              		.loc 1 79 9
 112 0018 33470708 		zext.h	a4,a4
 113              	.LVL4:
 114              		.loc 1 80 5 is_stmt 1
 115              		.loc 1 80 11 is_stmt 0
 116 001c B3460608 		zext.h	a3,a2
 117              	.LVL5:
  81:c:/Users/User/Documents/GitHub/ch32h417/EVT/EXAM/SRC/Peripheral/src\ch32h417_rtc.c **** 
  82:c:/Users/User/Documents/GitHub/ch32h417/EVT/EXAM/SRC/Peripheral/src\ch32h417_rtc.c ****     if(high1 != high2)
 118              		.loc 1 82 5 is_stmt 1
 119              		.loc 1 82 7 is_stmt 0
 120 0020 6387C500 		beq	a1,a2,.L7
  83:c:/Users/User/Documents/GitHub/ch32h417/EVT/EXAM/SRC/Peripheral/src\ch32h417_rtc.c ****     {
  84:c:/Users/User/Documents/GitHub/ch32h417/EVT/EXAM/SRC/Peripheral/src\ch32h417_rtc.c ****         return (((uint32_t)high2 << 16) | RTC->CNTL);
 121              		.loc 1 84 9 is_stmt 1
 122              		.loc 1 84 46 is_stmt 0
 123 0024 CA2F     		lhu	a0,28(a5)
 124              	.LVL6:
 125              		.loc 1 84 34
 126 0026 93970601 		slli	a5,a3,16
 127              		.loc 1 84 41
 128 002a 5D8D     		or	a0,a5,a0
 129 002c 8280     		ret
 130              	.LVL7:
 131              	.L7:
  85:c:/Users/User/Documents/GitHub/ch32h417/EVT/EXAM/SRC/Peripheral/src\ch32h417_rtc.c ****     }
  86:c:/Users/User/Documents/GitHub/ch32h417/EVT/EXAM/SRC/Peripheral/src\ch32h417_rtc.c ****     else
  87:c:/Users/User/Documents/GitHub/ch32h417/EVT/EXAM/SRC/Peripheral/src\ch32h417_rtc.c ****     {
  88:c:/Users/User/Documents/GitHub/ch32h417/EVT/EXAM/SRC/Peripheral/src\ch32h417_rtc.c ****         return (((uint32_t)high1 << 16) | low);
 132              		.loc 1 88 9 is_stmt 1
 133              		.loc 1 88 34 is_stmt 0
 134 002e 4205     		slli	a0,a0,16
 135              	.LVL8:
 136              		.loc 1 88 41
 137 0030 598D     		or	a0,a0,a4
  89:c:/Users/User/Documents/GitHub/ch32h417/EVT/EXAM/SRC/Peripheral/src\ch32h417_rtc.c ****     }
  90:c:/Users/User/Documents/GitHub/ch32h417/EVT/EXAM/SRC/Peripheral/src\ch32h417_rtc.c **** }
 138              		.loc 1 90 1
 139 0032 8280     		ret
 140              		.cfi_endproc
 141              	.LFE43:
 143              		.section	.text.RTC_SetCounter,"ax",@progbits
 144              		.align	1
 145              		.globl	RTC_SetCounter
 147              	RTC_SetCounter:
 148              	.LFB44:
  91:c:/Users/User/Documents/GitHub/ch32h417/EVT/EXAM/SRC/Peripheral/src\ch32h417_rtc.c **** 
  92:c:/Users/User/Documents/GitHub/ch32h417/EVT/EXAM/SRC/Peripheral/src\ch32h417_rtc.c **** /*********************************************************************
  93:c:/Users/User/Documents/GitHub/ch32h417/EVT/EXAM/SRC/Peripheral/src\ch32h417_rtc.c ****  * @fn      RTC_SetCounter
  94:c:/Users/User/Documents/GitHub/ch32h417/EVT/EXAM/SRC/Peripheral/src\ch32h417_rtc.c ****  *
  95:c:/Users/User/Documents/GitHub/ch32h417/EVT/EXAM/SRC/Peripheral/src\ch32h417_rtc.c ****  * @brief   Sets the RTC counter value.
  96:c:/Users/User/Documents/GitHub/ch32h417/EVT/EXAM/SRC/Peripheral/src\ch32h417_rtc.c ****  *
  97:c:/Users/User/Documents/GitHub/ch32h417/EVT/EXAM/SRC/Peripheral/src\ch32h417_rtc.c ****  * @param   CounterValue - RTC counter new value.
  98:c:/Users/User/Documents/GitHub/ch32h417/EVT/EXAM/SRC/Peripheral/src\ch32h417_rtc.c ****  *
  99:c:/Users/User/Documents/GitHub/ch32h417/EVT/EXAM/SRC/Peripheral/src\ch32h417_rtc.c ****  * @return  RTC counter value
 100:c:/Users/User/Documents/GitHub/ch32h417/EVT/EXAM/SRC/Peripheral/src\ch32h417_rtc.c ****  */
 101:c:/Users/User/Documents/GitHub/ch32h417/EVT/EXAM/SRC/Peripheral/src\ch32h417_rtc.c **** void RTC_SetCounter(uint32_t CounterValue)
 102:c:/Users/User/Documents/GitHub/ch32h417/EVT/EXAM/SRC/Peripheral/src\ch32h417_rtc.c **** {
 149              		.loc 1 102 1 is_stmt 1
 150              		.cfi_startproc
 151              	.LVL9:
 152 0000 17030000 		call	t0,__riscv_save_1
 152      E7020300 
 153              		.cfi_offset 8, -8
 154              		.cfi_offset 1, -4
 155              		.cfi_def_cfa_offset 16
 103:c:/Users/User/Documents/GitHub/ch32h417/EVT/EXAM/SRC/Peripheral/src\ch32h417_rtc.c ****     RTC_EnterConfigMode();
 156              		.loc 1 103 5
 102:c:/Users/User/Documents/GitHub/ch32h417/EVT/EXAM/SRC/Peripheral/src\ch32h417_rtc.c ****     RTC_EnterConfigMode();
 157              		.loc 1 102 1 is_stmt 0
 158 0008 2A84     		mv	s0,a0
 159              		.loc 1 103 5
 160 000a 97000000 		call	RTC_EnterConfigMode
 160      E7800000 
 161              	.LVL10:
 104:c:/Users/User/Documents/GitHub/ch32h417/EVT/EXAM/SRC/Peripheral/src\ch32h417_rtc.c ****     RTC->CNTH = CounterValue >> 16;
 162              		.loc 1 104 5 is_stmt 1
 163              		.loc 1 104 15 is_stmt 0
 164 0012 13570401 		srli	a4,s0,16
 165 0016 B7370040 		li	a5,1073754112
 166 001a 239CE780 		sh	a4,-2024(a5)
 105:c:/Users/User/Documents/GitHub/ch32h417/EVT/EXAM/SRC/Peripheral/src\ch32h417_rtc.c ****     RTC->CNTL = (CounterValue & RTC_LSB_MASK);
 167              		.loc 1 105 5 is_stmt 1
 168              		.loc 1 105 15 is_stmt 0
 169 001e 33440408 		zext.h	s0,s0
 170              	.LVL11:
 171 0022 239E8780 		sh	s0,-2020(a5)
 106:c:/Users/User/Documents/GitHub/ch32h417/EVT/EXAM/SRC/Peripheral/src\ch32h417_rtc.c ****     RTC_ExitConfigMode();
 172              		.loc 1 106 5 is_stmt 1
 173 0026 97000000 		call	RTC_ExitConfigMode
 173      E7800000 
 174              	.LVL12:
 107:c:/Users/User/Documents/GitHub/ch32h417/EVT/EXAM/SRC/Peripheral/src\ch32h417_rtc.c **** }
 175              		.loc 1 107 1 is_stmt 0
 176 002e 17030000 		tail	__riscv_restore_1
 176      67000300 
 177              		.cfi_restore 8
 178              		.cfi_restore 1
 179              		.cfi_def_cfa_offset 0
 180              		.cfi_endproc
 181              	.LFE44:
 183              		.section	.text.RTC_SetPrescaler,"ax",@progbits
 184              		.align	1
 185              		.globl	RTC_SetPrescaler
 187              	RTC_SetPrescaler:
 188              	.LFB45:
 108:c:/Users/User/Documents/GitHub/ch32h417/EVT/EXAM/SRC/Peripheral/src\ch32h417_rtc.c **** 
 109:c:/Users/User/Documents/GitHub/ch32h417/EVT/EXAM/SRC/Peripheral/src\ch32h417_rtc.c **** /*********************************************************************
 110:c:/Users/User/Documents/GitHub/ch32h417/EVT/EXAM/SRC/Peripheral/src\ch32h417_rtc.c ****  * @fn      RTC_SetPrescaler
 111:c:/Users/User/Documents/GitHub/ch32h417/EVT/EXAM/SRC/Peripheral/src\ch32h417_rtc.c ****  *
 112:c:/Users/User/Documents/GitHub/ch32h417/EVT/EXAM/SRC/Peripheral/src\ch32h417_rtc.c ****  * @brief   Sets the RTC prescaler value
 113:c:/Users/User/Documents/GitHub/ch32h417/EVT/EXAM/SRC/Peripheral/src\ch32h417_rtc.c ****  *
 114:c:/Users/User/Documents/GitHub/ch32h417/EVT/EXAM/SRC/Peripheral/src\ch32h417_rtc.c ****  * @param   PrescalerValue - RTC prescaler new value
 115:c:/Users/User/Documents/GitHub/ch32h417/EVT/EXAM/SRC/Peripheral/src\ch32h417_rtc.c ****  *
 116:c:/Users/User/Documents/GitHub/ch32h417/EVT/EXAM/SRC/Peripheral/src\ch32h417_rtc.c ****  * @return  none
 117:c:/Users/User/Documents/GitHub/ch32h417/EVT/EXAM/SRC/Peripheral/src\ch32h417_rtc.c ****  */
 118:c:/Users/User/Documents/GitHub/ch32h417/EVT/EXAM/SRC/Peripheral/src\ch32h417_rtc.c **** void RTC_SetPrescaler(uint32_t PrescalerValue)
 119:c:/Users/User/Documents/GitHub/ch32h417/EVT/EXAM/SRC/Peripheral/src\ch32h417_rtc.c **** {
 189              		.loc 1 119 1 is_stmt 1
 190              		.cfi_startproc
 191              	.LVL13:
 192 0000 17030000 		call	t0,__riscv_save_1
 192      E7020300 
 193              		.cfi_offset 8, -8
 194              		.cfi_offset 1, -4
 195              		.cfi_def_cfa_offset 16
 120:c:/Users/User/Documents/GitHub/ch32h417/EVT/EXAM/SRC/Peripheral/src\ch32h417_rtc.c ****     RTC_EnterConfigMode();
 196              		.loc 1 120 5
 119:c:/Users/User/Documents/GitHub/ch32h417/EVT/EXAM/SRC/Peripheral/src\ch32h417_rtc.c ****     RTC_EnterConfigMode();
 197              		.loc 1 119 1 is_stmt 0
 198 0008 2A84     		mv	s0,a0
 199              		.loc 1 120 5
 200 000a 97000000 		call	RTC_EnterConfigMode
 200      E7800000 
 201              	.LVL14:
 121:c:/Users/User/Documents/GitHub/ch32h417/EVT/EXAM/SRC/Peripheral/src\ch32h417_rtc.c ****     RTC->PSCRH = (PrescalerValue & PRLH_MSB_MASK) >> 16;
 202              		.loc 1 121 5 is_stmt 1
 203              		.loc 1 121 51 is_stmt 0
 204 0012 13570401 		srli	a4,s0,16
 205              		.loc 1 121 16
 206 0016 B7370040 		li	a5,1073754112
 207              		.loc 1 121 51
 208 001a 3D8B     		andi	a4,a4,15
 209              		.loc 1 121 16
 210 001c 2394E780 		sh	a4,-2040(a5)
 122:c:/Users/User/Documents/GitHub/ch32h417/EVT/EXAM/SRC/Peripheral/src\ch32h417_rtc.c ****     RTC->PSCRL = (PrescalerValue & RTC_LSB_MASK);
 211              		.loc 1 122 5 is_stmt 1
 212              		.loc 1 122 16 is_stmt 0
 213 0020 33440408 		zext.h	s0,s0
 214              	.LVL15:
 215 0024 23968780 		sh	s0,-2036(a5)
 123:c:/Users/User/Documents/GitHub/ch32h417/EVT/EXAM/SRC/Peripheral/src\ch32h417_rtc.c ****     RTC_ExitConfigMode();
 216              		.loc 1 123 5 is_stmt 1
 217 0028 97000000 		call	RTC_ExitConfigMode
 217      E7800000 
 218              	.LVL16:
 124:c:/Users/User/Documents/GitHub/ch32h417/EVT/EXAM/SRC/Peripheral/src\ch32h417_rtc.c **** }
 219              		.loc 1 124 1 is_stmt 0
 220 0030 17030000 		tail	__riscv_restore_1
 220      67000300 
 221              		.cfi_restore 8
 222              		.cfi_restore 1
 223              		.cfi_def_cfa_offset 0
 224              		.cfi_endproc
 225              	.LFE45:
 227              		.section	.text.RTC_SetAlarm,"ax",@progbits
 228              		.align	1
 229              		.globl	RTC_SetAlarm
 231              	RTC_SetAlarm:
 232              	.LFB46:
 125:c:/Users/User/Documents/GitHub/ch32h417/EVT/EXAM/SRC/Peripheral/src\ch32h417_rtc.c **** 
 126:c:/Users/User/Documents/GitHub/ch32h417/EVT/EXAM/SRC/Peripheral/src\ch32h417_rtc.c **** /*********************************************************************
 127:c:/Users/User/Documents/GitHub/ch32h417/EVT/EXAM/SRC/Peripheral/src\ch32h417_rtc.c ****  * @fn      RTC_SetAlarm
 128:c:/Users/User/Documents/GitHub/ch32h417/EVT/EXAM/SRC/Peripheral/src\ch32h417_rtc.c ****  *
 129:c:/Users/User/Documents/GitHub/ch32h417/EVT/EXAM/SRC/Peripheral/src\ch32h417_rtc.c ****  * @brief   Sets the RTC alarm value
 130:c:/Users/User/Documents/GitHub/ch32h417/EVT/EXAM/SRC/Peripheral/src\ch32h417_rtc.c ****  *
 131:c:/Users/User/Documents/GitHub/ch32h417/EVT/EXAM/SRC/Peripheral/src\ch32h417_rtc.c ****  * @param   AlarmValue - RTC alarm new value
 132:c:/Users/User/Documents/GitHub/ch32h417/EVT/EXAM/SRC/Peripheral/src\ch32h417_rtc.c ****  *
 133:c:/Users/User/Documents/GitHub/ch32h417/EVT/EXAM/SRC/Peripheral/src\ch32h417_rtc.c ****  * @return  none
 134:c:/Users/User/Documents/GitHub/ch32h417/EVT/EXAM/SRC/Peripheral/src\ch32h417_rtc.c ****  */
 135:c:/Users/User/Documents/GitHub/ch32h417/EVT/EXAM/SRC/Peripheral/src\ch32h417_rtc.c **** void RTC_SetAlarm(uint32_t AlarmValue)
 136:c:/Users/User/Documents/GitHub/ch32h417/EVT/EXAM/SRC/Peripheral/src\ch32h417_rtc.c **** {
 233              		.loc 1 136 1 is_stmt 1
 234              		.cfi_startproc
 235              	.LVL17:
 236 0000 17030000 		call	t0,__riscv_save_1
 236      E7020300 
 237              		.cfi_offset 8, -8
 238              		.cfi_offset 1, -4
 239              		.cfi_def_cfa_offset 16
 137:c:/Users/User/Documents/GitHub/ch32h417/EVT/EXAM/SRC/Peripheral/src\ch32h417_rtc.c ****     RTC_EnterConfigMode();
 240              		.loc 1 137 5
 136:c:/Users/User/Documents/GitHub/ch32h417/EVT/EXAM/SRC/Peripheral/src\ch32h417_rtc.c ****     RTC_EnterConfigMode();
 241              		.loc 1 136 1 is_stmt 0
 242 0008 2A84     		mv	s0,a0
 243              		.loc 1 137 5
 244 000a 97000000 		call	RTC_EnterConfigMode
 244      E7800000 
 245              	.LVL18:
 138:c:/Users/User/Documents/GitHub/ch32h417/EVT/EXAM/SRC/Peripheral/src\ch32h417_rtc.c ****     RTC->ALRMH = AlarmValue >> 16;
 246              		.loc 1 138 5 is_stmt 1
 247              		.loc 1 138 16 is_stmt 0
 248 0012 13570401 		srli	a4,s0,16
 249 0016 B7370040 		li	a5,1073754112
 250 001a 2390E782 		sh	a4,-2016(a5)
 139:c:/Users/User/Documents/GitHub/ch32h417/EVT/EXAM/SRC/Peripheral/src\ch32h417_rtc.c ****     RTC->ALRML = (AlarmValue & RTC_LSB_MASK);
 251              		.loc 1 139 5 is_stmt 1
 252              		.loc 1 139 16 is_stmt 0
 253 001e 33440408 		zext.h	s0,s0
 254              	.LVL19:
 255 0022 23928782 		sh	s0,-2012(a5)
 140:c:/Users/User/Documents/GitHub/ch32h417/EVT/EXAM/SRC/Peripheral/src\ch32h417_rtc.c ****     RTC_ExitConfigMode();
 256              		.loc 1 140 5 is_stmt 1
 257 0026 97000000 		call	RTC_ExitConfigMode
 257      E7800000 
 258              	.LVL20:
 141:c:/Users/User/Documents/GitHub/ch32h417/EVT/EXAM/SRC/Peripheral/src\ch32h417_rtc.c **** }
 259              		.loc 1 141 1 is_stmt 0
 260 002e 17030000 		tail	__riscv_restore_1
 260      67000300 
 261              		.cfi_restore 8
 262              		.cfi_restore 1
 263              		.cfi_def_cfa_offset 0
 264              		.cfi_endproc
 265              	.LFE46:
 267              		.section	.text.RTC_GetDivider,"ax",@progbits
 268              		.align	1
 269              		.globl	RTC_GetDivider
 271              	RTC_GetDivider:
 272              	.LFB47:
 142:c:/Users/User/Documents/GitHub/ch32h417/EVT/EXAM/SRC/Peripheral/src\ch32h417_rtc.c **** 
 143:c:/Users/User/Documents/GitHub/ch32h417/EVT/EXAM/SRC/Peripheral/src\ch32h417_rtc.c **** /*********************************************************************
 144:c:/Users/User/Documents/GitHub/ch32h417/EVT/EXAM/SRC/Peripheral/src\ch32h417_rtc.c ****  * @fn      RTC_GetDivider
 145:c:/Users/User/Documents/GitHub/ch32h417/EVT/EXAM/SRC/Peripheral/src\ch32h417_rtc.c ****  *
 146:c:/Users/User/Documents/GitHub/ch32h417/EVT/EXAM/SRC/Peripheral/src\ch32h417_rtc.c ****  * @brief   Gets the RTC divider value
 147:c:/Users/User/Documents/GitHub/ch32h417/EVT/EXAM/SRC/Peripheral/src\ch32h417_rtc.c ****  *
 148:c:/Users/User/Documents/GitHub/ch32h417/EVT/EXAM/SRC/Peripheral/src\ch32h417_rtc.c ****  * @return  RTC Divider value
 149:c:/Users/User/Documents/GitHub/ch32h417/EVT/EXAM/SRC/Peripheral/src\ch32h417_rtc.c ****  */
 150:c:/Users/User/Documents/GitHub/ch32h417/EVT/EXAM/SRC/Peripheral/src\ch32h417_rtc.c **** uint32_t RTC_GetDivider(void)
 151:c:/Users/User/Documents/GitHub/ch32h417/EVT/EXAM/SRC/Peripheral/src\ch32h417_rtc.c **** {
 273              		.loc 1 151 1 is_stmt 1
 274              		.cfi_startproc
 152:c:/Users/User/Documents/GitHub/ch32h417/EVT/EXAM/SRC/Peripheral/src\ch32h417_rtc.c ****     uint32_t tmp = 0x00;
 275              		.loc 1 152 5
 276              	.LVL21:
 153:c:/Users/User/Documents/GitHub/ch32h417/EVT/EXAM/SRC/Peripheral/src\ch32h417_rtc.c ****     tmp = ((uint32_t)RTC->DIVH & (uint32_t)0x000F) << 16;
 277              		.loc 1 153 5
 278              		.loc 1 153 25 is_stmt 0
 279 0000 37370040 		li	a4,1073754112
 280 0004 83570781 		lhu	a5,-2032(a4)
 154:c:/Users/User/Documents/GitHub/ch32h417/EVT/EXAM/SRC/Peripheral/src\ch32h417_rtc.c ****     tmp |= RTC->DIVL;
 281              		.loc 1 154 15
 282 0008 03554781 		lhu	a0,-2028(a4)
 153:c:/Users/User/Documents/GitHub/ch32h417/EVT/EXAM/SRC/Peripheral/src\ch32h417_rtc.c ****     tmp = ((uint32_t)RTC->DIVH & (uint32_t)0x000F) << 16;
 283              		.loc 1 153 9
 284 000c B7060F00 		li	a3,983040
 153:c:/Users/User/Documents/GitHub/ch32h417/EVT/EXAM/SRC/Peripheral/src\ch32h417_rtc.c ****     tmp = ((uint32_t)RTC->DIVH & (uint32_t)0x000F) << 16;
 285              		.loc 1 153 52
 286 0010 C207     		slli	a5,a5,16
 153:c:/Users/User/Documents/GitHub/ch32h417/EVT/EXAM/SRC/Peripheral/src\ch32h417_rtc.c ****     tmp = ((uint32_t)RTC->DIVH & (uint32_t)0x000F) << 16;
 287              		.loc 1 153 9
 288 0012 F58F     		and	a5,a5,a3
 289              	.LVL22:
 290              		.loc 1 154 5 is_stmt 1
 155:c:/Users/User/Documents/GitHub/ch32h417/EVT/EXAM/SRC/Peripheral/src\ch32h417_rtc.c ****     return tmp;
 291              		.loc 1 155 5
 156:c:/Users/User/Documents/GitHub/ch32h417/EVT/EXAM/SRC/Peripheral/src\ch32h417_rtc.c **** }
 292              		.loc 1 156 1 is_stmt 0
 293 0014 5D8D     		or	a0,a0,a5
 294              	.LVL23:
 295 0016 8280     		ret
 296              		.cfi_endproc
 297              	.LFE47:
 299              		.section	.text.RTC_WaitForLastTask,"ax",@progbits
 300              		.align	1
 301              		.globl	RTC_WaitForLastTask
 303              	RTC_WaitForLastTask:
 304              	.LFB48:
 157:c:/Users/User/Documents/GitHub/ch32h417/EVT/EXAM/SRC/Peripheral/src\ch32h417_rtc.c **** 
 158:c:/Users/User/Documents/GitHub/ch32h417/EVT/EXAM/SRC/Peripheral/src\ch32h417_rtc.c **** /*********************************************************************
 159:c:/Users/User/Documents/GitHub/ch32h417/EVT/EXAM/SRC/Peripheral/src\ch32h417_rtc.c ****  * @fn      RTC_WaitForLastTask
 160:c:/Users/User/Documents/GitHub/ch32h417/EVT/EXAM/SRC/Peripheral/src\ch32h417_rtc.c ****  *
 161:c:/Users/User/Documents/GitHub/ch32h417/EVT/EXAM/SRC/Peripheral/src\ch32h417_rtc.c ****  * @brief   Waits until last write operation on RTC registers has finished
 162:c:/Users/User/Documents/GitHub/ch32h417/EVT/EXAM/SRC/Peripheral/src\ch32h417_rtc.c ****  *          Note-
 163:c:/Users/User/Documents/GitHub/ch32h417/EVT/EXAM/SRC/Peripheral/src\ch32h417_rtc.c ****  *          This function must be called before any write to RTC registers.
 164:c:/Users/User/Documents/GitHub/ch32h417/EVT/EXAM/SRC/Peripheral/src\ch32h417_rtc.c ****  *
 165:c:/Users/User/Documents/GitHub/ch32h417/EVT/EXAM/SRC/Peripheral/src\ch32h417_rtc.c ****  * @return  none
 166:c:/Users/User/Documents/GitHub/ch32h417/EVT/EXAM/SRC/Peripheral/src\ch32h417_rtc.c ****  */
 167:c:/Users/User/Documents/GitHub/ch32h417/EVT/EXAM/SRC/Peripheral/src\ch32h417_rtc.c **** void RTC_WaitForLastTask(void)
 168:c:/Users/User/Documents/GitHub/ch32h417/EVT/EXAM/SRC/Peripheral/src\ch32h417_rtc.c **** {
 305              		.loc 1 168 1 is_stmt 1
 306              		.cfi_startproc
 169:c:/Users/User/Documents/GitHub/ch32h417/EVT/EXAM/SRC/Peripheral/src\ch32h417_rtc.c ****     while((RTC->CTLRL & RTC_FLAG_RTOFF) == (uint16_t)RESET)
 307              		.loc 1 169 5
 308              		.loc 1 169 15 is_stmt 0
 309 0000 37370040 		li	a4,1073754112
 310 0004 13070780 		addi	a4,a4,-2048
 311              	.L17:
 170:c:/Users/User/Documents/GitHub/ch32h417/EVT/EXAM/SRC/Peripheral/src\ch32h417_rtc.c ****     {
 171:c:/Users/User/Documents/GitHub/ch32h417/EVT/EXAM/SRC/Peripheral/src\ch32h417_rtc.c ****     }
 312              		.loc 1 171 5 is_stmt 1 discriminator 1
 169:c:/Users/User/Documents/GitHub/ch32h417/EVT/EXAM/SRC/Peripheral/src\ch32h417_rtc.c ****     while((RTC->CTLRL & RTC_FLAG_RTOFF) == (uint16_t)RESET)
 313              		.loc 1 169 41 discriminator 1
 169:c:/Users/User/Documents/GitHub/ch32h417/EVT/EXAM/SRC/Peripheral/src\ch32h417_rtc.c ****     while((RTC->CTLRL & RTC_FLAG_RTOFF) == (uint16_t)RESET)
 314              		.loc 1 169 15 is_stmt 0 discriminator 1
 315 0008 5E23     		lhu	a5,4(a4)
 169:c:/Users/User/Documents/GitHub/ch32h417/EVT/EXAM/SRC/Peripheral/src\ch32h417_rtc.c ****     while((RTC->CTLRL & RTC_FLAG_RTOFF) == (uint16_t)RESET)
 316              		.loc 1 169 41 discriminator 1
 317 000a 93F70702 		andi	a5,a5,32
 318 000e EDDF     		beq	a5,zero,.L17
 172:c:/Users/User/Documents/GitHub/ch32h417/EVT/EXAM/SRC/Peripheral/src\ch32h417_rtc.c **** }
 319              		.loc 1 172 1
 320 0010 8280     		ret
 321              		.cfi_endproc
 322              	.LFE48:
 324              		.section	.text.RTC_WaitForSynchro,"ax",@progbits
 325              		.align	1
 326              		.globl	RTC_WaitForSynchro
 328              	RTC_WaitForSynchro:
 329              	.LFB49:
 173:c:/Users/User/Documents/GitHub/ch32h417/EVT/EXAM/SRC/Peripheral/src\ch32h417_rtc.c **** 
 174:c:/Users/User/Documents/GitHub/ch32h417/EVT/EXAM/SRC/Peripheral/src\ch32h417_rtc.c **** /*********************************************************************
 175:c:/Users/User/Documents/GitHub/ch32h417/EVT/EXAM/SRC/Peripheral/src\ch32h417_rtc.c ****  * @fn      RTC_WaitForSynchro
 176:c:/Users/User/Documents/GitHub/ch32h417/EVT/EXAM/SRC/Peripheral/src\ch32h417_rtc.c ****  *
 177:c:/Users/User/Documents/GitHub/ch32h417/EVT/EXAM/SRC/Peripheral/src\ch32h417_rtc.c ****  * @brief   Waits until the RTC registers are synchronized with RTC APB clock
 178:c:/Users/User/Documents/GitHub/ch32h417/EVT/EXAM/SRC/Peripheral/src\ch32h417_rtc.c ****  *          Note-
 179:c:/Users/User/Documents/GitHub/ch32h417/EVT/EXAM/SRC/Peripheral/src\ch32h417_rtc.c ****  *          This function must be called before any read operation after an APB reset
 180:c:/Users/User/Documents/GitHub/ch32h417/EVT/EXAM/SRC/Peripheral/src\ch32h417_rtc.c ****  *        or an APB clock stop.
 181:c:/Users/User/Documents/GitHub/ch32h417/EVT/EXAM/SRC/Peripheral/src\ch32h417_rtc.c ****  *          
 182:c:/Users/User/Documents/GitHub/ch32h417/EVT/EXAM/SRC/Peripheral/src\ch32h417_rtc.c ****  * @return  none
 183:c:/Users/User/Documents/GitHub/ch32h417/EVT/EXAM/SRC/Peripheral/src\ch32h417_rtc.c ****  */
 184:c:/Users/User/Documents/GitHub/ch32h417/EVT/EXAM/SRC/Peripheral/src\ch32h417_rtc.c **** void RTC_WaitForSynchro(void)
 185:c:/Users/User/Documents/GitHub/ch32h417/EVT/EXAM/SRC/Peripheral/src\ch32h417_rtc.c **** {
 330              		.loc 1 185 1 is_stmt 1
 331              		.cfi_startproc
 186:c:/Users/User/Documents/GitHub/ch32h417/EVT/EXAM/SRC/Peripheral/src\ch32h417_rtc.c ****     RTC->CTLRL &= (uint16_t)~RTC_FLAG_RSF;
 332              		.loc 1 186 5
 333              		.loc 1 186 8 is_stmt 0
 334 0000 37370040 		li	a4,1073754112
 335 0004 83574780 		lhu	a5,-2044(a4)
 336 0008 13070780 		addi	a4,a4,-2048
 337 000c B3C70708 		zext.h	a5,a5
 338              		.loc 1 186 16
 339 0010 DD9B     		andi	a5,a5,-9
 340 0012 B3C70708 		zext.h	a5,a5
 341 0016 5EA3     		sh	a5,4(a4)
 187:c:/Users/User/Documents/GitHub/ch32h417/EVT/EXAM/SRC/Peripheral/src\ch32h417_rtc.c ****     while((RTC->CTLRL & RTC_FLAG_RSF) == (uint16_t)RESET)
 342              		.loc 1 187 5 is_stmt 1
 343              	.L21:
 188:c:/Users/User/Documents/GitHub/ch32h417/EVT/EXAM/SRC/Peripheral/src\ch32h417_rtc.c ****     {
 189:c:/Users/User/Documents/GitHub/ch32h417/EVT/EXAM/SRC/Peripheral/src\ch32h417_rtc.c ****     }
 344              		.loc 1 189 5 discriminator 1
 187:c:/Users/User/Documents/GitHub/ch32h417/EVT/EXAM/SRC/Peripheral/src\ch32h417_rtc.c ****     while((RTC->CTLRL & RTC_FLAG_RSF) == (uint16_t)RESET)
 345              		.loc 1 187 39 discriminator 1
 187:c:/Users/User/Documents/GitHub/ch32h417/EVT/EXAM/SRC/Peripheral/src\ch32h417_rtc.c ****     while((RTC->CTLRL & RTC_FLAG_RSF) == (uint16_t)RESET)
 346              		.loc 1 187 15 is_stmt 0 discriminator 1
 347 0018 5E23     		lhu	a5,4(a4)
 187:c:/Users/User/Documents/GitHub/ch32h417/EVT/EXAM/SRC/Peripheral/src\ch32h417_rtc.c ****     while((RTC->CTLRL & RTC_FLAG_RSF) == (uint16_t)RESET)
 348              		.loc 1 187 39 discriminator 1
 349 001a A18B     		andi	a5,a5,8
 350 001c F5DF     		beq	a5,zero,.L21
 190:c:/Users/User/Documents/GitHub/ch32h417/EVT/EXAM/SRC/Peripheral/src\ch32h417_rtc.c **** }
 351              		.loc 1 190 1
 352 001e 8280     		ret
 353              		.cfi_endproc
 354              	.LFE49:
 356              		.section	.text.RTC_GetFlagStatus,"ax",@progbits
 357              		.align	1
 358              		.globl	RTC_GetFlagStatus
 360              	RTC_GetFlagStatus:
 361              	.LFB50:
 191:c:/Users/User/Documents/GitHub/ch32h417/EVT/EXAM/SRC/Peripheral/src\ch32h417_rtc.c **** 
 192:c:/Users/User/Documents/GitHub/ch32h417/EVT/EXAM/SRC/Peripheral/src\ch32h417_rtc.c **** /*********************************************************************
 193:c:/Users/User/Documents/GitHub/ch32h417/EVT/EXAM/SRC/Peripheral/src\ch32h417_rtc.c ****  * @fn      RTC_GetFlagStatus
 194:c:/Users/User/Documents/GitHub/ch32h417/EVT/EXAM/SRC/Peripheral/src\ch32h417_rtc.c ****  *
 195:c:/Users/User/Documents/GitHub/ch32h417/EVT/EXAM/SRC/Peripheral/src\ch32h417_rtc.c ****  * @brief   Checks whether the specified RTC flag is set or not
 196:c:/Users/User/Documents/GitHub/ch32h417/EVT/EXAM/SRC/Peripheral/src\ch32h417_rtc.c ****  *
 197:c:/Users/User/Documents/GitHub/ch32h417/EVT/EXAM/SRC/Peripheral/src\ch32h417_rtc.c ****  * @param   RTC_FLAG- specifies the flag to check
 198:c:/Users/User/Documents/GitHub/ch32h417/EVT/EXAM/SRC/Peripheral/src\ch32h417_rtc.c ****  *            RTC_FLAG_RTOFF - RTC Operation OFF flag
 199:c:/Users/User/Documents/GitHub/ch32h417/EVT/EXAM/SRC/Peripheral/src\ch32h417_rtc.c ****  *            RTC_FLAG_RSF - Registers Synchronized flag
 200:c:/Users/User/Documents/GitHub/ch32h417/EVT/EXAM/SRC/Peripheral/src\ch32h417_rtc.c ****  *            RTC_FLAG_OW - Overflow flag
 201:c:/Users/User/Documents/GitHub/ch32h417/EVT/EXAM/SRC/Peripheral/src\ch32h417_rtc.c ****  *            RTC_FLAG_ALR - Alarm flag
 202:c:/Users/User/Documents/GitHub/ch32h417/EVT/EXAM/SRC/Peripheral/src\ch32h417_rtc.c ****  *            RTC_FLAG_SEC - Second flag
 203:c:/Users/User/Documents/GitHub/ch32h417/EVT/EXAM/SRC/Peripheral/src\ch32h417_rtc.c ****  *
 204:c:/Users/User/Documents/GitHub/ch32h417/EVT/EXAM/SRC/Peripheral/src\ch32h417_rtc.c ****  * @return  The new state of RTC_FLAG (SET or RESET)
 205:c:/Users/User/Documents/GitHub/ch32h417/EVT/EXAM/SRC/Peripheral/src\ch32h417_rtc.c ****  */
 206:c:/Users/User/Documents/GitHub/ch32h417/EVT/EXAM/SRC/Peripheral/src\ch32h417_rtc.c **** FlagStatus RTC_GetFlagStatus(uint16_t RTC_FLAG)
 207:c:/Users/User/Documents/GitHub/ch32h417/EVT/EXAM/SRC/Peripheral/src\ch32h417_rtc.c **** {
 362              		.loc 1 207 1 is_stmt 1
 363              		.cfi_startproc
 364              	.LVL24:
 208:c:/Users/User/Documents/GitHub/ch32h417/EVT/EXAM/SRC/Peripheral/src\ch32h417_rtc.c ****     FlagStatus bitstatus = RESET;
 365              		.loc 1 208 5
 209:c:/Users/User/Documents/GitHub/ch32h417/EVT/EXAM/SRC/Peripheral/src\ch32h417_rtc.c ****     if((RTC->CTLRL & RTC_FLAG) != (uint16_t)RESET)
 366              		.loc 1 209 5
 367              		.loc 1 209 12 is_stmt 0
 368 0000 B7370040 		li	a5,1073754112
 369 0004 93870780 		addi	a5,a5,-2048
 370 0008 DE23     		lhu	a5,4(a5)
 371              	.LVL25:
 210:c:/Users/User/Documents/GitHub/ch32h417/EVT/EXAM/SRC/Peripheral/src\ch32h417_rtc.c ****     {
 211:c:/Users/User/Documents/GitHub/ch32h417/EVT/EXAM/SRC/Peripheral/src\ch32h417_rtc.c ****         bitstatus = SET;
 212:c:/Users/User/Documents/GitHub/ch32h417/EVT/EXAM/SRC/Peripheral/src\ch32h417_rtc.c ****     }
 213:c:/Users/User/Documents/GitHub/ch32h417/EVT/EXAM/SRC/Peripheral/src\ch32h417_rtc.c ****     else
 214:c:/Users/User/Documents/GitHub/ch32h417/EVT/EXAM/SRC/Peripheral/src\ch32h417_rtc.c ****     {
 215:c:/Users/User/Documents/GitHub/ch32h417/EVT/EXAM/SRC/Peripheral/src\ch32h417_rtc.c ****         bitstatus = RESET;
 216:c:/Users/User/Documents/GitHub/ch32h417/EVT/EXAM/SRC/Peripheral/src\ch32h417_rtc.c ****     }
 217:c:/Users/User/Documents/GitHub/ch32h417/EVT/EXAM/SRC/Peripheral/src\ch32h417_rtc.c ****     return bitstatus;
 372              		.loc 1 217 5 is_stmt 1
 209:c:/Users/User/Documents/GitHub/ch32h417/EVT/EXAM/SRC/Peripheral/src\ch32h417_rtc.c ****     if((RTC->CTLRL & RTC_FLAG) != (uint16_t)RESET)
 373              		.loc 1 209 7 is_stmt 0
 374 000a 7D8D     		and	a0,a5,a0
 375              	.LVL26:
 218:c:/Users/User/Documents/GitHub/ch32h417/EVT/EXAM/SRC/Peripheral/src\ch32h417_rtc.c **** }
 376              		.loc 1 218 1
 377 000c 3335A000 		snez	a0,a0
 378 0010 8280     		ret
 379              		.cfi_endproc
 380              	.LFE50:
 382              		.section	.text.RTC_ClearFlag,"ax",@progbits
 383              		.align	1
 384              		.globl	RTC_ClearFlag
 386              	RTC_ClearFlag:
 387              	.LFB51:
 219:c:/Users/User/Documents/GitHub/ch32h417/EVT/EXAM/SRC/Peripheral/src\ch32h417_rtc.c **** 
 220:c:/Users/User/Documents/GitHub/ch32h417/EVT/EXAM/SRC/Peripheral/src\ch32h417_rtc.c **** /*********************************************************************
 221:c:/Users/User/Documents/GitHub/ch32h417/EVT/EXAM/SRC/Peripheral/src\ch32h417_rtc.c ****  * @fn      RTC_ClearFlag
 222:c:/Users/User/Documents/GitHub/ch32h417/EVT/EXAM/SRC/Peripheral/src\ch32h417_rtc.c ****  *
 223:c:/Users/User/Documents/GitHub/ch32h417/EVT/EXAM/SRC/Peripheral/src\ch32h417_rtc.c ****  * @brief   Clears the RTC's pending flags
 224:c:/Users/User/Documents/GitHub/ch32h417/EVT/EXAM/SRC/Peripheral/src\ch32h417_rtc.c ****  *
 225:c:/Users/User/Documents/GitHub/ch32h417/EVT/EXAM/SRC/Peripheral/src\ch32h417_rtc.c ****  * @param   RTC_FLAG - specifies the flag to clear
 226:c:/Users/User/Documents/GitHub/ch32h417/EVT/EXAM/SRC/Peripheral/src\ch32h417_rtc.c ****  *            RTC_FLAG_RSF - Registers Synchronized flag
 227:c:/Users/User/Documents/GitHub/ch32h417/EVT/EXAM/SRC/Peripheral/src\ch32h417_rtc.c ****  *            RTC_FLAG_OW - Overflow flag
 228:c:/Users/User/Documents/GitHub/ch32h417/EVT/EXAM/SRC/Peripheral/src\ch32h417_rtc.c ****  *            RTC_FLAG_ALR - Alarm flag
 229:c:/Users/User/Documents/GitHub/ch32h417/EVT/EXAM/SRC/Peripheral/src\ch32h417_rtc.c ****  *            RTC_FLAG_SEC - Second flag
 230:c:/Users/User/Documents/GitHub/ch32h417/EVT/EXAM/SRC/Peripheral/src\ch32h417_rtc.c ****  *
 231:c:/Users/User/Documents/GitHub/ch32h417/EVT/EXAM/SRC/Peripheral/src\ch32h417_rtc.c ****  * @return  none
 232:c:/Users/User/Documents/GitHub/ch32h417/EVT/EXAM/SRC/Peripheral/src\ch32h417_rtc.c ****  */
 233:c:/Users/User/Documents/GitHub/ch32h417/EVT/EXAM/SRC/Peripheral/src\ch32h417_rtc.c **** void RTC_ClearFlag(uint16_t RTC_FLAG)
 234:c:/Users/User/Documents/GitHub/ch32h417/EVT/EXAM/SRC/Peripheral/src\ch32h417_rtc.c **** {
 388              		.loc 1 234 1 is_stmt 1
 389              		.cfi_startproc
 390              	.LVL27:
 235:c:/Users/User/Documents/GitHub/ch32h417/EVT/EXAM/SRC/Peripheral/src\ch32h417_rtc.c ****     RTC->CTLRL &= (uint16_t)~RTC_FLAG;
 391              		.loc 1 235 5
 392              		.loc 1 235 8 is_stmt 0
 393 0000 B7370040 		li	a5,1073754112
 394 0004 03D74780 		lhu	a4,-2044(a5)
 395              		.loc 1 235 16
 396 0008 3375A740 		andn	a0,a4,a0
 397              	.LVL28:
 398 000c 2392A780 		sh	a0,-2044(a5)
 236:c:/Users/User/Documents/GitHub/ch32h417/EVT/EXAM/SRC/Peripheral/src\ch32h417_rtc.c **** }
 399              		.loc 1 236 1
 400 0010 8280     		ret
 401              		.cfi_endproc
 402              	.LFE51:
 404              		.section	.text.RTC_GetITStatus,"ax",@progbits
 405              		.align	1
 406              		.globl	RTC_GetITStatus
 408              	RTC_GetITStatus:
 409              	.LFB52:
 237:c:/Users/User/Documents/GitHub/ch32h417/EVT/EXAM/SRC/Peripheral/src\ch32h417_rtc.c **** 
 238:c:/Users/User/Documents/GitHub/ch32h417/EVT/EXAM/SRC/Peripheral/src\ch32h417_rtc.c **** /*********************************************************************
 239:c:/Users/User/Documents/GitHub/ch32h417/EVT/EXAM/SRC/Peripheral/src\ch32h417_rtc.c ****  * @fn      RTC_GetITStatus
 240:c:/Users/User/Documents/GitHub/ch32h417/EVT/EXAM/SRC/Peripheral/src\ch32h417_rtc.c ****  *
 241:c:/Users/User/Documents/GitHub/ch32h417/EVT/EXAM/SRC/Peripheral/src\ch32h417_rtc.c ****  * @brief   Checks whether the specified RTC interrupt has occurred or not
 242:c:/Users/User/Documents/GitHub/ch32h417/EVT/EXAM/SRC/Peripheral/src\ch32h417_rtc.c ****  *
 243:c:/Users/User/Documents/GitHub/ch32h417/EVT/EXAM/SRC/Peripheral/src\ch32h417_rtc.c ****  * @param   RTC_IT - specifies the RTC interrupts sources to check
 244:c:/Users/User/Documents/GitHub/ch32h417/EVT/EXAM/SRC/Peripheral/src\ch32h417_rtc.c ****  *            RTC_FLAG_OW - Overflow interrupt
 245:c:/Users/User/Documents/GitHub/ch32h417/EVT/EXAM/SRC/Peripheral/src\ch32h417_rtc.c ****  *            RTC_FLAG_ALR - Alarm interrupt
 246:c:/Users/User/Documents/GitHub/ch32h417/EVT/EXAM/SRC/Peripheral/src\ch32h417_rtc.c ****  *            RTC_FLAG_SEC - Second interrupt
 247:c:/Users/User/Documents/GitHub/ch32h417/EVT/EXAM/SRC/Peripheral/src\ch32h417_rtc.c ****  *
 248:c:/Users/User/Documents/GitHub/ch32h417/EVT/EXAM/SRC/Peripheral/src\ch32h417_rtc.c ****  * @return  The new state of the RTC_IT (SET or RESET)
 249:c:/Users/User/Documents/GitHub/ch32h417/EVT/EXAM/SRC/Peripheral/src\ch32h417_rtc.c ****  */
 250:c:/Users/User/Documents/GitHub/ch32h417/EVT/EXAM/SRC/Peripheral/src\ch32h417_rtc.c **** ITStatus RTC_GetITStatus(uint16_t RTC_IT)
 251:c:/Users/User/Documents/GitHub/ch32h417/EVT/EXAM/SRC/Peripheral/src\ch32h417_rtc.c **** {
 410              		.loc 1 251 1 is_stmt 1
 411              		.cfi_startproc
 412              	.LVL29:
 252:c:/Users/User/Documents/GitHub/ch32h417/EVT/EXAM/SRC/Peripheral/src\ch32h417_rtc.c ****     ITStatus bitstatus = RESET;
 413              		.loc 1 252 5
 253:c:/Users/User/Documents/GitHub/ch32h417/EVT/EXAM/SRC/Peripheral/src\ch32h417_rtc.c **** 
 254:c:/Users/User/Documents/GitHub/ch32h417/EVT/EXAM/SRC/Peripheral/src\ch32h417_rtc.c ****     bitstatus = (ITStatus)(RTC->CTLRL & RTC_IT);
 414              		.loc 1 254 5
 415              		.loc 1 254 31 is_stmt 0
 416 0000 37370040 		li	a4,1073754112
 417 0004 83574780 		lhu	a5,-2044(a4)
 255:c:/Users/User/Documents/GitHub/ch32h417/EVT/EXAM/SRC/Peripheral/src\ch32h417_rtc.c ****     if(((RTC->CTLRH & RTC_IT) != (uint16_t)RESET) && (bitstatus != (uint16_t)RESET))
 418              		.loc 1 255 13
 419 0008 03570780 		lhu	a4,-2048(a4)
 254:c:/Users/User/Documents/GitHub/ch32h417/EVT/EXAM/SRC/Peripheral/src\ch32h417_rtc.c ****     if(((RTC->CTLRH & RTC_IT) != (uint16_t)RESET) && (bitstatus != (uint16_t)RESET))
 420              		.loc 1 254 31
 421 000c B3C70708 		zext.h	a5,a5
 422              	.LVL30:
 423              		.loc 1 255 5 is_stmt 1
 424              		.loc 1 255 7 is_stmt 0
 425 0010 698F     		and	a4,a4,a0
 426 0012 09C7     		beq	a4,zero,.L28
 427              		.loc 1 255 51 discriminator 1
 428 0014 7D8D     		and	a0,a5,a0
 429              	.LVL31:
 430 0016 3335A000 		snez	a0,a0
 431 001a 8280     		ret
 432              	.LVL32:
 433              	.L28:
 256:c:/Users/User/Documents/GitHub/ch32h417/EVT/EXAM/SRC/Peripheral/src\ch32h417_rtc.c ****     {
 257:c:/Users/User/Documents/GitHub/ch32h417/EVT/EXAM/SRC/Peripheral/src\ch32h417_rtc.c ****         bitstatus = SET;
 258:c:/Users/User/Documents/GitHub/ch32h417/EVT/EXAM/SRC/Peripheral/src\ch32h417_rtc.c ****     }
 259:c:/Users/User/Documents/GitHub/ch32h417/EVT/EXAM/SRC/Peripheral/src\ch32h417_rtc.c ****     else
 260:c:/Users/User/Documents/GitHub/ch32h417/EVT/EXAM/SRC/Peripheral/src\ch32h417_rtc.c ****     {
 261:c:/Users/User/Documents/GitHub/ch32h417/EVT/EXAM/SRC/Peripheral/src\ch32h417_rtc.c ****         bitstatus = RESET;
 434              		.loc 1 261 19
 435 001c 0145     		li	a0,0
 436              	.LVL33:
 262:c:/Users/User/Documents/GitHub/ch32h417/EVT/EXAM/SRC/Peripheral/src\ch32h417_rtc.c ****     }
 263:c:/Users/User/Documents/GitHub/ch32h417/EVT/EXAM/SRC/Peripheral/src\ch32h417_rtc.c ****     return bitstatus;
 437              		.loc 1 263 5 is_stmt 1
 264:c:/Users/User/Documents/GitHub/ch32h417/EVT/EXAM/SRC/Peripheral/src\ch32h417_rtc.c **** }
 438              		.loc 1 264 1 is_stmt 0
 439 001e 8280     		ret
 440              		.cfi_endproc
 441              	.LFE52:
 443              		.section	.text.RTC_ClearITPendingBit,"ax",@progbits
 444              		.align	1
 445              		.globl	RTC_ClearITPendingBit
 447              	RTC_ClearITPendingBit:
 448              	.LFB55:
 449              		.cfi_startproc
 265:c:/Users/User/Documents/GitHub/ch32h417/EVT/EXAM/SRC/Peripheral/src\ch32h417_rtc.c **** 
 266:c:/Users/User/Documents/GitHub/ch32h417/EVT/EXAM/SRC/Peripheral/src\ch32h417_rtc.c **** /*********************************************************************
 267:c:/Users/User/Documents/GitHub/ch32h417/EVT/EXAM/SRC/Peripheral/src\ch32h417_rtc.c ****  * @fn      RTC_ClearITPendingBit
 268:c:/Users/User/Documents/GitHub/ch32h417/EVT/EXAM/SRC/Peripheral/src\ch32h417_rtc.c ****  *
 269:c:/Users/User/Documents/GitHub/ch32h417/EVT/EXAM/SRC/Peripheral/src\ch32h417_rtc.c ****  * @brief   Clears the RTC's interrupt pending bits
 270:c:/Users/User/Documents/GitHub/ch32h417/EVT/EXAM/SRC/Peripheral/src\ch32h417_rtc.c ****  *
 271:c:/Users/User/Documents/GitHub/ch32h417/EVT/EXAM/SRC/Peripheral/src\ch32h417_rtc.c ****  * @param   RTC_IT - specifies the interrupt pending bit to clear
 272:c:/Users/User/Documents/GitHub/ch32h417/EVT/EXAM/SRC/Peripheral/src\ch32h417_rtc.c ****  *            RTC_FLAG_OW - Overflow interrupt
 273:c:/Users/User/Documents/GitHub/ch32h417/EVT/EXAM/SRC/Peripheral/src\ch32h417_rtc.c ****  *            RTC_FLAG_ALR - Alarm interrupt
 274:c:/Users/User/Documents/GitHub/ch32h417/EVT/EXAM/SRC/Peripheral/src\ch32h417_rtc.c ****  *            RTC_FLAG_SEC - Second interrupt
 275:c:/Users/User/Documents/GitHub/ch32h417/EVT/EXAM/SRC/Peripheral/src\ch32h417_rtc.c ****  *
 276:c:/Users/User/Documents/GitHub/ch32h417/EVT/EXAM/SRC/Peripheral/src\ch32h417_rtc.c ****  * @return  none
 277:c:/Users/User/Documents/GitHub/ch32h417/EVT/EXAM/SRC/Peripheral/src\ch32h417_rtc.c ****  */
 278:c:/Users/User/Documents/GitHub/ch32h417/EVT/EXAM/SRC/Peripheral/src\ch32h417_rtc.c **** void RTC_ClearITPendingBit(uint16_t RTC_IT)
 450              		.loc 1 278 6 is_stmt 1
 451 0000 17030000 		tail	RTC_ClearFlag
 451      67000300 
 452              		.cfi_endproc
 453              	.LFE55:
 455              		.text
 456              	.Letext0:
 457              		.file 2 "d:\\mounriver\\mounriver_studio2\\resources\\app\\resources\\win32\\components\\wch\\tool
 458              		.file 3 "d:\\mounriver\\mounriver_studio2\\resources\\app\\resources\\win32\\components\\wch\\tool
 459              		.file 4 "c:/Users/User/Documents/GitHub/ch32h417/EVT/EXAM/SRC/Core/core_riscv.h"
 460              		.file 5 "c:/Users/User/Documents/GitHub/ch32h417/EVT/EXAM/SRC/Peripheral/inc/ch32h417.h"
DEFINED SYMBOLS
                            *ABS*:0000000000000000 ch32h417_rtc.c
C:\Users\User\AppData\Local\Temp\ccKX4meU.s:14     .text.RTC_ITConfig:0000000000000000 RTC_ITConfig
C:\Users\User\AppData\Local\Temp\ccKX4meU.s:18     .text.RTC_ITConfig:0000000000000000 .L0 
C:\Users\User\AppData\Local\Temp\ccKX4meU.s:20     .text.RTC_ITConfig:0000000000000000 .L0 
C:\Users\User\AppData\Local\Temp\ccKX4meU.s:21     .text.RTC_ITConfig:0000000000000000 .L0 
C:\Users\User\AppData\Local\Temp\ccKX4meU.s:22     .text.RTC_ITConfig:0000000000000000 $x
C:\Users\User\AppData\Local\Temp\ccKX4meU.s:22     .text.RTC_ITConfig:0000000000000000 .L0 
C:\Users\User\AppData\Local\Temp\ccKX4meU.s:24     .text.RTC_ITConfig:0000000000000002 .L0 
C:\Users\User\AppData\Local\Temp\ccKX4meU.s:25     .text.RTC_ITConfig:0000000000000002 .L0 
C:\Users\User\AppData\Local\Temp\ccKX4meU.s:28     .text.RTC_ITConfig:000000000000000a .L0 
C:\Users\User\AppData\Local\Temp\ccKX4meU.s:33     .text.RTC_ITConfig:0000000000000012 .L0 
C:\Users\User\AppData\Local\Temp\ccKX4meU.s:34     .text.RTC_ITConfig:0000000000000012 .L0 
C:\Users\User\AppData\Local\Temp\ccKX4meU.s:37     .text.RTC_ITConfig:000000000000001a .L0 
C:\Users\User\AppData\Local\Temp\ccKX4meU.s:41     .text.RTC_ITConfig:0000000000000022 .L0 
C:\Users\User\AppData\Local\Temp\ccKX4meU.s:42     .text.RTC_ITConfig:0000000000000024 .L0 
C:\Users\User\AppData\Local\Temp\ccKX4meU.s:49     .text.RTC_EnterConfigMode:0000000000000000 RTC_EnterConfigMode
C:\Users\User\AppData\Local\Temp\ccKX4meU.s:52     .text.RTC_EnterConfigMode:0000000000000000 .L0 
C:\Users\User\AppData\Local\Temp\ccKX4meU.s:53     .text.RTC_EnterConfigMode:0000000000000000 .L0 
C:\Users\User\AppData\Local\Temp\ccKX4meU.s:54     .text.RTC_EnterConfigMode:0000000000000000 .L0 
C:\Users\User\AppData\Local\Temp\ccKX4meU.s:55     .text.RTC_EnterConfigMode:0000000000000000 $x
C:\Users\User\AppData\Local\Temp\ccKX4meU.s:55     .text.RTC_EnterConfigMode:0000000000000000 .L0 
C:\Users\User\AppData\Local\Temp\ccKX4meU.s:58     .text.RTC_EnterConfigMode:0000000000000008 .L0 
C:\Users\User\AppData\Local\Temp\ccKX4meU.s:61     .text.RTC_EnterConfigMode:0000000000000010 .L0 
C:\Users\User\AppData\Local\Temp\ccKX4meU.s:62     .text.RTC_EnterConfigMode:0000000000000012 .L0 
C:\Users\User\AppData\Local\Temp\ccKX4meU.s:69     .text.RTC_ExitConfigMode:0000000000000000 RTC_ExitConfigMode
C:\Users\User\AppData\Local\Temp\ccKX4meU.s:72     .text.RTC_ExitConfigMode:0000000000000000 .L0 
C:\Users\User\AppData\Local\Temp\ccKX4meU.s:73     .text.RTC_ExitConfigMode:0000000000000000 .L0 
C:\Users\User\AppData\Local\Temp\ccKX4meU.s:74     .text.RTC_ExitConfigMode:0000000000000000 .L0 
C:\Users\User\AppData\Local\Temp\ccKX4meU.s:75     .text.RTC_ExitConfigMode:0000000000000000 $x
C:\Users\User\AppData\Local\Temp\ccKX4meU.s:75     .text.RTC_ExitConfigMode:0000000000000000 .L0 
C:\Users\User\AppData\Local\Temp\ccKX4meU.s:79     .text.RTC_ExitConfigMode:000000000000000c .L0 
C:\Users\User\AppData\Local\Temp\ccKX4meU.s:83     .text.RTC_ExitConfigMode:0000000000000016 .L0 
C:\Users\User\AppData\Local\Temp\ccKX4meU.s:84     .text.RTC_ExitConfigMode:0000000000000018 .L0 
C:\Users\User\AppData\Local\Temp\ccKX4meU.s:91     .text.RTC_GetCounter:0000000000000000 RTC_GetCounter
C:\Users\User\AppData\Local\Temp\ccKX4meU.s:94     .text.RTC_GetCounter:0000000000000000 .L0 
C:\Users\User\AppData\Local\Temp\ccKX4meU.s:95     .text.RTC_GetCounter:0000000000000000 .L0 
C:\Users\User\AppData\Local\Temp\ccKX4meU.s:97     .text.RTC_GetCounter:0000000000000000 .L0 
C:\Users\User\AppData\Local\Temp\ccKX4meU.s:98     .text.RTC_GetCounter:0000000000000000 .L0 
C:\Users\User\AppData\Local\Temp\ccKX4meU.s:99     .text.RTC_GetCounter:0000000000000000 $x
C:\Users\User\AppData\Local\Temp\ccKX4meU.s:99     .text.RTC_GetCounter:0000000000000000 .L0 
C:\Users\User\AppData\Local\Temp\ccKX4meU.s:102    .text.RTC_GetCounter:0000000000000008 .L0 
C:\Users\User\AppData\Local\Temp\ccKX4meU.s:104    .text.RTC_GetCounter:000000000000000c .L0 
C:\Users\User\AppData\Local\Temp\ccKX4meU.s:106    .text.RTC_GetCounter:0000000000000010 .L0 
C:\Users\User\AppData\Local\Temp\ccKX4meU.s:109    .text.RTC_GetCounter:0000000000000014 .L0 
C:\Users\User\AppData\Local\Temp\ccKX4meU.s:110    .text.RTC_GetCounter:0000000000000014 .L0 
C:\Users\User\AppData\Local\Temp\ccKX4meU.s:112    .text.RTC_GetCounter:0000000000000018 .L0 
C:\Users\User\AppData\Local\Temp\ccKX4meU.s:115    .text.RTC_GetCounter:000000000000001c .L0 
C:\Users\User\AppData\Local\Temp\ccKX4meU.s:116    .text.RTC_GetCounter:000000000000001c .L0 
C:\Users\User\AppData\Local\Temp\ccKX4meU.s:119    .text.RTC_GetCounter:0000000000000020 .L0 
C:\Users\User\AppData\Local\Temp\ccKX4meU.s:120    .text.RTC_GetCounter:0000000000000020 .L0 
C:\Users\User\AppData\Local\Temp\ccKX4meU.s:122    .text.RTC_GetCounter:0000000000000024 .L0 
C:\Users\User\AppData\Local\Temp\ccKX4meU.s:123    .text.RTC_GetCounter:0000000000000024 .L0 
C:\Users\User\AppData\Local\Temp\ccKX4meU.s:126    .text.RTC_GetCounter:0000000000000026 .L0 
C:\Users\User\AppData\Local\Temp\ccKX4meU.s:128    .text.RTC_GetCounter:000000000000002a .L0 
C:\Users\User\AppData\Local\Temp\ccKX4meU.s:133    .text.RTC_GetCounter:000000000000002e .L0 
C:\Users\User\AppData\Local\Temp\ccKX4meU.s:134    .text.RTC_GetCounter:000000000000002e .L0 
C:\Users\User\AppData\Local\Temp\ccKX4meU.s:137    .text.RTC_GetCounter:0000000000000030 .L0 
C:\Users\User\AppData\Local\Temp\ccKX4meU.s:139    .text.RTC_GetCounter:0000000000000032 .L0 
C:\Users\User\AppData\Local\Temp\ccKX4meU.s:140    .text.RTC_GetCounter:0000000000000034 .L0 
C:\Users\User\AppData\Local\Temp\ccKX4meU.s:147    .text.RTC_SetCounter:0000000000000000 RTC_SetCounter
C:\Users\User\AppData\Local\Temp\ccKX4meU.s:150    .text.RTC_SetCounter:0000000000000000 .L0 
C:\Users\User\AppData\Local\Temp\ccKX4meU.s:152    .text.RTC_SetCounter:0000000000000000 $x
C:\Users\User\AppData\Local\Temp\ccKX4meU.s:152    .text.RTC_SetCounter:0000000000000000 .L0 
C:\Users\User\AppData\Local\Temp\ccKX4meU.s:153    .text.RTC_SetCounter:0000000000000008 .L0 
C:\Users\User\AppData\Local\Temp\ccKX4meU.s:154    .text.RTC_SetCounter:0000000000000008 .L0 
C:\Users\User\AppData\Local\Temp\ccKX4meU.s:155    .text.RTC_SetCounter:0000000000000008 .L0 
C:\Users\User\AppData\Local\Temp\ccKX4meU.s:157    .text.RTC_SetCounter:0000000000000008 .L0 
C:\Users\User\AppData\Local\Temp\ccKX4meU.s:158    .text.RTC_SetCounter:0000000000000008 .L0 
C:\Users\User\AppData\Local\Temp\ccKX4meU.s:160    .text.RTC_SetCounter:000000000000000a .L0 
C:\Users\User\AppData\Local\Temp\ccKX4meU.s:163    .text.RTC_SetCounter:0000000000000012 .L0 
C:\Users\User\AppData\Local\Temp\ccKX4meU.s:164    .text.RTC_SetCounter:0000000000000012 .L0 
C:\Users\User\AppData\Local\Temp\ccKX4meU.s:168    .text.RTC_SetCounter:000000000000001e .L0 
C:\Users\User\AppData\Local\Temp\ccKX4meU.s:169    .text.RTC_SetCounter:000000000000001e .L0 
C:\Users\User\AppData\Local\Temp\ccKX4meU.s:173    .text.RTC_SetCounter:0000000000000026 .L0 
C:\Users\User\AppData\Local\Temp\ccKX4meU.s:176    .text.RTC_SetCounter:000000000000002e .L0 
C:\Users\User\AppData\Local\Temp\ccKX4meU.s:177    .text.RTC_SetCounter:0000000000000036 .L0 
C:\Users\User\AppData\Local\Temp\ccKX4meU.s:178    .text.RTC_SetCounter:0000000000000036 .L0 
C:\Users\User\AppData\Local\Temp\ccKX4meU.s:179    .text.RTC_SetCounter:0000000000000036 .L0 
C:\Users\User\AppData\Local\Temp\ccKX4meU.s:180    .text.RTC_SetCounter:0000000000000036 .L0 
C:\Users\User\AppData\Local\Temp\ccKX4meU.s:187    .text.RTC_SetPrescaler:0000000000000000 RTC_SetPrescaler
C:\Users\User\AppData\Local\Temp\ccKX4meU.s:190    .text.RTC_SetPrescaler:0000000000000000 .L0 
C:\Users\User\AppData\Local\Temp\ccKX4meU.s:192    .text.RTC_SetPrescaler:0000000000000000 $x
C:\Users\User\AppData\Local\Temp\ccKX4meU.s:192    .text.RTC_SetPrescaler:0000000000000000 .L0 
C:\Users\User\AppData\Local\Temp\ccKX4meU.s:193    .text.RTC_SetPrescaler:0000000000000008 .L0 
C:\Users\User\AppData\Local\Temp\ccKX4meU.s:194    .text.RTC_SetPrescaler:0000000000000008 .L0 
C:\Users\User\AppData\Local\Temp\ccKX4meU.s:195    .text.RTC_SetPrescaler:0000000000000008 .L0 
C:\Users\User\AppData\Local\Temp\ccKX4meU.s:197    .text.RTC_SetPrescaler:0000000000000008 .L0 
C:\Users\User\AppData\Local\Temp\ccKX4meU.s:198    .text.RTC_SetPrescaler:0000000000000008 .L0 
C:\Users\User\AppData\Local\Temp\ccKX4meU.s:200    .text.RTC_SetPrescaler:000000000000000a .L0 
C:\Users\User\AppData\Local\Temp\ccKX4meU.s:203    .text.RTC_SetPrescaler:0000000000000012 .L0 
C:\Users\User\AppData\Local\Temp\ccKX4meU.s:204    .text.RTC_SetPrescaler:0000000000000012 .L0 
C:\Users\User\AppData\Local\Temp\ccKX4meU.s:206    .text.RTC_SetPrescaler:0000000000000016 .L0 
C:\Users\User\AppData\Local\Temp\ccKX4meU.s:208    .text.RTC_SetPrescaler:000000000000001a .L0 
C:\Users\User\AppData\Local\Temp\ccKX4meU.s:210    .text.RTC_SetPrescaler:000000000000001c .L0 
C:\Users\User\AppData\Local\Temp\ccKX4meU.s:212    .text.RTC_SetPrescaler:0000000000000020 .L0 
C:\Users\User\AppData\Local\Temp\ccKX4meU.s:213    .text.RTC_SetPrescaler:0000000000000020 .L0 
C:\Users\User\AppData\Local\Temp\ccKX4meU.s:217    .text.RTC_SetPrescaler:0000000000000028 .L0 
C:\Users\User\AppData\Local\Temp\ccKX4meU.s:220    .text.RTC_SetPrescaler:0000000000000030 .L0 
C:\Users\User\AppData\Local\Temp\ccKX4meU.s:221    .text.RTC_SetPrescaler:0000000000000038 .L0 
C:\Users\User\AppData\Local\Temp\ccKX4meU.s:222    .text.RTC_SetPrescaler:0000000000000038 .L0 
C:\Users\User\AppData\Local\Temp\ccKX4meU.s:223    .text.RTC_SetPrescaler:0000000000000038 .L0 
C:\Users\User\AppData\Local\Temp\ccKX4meU.s:224    .text.RTC_SetPrescaler:0000000000000038 .L0 
C:\Users\User\AppData\Local\Temp\ccKX4meU.s:231    .text.RTC_SetAlarm:0000000000000000 RTC_SetAlarm
C:\Users\User\AppData\Local\Temp\ccKX4meU.s:234    .text.RTC_SetAlarm:0000000000000000 .L0 
C:\Users\User\AppData\Local\Temp\ccKX4meU.s:236    .text.RTC_SetAlarm:0000000000000000 $x
C:\Users\User\AppData\Local\Temp\ccKX4meU.s:236    .text.RTC_SetAlarm:0000000000000000 .L0 
C:\Users\User\AppData\Local\Temp\ccKX4meU.s:237    .text.RTC_SetAlarm:0000000000000008 .L0 
C:\Users\User\AppData\Local\Temp\ccKX4meU.s:238    .text.RTC_SetAlarm:0000000000000008 .L0 
C:\Users\User\AppData\Local\Temp\ccKX4meU.s:239    .text.RTC_SetAlarm:0000000000000008 .L0 
C:\Users\User\AppData\Local\Temp\ccKX4meU.s:241    .text.RTC_SetAlarm:0000000000000008 .L0 
C:\Users\User\AppData\Local\Temp\ccKX4meU.s:242    .text.RTC_SetAlarm:0000000000000008 .L0 
C:\Users\User\AppData\Local\Temp\ccKX4meU.s:244    .text.RTC_SetAlarm:000000000000000a .L0 
C:\Users\User\AppData\Local\Temp\ccKX4meU.s:247    .text.RTC_SetAlarm:0000000000000012 .L0 
C:\Users\User\AppData\Local\Temp\ccKX4meU.s:248    .text.RTC_SetAlarm:0000000000000012 .L0 
C:\Users\User\AppData\Local\Temp\ccKX4meU.s:252    .text.RTC_SetAlarm:000000000000001e .L0 
C:\Users\User\AppData\Local\Temp\ccKX4meU.s:253    .text.RTC_SetAlarm:000000000000001e .L0 
C:\Users\User\AppData\Local\Temp\ccKX4meU.s:257    .text.RTC_SetAlarm:0000000000000026 .L0 
C:\Users\User\AppData\Local\Temp\ccKX4meU.s:260    .text.RTC_SetAlarm:000000000000002e .L0 
C:\Users\User\AppData\Local\Temp\ccKX4meU.s:261    .text.RTC_SetAlarm:0000000000000036 .L0 
C:\Users\User\AppData\Local\Temp\ccKX4meU.s:262    .text.RTC_SetAlarm:0000000000000036 .L0 
C:\Users\User\AppData\Local\Temp\ccKX4meU.s:263    .text.RTC_SetAlarm:0000000000000036 .L0 
C:\Users\User\AppData\Local\Temp\ccKX4meU.s:264    .text.RTC_SetAlarm:0000000000000036 .L0 
C:\Users\User\AppData\Local\Temp\ccKX4meU.s:271    .text.RTC_GetDivider:0000000000000000 RTC_GetDivider
C:\Users\User\AppData\Local\Temp\ccKX4meU.s:274    .text.RTC_GetDivider:0000000000000000 .L0 
C:\Users\User\AppData\Local\Temp\ccKX4meU.s:275    .text.RTC_GetDivider:0000000000000000 .L0 
C:\Users\User\AppData\Local\Temp\ccKX4meU.s:277    .text.RTC_GetDivider:0000000000000000 .L0 
C:\Users\User\AppData\Local\Temp\ccKX4meU.s:278    .text.RTC_GetDivider:0000000000000000 .L0 
C:\Users\User\AppData\Local\Temp\ccKX4meU.s:279    .text.RTC_GetDivider:0000000000000000 $x
C:\Users\User\AppData\Local\Temp\ccKX4meU.s:279    .text.RTC_GetDivider:0000000000000000 .L0 
C:\Users\User\AppData\Local\Temp\ccKX4meU.s:282    .text.RTC_GetDivider:0000000000000008 .L0 
C:\Users\User\AppData\Local\Temp\ccKX4meU.s:284    .text.RTC_GetDivider:000000000000000c .L0 
C:\Users\User\AppData\Local\Temp\ccKX4meU.s:286    .text.RTC_GetDivider:0000000000000010 .L0 
C:\Users\User\AppData\Local\Temp\ccKX4meU.s:288    .text.RTC_GetDivider:0000000000000012 .L0 
C:\Users\User\AppData\Local\Temp\ccKX4meU.s:291    .text.RTC_GetDivider:0000000000000014 .L0 
C:\Users\User\AppData\Local\Temp\ccKX4meU.s:292    .text.RTC_GetDivider:0000000000000014 .L0 
C:\Users\User\AppData\Local\Temp\ccKX4meU.s:293    .text.RTC_GetDivider:0000000000000014 .L0 
C:\Users\User\AppData\Local\Temp\ccKX4meU.s:296    .text.RTC_GetDivider:0000000000000018 .L0 
C:\Users\User\AppData\Local\Temp\ccKX4meU.s:303    .text.RTC_WaitForLastTask:0000000000000000 RTC_WaitForLastTask
C:\Users\User\AppData\Local\Temp\ccKX4meU.s:306    .text.RTC_WaitForLastTask:0000000000000000 .L0 
C:\Users\User\AppData\Local\Temp\ccKX4meU.s:307    .text.RTC_WaitForLastTask:0000000000000000 .L0 
C:\Users\User\AppData\Local\Temp\ccKX4meU.s:308    .text.RTC_WaitForLastTask:0000000000000000 .L0 
C:\Users\User\AppData\Local\Temp\ccKX4meU.s:309    .text.RTC_WaitForLastTask:0000000000000000 $x
C:\Users\User\AppData\Local\Temp\ccKX4meU.s:309    .text.RTC_WaitForLastTask:0000000000000000 .L0 
C:\Users\User\AppData\Local\Temp\ccKX4meU.s:313    .text.RTC_WaitForLastTask:0000000000000008 .L0 
C:\Users\User\AppData\Local\Temp\ccKX4meU.s:314    .text.RTC_WaitForLastTask:0000000000000008 .L0 
C:\Users\User\AppData\Local\Temp\ccKX4meU.s:315    .text.RTC_WaitForLastTask:0000000000000008 .L0 
C:\Users\User\AppData\Local\Temp\ccKX4meU.s:317    .text.RTC_WaitForLastTask:000000000000000a .L0 
C:\Users\User\AppData\Local\Temp\ccKX4meU.s:320    .text.RTC_WaitForLastTask:0000000000000010 .L0 
C:\Users\User\AppData\Local\Temp\ccKX4meU.s:321    .text.RTC_WaitForLastTask:0000000000000012 .L0 
C:\Users\User\AppData\Local\Temp\ccKX4meU.s:328    .text.RTC_WaitForSynchro:0000000000000000 RTC_WaitForSynchro
C:\Users\User\AppData\Local\Temp\ccKX4meU.s:331    .text.RTC_WaitForSynchro:0000000000000000 .L0 
C:\Users\User\AppData\Local\Temp\ccKX4meU.s:332    .text.RTC_WaitForSynchro:0000000000000000 .L0 
C:\Users\User\AppData\Local\Temp\ccKX4meU.s:333    .text.RTC_WaitForSynchro:0000000000000000 .L0 
C:\Users\User\AppData\Local\Temp\ccKX4meU.s:334    .text.RTC_WaitForSynchro:0000000000000000 $x
C:\Users\User\AppData\Local\Temp\ccKX4meU.s:334    .text.RTC_WaitForSynchro:0000000000000000 .L0 
C:\Users\User\AppData\Local\Temp\ccKX4meU.s:339    .text.RTC_WaitForSynchro:0000000000000010 .L0 
C:\Users\User\AppData\Local\Temp\ccKX4meU.s:344    .text.RTC_WaitForSynchro:0000000000000018 .L0 
C:\Users\User\AppData\Local\Temp\ccKX4meU.s:345    .text.RTC_WaitForSynchro:0000000000000018 .L0 
C:\Users\User\AppData\Local\Temp\ccKX4meU.s:346    .text.RTC_WaitForSynchro:0000000000000018 .L0 
C:\Users\User\AppData\Local\Temp\ccKX4meU.s:347    .text.RTC_WaitForSynchro:0000000000000018 .L0 
C:\Users\User\AppData\Local\Temp\ccKX4meU.s:349    .text.RTC_WaitForSynchro:000000000000001a .L0 
C:\Users\User\AppData\Local\Temp\ccKX4meU.s:352    .text.RTC_WaitForSynchro:000000000000001e .L0 
C:\Users\User\AppData\Local\Temp\ccKX4meU.s:353    .text.RTC_WaitForSynchro:0000000000000020 .L0 
C:\Users\User\AppData\Local\Temp\ccKX4meU.s:360    .text.RTC_GetFlagStatus:0000000000000000 RTC_GetFlagStatus
C:\Users\User\AppData\Local\Temp\ccKX4meU.s:363    .text.RTC_GetFlagStatus:0000000000000000 .L0 
C:\Users\User\AppData\Local\Temp\ccKX4meU.s:365    .text.RTC_GetFlagStatus:0000000000000000 .L0 
C:\Users\User\AppData\Local\Temp\ccKX4meU.s:366    .text.RTC_GetFlagStatus:0000000000000000 .L0 
C:\Users\User\AppData\Local\Temp\ccKX4meU.s:367    .text.RTC_GetFlagStatus:0000000000000000 .L0 
C:\Users\User\AppData\Local\Temp\ccKX4meU.s:368    .text.RTC_GetFlagStatus:0000000000000000 $x
C:\Users\User\AppData\Local\Temp\ccKX4meU.s:368    .text.RTC_GetFlagStatus:0000000000000000 .L0 
C:\Users\User\AppData\Local\Temp\ccKX4meU.s:373    .text.RTC_GetFlagStatus:000000000000000a .L0 
C:\Users\User\AppData\Local\Temp\ccKX4meU.s:374    .text.RTC_GetFlagStatus:000000000000000a .L0 
C:\Users\User\AppData\Local\Temp\ccKX4meU.s:377    .text.RTC_GetFlagStatus:000000000000000c .L0 
C:\Users\User\AppData\Local\Temp\ccKX4meU.s:379    .text.RTC_GetFlagStatus:0000000000000012 .L0 
C:\Users\User\AppData\Local\Temp\ccKX4meU.s:386    .text.RTC_ClearFlag:0000000000000000 RTC_ClearFlag
C:\Users\User\AppData\Local\Temp\ccKX4meU.s:389    .text.RTC_ClearFlag:0000000000000000 .L0 
C:\Users\User\AppData\Local\Temp\ccKX4meU.s:391    .text.RTC_ClearFlag:0000000000000000 .L0 
C:\Users\User\AppData\Local\Temp\ccKX4meU.s:392    .text.RTC_ClearFlag:0000000000000000 .L0 
C:\Users\User\AppData\Local\Temp\ccKX4meU.s:393    .text.RTC_ClearFlag:0000000000000000 $x
C:\Users\User\AppData\Local\Temp\ccKX4meU.s:393    .text.RTC_ClearFlag:0000000000000000 .L0 
C:\Users\User\AppData\Local\Temp\ccKX4meU.s:396    .text.RTC_ClearFlag:0000000000000008 .L0 
C:\Users\User\AppData\Local\Temp\ccKX4meU.s:400    .text.RTC_ClearFlag:0000000000000010 .L0 
C:\Users\User\AppData\Local\Temp\ccKX4meU.s:401    .text.RTC_ClearFlag:0000000000000012 .L0 
C:\Users\User\AppData\Local\Temp\ccKX4meU.s:408    .text.RTC_GetITStatus:0000000000000000 RTC_GetITStatus
C:\Users\User\AppData\Local\Temp\ccKX4meU.s:411    .text.RTC_GetITStatus:0000000000000000 .L0 
C:\Users\User\AppData\Local\Temp\ccKX4meU.s:413    .text.RTC_GetITStatus:0000000000000000 .L0 
C:\Users\User\AppData\Local\Temp\ccKX4meU.s:414    .text.RTC_GetITStatus:0000000000000000 .L0 
C:\Users\User\AppData\Local\Temp\ccKX4meU.s:415    .text.RTC_GetITStatus:0000000000000000 .L0 
C:\Users\User\AppData\Local\Temp\ccKX4meU.s:416    .text.RTC_GetITStatus:0000000000000000 $x
C:\Users\User\AppData\Local\Temp\ccKX4meU.s:416    .text.RTC_GetITStatus:0000000000000000 .L0 
C:\Users\User\AppData\Local\Temp\ccKX4meU.s:419    .text.RTC_GetITStatus:0000000000000008 .L0 
C:\Users\User\AppData\Local\Temp\ccKX4meU.s:421    .text.RTC_GetITStatus:000000000000000c .L0 
C:\Users\User\AppData\Local\Temp\ccKX4meU.s:424    .text.RTC_GetITStatus:0000000000000010 .L0 
C:\Users\User\AppData\Local\Temp\ccKX4meU.s:425    .text.RTC_GetITStatus:0000000000000010 .L0 
C:\Users\User\AppData\Local\Temp\ccKX4meU.s:428    .text.RTC_GetITStatus:0000000000000014 .L0 
C:\Users\User\AppData\Local\Temp\ccKX4meU.s:435    .text.RTC_GetITStatus:000000000000001c .L0 
C:\Users\User\AppData\Local\Temp\ccKX4meU.s:438    .text.RTC_GetITStatus:000000000000001e .L0 
C:\Users\User\AppData\Local\Temp\ccKX4meU.s:439    .text.RTC_GetITStatus:000000000000001e .L0 
C:\Users\User\AppData\Local\Temp\ccKX4meU.s:440    .text.RTC_GetITStatus:0000000000000020 .L0 
C:\Users\User\AppData\Local\Temp\ccKX4meU.s:447    .text.RTC_ClearITPendingBit:0000000000000000 RTC_ClearITPendingBit
C:\Users\User\AppData\Local\Temp\ccKX4meU.s:449    .text.RTC_ClearITPendingBit:0000000000000000 .L0 
C:\Users\User\AppData\Local\Temp\ccKX4meU.s:451    .text.RTC_ClearITPendingBit:0000000000000000 $x
C:\Users\User\AppData\Local\Temp\ccKX4meU.s:451    .text.RTC_ClearITPendingBit:0000000000000000 .L0 
C:\Users\User\AppData\Local\Temp\ccKX4meU.s:452    .text.RTC_ClearITPendingBit:0000000000000008 .L0 
C:\Users\User\AppData\Local\Temp\ccKX4meU.s:1896   .debug_line_str:00000000000000a5 .L0 
C:\Users\User\AppData\Local\Temp\ccKX4meU.s:1896   .debug_line_str:00000000000000f7 .L0 
C:\Users\User\AppData\Local\Temp\ccKX4meU.s:1896   .debug_line_str:000000000000013b .L0 
C:\Users\User\AppData\Local\Temp\ccKX4meU.s:1896   .debug_line_str:00000000000001c5 .L0 
C:\Users\User\AppData\Local\Temp\ccKX4meU.s:1896   .debug_line_str:000000000000024b .L0 
C:\Users\User\AppData\Local\Temp\ccKX4meU.s:1896   .debug_line_str:0000000000000285 .L0 
C:\Users\User\AppData\Local\Temp\ccKX4meU.s:1896   .debug_line_str:00000000000002c9 .L0 
C:\Users\User\AppData\Local\Temp\ccKX4meU.s:1896   .debug_line_str:00000000000002d8 .L0 
C:\Users\User\AppData\Local\Temp\ccKX4meU.s:1896   .debug_line_str:00000000000002e7 .L0 
C:\Users\User\AppData\Local\Temp\ccKX4meU.s:1896   .debug_line_str:00000000000002f8 .L0 
C:\Users\User\AppData\Local\Temp\ccKX4meU.s:1896   .debug_line_str:0000000000000302 .L0 
C:\Users\User\AppData\Local\Temp\ccKX4meU.s:1896   .debug_line_str:000000000000030f .L0 
C:\Users\User\AppData\Local\Temp\ccKX4meU.s:45     .text.RTC_ITConfig:0000000000000024 .L0 
C:\Users\User\AppData\Local\Temp\ccKX4meU.s:65     .text.RTC_EnterConfigMode:0000000000000012 .L0 
C:\Users\User\AppData\Local\Temp\ccKX4meU.s:87     .text.RTC_ExitConfigMode:0000000000000018 .L0 
C:\Users\User\AppData\Local\Temp\ccKX4meU.s:143    .text.RTC_GetCounter:0000000000000034 .L0 
C:\Users\User\AppData\Local\Temp\ccKX4meU.s:183    .text.RTC_SetCounter:0000000000000036 .L0 
C:\Users\User\AppData\Local\Temp\ccKX4meU.s:227    .text.RTC_SetPrescaler:0000000000000038 .L0 
C:\Users\User\AppData\Local\Temp\ccKX4meU.s:267    .text.RTC_SetAlarm:0000000000000036 .L0 
C:\Users\User\AppData\Local\Temp\ccKX4meU.s:299    .text.RTC_GetDivider:0000000000000018 .L0 
C:\Users\User\AppData\Local\Temp\ccKX4meU.s:324    .text.RTC_WaitForLastTask:0000000000000012 .L0 
C:\Users\User\AppData\Local\Temp\ccKX4meU.s:356    .text.RTC_WaitForSynchro:0000000000000020 .L0 
C:\Users\User\AppData\Local\Temp\ccKX4meU.s:382    .text.RTC_GetFlagStatus:0000000000000012 .L0 
C:\Users\User\AppData\Local\Temp\ccKX4meU.s:404    .text.RTC_ClearFlag:0000000000000012 .L0 
C:\Users\User\AppData\Local\Temp\ccKX4meU.s:443    .text.RTC_GetITStatus:0000000000000020 .L0 
C:\Users\User\AppData\Local\Temp\ccKX4meU.s:455    .text.RTC_ClearITPendingBit:0000000000000008 .L0 
                     .debug_frame:0000000000000000 .L0 
C:\Users\User\AppData\Local\Temp\ccKX4meU.s:31     .text.RTC_ITConfig:0000000000000012 .L2
C:\Users\User\AppData\Local\Temp\ccKX4meU.s:131    .text.RTC_GetCounter:000000000000002e .L7
C:\Users\User\AppData\Local\Temp\ccKX4meU.s:311    .text.RTC_WaitForLastTask:0000000000000008 .L17
C:\Users\User\AppData\Local\Temp\ccKX4meU.s:343    .text.RTC_WaitForSynchro:0000000000000018 .L21
C:\Users\User\AppData\Local\Temp\ccKX4meU.s:433    .text.RTC_GetITStatus:000000000000001c .L28
C:\Users\User\AppData\Local\Temp\ccKX4meU.s:968    .debug_abbrev:0000000000000000 .Ldebug_abbrev0
C:\Users\User\AppData\Local\Temp\ccKX4meU.s:1817   .debug_str:000000000000015b .LASF66
C:\Users\User\AppData\Local\Temp\ccKX4meU.s:1894   .debug_line_str:0000000000000052 .LASF0
C:\Users\User\AppData\Local\Temp\ccKX4meU.s:1892   .debug_line_str:0000000000000000 .LASF1
C:\Users\User\AppData\Local\Temp\ccKX4meU.s:1709   .debug_rnglists:000000000000000c .LLRL13
C:\Users\User\AppData\Local\Temp\ccKX4meU.s:1755   .debug_line:0000000000000000 .Ldebug_line0
C:\Users\User\AppData\Local\Temp\ccKX4meU.s:1831   .debug_str:0000000000000299 .LASF2
C:\Users\User\AppData\Local\Temp\ccKX4meU.s:1801   .debug_str:00000000000000ef .LASF3
C:\Users\User\AppData\Local\Temp\ccKX4meU.s:1813   .debug_str:000000000000013d .LASF6
C:\Users\User\AppData\Local\Temp\ccKX4meU.s:1823   .debug_str:000000000000025c .LASF4
C:\Users\User\AppData\Local\Temp\ccKX4meU.s:1781   .debug_str:0000000000000084 .LASF5
C:\Users\User\AppData\Local\Temp\ccKX4meU.s:1779   .debug_str:0000000000000079 .LASF7
C:\Users\User\AppData\Local\Temp\ccKX4meU.s:1835   .debug_str:00000000000002b1 .LASF8
C:\Users\User\AppData\Local\Temp\ccKX4meU.s:1811   .debug_str:0000000000000134 .LASF9
C:\Users\User\AppData\Local\Temp\ccKX4meU.s:1775   .debug_str:0000000000000060 .LASF10
C:\Users\User\AppData\Local\Temp\ccKX4meU.s:1863   .debug_str:0000000000000339 .LASF11
C:\Users\User\AppData\Local\Temp\ccKX4meU.s:1807   .debug_str:000000000000011d .LASF12
C:\Users\User\AppData\Local\Temp\ccKX4meU.s:1827   .debug_str:0000000000000279 .LASF13
C:\Users\User\AppData\Local\Temp\ccKX4meU.s:1785   .debug_str:0000000000000098 .LASF14
C:\Users\User\AppData\Local\Temp\ccKX4meU.s:1839   .debug_str:00000000000002c9 .LASF15
C:\Users\User\AppData\Local\Temp\ccKX4meU.s:1829   .debug_str:0000000000000290 .LASF16
C:\Users\User\AppData\Local\Temp\ccKX4meU.s:1797   .debug_str:00000000000000d1 .LASF17
C:\Users\User\AppData\Local\Temp\ccKX4meU.s:1889   .debug_str:00000000000003c4 .LASF18
C:\Users\User\AppData\Local\Temp\ccKX4meU.s:1871   .debug_str:0000000000000364 .LASF19
C:\Users\User\AppData\Local\Temp\ccKX4meU.s:1875   .debug_str:0000000000000388 .LASF20
C:\Users\User\AppData\Local\Temp\ccKX4meU.s:1887   .debug_str:00000000000003b9 .LASF21
C:\Users\User\AppData\Local\Temp\ccKX4meU.s:1809   .debug_str:000000000000012b .LASF22
C:\Users\User\AppData\Local\Temp\ccKX4meU.s:1843   .debug_str:00000000000002e5 .LASF23
C:\Users\User\AppData\Local\Temp\ccKX4meU.s:1851   .debug_str:0000000000000302 .LASF24
C:\Users\User\AppData\Local\Temp\ccKX4meU.s:1845   .debug_str:00000000000002eb .LASF25
C:\Users\User\AppData\Local\Temp\ccKX4meU.s:1783   .debug_str:000000000000008e .LASF26
C:\Users\User\AppData\Local\Temp\ccKX4meU.s:1759   .debug_str:0000000000000011 .LASF27
C:\Users\User\AppData\Local\Temp\ccKX4meU.s:1855   .debug_str:0000000000000311 .LASF28
C:\Users\User\AppData\Local\Temp\ccKX4meU.s:1761   .debug_str:0000000000000017 .LASF29
C:\Users\User\AppData\Local\Temp\ccKX4meU.s:1857   .debug_str:000000000000031b .LASF30
C:\Users\User\AppData\Local\Temp\ccKX4meU.s:1765   .debug_str:000000000000002a .LASF31
C:\Users\User\AppData\Local\Temp\ccKX4meU.s:1859   .debug_str:0000000000000325 .LASF32
C:\Users\User\AppData\Local\Temp\ccKX4meU.s:1767   .debug_str:000000000000002f .LASF33
C:\Users\User\AppData\Local\Temp\ccKX4meU.s:1861   .debug_str:000000000000032f .LASF34
C:\Users\User\AppData\Local\Temp\ccKX4meU.s:1849   .debug_str:00000000000002fd .LASF35
C:\Users\User\AppData\Local\Temp\ccKX4meU.s:1787   .debug_str:00000000000000a0 .LASF36
C:\Users\User\AppData\Local\Temp\ccKX4meU.s:1853   .debug_str:000000000000030c .LASF37
C:\Users\User\AppData\Local\Temp\ccKX4meU.s:1789   .debug_str:00000000000000aa .LASF38
C:\Users\User\AppData\Local\Temp\ccKX4meU.s:1881   .debug_str:00000000000003a6 .LASF39
C:\Users\User\AppData\Local\Temp\ccKX4meU.s:1793   .debug_str:00000000000000bd .LASF40
C:\Users\User\AppData\Local\Temp\ccKX4meU.s:1883   .debug_str:00000000000003ac .LASF41
C:\Users\User\AppData\Local\Temp\ccKX4meU.s:1795   .debug_str:00000000000000c7 .LASF42
C:\Users\User\AppData\Local\Temp\ccKX4meU.s:1847   .debug_str:00000000000002f1 .LASF43
C:\Users\User\AppData\Local\Temp\ccKX4meU.s:1837   .debug_str:00000000000002c4 .LASF44
C:\Users\User\AppData\Local\Temp\ccKX4meU.s:1799   .debug_str:00000000000000d9 .LASF67
C:\Users\User\AppData\Local\Temp\ccKX4meU.s:1885   .debug_str:00000000000003b2 .LASF45
C:\Users\User\AppData\Local\Temp\ccKX4meU.s:1771   .debug_str:0000000000000041 .LASF47
C:\Users\User\AppData\Local\Temp\ccKX4meU.s:409    .text.RTC_GetITStatus:0000000000000000 .LFB52
C:\Users\User\AppData\Local\Temp\ccKX4meU.s:441    .text.RTC_GetITStatus:0000000000000020 .LFE52
C:\Users\User\AppData\Local\Temp\ccKX4meU.s:1355   .debug_loclists:000000000000000c .LLST11
C:\Users\User\AppData\Local\Temp\ccKX4meU.s:1819   .debug_str:0000000000000240 .LASF49
C:\Users\User\AppData\Local\Temp\ccKX4meU.s:1383   .debug_loclists:000000000000003f .LLST12
C:\Users\User\AppData\Local\Temp\ccKX4meU.s:1777   .debug_str:000000000000006b .LASF53
C:\Users\User\AppData\Local\Temp\ccKX4meU.s:387    .text.RTC_ClearFlag:0000000000000000 .LFB51
C:\Users\User\AppData\Local\Temp\ccKX4meU.s:402    .text.RTC_ClearFlag:0000000000000012 .LFE51
C:\Users\User\AppData\Local\Temp\ccKX4meU.s:1879   .debug_str:000000000000039d .LASF46
C:\Users\User\AppData\Local\Temp\ccKX4meU.s:1437   .debug_loclists:0000000000000095 .LLST10
C:\Users\User\AppData\Local\Temp\ccKX4meU.s:1821   .debug_str:000000000000024a .LASF48
C:\Users\User\AppData\Local\Temp\ccKX4meU.s:361    .text.RTC_GetFlagStatus:0000000000000000 .LFB50
C:\Users\User\AppData\Local\Temp\ccKX4meU.s:380    .text.RTC_GetFlagStatus:0000000000000012 .LFE50
C:\Users\User\AppData\Local\Temp\ccKX4meU.s:1452   .debug_loclists:00000000000000af .LLST8
C:\Users\User\AppData\Local\Temp\ccKX4meU.s:1467   .debug_loclists:00000000000000c9 .LLST9
C:\Users\User\AppData\Local\Temp\ccKX4meU.s:1803   .debug_str:00000000000000fb .LASF50
C:\Users\User\AppData\Local\Temp\ccKX4meU.s:329    .text.RTC_WaitForSynchro:0000000000000000 .LFB49
C:\Users\User\AppData\Local\Temp\ccKX4meU.s:354    .text.RTC_WaitForSynchro:0000000000000020 .LFE49
C:\Users\User\AppData\Local\Temp\ccKX4meU.s:1815   .debug_str:0000000000000147 .LASF51
C:\Users\User\AppData\Local\Temp\ccKX4meU.s:304    .text.RTC_WaitForLastTask:0000000000000000 .LFB48
C:\Users\User\AppData\Local\Temp\ccKX4meU.s:322    .text.RTC_WaitForLastTask:0000000000000012 .LFE48
C:\Users\User\AppData\Local\Temp\ccKX4meU.s:1805   .debug_str:000000000000010e .LASF52
C:\Users\User\AppData\Local\Temp\ccKX4meU.s:272    .text.RTC_GetDivider:0000000000000000 .LFB47
C:\Users\User\AppData\Local\Temp\ccKX4meU.s:297    .text.RTC_GetDivider:0000000000000018 .LFE47
C:\Users\User\AppData\Local\Temp\ccKX4meU.s:1510   .debug_loclists:0000000000000105 .LLST7
C:\Users\User\AppData\Local\Temp\ccKX4meU.s:1865   .debug_str:000000000000034b .LASF54
C:\Users\User\AppData\Local\Temp\ccKX4meU.s:232    .text.RTC_SetAlarm:0000000000000000 .LFB46
C:\Users\User\AppData\Local\Temp\ccKX4meU.s:265    .text.RTC_SetAlarm:0000000000000036 .LFE46
C:\Users\User\AppData\Local\Temp\ccKX4meU.s:1833   .debug_str:00000000000002a6 .LASF55
C:\Users\User\AppData\Local\Temp\ccKX4meU.s:1533   .debug_loclists:000000000000012d .LLST6
C:\Users\User\AppData\Local\Temp\ccKX4meU.s:245    .text.RTC_SetAlarm:0000000000000012 .LVL18
C:\Users\User\AppData\Local\Temp\ccKX4meU.s:258    .text.RTC_SetAlarm:000000000000002e .LVL20
C:\Users\User\AppData\Local\Temp\ccKX4meU.s:1757   .debug_str:0000000000000000 .LASF56
C:\Users\User\AppData\Local\Temp\ccKX4meU.s:188    .text.RTC_SetPrescaler:0000000000000000 .LFB45
C:\Users\User\AppData\Local\Temp\ccKX4meU.s:225    .text.RTC_SetPrescaler:0000000000000038 .LFE45
C:\Users\User\AppData\Local\Temp\ccKX4meU.s:1825   .debug_str:000000000000026a .LASF57
C:\Users\User\AppData\Local\Temp\ccKX4meU.s:1553   .debug_loclists:0000000000000152 .LLST5
C:\Users\User\AppData\Local\Temp\ccKX4meU.s:201    .text.RTC_SetPrescaler:0000000000000012 .LVL14
C:\Users\User\AppData\Local\Temp\ccKX4meU.s:218    .text.RTC_SetPrescaler:0000000000000030 .LVL16
C:\Users\User\AppData\Local\Temp\ccKX4meU.s:1773   .debug_str:0000000000000051 .LASF58
C:\Users\User\AppData\Local\Temp\ccKX4meU.s:148    .text.RTC_SetCounter:0000000000000000 .LFB44
C:\Users\User\AppData\Local\Temp\ccKX4meU.s:181    .text.RTC_SetCounter:0000000000000036 .LFE44
C:\Users\User\AppData\Local\Temp\ccKX4meU.s:1769   .debug_str:0000000000000034 .LASF59
C:\Users\User\AppData\Local\Temp\ccKX4meU.s:1573   .debug_loclists:0000000000000177 .LLST4
C:\Users\User\AppData\Local\Temp\ccKX4meU.s:161    .text.RTC_SetCounter:0000000000000012 .LVL10
C:\Users\User\AppData\Local\Temp\ccKX4meU.s:174    .text.RTC_SetCounter:000000000000002e .LVL12
C:\Users\User\AppData\Local\Temp\ccKX4meU.s:1877   .debug_str:000000000000038e .LASF60
C:\Users\User\AppData\Local\Temp\ccKX4meU.s:92     .text.RTC_GetCounter:0000000000000000 .LFB43
C:\Users\User\AppData\Local\Temp\ccKX4meU.s:141    .text.RTC_GetCounter:0000000000000034 .LFE43
C:\Users\User\AppData\Local\Temp\ccKX4meU.s:1867   .debug_str:0000000000000358 .LASF61
C:\Users\User\AppData\Local\Temp\ccKX4meU.s:1593   .debug_loclists:000000000000019c .LLST1
C:\Users\User\AppData\Local\Temp\ccKX4meU.s:1869   .debug_str:000000000000035e .LASF62
C:\Users\User\AppData\Local\Temp\ccKX4meU.s:1621   .debug_loclists:00000000000001d5 .LLST2
C:\Users\User\AppData\Local\Temp\ccKX4meU.s:1634   .debug_loclists:00000000000001ed .LLST3
C:\Users\User\AppData\Local\Temp\ccKX4meU.s:1841   .debug_str:00000000000002d2 .LASF63
C:\Users\User\AppData\Local\Temp\ccKX4meU.s:70     .text.RTC_ExitConfigMode:0000000000000000 .LFB42
C:\Users\User\AppData\Local\Temp\ccKX4meU.s:85     .text.RTC_ExitConfigMode:0000000000000018 .LFE42
C:\Users\User\AppData\Local\Temp\ccKX4meU.s:1873   .debug_str:0000000000000374 .LASF64
C:\Users\User\AppData\Local\Temp\ccKX4meU.s:50     .text.RTC_EnterConfigMode:0000000000000000 .LFB41
C:\Users\User\AppData\Local\Temp\ccKX4meU.s:63     .text.RTC_EnterConfigMode:0000000000000012 .LFE41
C:\Users\User\AppData\Local\Temp\ccKX4meU.s:1763   .debug_str:000000000000001d .LASF68
C:\Users\User\AppData\Local\Temp\ccKX4meU.s:15     .text.RTC_ITConfig:0000000000000000 .LFB40
C:\Users\User\AppData\Local\Temp\ccKX4meU.s:43     .text.RTC_ITConfig:0000000000000024 .LFE40
C:\Users\User\AppData\Local\Temp\ccKX4meU.s:1647   .debug_loclists:0000000000000205 .LLST0
C:\Users\User\AppData\Local\Temp\ccKX4meU.s:1791   .debug_str:00000000000000b4 .LASF65
C:\Users\User\AppData\Local\Temp\ccKX4meU.s:412    .text.RTC_GetITStatus:0000000000000000 .LVL29
C:\Users\User\AppData\Local\Temp\ccKX4meU.s:429    .text.RTC_GetITStatus:0000000000000016 .LVL31
C:\Users\User\AppData\Local\Temp\ccKX4meU.s:432    .text.RTC_GetITStatus:000000000000001c .LVL32
C:\Users\User\AppData\Local\Temp\ccKX4meU.s:436    .text.RTC_GetITStatus:000000000000001e .LVL33
C:\Users\User\AppData\Local\Temp\ccKX4meU.s:422    .text.RTC_GetITStatus:0000000000000010 .LVL30
C:\Users\User\AppData\Local\Temp\ccKX4meU.s:390    .text.RTC_ClearFlag:0000000000000000 .LVL27
C:\Users\User\AppData\Local\Temp\ccKX4meU.s:397    .text.RTC_ClearFlag:000000000000000c .LVL28
C:\Users\User\AppData\Local\Temp\ccKX4meU.s:364    .text.RTC_GetFlagStatus:0000000000000000 .LVL24
C:\Users\User\AppData\Local\Temp\ccKX4meU.s:375    .text.RTC_GetFlagStatus:000000000000000c .LVL26
C:\Users\User\AppData\Local\Temp\ccKX4meU.s:371    .text.RTC_GetFlagStatus:000000000000000a .LVL25
C:\Users\User\AppData\Local\Temp\ccKX4meU.s:276    .text.RTC_GetDivider:0000000000000000 .LVL21
C:\Users\User\AppData\Local\Temp\ccKX4meU.s:289    .text.RTC_GetDivider:0000000000000014 .LVL22
C:\Users\User\AppData\Local\Temp\ccKX4meU.s:294    .text.RTC_GetDivider:0000000000000016 .LVL23
C:\Users\User\AppData\Local\Temp\ccKX4meU.s:235    .text.RTC_SetAlarm:0000000000000000 .LVL17
C:\Users\User\AppData\Local\Temp\ccKX4meU.s:254    .text.RTC_SetAlarm:0000000000000022 .LVL19
C:\Users\User\AppData\Local\Temp\ccKX4meU.s:191    .text.RTC_SetPrescaler:0000000000000000 .LVL13
C:\Users\User\AppData\Local\Temp\ccKX4meU.s:214    .text.RTC_SetPrescaler:0000000000000024 .LVL15
C:\Users\User\AppData\Local\Temp\ccKX4meU.s:151    .text.RTC_SetCounter:0000000000000000 .LVL9
C:\Users\User\AppData\Local\Temp\ccKX4meU.s:170    .text.RTC_SetCounter:0000000000000022 .LVL11
C:\Users\User\AppData\Local\Temp\ccKX4meU.s:96     .text.RTC_GetCounter:0000000000000000 .LVL2
C:\Users\User\AppData\Local\Temp\ccKX4meU.s:107    .text.RTC_GetCounter:0000000000000014 .LVL3
C:\Users\User\AppData\Local\Temp\ccKX4meU.s:124    .text.RTC_GetCounter:0000000000000026 .LVL6
C:\Users\User\AppData\Local\Temp\ccKX4meU.s:130    .text.RTC_GetCounter:000000000000002e .LVL7
C:\Users\User\AppData\Local\Temp\ccKX4meU.s:135    .text.RTC_GetCounter:0000000000000030 .LVL8
C:\Users\User\AppData\Local\Temp\ccKX4meU.s:117    .text.RTC_GetCounter:0000000000000020 .LVL5
C:\Users\User\AppData\Local\Temp\ccKX4meU.s:113    .text.RTC_GetCounter:000000000000001c .LVL4
C:\Users\User\AppData\Local\Temp\ccKX4meU.s:19     .text.RTC_ITConfig:0000000000000000 .LVL0
C:\Users\User\AppData\Local\Temp\ccKX4meU.s:38     .text.RTC_ITConfig:000000000000001e .LVL1
C:\Users\User\AppData\Local\Temp\ccKX4meU.s:462    .debug_info:0000000000000000 .Ldebug_info0
C:\Users\User\AppData\Local\Temp\ccKX4meU.s:448    .text.RTC_ClearITPendingBit:0000000000000000 .LFB55
C:\Users\User\AppData\Local\Temp\ccKX4meU.s:453    .text.RTC_ClearITPendingBit:0000000000000008 .LFE55

UNDEFINED SYMBOLS
__riscv_save_1
__riscv_restore_1
