   1              		.file	"ch32h417_exti.c"
   2              		.option nopic
   3              		.attribute arch, "rv32i2p0_m2p0_a2p0_c2p0_zba1p0_zbb1p0_zbc1p0_zbs1p0_xw"
   4              		.attribute unaligned_access, 0
   5              		.attribute stack_align, 16
   6              		.text
   7              	.Ltext0:
   8              		.cfi_sections	.debug_frame
   9              		.file 0 "c:\\Users\\User\\Documents\\GitHub\\ch32h417\\EVT\\EXAM\\USBFS\\DEVICE\\SimulateCDC\\V3F\
  10              		.section	.text.EXTI_DeInit,"ax",@progbits
  11              		.align	1
  12              		.globl	EXTI_DeInit
  14              	EXTI_DeInit:
  15              	.LFB40:
  16              		.file 1 "c:/Users/User/Documents/GitHub/ch32h417/EVT/EXAM/SRC/Peripheral/src/ch32h417_exti.c"
   1:c:/Users/User/Documents/GitHub/ch32h417/EVT/EXAM/SRC/Peripheral/src\ch32h417_exti.c **** /********************************** (C) COPYRIGHT  *******************************
   2:c:/Users/User/Documents/GitHub/ch32h417/EVT/EXAM/SRC/Peripheral/src\ch32h417_exti.c **** * File Name          : ch32h417_exti.c
   3:c:/Users/User/Documents/GitHub/ch32h417/EVT/EXAM/SRC/Peripheral/src\ch32h417_exti.c **** * Author             : WCH
   4:c:/Users/User/Documents/GitHub/ch32h417/EVT/EXAM/SRC/Peripheral/src\ch32h417_exti.c **** * Version            : V1.0.0
   5:c:/Users/User/Documents/GitHub/ch32h417/EVT/EXAM/SRC/Peripheral/src\ch32h417_exti.c **** * Date               : 2025/03/01
   6:c:/Users/User/Documents/GitHub/ch32h417/EVT/EXAM/SRC/Peripheral/src\ch32h417_exti.c **** * Description        : This file provides all the EXTI firmware functions.
   7:c:/Users/User/Documents/GitHub/ch32h417/EVT/EXAM/SRC/Peripheral/src\ch32h417_exti.c **** *********************************************************************************
   8:c:/Users/User/Documents/GitHub/ch32h417/EVT/EXAM/SRC/Peripheral/src\ch32h417_exti.c **** * Copyright (c) 2025 Nanjing Qinheng Microelectronics Co., Ltd.
   9:c:/Users/User/Documents/GitHub/ch32h417/EVT/EXAM/SRC/Peripheral/src\ch32h417_exti.c **** * Attention: This software (modified or not) and binary are used for 
  10:c:/Users/User/Documents/GitHub/ch32h417/EVT/EXAM/SRC/Peripheral/src\ch32h417_exti.c **** * microcontroller manufactured by Nanjing Qinheng Microelectronics.
  11:c:/Users/User/Documents/GitHub/ch32h417/EVT/EXAM/SRC/Peripheral/src\ch32h417_exti.c **** *******************************************************************************/
  12:c:/Users/User/Documents/GitHub/ch32h417/EVT/EXAM/SRC/Peripheral/src\ch32h417_exti.c **** #include "ch32h417_exti.h"
  13:c:/Users/User/Documents/GitHub/ch32h417/EVT/EXAM/SRC/Peripheral/src\ch32h417_exti.c **** 
  14:c:/Users/User/Documents/GitHub/ch32h417/EVT/EXAM/SRC/Peripheral/src\ch32h417_exti.c **** /* No interrupt selected */
  15:c:/Users/User/Documents/GitHub/ch32h417/EVT/EXAM/SRC/Peripheral/src\ch32h417_exti.c **** #define EXTI_LINENONE    ((uint32_t)0x00000)
  16:c:/Users/User/Documents/GitHub/ch32h417/EVT/EXAM/SRC/Peripheral/src\ch32h417_exti.c **** volatile uint32_t WFE_WkupSource;
  17:c:/Users/User/Documents/GitHub/ch32h417/EVT/EXAM/SRC/Peripheral/src\ch32h417_exti.c **** 
  18:c:/Users/User/Documents/GitHub/ch32h417/EVT/EXAM/SRC/Peripheral/src\ch32h417_exti.c **** /*********************************************************************
  19:c:/Users/User/Documents/GitHub/ch32h417/EVT/EXAM/SRC/Peripheral/src\ch32h417_exti.c ****  * @fn      EXTI_DeInit
  20:c:/Users/User/Documents/GitHub/ch32h417/EVT/EXAM/SRC/Peripheral/src\ch32h417_exti.c ****  *
  21:c:/Users/User/Documents/GitHub/ch32h417/EVT/EXAM/SRC/Peripheral/src\ch32h417_exti.c ****  * @brief   Deinitializes the EXTI peripheral registers to their default
  22:c:/Users/User/Documents/GitHub/ch32h417/EVT/EXAM/SRC/Peripheral/src\ch32h417_exti.c ****  *        reset values.
  23:c:/Users/User/Documents/GitHub/ch32h417/EVT/EXAM/SRC/Peripheral/src\ch32h417_exti.c ****  *
  24:c:/Users/User/Documents/GitHub/ch32h417/EVT/EXAM/SRC/Peripheral/src\ch32h417_exti.c ****  * @return  none.
  25:c:/Users/User/Documents/GitHub/ch32h417/EVT/EXAM/SRC/Peripheral/src\ch32h417_exti.c ****  */
  26:c:/Users/User/Documents/GitHub/ch32h417/EVT/EXAM/SRC/Peripheral/src\ch32h417_exti.c **** void EXTI_DeInit(void)
  27:c:/Users/User/Documents/GitHub/ch32h417/EVT/EXAM/SRC/Peripheral/src\ch32h417_exti.c **** {
  17              		.loc 1 27 1
  18              		.cfi_startproc
  28:c:/Users/User/Documents/GitHub/ch32h417/EVT/EXAM/SRC/Peripheral/src\ch32h417_exti.c ****     EXTI->INTENR = 0x00000000;
  19              		.loc 1 28 5
  20              		.loc 1 28 18 is_stmt 0
  21 0000 B7070140 		li	a5,1073807360
  22 0004 93870740 		addi	a5,a5,1024
  23 0008 23A00700 		sw	zero,0(a5)
  29:c:/Users/User/Documents/GitHub/ch32h417/EVT/EXAM/SRC/Peripheral/src\ch32h417_exti.c ****     EXTI->EVENR = 0x00000000;
  24              		.loc 1 29 5 is_stmt 1
  25              		.loc 1 29 17 is_stmt 0
  26 000c 23A20700 		sw	zero,4(a5)
  30:c:/Users/User/Documents/GitHub/ch32h417/EVT/EXAM/SRC/Peripheral/src\ch32h417_exti.c ****     EXTI->RTENR = 0x00000000;
  27              		.loc 1 30 5 is_stmt 1
  28              		.loc 1 30 17 is_stmt 0
  29 0010 23A40700 		sw	zero,8(a5)
  31:c:/Users/User/Documents/GitHub/ch32h417/EVT/EXAM/SRC/Peripheral/src\ch32h417_exti.c ****     EXTI->FTENR = 0x00000000;
  30              		.loc 1 31 5 is_stmt 1
  32:c:/Users/User/Documents/GitHub/ch32h417/EVT/EXAM/SRC/Peripheral/src\ch32h417_exti.c ****     EXTI->INTFR = 0x03FFFFFF;
  31              		.loc 1 32 17 is_stmt 0
  32 0014 37070004 		li	a4,67108864
  31:c:/Users/User/Documents/GitHub/ch32h417/EVT/EXAM/SRC/Peripheral/src\ch32h417_exti.c ****     EXTI->FTENR = 0x00000000;
  33              		.loc 1 31 17
  34 0018 23A60700 		sw	zero,12(a5)
  35              		.loc 1 32 5 is_stmt 1
  36              		.loc 1 32 17 is_stmt 0
  37 001c 7D17     		addi	a4,a4,-1
  38 001e D8CB     		sw	a4,20(a5)
  33:c:/Users/User/Documents/GitHub/ch32h417/EVT/EXAM/SRC/Peripheral/src\ch32h417_exti.c **** }
  39              		.loc 1 33 1
  40 0020 8280     		ret
  41              		.cfi_endproc
  42              	.LFE40:
  44              		.section	.text.EXTI_Init,"ax",@progbits
  45              		.align	1
  46              		.globl	EXTI_Init
  48              	EXTI_Init:
  49              	.LFB41:
  34:c:/Users/User/Documents/GitHub/ch32h417/EVT/EXAM/SRC/Peripheral/src\ch32h417_exti.c **** 
  35:c:/Users/User/Documents/GitHub/ch32h417/EVT/EXAM/SRC/Peripheral/src\ch32h417_exti.c **** /*********************************************************************
  36:c:/Users/User/Documents/GitHub/ch32h417/EVT/EXAM/SRC/Peripheral/src\ch32h417_exti.c ****  * @fn      EXTI_Init
  37:c:/Users/User/Documents/GitHub/ch32h417/EVT/EXAM/SRC/Peripheral/src\ch32h417_exti.c ****  *
  38:c:/Users/User/Documents/GitHub/ch32h417/EVT/EXAM/SRC/Peripheral/src\ch32h417_exti.c ****  * @brief   Initializes the EXTI peripheral according to the specified
  39:c:/Users/User/Documents/GitHub/ch32h417/EVT/EXAM/SRC/Peripheral/src\ch32h417_exti.c ****  *        parameters in the EXTI_InitStruct.
  40:c:/Users/User/Documents/GitHub/ch32h417/EVT/EXAM/SRC/Peripheral/src\ch32h417_exti.c ****  *
  41:c:/Users/User/Documents/GitHub/ch32h417/EVT/EXAM/SRC/Peripheral/src\ch32h417_exti.c ****  * @param   EXTI_InitStruct - pointer to a EXTI_InitTypeDef structure
  42:c:/Users/User/Documents/GitHub/ch32h417/EVT/EXAM/SRC/Peripheral/src\ch32h417_exti.c ****  *
  43:c:/Users/User/Documents/GitHub/ch32h417/EVT/EXAM/SRC/Peripheral/src\ch32h417_exti.c ****  * @return  none.
  44:c:/Users/User/Documents/GitHub/ch32h417/EVT/EXAM/SRC/Peripheral/src\ch32h417_exti.c ****  */
  45:c:/Users/User/Documents/GitHub/ch32h417/EVT/EXAM/SRC/Peripheral/src\ch32h417_exti.c **** void EXTI_Init(EXTI_InitTypeDef *EXTI_InitStruct)
  46:c:/Users/User/Documents/GitHub/ch32h417/EVT/EXAM/SRC/Peripheral/src\ch32h417_exti.c **** {
  50              		.loc 1 46 1 is_stmt 1
  51              		.cfi_startproc
  52              	.LVL0:
  47:c:/Users/User/Documents/GitHub/ch32h417/EVT/EXAM/SRC/Peripheral/src\ch32h417_exti.c ****     uint32_t tmp = 0;
  53              		.loc 1 47 5
  48:c:/Users/User/Documents/GitHub/ch32h417/EVT/EXAM/SRC/Peripheral/src\ch32h417_exti.c **** 
  49:c:/Users/User/Documents/GitHub/ch32h417/EVT/EXAM/SRC/Peripheral/src\ch32h417_exti.c ****     tmp = (uint32_t)EXTI_BASE;
  54              		.loc 1 49 5
  50:c:/Users/User/Documents/GitHub/ch32h417/EVT/EXAM/SRC/Peripheral/src\ch32h417_exti.c ****     if(EXTI_InitStruct->EXTI_LineCmd != DISABLE)
  55              		.loc 1 50 5
  51:c:/Users/User/Documents/GitHub/ch32h417/EVT/EXAM/SRC/Peripheral/src\ch32h417_exti.c ****     {
  52:c:/Users/User/Documents/GitHub/ch32h417/EVT/EXAM/SRC/Peripheral/src\ch32h417_exti.c ****         EXTI->INTENR &= ~EXTI_InitStruct->EXTI_Line;
  53:c:/Users/User/Documents/GitHub/ch32h417/EVT/EXAM/SRC/Peripheral/src\ch32h417_exti.c ****         EXTI->EVENR &= ~EXTI_InitStruct->EXTI_Line;
  54:c:/Users/User/Documents/GitHub/ch32h417/EVT/EXAM/SRC/Peripheral/src\ch32h417_exti.c ****         tmp += EXTI_InitStruct->EXTI_Mode;
  56              		.loc 1 54 13 is_stmt 0
  57 0000 5841     		lw	a4,4(a0)
  52:c:/Users/User/Documents/GitHub/ch32h417/EVT/EXAM/SRC/Peripheral/src\ch32h417_exti.c ****         EXTI->EVENR &= ~EXTI_InitStruct->EXTI_Line;
  58              		.loc 1 52 41
  59 0002 0C41     		lw	a1,0(a0)
  50:c:/Users/User/Documents/GitHub/ch32h417/EVT/EXAM/SRC/Peripheral/src\ch32h417_exti.c ****     if(EXTI_InitStruct->EXTI_LineCmd != DISABLE)
  60              		.loc 1 50 7
  61 0004 5045     		lw	a2,12(a0)
  62              		.loc 1 54 13
  63 0006 B7070140 		li	a5,1073807360
  64 000a 93870740 		addi	a5,a5,1024
  65 000e 3E97     		add	a4,a4,a5
  52:c:/Users/User/Documents/GitHub/ch32h417/EVT/EXAM/SRC/Peripheral/src\ch32h417_exti.c ****         EXTI->EVENR &= ~EXTI_InitStruct->EXTI_Line;
  66              		.loc 1 52 25
  67 0010 93C6F5FF 		not	a3,a1
  50:c:/Users/User/Documents/GitHub/ch32h417/EVT/EXAM/SRC/Peripheral/src\ch32h417_exti.c ****     if(EXTI_InitStruct->EXTI_LineCmd != DISABLE)
  68              		.loc 1 50 7
  69 0014 39C2     		beq	a2,zero,.L3
  52:c:/Users/User/Documents/GitHub/ch32h417/EVT/EXAM/SRC/Peripheral/src\ch32h417_exti.c ****         EXTI->EVENR &= ~EXTI_InitStruct->EXTI_Line;
  70              		.loc 1 52 9 is_stmt 1
  52:c:/Users/User/Documents/GitHub/ch32h417/EVT/EXAM/SRC/Peripheral/src\ch32h417_exti.c ****         EXTI->EVENR &= ~EXTI_InitStruct->EXTI_Line;
  71              		.loc 1 52 13 is_stmt 0
  72 0016 9043     		lw	a2,0(a5)
  52:c:/Users/User/Documents/GitHub/ch32h417/EVT/EXAM/SRC/Peripheral/src\ch32h417_exti.c ****         EXTI->EVENR &= ~EXTI_InitStruct->EXTI_Line;
  73              		.loc 1 52 22
  74 0018 758E     		and	a2,a2,a3
  75 001a 90C3     		sw	a2,0(a5)
  53:c:/Users/User/Documents/GitHub/ch32h417/EVT/EXAM/SRC/Peripheral/src\ch32h417_exti.c ****         tmp += EXTI_InitStruct->EXTI_Mode;
  76              		.loc 1 53 9 is_stmt 1
  53:c:/Users/User/Documents/GitHub/ch32h417/EVT/EXAM/SRC/Peripheral/src\ch32h417_exti.c ****         tmp += EXTI_InitStruct->EXTI_Mode;
  77              		.loc 1 53 13 is_stmt 0
  78 001c D043     		lw	a2,4(a5)
  53:c:/Users/User/Documents/GitHub/ch32h417/EVT/EXAM/SRC/Peripheral/src\ch32h417_exti.c ****         tmp += EXTI_InitStruct->EXTI_Mode;
  79              		.loc 1 53 21
  80 001e F18E     		and	a3,a2,a3
  81 0020 D4C3     		sw	a3,4(a5)
  82              		.loc 1 54 9 is_stmt 1
  83              	.LVL1:
  55:c:/Users/User/Documents/GitHub/ch32h417/EVT/EXAM/SRC/Peripheral/src\ch32h417_exti.c ****         *(__IO uint32_t *)tmp |= EXTI_InitStruct->EXTI_Line;
  84              		.loc 1 55 9
  85 0022 1443     		lw	a3,0(a4)
  56:c:/Users/User/Documents/GitHub/ch32h417/EVT/EXAM/SRC/Peripheral/src\ch32h417_exti.c ****         EXTI->RTENR &= ~EXTI_InitStruct->EXTI_Line;
  57:c:/Users/User/Documents/GitHub/ch32h417/EVT/EXAM/SRC/Peripheral/src\ch32h417_exti.c ****         EXTI->FTENR &= ~EXTI_InitStruct->EXTI_Line;
  58:c:/Users/User/Documents/GitHub/ch32h417/EVT/EXAM/SRC/Peripheral/src\ch32h417_exti.c ****         if(EXTI_InitStruct->EXTI_Trigger == EXTI_Trigger_Rising_Falling)
  86              		.loc 1 58 11 is_stmt 0
  87 0024 4146     		li	a2,16
  55:c:/Users/User/Documents/GitHub/ch32h417/EVT/EXAM/SRC/Peripheral/src\ch32h417_exti.c ****         *(__IO uint32_t *)tmp |= EXTI_InitStruct->EXTI_Line;
  88              		.loc 1 55 31
  89 0026 CD8E     		or	a3,a3,a1
  90 0028 14C3     		sw	a3,0(a4)
  56:c:/Users/User/Documents/GitHub/ch32h417/EVT/EXAM/SRC/Peripheral/src\ch32h417_exti.c ****         EXTI->RTENR &= ~EXTI_InitStruct->EXTI_Line;
  91              		.loc 1 56 9 is_stmt 1
  56:c:/Users/User/Documents/GitHub/ch32h417/EVT/EXAM/SRC/Peripheral/src\ch32h417_exti.c ****         EXTI->RTENR &= ~EXTI_InitStruct->EXTI_Line;
  92              		.loc 1 56 13 is_stmt 0
  93 002a 9447     		lw	a3,8(a5)
  56:c:/Users/User/Documents/GitHub/ch32h417/EVT/EXAM/SRC/Peripheral/src\ch32h417_exti.c ****         EXTI->RTENR &= ~EXTI_InitStruct->EXTI_Line;
  94              		.loc 1 56 40
  95 002c 1841     		lw	a4,0(a0)
  56:c:/Users/User/Documents/GitHub/ch32h417/EVT/EXAM/SRC/Peripheral/src\ch32h417_exti.c ****         EXTI->RTENR &= ~EXTI_InitStruct->EXTI_Line;
  96              		.loc 1 56 21
  97 002e B3F6E640 		andn	a3,a3,a4
  98 0032 94C7     		sw	a3,8(a5)
  57:c:/Users/User/Documents/GitHub/ch32h417/EVT/EXAM/SRC/Peripheral/src\ch32h417_exti.c ****         if(EXTI_InitStruct->EXTI_Trigger == EXTI_Trigger_Rising_Falling)
  99              		.loc 1 57 9 is_stmt 1
  57:c:/Users/User/Documents/GitHub/ch32h417/EVT/EXAM/SRC/Peripheral/src\ch32h417_exti.c ****         if(EXTI_InitStruct->EXTI_Trigger == EXTI_Trigger_Rising_Falling)
 100              		.loc 1 57 13 is_stmt 0
 101 0034 D447     		lw	a3,12(a5)
  57:c:/Users/User/Documents/GitHub/ch32h417/EVT/EXAM/SRC/Peripheral/src\ch32h417_exti.c ****         if(EXTI_InitStruct->EXTI_Trigger == EXTI_Trigger_Rising_Falling)
 102              		.loc 1 57 21
 103 0036 B3F6E640 		andn	a3,a3,a4
 104 003a D4C7     		sw	a3,12(a5)
 105              		.loc 1 58 9 is_stmt 1
 106              		.loc 1 58 27 is_stmt 0
 107 003c 1445     		lw	a3,8(a0)
 108              		.loc 1 58 11
 109 003e 6399C600 		bne	a3,a2,.L4
  59:c:/Users/User/Documents/GitHub/ch32h417/EVT/EXAM/SRC/Peripheral/src\ch32h417_exti.c ****         {
  60:c:/Users/User/Documents/GitHub/ch32h417/EVT/EXAM/SRC/Peripheral/src\ch32h417_exti.c ****             EXTI->RTENR |= EXTI_InitStruct->EXTI_Line;
 110              		.loc 1 60 13 is_stmt 1
 111              		.loc 1 60 17 is_stmt 0
 112 0042 9447     		lw	a3,8(a5)
 113              		.loc 1 60 25
 114 0044 D98E     		or	a3,a4,a3
 115 0046 94C7     		sw	a3,8(a5)
  61:c:/Users/User/Documents/GitHub/ch32h417/EVT/EXAM/SRC/Peripheral/src\ch32h417_exti.c ****             EXTI->FTENR |= EXTI_InitStruct->EXTI_Line;
 116              		.loc 1 61 13 is_stmt 1
 117              		.loc 1 61 17 is_stmt 0
 118 0048 D447     		lw	a3,12(a5)
 119              		.loc 1 61 25
 120 004a 558F     		or	a4,a4,a3
 121 004c D8C7     		sw	a4,12(a5)
 122 004e 8280     		ret
 123              	.L4:
  62:c:/Users/User/Documents/GitHub/ch32h417/EVT/EXAM/SRC/Peripheral/src\ch32h417_exti.c ****         }
  63:c:/Users/User/Documents/GitHub/ch32h417/EVT/EXAM/SRC/Peripheral/src\ch32h417_exti.c ****         else
  64:c:/Users/User/Documents/GitHub/ch32h417/EVT/EXAM/SRC/Peripheral/src\ch32h417_exti.c ****         {
  65:c:/Users/User/Documents/GitHub/ch32h417/EVT/EXAM/SRC/Peripheral/src\ch32h417_exti.c ****             tmp = (uint32_t)EXTI_BASE;
 124              		.loc 1 65 13 is_stmt 1
 125              	.LVL2:
  66:c:/Users/User/Documents/GitHub/ch32h417/EVT/EXAM/SRC/Peripheral/src\ch32h417_exti.c ****             tmp += EXTI_InitStruct->EXTI_Trigger;
 126              		.loc 1 66 13
  67:c:/Users/User/Documents/GitHub/ch32h417/EVT/EXAM/SRC/Peripheral/src\ch32h417_exti.c ****             *(__IO uint32_t *)tmp |= EXTI_InitStruct->EXTI_Line;
 127              		.loc 1 67 13
  66:c:/Users/User/Documents/GitHub/ch32h417/EVT/EXAM/SRC/Peripheral/src\ch32h417_exti.c ****             tmp += EXTI_InitStruct->EXTI_Trigger;
 128              		.loc 1 66 17 is_stmt 0
 129 0050 B697     		add	a5,a3,a5
 130              		.loc 1 67 13
 131 0052 9443     		lw	a3,0(a5)
 132              	.LVL3:
 133              		.loc 1 67 35
 134 0054 558F     		or	a4,a4,a3
 135 0056 98C3     		sw	a4,0(a5)
 136 0058 8280     		ret
 137              	.LVL4:
 138              	.L3:
  68:c:/Users/User/Documents/GitHub/ch32h417/EVT/EXAM/SRC/Peripheral/src\ch32h417_exti.c ****         }
  69:c:/Users/User/Documents/GitHub/ch32h417/EVT/EXAM/SRC/Peripheral/src\ch32h417_exti.c ****     }
  70:c:/Users/User/Documents/GitHub/ch32h417/EVT/EXAM/SRC/Peripheral/src\ch32h417_exti.c ****     else
  71:c:/Users/User/Documents/GitHub/ch32h417/EVT/EXAM/SRC/Peripheral/src\ch32h417_exti.c ****     {
  72:c:/Users/User/Documents/GitHub/ch32h417/EVT/EXAM/SRC/Peripheral/src\ch32h417_exti.c ****         tmp += EXTI_InitStruct->EXTI_Mode;
 139              		.loc 1 72 9 is_stmt 1
  73:c:/Users/User/Documents/GitHub/ch32h417/EVT/EXAM/SRC/Peripheral/src\ch32h417_exti.c ****         *(__IO uint32_t *)tmp &= ~EXTI_InitStruct->EXTI_Line;
 140              		.loc 1 73 9
 141 005a 1C43     		lw	a5,0(a4)
 142              		.loc 1 73 31 is_stmt 0
 143 005c F58F     		and	a5,a5,a3
 144 005e 1CC3     		sw	a5,0(a4)
  74:c:/Users/User/Documents/GitHub/ch32h417/EVT/EXAM/SRC/Peripheral/src\ch32h417_exti.c ****     }
  75:c:/Users/User/Documents/GitHub/ch32h417/EVT/EXAM/SRC/Peripheral/src\ch32h417_exti.c **** }
 145              		.loc 1 75 1
 146 0060 8280     		ret
 147              		.cfi_endproc
 148              	.LFE41:
 150              		.section	.text.EXTI_StructInit,"ax",@progbits
 151              		.align	1
 152              		.globl	EXTI_StructInit
 154              	EXTI_StructInit:
 155              	.LFB42:
  76:c:/Users/User/Documents/GitHub/ch32h417/EVT/EXAM/SRC/Peripheral/src\ch32h417_exti.c **** 
  77:c:/Users/User/Documents/GitHub/ch32h417/EVT/EXAM/SRC/Peripheral/src\ch32h417_exti.c **** /*********************************************************************
  78:c:/Users/User/Documents/GitHub/ch32h417/EVT/EXAM/SRC/Peripheral/src\ch32h417_exti.c ****  * @fn      EXTI_StructInit
  79:c:/Users/User/Documents/GitHub/ch32h417/EVT/EXAM/SRC/Peripheral/src\ch32h417_exti.c ****  *
  80:c:/Users/User/Documents/GitHub/ch32h417/EVT/EXAM/SRC/Peripheral/src\ch32h417_exti.c ****  * @brief   Fills each EXTI_InitStruct member with its reset value.
  81:c:/Users/User/Documents/GitHub/ch32h417/EVT/EXAM/SRC/Peripheral/src\ch32h417_exti.c ****  *
  82:c:/Users/User/Documents/GitHub/ch32h417/EVT/EXAM/SRC/Peripheral/src\ch32h417_exti.c ****  * @param   EXTI_InitStruct - pointer to a EXTI_InitTypeDef structure
  83:c:/Users/User/Documents/GitHub/ch32h417/EVT/EXAM/SRC/Peripheral/src\ch32h417_exti.c ****  *
  84:c:/Users/User/Documents/GitHub/ch32h417/EVT/EXAM/SRC/Peripheral/src\ch32h417_exti.c ****  * @return  none.
  85:c:/Users/User/Documents/GitHub/ch32h417/EVT/EXAM/SRC/Peripheral/src\ch32h417_exti.c ****  */
  86:c:/Users/User/Documents/GitHub/ch32h417/EVT/EXAM/SRC/Peripheral/src\ch32h417_exti.c **** void EXTI_StructInit(EXTI_InitTypeDef *EXTI_InitStruct)
  87:c:/Users/User/Documents/GitHub/ch32h417/EVT/EXAM/SRC/Peripheral/src\ch32h417_exti.c **** {
 156              		.loc 1 87 1 is_stmt 1
 157              		.cfi_startproc
 158              	.LVL5:
  88:c:/Users/User/Documents/GitHub/ch32h417/EVT/EXAM/SRC/Peripheral/src\ch32h417_exti.c ****     EXTI_InitStruct->EXTI_Line = EXTI_LINENONE;
 159              		.loc 1 88 5
  89:c:/Users/User/Documents/GitHub/ch32h417/EVT/EXAM/SRC/Peripheral/src\ch32h417_exti.c ****     EXTI_InitStruct->EXTI_Mode = EXTI_Mode_Interrupt;
  90:c:/Users/User/Documents/GitHub/ch32h417/EVT/EXAM/SRC/Peripheral/src\ch32h417_exti.c ****     EXTI_InitStruct->EXTI_Trigger = EXTI_Trigger_Falling;
 160              		.loc 1 90 35 is_stmt 0
 161 0000 B147     		li	a5,12
  88:c:/Users/User/Documents/GitHub/ch32h417/EVT/EXAM/SRC/Peripheral/src\ch32h417_exti.c ****     EXTI_InitStruct->EXTI_Line = EXTI_LINENONE;
 162              		.loc 1 88 32
 163 0002 23200500 		sw	zero,0(a0)
  89:c:/Users/User/Documents/GitHub/ch32h417/EVT/EXAM/SRC/Peripheral/src\ch32h417_exti.c ****     EXTI_InitStruct->EXTI_Mode = EXTI_Mode_Interrupt;
 164              		.loc 1 89 5 is_stmt 1
  89:c:/Users/User/Documents/GitHub/ch32h417/EVT/EXAM/SRC/Peripheral/src\ch32h417_exti.c ****     EXTI_InitStruct->EXTI_Mode = EXTI_Mode_Interrupt;
 165              		.loc 1 89 32 is_stmt 0
 166 0006 23220500 		sw	zero,4(a0)
 167              		.loc 1 90 5 is_stmt 1
 168              		.loc 1 90 35 is_stmt 0
 169 000a 1CC5     		sw	a5,8(a0)
  91:c:/Users/User/Documents/GitHub/ch32h417/EVT/EXAM/SRC/Peripheral/src\ch32h417_exti.c ****     EXTI_InitStruct->EXTI_LineCmd = DISABLE;
 170              		.loc 1 91 5 is_stmt 1
 171              		.loc 1 91 35 is_stmt 0
 172 000c 23260500 		sw	zero,12(a0)
  92:c:/Users/User/Documents/GitHub/ch32h417/EVT/EXAM/SRC/Peripheral/src\ch32h417_exti.c **** }
 173              		.loc 1 92 1
 174 0010 8280     		ret
 175              		.cfi_endproc
 176              	.LFE42:
 178              		.section	.text.EXTI_GenerateSWInterrupt,"ax",@progbits
 179              		.align	1
 180              		.globl	EXTI_GenerateSWInterrupt
 182              	EXTI_GenerateSWInterrupt:
 183              	.LFB43:
  93:c:/Users/User/Documents/GitHub/ch32h417/EVT/EXAM/SRC/Peripheral/src\ch32h417_exti.c **** 
  94:c:/Users/User/Documents/GitHub/ch32h417/EVT/EXAM/SRC/Peripheral/src\ch32h417_exti.c **** /*********************************************************************
  95:c:/Users/User/Documents/GitHub/ch32h417/EVT/EXAM/SRC/Peripheral/src\ch32h417_exti.c ****  * @fn      EXTI_GenerateSWInterrupt
  96:c:/Users/User/Documents/GitHub/ch32h417/EVT/EXAM/SRC/Peripheral/src\ch32h417_exti.c ****  *
  97:c:/Users/User/Documents/GitHub/ch32h417/EVT/EXAM/SRC/Peripheral/src\ch32h417_exti.c ****  * @brief   Generates a Software interrupt.
  98:c:/Users/User/Documents/GitHub/ch32h417/EVT/EXAM/SRC/Peripheral/src\ch32h417_exti.c ****  *
  99:c:/Users/User/Documents/GitHub/ch32h417/EVT/EXAM/SRC/Peripheral/src\ch32h417_exti.c ****  * @param   EXTI_Line - specifies the EXTI lines to be enabled or disabled.
 100:c:/Users/User/Documents/GitHub/ch32h417/EVT/EXAM/SRC/Peripheral/src\ch32h417_exti.c ****  *
 101:c:/Users/User/Documents/GitHub/ch32h417/EVT/EXAM/SRC/Peripheral/src\ch32h417_exti.c ****  * @return  none.
 102:c:/Users/User/Documents/GitHub/ch32h417/EVT/EXAM/SRC/Peripheral/src\ch32h417_exti.c ****  */
 103:c:/Users/User/Documents/GitHub/ch32h417/EVT/EXAM/SRC/Peripheral/src\ch32h417_exti.c **** void EXTI_GenerateSWInterrupt(uint32_t EXTI_Line)
 104:c:/Users/User/Documents/GitHub/ch32h417/EVT/EXAM/SRC/Peripheral/src\ch32h417_exti.c **** {
 184              		.loc 1 104 1 is_stmt 1
 185              		.cfi_startproc
 186              	.LVL6:
 105:c:/Users/User/Documents/GitHub/ch32h417/EVT/EXAM/SRC/Peripheral/src\ch32h417_exti.c ****     EXTI->SWIEVR |= EXTI_Line;
 187              		.loc 1 105 5
 188              		.loc 1 105 9 is_stmt 0
 189 0000 B7070140 		li	a5,1073807360
 190 0004 93870740 		addi	a5,a5,1024
 191 0008 984B     		lw	a4,16(a5)
 192              		.loc 1 105 18
 193 000a 498F     		or	a4,a4,a0
 194 000c 98CB     		sw	a4,16(a5)
 106:c:/Users/User/Documents/GitHub/ch32h417/EVT/EXAM/SRC/Peripheral/src\ch32h417_exti.c **** }
 195              		.loc 1 106 1
 196 000e 8280     		ret
 197              		.cfi_endproc
 198              	.LFE43:
 200              		.section	.text.EXTI_GetFlagStatus,"ax",@progbits
 201              		.align	1
 202              		.globl	EXTI_GetFlagStatus
 204              	EXTI_GetFlagStatus:
 205              	.LFB44:
 107:c:/Users/User/Documents/GitHub/ch32h417/EVT/EXAM/SRC/Peripheral/src\ch32h417_exti.c **** 
 108:c:/Users/User/Documents/GitHub/ch32h417/EVT/EXAM/SRC/Peripheral/src\ch32h417_exti.c **** /*********************************************************************
 109:c:/Users/User/Documents/GitHub/ch32h417/EVT/EXAM/SRC/Peripheral/src\ch32h417_exti.c ****  * @fn      EXTI_GetFlagStatus
 110:c:/Users/User/Documents/GitHub/ch32h417/EVT/EXAM/SRC/Peripheral/src\ch32h417_exti.c ****  *
 111:c:/Users/User/Documents/GitHub/ch32h417/EVT/EXAM/SRC/Peripheral/src\ch32h417_exti.c ****  * @brief   Checks whether the specified EXTI line flag is set or not.
 112:c:/Users/User/Documents/GitHub/ch32h417/EVT/EXAM/SRC/Peripheral/src\ch32h417_exti.c ****  *
 113:c:/Users/User/Documents/GitHub/ch32h417/EVT/EXAM/SRC/Peripheral/src\ch32h417_exti.c ****  * @param   EXTI_Line - specifies the EXTI lines to be enabled or disabled.
 114:c:/Users/User/Documents/GitHub/ch32h417/EVT/EXAM/SRC/Peripheral/src\ch32h417_exti.c ****  *
 115:c:/Users/User/Documents/GitHub/ch32h417/EVT/EXAM/SRC/Peripheral/src\ch32h417_exti.c ****  * @return  The new state of EXTI_Line (SET or RESET).
 116:c:/Users/User/Documents/GitHub/ch32h417/EVT/EXAM/SRC/Peripheral/src\ch32h417_exti.c ****  */
 117:c:/Users/User/Documents/GitHub/ch32h417/EVT/EXAM/SRC/Peripheral/src\ch32h417_exti.c **** FlagStatus EXTI_GetFlagStatus(uint32_t EXTI_Line)
 118:c:/Users/User/Documents/GitHub/ch32h417/EVT/EXAM/SRC/Peripheral/src\ch32h417_exti.c **** {
 206              		.loc 1 118 1 is_stmt 1
 207              		.cfi_startproc
 208              	.LVL7:
 119:c:/Users/User/Documents/GitHub/ch32h417/EVT/EXAM/SRC/Peripheral/src\ch32h417_exti.c ****     FlagStatus bitstatus = RESET;
 209              		.loc 1 119 5
 120:c:/Users/User/Documents/GitHub/ch32h417/EVT/EXAM/SRC/Peripheral/src\ch32h417_exti.c ****     if((EXTI->INTFR & EXTI_Line) != (uint32_t)RESET)
 210              		.loc 1 120 5
 211              		.loc 1 120 13 is_stmt 0
 212 0000 B7070140 		li	a5,1073807360
 213 0004 93870740 		addi	a5,a5,1024
 214 0008 DC4B     		lw	a5,20(a5)
 215              	.LVL8:
 121:c:/Users/User/Documents/GitHub/ch32h417/EVT/EXAM/SRC/Peripheral/src\ch32h417_exti.c ****     {
 122:c:/Users/User/Documents/GitHub/ch32h417/EVT/EXAM/SRC/Peripheral/src\ch32h417_exti.c ****         bitstatus = SET;
 123:c:/Users/User/Documents/GitHub/ch32h417/EVT/EXAM/SRC/Peripheral/src\ch32h417_exti.c ****     }
 124:c:/Users/User/Documents/GitHub/ch32h417/EVT/EXAM/SRC/Peripheral/src\ch32h417_exti.c ****     else
 125:c:/Users/User/Documents/GitHub/ch32h417/EVT/EXAM/SRC/Peripheral/src\ch32h417_exti.c ****     {
 126:c:/Users/User/Documents/GitHub/ch32h417/EVT/EXAM/SRC/Peripheral/src\ch32h417_exti.c ****         bitstatus = RESET;
 127:c:/Users/User/Documents/GitHub/ch32h417/EVT/EXAM/SRC/Peripheral/src\ch32h417_exti.c ****     }
 128:c:/Users/User/Documents/GitHub/ch32h417/EVT/EXAM/SRC/Peripheral/src\ch32h417_exti.c ****     return bitstatus;
 216              		.loc 1 128 5 is_stmt 1
 120:c:/Users/User/Documents/GitHub/ch32h417/EVT/EXAM/SRC/Peripheral/src\ch32h417_exti.c ****     if((EXTI->INTFR & EXTI_Line) != (uint32_t)RESET)
 217              		.loc 1 120 21 is_stmt 0
 218 000a 7D8D     		and	a0,a5,a0
 219              	.LVL9:
 129:c:/Users/User/Documents/GitHub/ch32h417/EVT/EXAM/SRC/Peripheral/src\ch32h417_exti.c **** }
 220              		.loc 1 129 1
 221 000c 3335A000 		snez	a0,a0
 222 0010 8280     		ret
 223              		.cfi_endproc
 224              	.LFE44:
 226              		.section	.text.EXTI_ClearFlag,"ax",@progbits
 227              		.align	1
 228              		.globl	EXTI_ClearFlag
 230              	EXTI_ClearFlag:
 231              	.LFB45:
 130:c:/Users/User/Documents/GitHub/ch32h417/EVT/EXAM/SRC/Peripheral/src\ch32h417_exti.c **** 
 131:c:/Users/User/Documents/GitHub/ch32h417/EVT/EXAM/SRC/Peripheral/src\ch32h417_exti.c **** /*********************************************************************
 132:c:/Users/User/Documents/GitHub/ch32h417/EVT/EXAM/SRC/Peripheral/src\ch32h417_exti.c ****  * @fn      EXTI_ClearFlag
 133:c:/Users/User/Documents/GitHub/ch32h417/EVT/EXAM/SRC/Peripheral/src\ch32h417_exti.c ****  *
 134:c:/Users/User/Documents/GitHub/ch32h417/EVT/EXAM/SRC/Peripheral/src\ch32h417_exti.c ****  * @brief   Clears the EXTI's line pending flags.
 135:c:/Users/User/Documents/GitHub/ch32h417/EVT/EXAM/SRC/Peripheral/src\ch32h417_exti.c ****  *
 136:c:/Users/User/Documents/GitHub/ch32h417/EVT/EXAM/SRC/Peripheral/src\ch32h417_exti.c ****  * @param   EXTI_Line - specifies the EXTI lines to be enabled or disabled.
 137:c:/Users/User/Documents/GitHub/ch32h417/EVT/EXAM/SRC/Peripheral/src\ch32h417_exti.c ****  *
 138:c:/Users/User/Documents/GitHub/ch32h417/EVT/EXAM/SRC/Peripheral/src\ch32h417_exti.c ****  * @return  none
 139:c:/Users/User/Documents/GitHub/ch32h417/EVT/EXAM/SRC/Peripheral/src\ch32h417_exti.c ****  */
 140:c:/Users/User/Documents/GitHub/ch32h417/EVT/EXAM/SRC/Peripheral/src\ch32h417_exti.c **** void EXTI_ClearFlag(uint32_t EXTI_Line)
 141:c:/Users/User/Documents/GitHub/ch32h417/EVT/EXAM/SRC/Peripheral/src\ch32h417_exti.c **** {
 232              		.loc 1 141 1 is_stmt 1
 233              		.cfi_startproc
 234              	.LVL10:
 142:c:/Users/User/Documents/GitHub/ch32h417/EVT/EXAM/SRC/Peripheral/src\ch32h417_exti.c ****     EXTI->INTFR = EXTI_Line;
 235              		.loc 1 142 5
 236              		.loc 1 142 17 is_stmt 0
 237 0000 B7070140 		li	a5,1073807360
 238 0004 93870740 		addi	a5,a5,1024
 239 0008 C8CB     		sw	a0,20(a5)
 143:c:/Users/User/Documents/GitHub/ch32h417/EVT/EXAM/SRC/Peripheral/src\ch32h417_exti.c **** }
 240              		.loc 1 143 1
 241 000a 8280     		ret
 242              		.cfi_endproc
 243              	.LFE45:
 245              		.section	.text.EXTI_GetITStatus,"ax",@progbits
 246              		.align	1
 247              		.globl	EXTI_GetITStatus
 249              	EXTI_GetITStatus:
 250              	.LFB46:
 144:c:/Users/User/Documents/GitHub/ch32h417/EVT/EXAM/SRC/Peripheral/src\ch32h417_exti.c **** 
 145:c:/Users/User/Documents/GitHub/ch32h417/EVT/EXAM/SRC/Peripheral/src\ch32h417_exti.c **** /*********************************************************************
 146:c:/Users/User/Documents/GitHub/ch32h417/EVT/EXAM/SRC/Peripheral/src\ch32h417_exti.c ****  * @fn      EXTI_GetITStatus
 147:c:/Users/User/Documents/GitHub/ch32h417/EVT/EXAM/SRC/Peripheral/src\ch32h417_exti.c ****  *
 148:c:/Users/User/Documents/GitHub/ch32h417/EVT/EXAM/SRC/Peripheral/src\ch32h417_exti.c ****  * @brief   Checks whether the specified EXTI line is asserted or not.
 149:c:/Users/User/Documents/GitHub/ch32h417/EVT/EXAM/SRC/Peripheral/src\ch32h417_exti.c ****  *
 150:c:/Users/User/Documents/GitHub/ch32h417/EVT/EXAM/SRC/Peripheral/src\ch32h417_exti.c ****  * @param   EXTI_Line - specifies the EXTI lines to be enabled or disabled.
 151:c:/Users/User/Documents/GitHub/ch32h417/EVT/EXAM/SRC/Peripheral/src\ch32h417_exti.c ****  *
 152:c:/Users/User/Documents/GitHub/ch32h417/EVT/EXAM/SRC/Peripheral/src\ch32h417_exti.c ****  * @return  The new state of EXTI_Line (SET or RESET).
 153:c:/Users/User/Documents/GitHub/ch32h417/EVT/EXAM/SRC/Peripheral/src\ch32h417_exti.c ****  */
 154:c:/Users/User/Documents/GitHub/ch32h417/EVT/EXAM/SRC/Peripheral/src\ch32h417_exti.c **** ITStatus EXTI_GetITStatus(uint32_t EXTI_Line)
 155:c:/Users/User/Documents/GitHub/ch32h417/EVT/EXAM/SRC/Peripheral/src\ch32h417_exti.c **** {
 251              		.loc 1 155 1 is_stmt 1
 252              		.cfi_startproc
 253              	.LVL11:
 156:c:/Users/User/Documents/GitHub/ch32h417/EVT/EXAM/SRC/Peripheral/src\ch32h417_exti.c ****     ITStatus bitstatus = RESET;
 254              		.loc 1 156 5
 157:c:/Users/User/Documents/GitHub/ch32h417/EVT/EXAM/SRC/Peripheral/src\ch32h417_exti.c ****     uint32_t enablestatus = 0;
 255              		.loc 1 157 5
 158:c:/Users/User/Documents/GitHub/ch32h417/EVT/EXAM/SRC/Peripheral/src\ch32h417_exti.c **** 
 159:c:/Users/User/Documents/GitHub/ch32h417/EVT/EXAM/SRC/Peripheral/src\ch32h417_exti.c ****     enablestatus = EXTI->INTENR & EXTI_Line;
 256              		.loc 1 159 5
 257              		.loc 1 159 24 is_stmt 0
 258 0000 B7070140 		li	a5,1073807360
 259 0004 93870740 		addi	a5,a5,1024
 260 0008 9443     		lw	a3,0(a5)
 261              	.LVL12:
 160:c:/Users/User/Documents/GitHub/ch32h417/EVT/EXAM/SRC/Peripheral/src\ch32h417_exti.c ****     if(((EXTI->INTFR & EXTI_Line) != (uint32_t)RESET) && (enablestatus != (uint32_t)RESET))
 262              		.loc 1 160 5 is_stmt 1
 263              		.loc 1 160 14 is_stmt 0
 264 000a DC4B     		lw	a5,20(a5)
 155:c:/Users/User/Documents/GitHub/ch32h417/EVT/EXAM/SRC/Peripheral/src\ch32h417_exti.c ****     ITStatus bitstatus = RESET;
 265              		.loc 1 155 1
 266 000c 2A87     		mv	a4,a0
 267              		.loc 1 160 22
 268 000e 7D8D     		and	a0,a5,a0
 269              	.LVL13:
 270              		.loc 1 160 7
 271 0010 01C5     		beq	a0,zero,.L10
 159:c:/Users/User/Documents/GitHub/ch32h417/EVT/EXAM/SRC/Peripheral/src\ch32h417_exti.c ****     if(((EXTI->INTFR & EXTI_Line) != (uint32_t)RESET) && (enablestatus != (uint32_t)RESET))
 272              		.loc 1 159 18 discriminator 1
 273 0012 F98E     		and	a3,a3,a4
 274              	.LVL14:
 275              		.loc 1 160 55 discriminator 1
 276 0014 3335D000 		snez	a0,a3
 277              	.LVL15:
 161:c:/Users/User/Documents/GitHub/ch32h417/EVT/EXAM/SRC/Peripheral/src\ch32h417_exti.c ****     {
 162:c:/Users/User/Documents/GitHub/ch32h417/EVT/EXAM/SRC/Peripheral/src\ch32h417_exti.c ****         bitstatus = SET;
 163:c:/Users/User/Documents/GitHub/ch32h417/EVT/EXAM/SRC/Peripheral/src\ch32h417_exti.c ****     }
 164:c:/Users/User/Documents/GitHub/ch32h417/EVT/EXAM/SRC/Peripheral/src\ch32h417_exti.c ****     else
 165:c:/Users/User/Documents/GitHub/ch32h417/EVT/EXAM/SRC/Peripheral/src\ch32h417_exti.c ****     {
 166:c:/Users/User/Documents/GitHub/ch32h417/EVT/EXAM/SRC/Peripheral/src\ch32h417_exti.c ****         bitstatus = RESET;
 167:c:/Users/User/Documents/GitHub/ch32h417/EVT/EXAM/SRC/Peripheral/src\ch32h417_exti.c ****     }
 168:c:/Users/User/Documents/GitHub/ch32h417/EVT/EXAM/SRC/Peripheral/src\ch32h417_exti.c ****     return bitstatus;
 278              		.loc 1 168 5 is_stmt 1 discriminator 1
 279              	.L10:
 169:c:/Users/User/Documents/GitHub/ch32h417/EVT/EXAM/SRC/Peripheral/src\ch32h417_exti.c **** }
 280              		.loc 1 169 1 is_stmt 0
 281 0018 8280     		ret
 282              		.cfi_endproc
 283              	.LFE46:
 285              		.section	.text.EXTI_ClearITPendingBit,"ax",@progbits
 286              		.align	1
 287              		.globl	EXTI_ClearITPendingBit
 289              	EXTI_ClearITPendingBit:
 290              	.LFB50:
 291              		.cfi_startproc
 170:c:/Users/User/Documents/GitHub/ch32h417/EVT/EXAM/SRC/Peripheral/src\ch32h417_exti.c **** 
 171:c:/Users/User/Documents/GitHub/ch32h417/EVT/EXAM/SRC/Peripheral/src\ch32h417_exti.c **** /*********************************************************************
 172:c:/Users/User/Documents/GitHub/ch32h417/EVT/EXAM/SRC/Peripheral/src\ch32h417_exti.c ****  * @fn      EXTI_ClearITPendingBit
 173:c:/Users/User/Documents/GitHub/ch32h417/EVT/EXAM/SRC/Peripheral/src\ch32h417_exti.c ****  *
 174:c:/Users/User/Documents/GitHub/ch32h417/EVT/EXAM/SRC/Peripheral/src\ch32h417_exti.c ****  * @brief   Clears the EXTI's line pending bits.
 175:c:/Users/User/Documents/GitHub/ch32h417/EVT/EXAM/SRC/Peripheral/src\ch32h417_exti.c ****  *
 176:c:/Users/User/Documents/GitHub/ch32h417/EVT/EXAM/SRC/Peripheral/src\ch32h417_exti.c ****  * @param   EXTI_Line - specifies the EXTI lines to be enabled or disabled.
 177:c:/Users/User/Documents/GitHub/ch32h417/EVT/EXAM/SRC/Peripheral/src\ch32h417_exti.c ****  *
 178:c:/Users/User/Documents/GitHub/ch32h417/EVT/EXAM/SRC/Peripheral/src\ch32h417_exti.c ****  * @return  none
 179:c:/Users/User/Documents/GitHub/ch32h417/EVT/EXAM/SRC/Peripheral/src\ch32h417_exti.c ****  */
 180:c:/Users/User/Documents/GitHub/ch32h417/EVT/EXAM/SRC/Peripheral/src\ch32h417_exti.c **** void EXTI_ClearITPendingBit(uint32_t EXTI_Line)
 292              		.loc 1 180 6 is_stmt 1
 293 0000 B7070140 		li	a5,1073807360
 294 0004 93870740 		addi	a5,a5,1024
 295 0008 C8CB     		sw	a0,20(a5)
 296 000a 8280     		ret
 297              		.cfi_endproc
 298              	.LFE50:
 300              		.section	.text.EXTI_GetWFEWkupSource,"ax",@progbits
 301              		.align	1
 302              		.globl	EXTI_GetWFEWkupSource
 304              	EXTI_GetWFEWkupSource:
 305              	.LFB48:
 181:c:/Users/User/Documents/GitHub/ch32h417/EVT/EXAM/SRC/Peripheral/src\ch32h417_exti.c **** {
 182:c:/Users/User/Documents/GitHub/ch32h417/EVT/EXAM/SRC/Peripheral/src\ch32h417_exti.c ****     EXTI->INTFR = EXTI_Line;
 183:c:/Users/User/Documents/GitHub/ch32h417/EVT/EXAM/SRC/Peripheral/src\ch32h417_exti.c **** }
 184:c:/Users/User/Documents/GitHub/ch32h417/EVT/EXAM/SRC/Peripheral/src\ch32h417_exti.c **** 
 185:c:/Users/User/Documents/GitHub/ch32h417/EVT/EXAM/SRC/Peripheral/src\ch32h417_exti.c **** /*********************************************************************
 186:c:/Users/User/Documents/GitHub/ch32h417/EVT/EXAM/SRC/Peripheral/src\ch32h417_exti.c ****  * @fn      EXTI_GetWFEWkupSource
 187:c:/Users/User/Documents/GitHub/ch32h417/EVT/EXAM/SRC/Peripheral/src\ch32h417_exti.c ****  *
 188:c:/Users/User/Documents/GitHub/ch32h417/EVT/EXAM/SRC/Peripheral/src\ch32h417_exti.c ****  * @brief   Get WFE wake-up event source.the set bit-x indicates 
 189:c:/Users/User/Documents/GitHub/ch32h417/EVT/EXAM/SRC/Peripheral/src\ch32h417_exti.c ****  *          the corresponding EXTI line-x.
 190:c:/Users/User/Documents/GitHub/ch32h417/EVT/EXAM/SRC/Peripheral/src\ch32h417_exti.c ****  *
 191:c:/Users/User/Documents/GitHub/ch32h417/EVT/EXAM/SRC/Peripheral/src\ch32h417_exti.c ****  * @return  wake-up event source.
 192:c:/Users/User/Documents/GitHub/ch32h417/EVT/EXAM/SRC/Peripheral/src\ch32h417_exti.c ****  */
 193:c:/Users/User/Documents/GitHub/ch32h417/EVT/EXAM/SRC/Peripheral/src\ch32h417_exti.c **** uint32_t EXTI_GetWFEWkupSource(void)
 194:c:/Users/User/Documents/GitHub/ch32h417/EVT/EXAM/SRC/Peripheral/src\ch32h417_exti.c **** {
 306              		.loc 1 194 1
 307              		.cfi_startproc
 195:c:/Users/User/Documents/GitHub/ch32h417/EVT/EXAM/SRC/Peripheral/src\ch32h417_exti.c ****     return WFE_WkupSource;
 308              		.loc 1 195 5
 309              		.loc 1 195 12 is_stmt 0
 310 0000 B7070000 		lui	a5,%hi(WFE_WkupSource)
 311 0004 03A50700 		lw	a0,%lo(WFE_WkupSource)(a5)
 196:c:/Users/User/Documents/GitHub/ch32h417/EVT/EXAM/SRC/Peripheral/src\ch32h417_exti.c **** }...
 312              		.loc 1 196 1
 313 0008 8280     		ret
 314              		.cfi_endproc
 315              	.LFE48:
 317              		.globl	WFE_WkupSource
 318              		.section	.sbss.WFE_WkupSource,"aw",@nobits
 319              		.align	2
 322              	WFE_WkupSource:
 323 0000 00000000 		.zero	4
 324              		.text
 325              	.Letext0:
 326              		.file 2 "d:\\mounriver\\mounriver_studio2\\resources\\app\\resources\\win32\\components\\wch\\tool
 327              		.file 3 "d:\\mounriver\\mounriver_studio2\\resources\\app\\resources\\win32\\components\\wch\\tool
 328              		.file 4 "c:/Users/User/Documents/GitHub/ch32h417/EVT/EXAM/SRC/Core/core_riscv.h"
 329              		.file 5 "c:/Users/User/Documents/GitHub/ch32h417/EVT/EXAM/SRC/Peripheral/inc/ch32h417.h"
 330              		.file 6 "c:/Users/User/Documents/GitHub/ch32h417/EVT/EXAM/SRC/Peripheral/inc/ch32h417_exti.h"
DEFINED SYMBOLS
                            *ABS*:0000000000000000 ch32h417_exti.c
C:\Users\User\AppData\Local\Temp\ccMovXPv.s:14     .text.EXTI_DeInit:0000000000000000 EXTI_DeInit
C:\Users\User\AppData\Local\Temp\ccMovXPv.s:18     .text.EXTI_DeInit:0000000000000000 .L0 
C:\Users\User\AppData\Local\Temp\ccMovXPv.s:19     .text.EXTI_DeInit:0000000000000000 .L0 
C:\Users\User\AppData\Local\Temp\ccMovXPv.s:20     .text.EXTI_DeInit:0000000000000000 .L0 
C:\Users\User\AppData\Local\Temp\ccMovXPv.s:21     .text.EXTI_DeInit:0000000000000000 $x
C:\Users\User\AppData\Local\Temp\ccMovXPv.s:21     .text.EXTI_DeInit:0000000000000000 .L0 
C:\Users\User\AppData\Local\Temp\ccMovXPv.s:25     .text.EXTI_DeInit:000000000000000c .L0 
C:\Users\User\AppData\Local\Temp\ccMovXPv.s:26     .text.EXTI_DeInit:000000000000000c .L0 
C:\Users\User\AppData\Local\Temp\ccMovXPv.s:28     .text.EXTI_DeInit:0000000000000010 .L0 
C:\Users\User\AppData\Local\Temp\ccMovXPv.s:29     .text.EXTI_DeInit:0000000000000010 .L0 
C:\Users\User\AppData\Local\Temp\ccMovXPv.s:31     .text.EXTI_DeInit:0000000000000014 .L0 
C:\Users\User\AppData\Local\Temp\ccMovXPv.s:32     .text.EXTI_DeInit:0000000000000014 .L0 
C:\Users\User\AppData\Local\Temp\ccMovXPv.s:34     .text.EXTI_DeInit:0000000000000018 .L0 
C:\Users\User\AppData\Local\Temp\ccMovXPv.s:36     .text.EXTI_DeInit:000000000000001c .L0 
C:\Users\User\AppData\Local\Temp\ccMovXPv.s:37     .text.EXTI_DeInit:000000000000001c .L0 
C:\Users\User\AppData\Local\Temp\ccMovXPv.s:40     .text.EXTI_DeInit:0000000000000020 .L0 
C:\Users\User\AppData\Local\Temp\ccMovXPv.s:41     .text.EXTI_DeInit:0000000000000022 .L0 
C:\Users\User\AppData\Local\Temp\ccMovXPv.s:48     .text.EXTI_Init:0000000000000000 EXTI_Init
C:\Users\User\AppData\Local\Temp\ccMovXPv.s:51     .text.EXTI_Init:0000000000000000 .L0 
C:\Users\User\AppData\Local\Temp\ccMovXPv.s:53     .text.EXTI_Init:0000000000000000 .L0 
C:\Users\User\AppData\Local\Temp\ccMovXPv.s:54     .text.EXTI_Init:0000000000000000 .L0 
C:\Users\User\AppData\Local\Temp\ccMovXPv.s:55     .text.EXTI_Init:0000000000000000 .L0 
C:\Users\User\AppData\Local\Temp\ccMovXPv.s:56     .text.EXTI_Init:0000000000000000 .L0 
C:\Users\User\AppData\Local\Temp\ccMovXPv.s:57     .text.EXTI_Init:0000000000000000 $x
C:\Users\User\AppData\Local\Temp\ccMovXPv.s:57     .text.EXTI_Init:0000000000000000 .L0 
C:\Users\User\AppData\Local\Temp\ccMovXPv.s:59     .text.EXTI_Init:0000000000000002 .L0 
C:\Users\User\AppData\Local\Temp\ccMovXPv.s:61     .text.EXTI_Init:0000000000000004 .L0 
C:\Users\User\AppData\Local\Temp\ccMovXPv.s:63     .text.EXTI_Init:0000000000000006 .L0 
C:\Users\User\AppData\Local\Temp\ccMovXPv.s:67     .text.EXTI_Init:0000000000000010 .L0 
C:\Users\User\AppData\Local\Temp\ccMovXPv.s:69     .text.EXTI_Init:0000000000000014 .L0 
C:\Users\User\AppData\Local\Temp\ccMovXPv.s:71     .text.EXTI_Init:0000000000000016 .L0 
C:\Users\User\AppData\Local\Temp\ccMovXPv.s:72     .text.EXTI_Init:0000000000000016 .L0 
C:\Users\User\AppData\Local\Temp\ccMovXPv.s:74     .text.EXTI_Init:0000000000000018 .L0 
C:\Users\User\AppData\Local\Temp\ccMovXPv.s:77     .text.EXTI_Init:000000000000001c .L0 
C:\Users\User\AppData\Local\Temp\ccMovXPv.s:78     .text.EXTI_Init:000000000000001c .L0 
C:\Users\User\AppData\Local\Temp\ccMovXPv.s:80     .text.EXTI_Init:000000000000001e .L0 
C:\Users\User\AppData\Local\Temp\ccMovXPv.s:84     .text.EXTI_Init:0000000000000022 .L0 
C:\Users\User\AppData\Local\Temp\ccMovXPv.s:85     .text.EXTI_Init:0000000000000022 .L0 
C:\Users\User\AppData\Local\Temp\ccMovXPv.s:87     .text.EXTI_Init:0000000000000024 .L0 
C:\Users\User\AppData\Local\Temp\ccMovXPv.s:89     .text.EXTI_Init:0000000000000026 .L0 
C:\Users\User\AppData\Local\Temp\ccMovXPv.s:92     .text.EXTI_Init:000000000000002a .L0 
C:\Users\User\AppData\Local\Temp\ccMovXPv.s:93     .text.EXTI_Init:000000000000002a .L0 
C:\Users\User\AppData\Local\Temp\ccMovXPv.s:95     .text.EXTI_Init:000000000000002c .L0 
C:\Users\User\AppData\Local\Temp\ccMovXPv.s:97     .text.EXTI_Init:000000000000002e .L0 
C:\Users\User\AppData\Local\Temp\ccMovXPv.s:100    .text.EXTI_Init:0000000000000034 .L0 
C:\Users\User\AppData\Local\Temp\ccMovXPv.s:101    .text.EXTI_Init:0000000000000034 .L0 
C:\Users\User\AppData\Local\Temp\ccMovXPv.s:103    .text.EXTI_Init:0000000000000036 .L0 
C:\Users\User\AppData\Local\Temp\ccMovXPv.s:106    .text.EXTI_Init:000000000000003c .L0 
C:\Users\User\AppData\Local\Temp\ccMovXPv.s:107    .text.EXTI_Init:000000000000003c .L0 
C:\Users\User\AppData\Local\Temp\ccMovXPv.s:109    .text.EXTI_Init:000000000000003e .L0 
C:\Users\User\AppData\Local\Temp\ccMovXPv.s:111    .text.EXTI_Init:0000000000000042 .L0 
C:\Users\User\AppData\Local\Temp\ccMovXPv.s:112    .text.EXTI_Init:0000000000000042 .L0 
C:\Users\User\AppData\Local\Temp\ccMovXPv.s:114    .text.EXTI_Init:0000000000000044 .L0 
C:\Users\User\AppData\Local\Temp\ccMovXPv.s:117    .text.EXTI_Init:0000000000000048 .L0 
C:\Users\User\AppData\Local\Temp\ccMovXPv.s:118    .text.EXTI_Init:0000000000000048 .L0 
C:\Users\User\AppData\Local\Temp\ccMovXPv.s:120    .text.EXTI_Init:000000000000004a .L0 
C:\Users\User\AppData\Local\Temp\ccMovXPv.s:126    .text.EXTI_Init:0000000000000050 .L0 
C:\Users\User\AppData\Local\Temp\ccMovXPv.s:127    .text.EXTI_Init:0000000000000050 .L0 
C:\Users\User\AppData\Local\Temp\ccMovXPv.s:128    .text.EXTI_Init:0000000000000050 .L0 
C:\Users\User\AppData\Local\Temp\ccMovXPv.s:129    .text.EXTI_Init:0000000000000050 .L0 
C:\Users\User\AppData\Local\Temp\ccMovXPv.s:131    .text.EXTI_Init:0000000000000052 .L0 
C:\Users\User\AppData\Local\Temp\ccMovXPv.s:134    .text.EXTI_Init:0000000000000054 .L0 
C:\Users\User\AppData\Local\Temp\ccMovXPv.s:140    .text.EXTI_Init:000000000000005a .L0 
C:\Users\User\AppData\Local\Temp\ccMovXPv.s:141    .text.EXTI_Init:000000000000005a .L0 
C:\Users\User\AppData\Local\Temp\ccMovXPv.s:143    .text.EXTI_Init:000000000000005c .L0 
C:\Users\User\AppData\Local\Temp\ccMovXPv.s:146    .text.EXTI_Init:0000000000000060 .L0 
C:\Users\User\AppData\Local\Temp\ccMovXPv.s:147    .text.EXTI_Init:0000000000000062 .L0 
C:\Users\User\AppData\Local\Temp\ccMovXPv.s:154    .text.EXTI_StructInit:0000000000000000 EXTI_StructInit
C:\Users\User\AppData\Local\Temp\ccMovXPv.s:157    .text.EXTI_StructInit:0000000000000000 .L0 
C:\Users\User\AppData\Local\Temp\ccMovXPv.s:159    .text.EXTI_StructInit:0000000000000000 .L0 
C:\Users\User\AppData\Local\Temp\ccMovXPv.s:160    .text.EXTI_StructInit:0000000000000000 .L0 
C:\Users\User\AppData\Local\Temp\ccMovXPv.s:161    .text.EXTI_StructInit:0000000000000000 $x
C:\Users\User\AppData\Local\Temp\ccMovXPv.s:161    .text.EXTI_StructInit:0000000000000000 .L0 
C:\Users\User\AppData\Local\Temp\ccMovXPv.s:163    .text.EXTI_StructInit:0000000000000002 .L0 
C:\Users\User\AppData\Local\Temp\ccMovXPv.s:165    .text.EXTI_StructInit:0000000000000006 .L0 
C:\Users\User\AppData\Local\Temp\ccMovXPv.s:166    .text.EXTI_StructInit:0000000000000006 .L0 
C:\Users\User\AppData\Local\Temp\ccMovXPv.s:168    .text.EXTI_StructInit:000000000000000a .L0 
C:\Users\User\AppData\Local\Temp\ccMovXPv.s:169    .text.EXTI_StructInit:000000000000000a .L0 
C:\Users\User\AppData\Local\Temp\ccMovXPv.s:171    .text.EXTI_StructInit:000000000000000c .L0 
C:\Users\User\AppData\Local\Temp\ccMovXPv.s:172    .text.EXTI_StructInit:000000000000000c .L0 
C:\Users\User\AppData\Local\Temp\ccMovXPv.s:174    .text.EXTI_StructInit:0000000000000010 .L0 
C:\Users\User\AppData\Local\Temp\ccMovXPv.s:175    .text.EXTI_StructInit:0000000000000012 .L0 
C:\Users\User\AppData\Local\Temp\ccMovXPv.s:182    .text.EXTI_GenerateSWInterrupt:0000000000000000 EXTI_GenerateSWInterrupt
C:\Users\User\AppData\Local\Temp\ccMovXPv.s:185    .text.EXTI_GenerateSWInterrupt:0000000000000000 .L0 
C:\Users\User\AppData\Local\Temp\ccMovXPv.s:187    .text.EXTI_GenerateSWInterrupt:0000000000000000 .L0 
C:\Users\User\AppData\Local\Temp\ccMovXPv.s:188    .text.EXTI_GenerateSWInterrupt:0000000000000000 .L0 
C:\Users\User\AppData\Local\Temp\ccMovXPv.s:189    .text.EXTI_GenerateSWInterrupt:0000000000000000 $x
C:\Users\User\AppData\Local\Temp\ccMovXPv.s:189    .text.EXTI_GenerateSWInterrupt:0000000000000000 .L0 
C:\Users\User\AppData\Local\Temp\ccMovXPv.s:193    .text.EXTI_GenerateSWInterrupt:000000000000000a .L0 
C:\Users\User\AppData\Local\Temp\ccMovXPv.s:196    .text.EXTI_GenerateSWInterrupt:000000000000000e .L0 
C:\Users\User\AppData\Local\Temp\ccMovXPv.s:197    .text.EXTI_GenerateSWInterrupt:0000000000000010 .L0 
C:\Users\User\AppData\Local\Temp\ccMovXPv.s:204    .text.EXTI_GetFlagStatus:0000000000000000 EXTI_GetFlagStatus
C:\Users\User\AppData\Local\Temp\ccMovXPv.s:207    .text.EXTI_GetFlagStatus:0000000000000000 .L0 
C:\Users\User\AppData\Local\Temp\ccMovXPv.s:209    .text.EXTI_GetFlagStatus:0000000000000000 .L0 
C:\Users\User\AppData\Local\Temp\ccMovXPv.s:210    .text.EXTI_GetFlagStatus:0000000000000000 .L0 
C:\Users\User\AppData\Local\Temp\ccMovXPv.s:211    .text.EXTI_GetFlagStatus:0000000000000000 .L0 
C:\Users\User\AppData\Local\Temp\ccMovXPv.s:212    .text.EXTI_GetFlagStatus:0000000000000000 $x
C:\Users\User\AppData\Local\Temp\ccMovXPv.s:212    .text.EXTI_GetFlagStatus:0000000000000000 .L0 
C:\Users\User\AppData\Local\Temp\ccMovXPv.s:217    .text.EXTI_GetFlagStatus:000000000000000a .L0 
C:\Users\User\AppData\Local\Temp\ccMovXPv.s:218    .text.EXTI_GetFlagStatus:000000000000000a .L0 
C:\Users\User\AppData\Local\Temp\ccMovXPv.s:221    .text.EXTI_GetFlagStatus:000000000000000c .L0 
C:\Users\User\AppData\Local\Temp\ccMovXPv.s:223    .text.EXTI_GetFlagStatus:0000000000000012 .L0 
C:\Users\User\AppData\Local\Temp\ccMovXPv.s:230    .text.EXTI_ClearFlag:0000000000000000 EXTI_ClearFlag
C:\Users\User\AppData\Local\Temp\ccMovXPv.s:233    .text.EXTI_ClearFlag:0000000000000000 .L0 
C:\Users\User\AppData\Local\Temp\ccMovXPv.s:235    .text.EXTI_ClearFlag:0000000000000000 .L0 
C:\Users\User\AppData\Local\Temp\ccMovXPv.s:236    .text.EXTI_ClearFlag:0000000000000000 .L0 
C:\Users\User\AppData\Local\Temp\ccMovXPv.s:237    .text.EXTI_ClearFlag:0000000000000000 $x
C:\Users\User\AppData\Local\Temp\ccMovXPv.s:237    .text.EXTI_ClearFlag:0000000000000000 .L0 
C:\Users\User\AppData\Local\Temp\ccMovXPv.s:241    .text.EXTI_ClearFlag:000000000000000a .L0 
C:\Users\User\AppData\Local\Temp\ccMovXPv.s:242    .text.EXTI_ClearFlag:000000000000000c .L0 
C:\Users\User\AppData\Local\Temp\ccMovXPv.s:249    .text.EXTI_GetITStatus:0000000000000000 EXTI_GetITStatus
C:\Users\User\AppData\Local\Temp\ccMovXPv.s:252    .text.EXTI_GetITStatus:0000000000000000 .L0 
C:\Users\User\AppData\Local\Temp\ccMovXPv.s:254    .text.EXTI_GetITStatus:0000000000000000 .L0 
C:\Users\User\AppData\Local\Temp\ccMovXPv.s:255    .text.EXTI_GetITStatus:0000000000000000 .L0 
C:\Users\User\AppData\Local\Temp\ccMovXPv.s:256    .text.EXTI_GetITStatus:0000000000000000 .L0 
C:\Users\User\AppData\Local\Temp\ccMovXPv.s:257    .text.EXTI_GetITStatus:0000000000000000 .L0 
C:\Users\User\AppData\Local\Temp\ccMovXPv.s:258    .text.EXTI_GetITStatus:0000000000000000 $x
C:\Users\User\AppData\Local\Temp\ccMovXPv.s:258    .text.EXTI_GetITStatus:0000000000000000 .L0 
C:\Users\User\AppData\Local\Temp\ccMovXPv.s:263    .text.EXTI_GetITStatus:000000000000000a .L0 
C:\Users\User\AppData\Local\Temp\ccMovXPv.s:264    .text.EXTI_GetITStatus:000000000000000a .L0 
C:\Users\User\AppData\Local\Temp\ccMovXPv.s:266    .text.EXTI_GetITStatus:000000000000000c .L0 
C:\Users\User\AppData\Local\Temp\ccMovXPv.s:268    .text.EXTI_GetITStatus:000000000000000e .L0 
C:\Users\User\AppData\Local\Temp\ccMovXPv.s:271    .text.EXTI_GetITStatus:0000000000000010 .L0 
C:\Users\User\AppData\Local\Temp\ccMovXPv.s:273    .text.EXTI_GetITStatus:0000000000000012 .L0 
C:\Users\User\AppData\Local\Temp\ccMovXPv.s:276    .text.EXTI_GetITStatus:0000000000000014 .L0 
C:\Users\User\AppData\Local\Temp\ccMovXPv.s:280    .text.EXTI_GetITStatus:0000000000000018 .L0 
C:\Users\User\AppData\Local\Temp\ccMovXPv.s:281    .text.EXTI_GetITStatus:0000000000000018 .L0 
C:\Users\User\AppData\Local\Temp\ccMovXPv.s:282    .text.EXTI_GetITStatus:000000000000001a .L0 
C:\Users\User\AppData\Local\Temp\ccMovXPv.s:289    .text.EXTI_ClearITPendingBit:0000000000000000 EXTI_ClearITPendingBit
C:\Users\User\AppData\Local\Temp\ccMovXPv.s:291    .text.EXTI_ClearITPendingBit:0000000000000000 .L0 
C:\Users\User\AppData\Local\Temp\ccMovXPv.s:293    .text.EXTI_ClearITPendingBit:0000000000000000 $x
C:\Users\User\AppData\Local\Temp\ccMovXPv.s:293    .text.EXTI_ClearITPendingBit:0000000000000000 .L0 
C:\Users\User\AppData\Local\Temp\ccMovXPv.s:297    .text.EXTI_ClearITPendingBit:000000000000000c .L0 
C:\Users\User\AppData\Local\Temp\ccMovXPv.s:304    .text.EXTI_GetWFEWkupSource:0000000000000000 EXTI_GetWFEWkupSource
C:\Users\User\AppData\Local\Temp\ccMovXPv.s:307    .text.EXTI_GetWFEWkupSource:0000000000000000 .L0 
C:\Users\User\AppData\Local\Temp\ccMovXPv.s:308    .text.EXTI_GetWFEWkupSource:0000000000000000 .L0 
C:\Users\User\AppData\Local\Temp\ccMovXPv.s:309    .text.EXTI_GetWFEWkupSource:0000000000000000 .L0 
C:\Users\User\AppData\Local\Temp\ccMovXPv.s:310    .text.EXTI_GetWFEWkupSource:0000000000000000 $x
C:\Users\User\AppData\Local\Temp\ccMovXPv.s:322    .sbss.WFE_WkupSource:0000000000000000 WFE_WkupSource
C:\Users\User\AppData\Local\Temp\ccMovXPv.s:310    .text.EXTI_GetWFEWkupSource:0000000000000000 .L0 
C:\Users\User\AppData\Local\Temp\ccMovXPv.s:313    .text.EXTI_GetWFEWkupSource:0000000000000008 .L0 
C:\Users\User\AppData\Local\Temp\ccMovXPv.s:314    .text.EXTI_GetWFEWkupSource:000000000000000a .L0 
C:\Users\User\AppData\Local\Temp\ccMovXPv.s:1579   .debug_line_str:00000000000000a6 .L0 
C:\Users\User\AppData\Local\Temp\ccMovXPv.s:1579   .debug_line_str:00000000000000f8 .L0 
C:\Users\User\AppData\Local\Temp\ccMovXPv.s:1579   .debug_line_str:000000000000013c .L0 
C:\Users\User\AppData\Local\Temp\ccMovXPv.s:1579   .debug_line_str:00000000000001c6 .L0 
C:\Users\User\AppData\Local\Temp\ccMovXPv.s:1579   .debug_line_str:000000000000024c .L0 
C:\Users\User\AppData\Local\Temp\ccMovXPv.s:1579   .debug_line_str:0000000000000286 .L0 
C:\Users\User\AppData\Local\Temp\ccMovXPv.s:1579   .debug_line_str:00000000000002ca .L0 
C:\Users\User\AppData\Local\Temp\ccMovXPv.s:1579   .debug_line_str:00000000000002da .L0 
C:\Users\User\AppData\Local\Temp\ccMovXPv.s:1579   .debug_line_str:00000000000002ea .L0 
C:\Users\User\AppData\Local\Temp\ccMovXPv.s:1579   .debug_line_str:00000000000002fb .L0 
C:\Users\User\AppData\Local\Temp\ccMovXPv.s:1579   .debug_line_str:0000000000000305 .L0 
C:\Users\User\AppData\Local\Temp\ccMovXPv.s:1579   .debug_line_str:0000000000000312 .L0 
C:\Users\User\AppData\Local\Temp\ccMovXPv.s:1579   .debug_line_str:000000000000031d .L0 
C:\Users\User\AppData\Local\Temp\ccMovXPv.s:44     .text.EXTI_DeInit:0000000000000022 .L0 
C:\Users\User\AppData\Local\Temp\ccMovXPv.s:150    .text.EXTI_Init:0000000000000062 .L0 
C:\Users\User\AppData\Local\Temp\ccMovXPv.s:178    .text.EXTI_StructInit:0000000000000012 .L0 
C:\Users\User\AppData\Local\Temp\ccMovXPv.s:200    .text.EXTI_GenerateSWInterrupt:0000000000000010 .L0 
C:\Users\User\AppData\Local\Temp\ccMovXPv.s:226    .text.EXTI_GetFlagStatus:0000000000000012 .L0 
C:\Users\User\AppData\Local\Temp\ccMovXPv.s:245    .text.EXTI_ClearFlag:000000000000000c .L0 
C:\Users\User\AppData\Local\Temp\ccMovXPv.s:285    .text.EXTI_GetITStatus:000000000000001a .L0 
C:\Users\User\AppData\Local\Temp\ccMovXPv.s:300    .text.EXTI_ClearITPendingBit:000000000000000c .L0 
C:\Users\User\AppData\Local\Temp\ccMovXPv.s:318    .text.EXTI_GetWFEWkupSource:000000000000000a .L0 
                     .debug_frame:0000000000000000 .L0 
C:\Users\User\AppData\Local\Temp\ccMovXPv.s:138    .text.EXTI_Init:000000000000005a .L3
C:\Users\User\AppData\Local\Temp\ccMovXPv.s:123    .text.EXTI_Init:0000000000000050 .L4
C:\Users\User\AppData\Local\Temp\ccMovXPv.s:279    .text.EXTI_GetITStatus:0000000000000018 .L10
C:\Users\User\AppData\Local\Temp\ccMovXPv.s:750    .debug_abbrev:0000000000000000 .Ldebug_abbrev0
C:\Users\User\AppData\Local\Temp\ccMovXPv.s:1554   .debug_str:0000000000000234 .LASF47
C:\Users\User\AppData\Local\Temp\ccMovXPv.s:1577   .debug_line_str:0000000000000052 .LASF0
C:\Users\User\AppData\Local\Temp\ccMovXPv.s:1575   .debug_line_str:0000000000000000 .LASF1
C:\Users\User\AppData\Local\Temp\ccMovXPv.s:1439   .debug_rnglists:000000000000000c .LLRL6
C:\Users\User\AppData\Local\Temp\ccMovXPv.s:1470   .debug_line:0000000000000000 .Ldebug_line0
C:\Users\User\AppData\Local\Temp\ccMovXPv.s:1530   .debug_str:0000000000000185 .LASF2
C:\Users\User\AppData\Local\Temp\ccMovXPv.s:1540   .debug_str:00000000000001d0 .LASF3
C:\Users\User\AppData\Local\Temp\ccMovXPv.s:1508   .debug_str:00000000000000fc .LASF4
C:\Users\User\AppData\Local\Temp\ccMovXPv.s:1556   .debug_str:0000000000000319 .LASF5
C:\Users\User\AppData\Local\Temp\ccMovXPv.s:1492   .debug_str:000000000000007a .LASF6
C:\Users\User\AppData\Local\Temp\ccMovXPv.s:1560   .debug_str:000000000000032c .LASF7
C:\Users\User\AppData\Local\Temp\ccMovXPv.s:1524   .debug_str:0000000000000160 .LASF11
C:\Users\User\AppData\Local\Temp\ccMovXPv.s:1514   .debug_str:0000000000000124 .LASF8
C:\Users\User\AppData\Local\Temp\ccMovXPv.s:1546   .debug_str:00000000000001f7 .LASF9
C:\Users\User\AppData\Local\Temp\ccMovXPv.s:1570   .debug_str:000000000000036d .LASF10
C:\Users\User\AppData\Local\Temp\ccMovXPv.s:1558   .debug_str:0000000000000323 .LASF12
C:\Users\User\AppData\Local\Temp\ccMovXPv.s:1564   .debug_str:000000000000034b .LASF13
C:\Users\User\AppData\Local\Temp\ccMovXPv.s:1504   .debug_str:00000000000000e1 .LASF14
C:\Users\User\AppData\Local\Temp\ccMovXPv.s:1494   .debug_str:000000000000008d .LASF15
C:\Users\User\AppData\Local\Temp\ccMovXPv.s:1516   .debug_str:0000000000000136 .LASF16
C:\Users\User\AppData\Local\Temp\ccMovXPv.s:1510   .debug_str:000000000000010a .LASF17
C:\Users\User\AppData\Local\Temp\ccMovXPv.s:1480   .debug_str:000000000000002a .LASF18
C:\Users\User\AppData\Local\Temp\ccMovXPv.s:1474   .debug_str:000000000000000a .LASF48
C:\Users\User\AppData\Local\Temp\ccMovXPv.s:1552   .debug_str:000000000000022d .LASF19
C:\Users\User\AppData\Local\Temp\ccMovXPv.s:1544   .debug_str:00000000000001f1 .LASF20
C:\Users\User\AppData\Local\Temp\ccMovXPv.s:1522   .debug_str:000000000000015a .LASF21
C:\Users\User\AppData\Local\Temp\ccMovXPv.s:1528   .debug_str:000000000000017f .LASF22
C:\Users\User\AppData\Local\Temp\ccMovXPv.s:1478   .debug_str:0000000000000023 .LASF23
C:\Users\User\AppData\Local\Temp\ccMovXPv.s:1568   .debug_str:0000000000000367 .LASF24
C:\Users\User\AppData\Local\Temp\ccMovXPv.s:1520   .debug_str:000000000000014d .LASF25
C:\Users\User\AppData\Local\Temp\ccMovXPv.s:1536   .debug_str:00000000000001af .LASF26
C:\Users\User\AppData\Local\Temp\ccMovXPv.s:1506   .debug_str:00000000000000e8 .LASF27
C:\Users\User\AppData\Local\Temp\ccMovXPv.s:1490   .debug_str:000000000000006a .LASF28
C:\Users\User\AppData\Local\Temp\ccMovXPv.s:1518   .debug_str:000000000000013c .LASF29
C:\Users\User\AppData\Local\Temp\ccMovXPv.s:1526   .debug_str:000000000000016b .LASF30
C:\Users\User\AppData\Local\Temp\ccMovXPv.s:1542   .debug_str:00000000000001dc .LASF31
C:\Users\User\AppData\Local\Temp\ccMovXPv.s:1538   .debug_str:00000000000001b4 .LASF32
C:\Users\User\AppData\Local\Temp\ccMovXPv.s:1566   .debug_str:0000000000000353 .LASF33
C:\Users\User\AppData\Local\Temp\ccMovXPv.s:1472   .debug_str:0000000000000000 .LASF34
C:\Users\User\AppData\Local\Temp\ccMovXPv.s:1476   .debug_str:0000000000000019 .LASF35
C:\Users\User\AppData\Local\Temp\ccMovXPv.s:1486   .debug_str:000000000000004d .LASF36
C:\Users\User\AppData\Local\Temp\ccMovXPv.s:1484   .debug_str:0000000000000040 .LASF37
C:\Users\User\AppData\Local\Temp\ccMovXPv.s:1500   .debug_str:00000000000000c0 .LASF38
C:\Users\User\AppData\Local\Temp\ccMovXPv.s:1562   .debug_str:0000000000000335 .LASF49
C:\Users\User\AppData\Local\Temp\ccMovXPv.s:305    .text.EXTI_GetWFEWkupSource:0000000000000000 .LFB48
C:\Users\User\AppData\Local\Temp\ccMovXPv.s:315    .text.EXTI_GetWFEWkupSource:000000000000000a .LFE48
C:\Users\User\AppData\Local\Temp\ccMovXPv.s:1550   .debug_str:0000000000000216 .LASF50
C:\Users\User\AppData\Local\Temp\ccMovXPv.s:1548   .debug_str:0000000000000205 .LASF41
C:\Users\User\AppData\Local\Temp\ccMovXPv.s:250    .text.EXTI_GetITStatus:0000000000000000 .LFB46
C:\Users\User\AppData\Local\Temp\ccMovXPv.s:283    .text.EXTI_GetITStatus:000000000000001a .LFE46
C:\Users\User\AppData\Local\Temp\ccMovXPv.s:1249   .debug_loclists:000000000000000c .LLST3
C:\Users\User\AppData\Local\Temp\ccMovXPv.s:1496   .debug_str:000000000000009d .LASF39
C:\Users\User\AppData\Local\Temp\ccMovXPv.s:1261   .debug_loclists:0000000000000023 .LLST4
C:\Users\User\AppData\Local\Temp\ccMovXPv.s:1482   .debug_str:0000000000000033 .LASF40
C:\Users\User\AppData\Local\Temp\ccMovXPv.s:1269   .debug_loclists:0000000000000030 .LLST5
C:\Users\User\AppData\Local\Temp\ccMovXPv.s:1512   .debug_str:0000000000000115 .LASF51
C:\Users\User\AppData\Local\Temp\ccMovXPv.s:1534   .debug_str:000000000000019c .LASF42
C:\Users\User\AppData\Local\Temp\ccMovXPv.s:205    .text.EXTI_GetFlagStatus:0000000000000000 .LFB44
C:\Users\User\AppData\Local\Temp\ccMovXPv.s:224    .text.EXTI_GetFlagStatus:0000000000000012 .LFE44
C:\Users\User\AppData\Local\Temp\ccMovXPv.s:1302   .debug_loclists:0000000000000068 .LLST1
C:\Users\User\AppData\Local\Temp\ccMovXPv.s:1317   .debug_loclists:0000000000000082 .LLST2
C:\Users\User\AppData\Local\Temp\ccMovXPv.s:1498   .debug_str:00000000000000a7 .LASF43
C:\Users\User\AppData\Local\Temp\ccMovXPv.s:183    .text.EXTI_GenerateSWInterrupt:0000000000000000 .LFB43
C:\Users\User\AppData\Local\Temp\ccMovXPv.s:198    .text.EXTI_GenerateSWInterrupt:0000000000000010 .LFE43
C:\Users\User\AppData\Local\Temp\ccMovXPv.s:1488   .debug_str:000000000000005a .LASF44
C:\Users\User\AppData\Local\Temp\ccMovXPv.s:155    .text.EXTI_StructInit:0000000000000000 .LFB42
C:\Users\User\AppData\Local\Temp\ccMovXPv.s:176    .text.EXTI_StructInit:0000000000000012 .LFE42
C:\Users\User\AppData\Local\Temp\ccMovXPv.s:1502   .debug_str:00000000000000d1 .LASF45
C:\Users\User\AppData\Local\Temp\ccMovXPv.s:1532   .debug_str:0000000000000192 .LASF46
C:\Users\User\AppData\Local\Temp\ccMovXPv.s:49     .text.EXTI_Init:0000000000000000 .LFB41
C:\Users\User\AppData\Local\Temp\ccMovXPv.s:148    .text.EXTI_Init:0000000000000062 .LFE41
C:\Users\User\AppData\Local\Temp\ccMovXPv.s:1356   .debug_loclists:00000000000000ba .LLST0
C:\Users\User\AppData\Local\Temp\ccMovXPv.s:1572   .debug_str:0000000000000384 .LASF52
C:\Users\User\AppData\Local\Temp\ccMovXPv.s:15     .text.EXTI_DeInit:0000000000000000 .LFB40
C:\Users\User\AppData\Local\Temp\ccMovXPv.s:42     .text.EXTI_DeInit:0000000000000022 .LFE40
C:\Users\User\AppData\Local\Temp\ccMovXPv.s:231    .text.EXTI_ClearFlag:0000000000000000 .LFB45
C:\Users\User\AppData\Local\Temp\ccMovXPv.s:243    .text.EXTI_ClearFlag:000000000000000c .LFE45
C:\Users\User\AppData\Local\Temp\ccMovXPv.s:253    .text.EXTI_GetITStatus:0000000000000000 .LVL11
C:\Users\User\AppData\Local\Temp\ccMovXPv.s:269    .text.EXTI_GetITStatus:0000000000000010 .LVL13
C:\Users\User\AppData\Local\Temp\ccMovXPv.s:277    .text.EXTI_GetITStatus:0000000000000018 .LVL15
C:\Users\User\AppData\Local\Temp\ccMovXPv.s:261    .text.EXTI_GetITStatus:000000000000000a .LVL12
C:\Users\User\AppData\Local\Temp\ccMovXPv.s:274    .text.EXTI_GetITStatus:0000000000000014 .LVL14
C:\Users\User\AppData\Local\Temp\ccMovXPv.s:208    .text.EXTI_GetFlagStatus:0000000000000000 .LVL7
C:\Users\User\AppData\Local\Temp\ccMovXPv.s:219    .text.EXTI_GetFlagStatus:000000000000000c .LVL9
C:\Users\User\AppData\Local\Temp\ccMovXPv.s:215    .text.EXTI_GetFlagStatus:000000000000000a .LVL8
C:\Users\User\AppData\Local\Temp\ccMovXPv.s:52     .text.EXTI_Init:0000000000000000 .LVL0
C:\Users\User\AppData\Local\Temp\ccMovXPv.s:83     .text.EXTI_Init:0000000000000022 .LVL1
C:\Users\User\AppData\Local\Temp\ccMovXPv.s:125    .text.EXTI_Init:0000000000000050 .LVL2
C:\Users\User\AppData\Local\Temp\ccMovXPv.s:132    .text.EXTI_Init:0000000000000054 .LVL3
C:\Users\User\AppData\Local\Temp\ccMovXPv.s:137    .text.EXTI_Init:000000000000005a .LVL4
C:\Users\User\AppData\Local\Temp\ccMovXPv.s:332    .debug_info:0000000000000000 .Ldebug_info0
C:\Users\User\AppData\Local\Temp\ccMovXPv.s:290    .text.EXTI_ClearITPendingBit:0000000000000000 .LFB50
C:\Users\User\AppData\Local\Temp\ccMovXPv.s:298    .text.EXTI_ClearITPendingBit:000000000000000c .LFE50

NO UNDEFINED SYMBOLS
